<?xml version="1.0" encoding="UTF-8"?>
<testsuites name="jest tests" tests="64" failures="0" errors="0" time="1.94">
  <testsuite name="cn function" errors="0" failures="0" skipped="0" timestamp="2025-03-22T04:32:04" time="0.734" tests="5">
    <testcase classname="cn function クラス名を正しく結合する" name="cn function クラス名を正しく結合する" time="0.004">
    </testcase>
    <testcase classname="cn function 空の入力を処理する" name="cn function 空の入力を処理する" time="0.001">
    </testcase>
    <testcase classname="formatDate function 日付を日本語形式でフォーマットする" name="formatDate function 日付を日本語形式でフォーマットする" time="0.013">
    </testcase>
    <testcase classname="formatDate function 現在の日付をフォーマットする" name="formatDate function 現在の日付をフォーマットする" time="0.001">
    </testcase>
    <testcase classname="formatDate function 日付オブジェクトが必要" name="formatDate function 日付オブジェクトが必要" time="0.003">
    </testcase>
  </testsuite>
  <testsuite name="DropdownMenu" errors="0" failures="0" skipped="0" timestamp="2025-03-22T04:32:04" time="1.051" tests="3">
    <testcase classname="DropdownMenu トリガーとコンテンツが正しくレンダリングされる" name="DropdownMenu トリガーとコンテンツが正しくレンダリングされる" time="0.042">
    </testcase>
    <testcase classname="DropdownMenu メニューアイテムにクリックハンドラーを設定できる" name="DropdownMenu メニューアイテムにクリックハンドラーを設定できる" time="0.002">
    </testcase>
    <testcase classname="DropdownMenu ラベルとセパレーターが正しくレンダリングされる" name="DropdownMenu ラベルとセパレーターが正しくレンダリングされる" time="0.002">
    </testcase>
  </testsuite>
  <testsuite name="Input Component" errors="0" failures="0" skipped="0" timestamp="2025-03-22T04:32:04" time="1.056" tests="7">
    <testcase classname="Input Component デフォルトのInputをレンダリングする" name="Input Component デフォルトのInputをレンダリングする" time="0.023">
    </testcase>
    <testcase classname="Input Component 異なるタイプのInputをレンダリングする" name="Input Component 異なるタイプのInputをレンダリングする" time="0.005">
    </testcase>
    <testcase classname="Input Component プレースホルダーを表示する" name="Input Component プレースホルダーを表示する" time="0.001">
    </testcase>
    <testcase classname="Input Component 無効化されたInputをレンダリングする" name="Input Component 無効化されたInputをレンダリングする" time="0.001">
    </testcase>
    <testcase classname="Input Component 必須のInputをレンダリングする" name="Input Component 必須のInputをレンダリングする" time="0.002">
    </testcase>
    <testcase classname="Input Component カスタムクラス名を適用する" name="Input Component カスタムクラス名を適用する" time="0.001">
    </testcase>
    <testcase classname="Input Component デフォルトの値を持つInputをレンダリングする" name="Input Component デフォルトの値を持つInputをレンダリングする" time="0.001">
    </testcase>
  </testsuite>
  <testsuite name="Card Components" errors="0" failures="0" skipped="0" timestamp="2025-03-22T04:32:04" time="1.081" tests="13">
    <testcase classname="Card Components Card 基本的なCardをレンダリングする" name="Card Components Card 基本的なCardをレンダリングする" time="0.023">
    </testcase>
    <testcase classname="Card Components Card カスタムクラス名を適用する" name="Card Components Card カスタムクラス名を適用する" time="0.002">
    </testcase>
    <testcase classname="Card Components CardHeader CardHeaderをレンダリングする" name="Card Components CardHeader CardHeaderをレンダリングする" time="0.004">
    </testcase>
    <testcase classname="Card Components CardHeader カスタムクラス名を適用する" name="Card Components CardHeader カスタムクラス名を適用する" time="0.001">
    </testcase>
    <testcase classname="Card Components CardTitle CardTitleをレンダリングする" name="Card Components CardTitle CardTitleをレンダリングする" time="0.002">
    </testcase>
    <testcase classname="Card Components CardTitle カスタムクラス名を適用する" name="Card Components CardTitle カスタムクラス名を適用する" time="0.013">
    </testcase>
    <testcase classname="Card Components CardDescription CardDescriptionをレンダリングする" name="Card Components CardDescription CardDescriptionをレンダリングする" time="0.001">
    </testcase>
    <testcase classname="Card Components CardDescription カスタムクラス名を適用する" name="Card Components CardDescription カスタムクラス名を適用する" time="0.002">
    </testcase>
    <testcase classname="Card Components CardContent CardContentをレンダリングする" name="Card Components CardContent CardContentをレンダリングする" time="0.001">
    </testcase>
    <testcase classname="Card Components CardContent カスタムクラス名を適用する" name="Card Components CardContent カスタムクラス名を適用する" time="0.002">
    </testcase>
    <testcase classname="Card Components CardFooter CardFooterをレンダリングする" name="Card Components CardFooter CardFooterをレンダリングする" time="0.002">
    </testcase>
    <testcase classname="Card Components CardFooter カスタムクラス名を適用する" name="Card Components CardFooter カスタムクラス名を適用する" time="0.001">
    </testcase>
    <testcase classname="Card Components Card Composition すべてのカードコンポーネントを組み合わせる" name="Card Components Card Composition すべてのカードコンポーネントを組み合わせる" time="0.001">
    </testcase>
  </testsuite>
  <testsuite name="Switch Component" errors="0" failures="0" skipped="0" timestamp="2025-03-22T04:32:04" time="1.109" tests="6">
    <testcase classname="Switch Component 基本的なSwitchをレンダリングする" name="Switch Component 基本的なSwitchをレンダリングする" time="0.054">
    </testcase>
    <testcase classname="Switch Component チェック済みのSwitchをレンダリングする" name="Switch Component チェック済みのSwitchをレンダリングする" time="0.027">
    </testcase>
    <testcase classname="Switch Component 無効化されたSwitchをレンダリングする" name="Switch Component 無効化されたSwitchをレンダリングする" time="0.003">
    </testcase>
    <testcase classname="Switch Component カスタムクラス名を適用する" name="Switch Component カスタムクラス名を適用する" time="0.001">
    </testcase>
    <testcase classname="Switch Component クリックイベントを処理する" name="Switch Component クリックイベントを処理する" time="0.005">
    </testcase>
    <testcase classname="Switch Component 追加の属性を設定する" name="Switch Component 追加の属性を設定する" time="0.001">
    </testcase>
  </testsuite>
  <testsuite name="Alert Component" errors="0" failures="0" skipped="0" timestamp="2025-03-22T04:32:04" time="1.072" tests="6">
    <testcase classname="Alert Component デフォルトのアラートをレンダリングする" name="Alert Component デフォルトのアラートをレンダリングする" time="0.027">
    </testcase>
    <testcase classname="Alert Component destructiveバリアントのアラートをレンダリングする" name="Alert Component destructiveバリアントのアラートをレンダリングする" time="0.003">
    </testcase>
    <testcase classname="Alert Component カスタムクラス名を適用する" name="Alert Component カスタムクラス名を適用する" time="0.002">
    </testcase>
    <testcase classname="Alert Component AlertTitleとAlertDescriptionを含むアラートをレンダリングする" name="Alert Component AlertTitleとAlertDescriptionを含むアラートをレンダリングする" time="0.005">
    </testcase>
    <testcase classname="Alert Component AlertTitleにカスタムクラス名を適用する" name="Alert Component AlertTitleにカスタムクラス名を適用する" time="0.001">
    </testcase>
    <testcase classname="Alert Component AlertDescriptionにカスタムクラス名を適用する" name="Alert Component AlertDescriptionにカスタムクラス名を適用する" time="0.001">
    </testcase>
  </testsuite>
  <testsuite name="Label Component" errors="0" failures="0" skipped="0" timestamp="2025-03-22T04:32:04" time="1.091" tests="5">
    <testcase classname="Label Component 基本的なLabelをレンダリングする" name="Label Component 基本的なLabelをレンダリングする" time="0.013">
    </testcase>
    <testcase classname="Label Component htmlForプロパティを正しく設定する" name="Label Component htmlForプロパティを正しく設定する" time="0.013">
    </testcase>
    <testcase classname="Label Component カスタムクラス名を適用する" name="Label Component カスタムクラス名を適用する" time="0.004">
    </testcase>
    <testcase classname="Label Component 無効化された状態を表示する" name="Label Component 無効化された状態を表示する" time="0.003">
    </testcase>
    <testcase classname="Label Component 追加のプロパティを渡す" name="Label Component 追加のプロパティを渡す" time="0.002">
    </testcase>
  </testsuite>
  <testsuite name="Avatar Component" errors="0" failures="0" skipped="0" timestamp="2025-03-22T04:32:04" time="1.098" tests="3">
    <testcase classname="Avatar Component Avatarコンポーネントをレンダリングする" name="Avatar Component Avatarコンポーネントをレンダリングする" time="0.024">
    </testcase>
    <testcase classname="Avatar Component AvatarFallbackをレンダリングする" name="Avatar Component AvatarFallbackをレンダリングする" time="0.004">
    </testcase>
    <testcase classname="Avatar Component カスタムクラス名を適用する" name="Avatar Component カスタムクラス名を適用する" time="0.002">
    </testcase>
  </testsuite>
  <testsuite name="Button" errors="0" failures="0" skipped="0" timestamp="2025-03-22T04:32:04" time="1.095" tests="7">
    <testcase classname="Button ボタンをレンダリングする" name="Button ボタンをレンダリングする" time="0.041">
    </testcase>
    <testcase classname="Button クリックイベントを処理する" name="Button クリックイベントを処理する" time="0.016">
    </testcase>
    <testcase classname="Button 異なるバリアントをレンダリングする" name="Button 異なるバリアントをレンダリングする" time="0.01">
    </testcase>
    <testcase classname="Button 異なるサイズをレンダリングする" name="Button 異なるサイズをレンダリングする" time="0.005">
    </testcase>
    <testcase classname="Button 無効状態をレンダリングする" name="Button 無効状態をレンダリングする" time="0.001">
    </testcase>
    <testcase classname="Button カスタムクラス名を適用する" name="Button カスタムクラス名を適用する" time="0.001">
    </testcase>
    <testcase classname="Button asChildプロパティを使用して別の要素としてレンダリングする" name="Button asChildプロパティを使用して別の要素としてレンダリングする" time="0.001">
    </testcase>
  </testsuite>
  <testsuite name="PreviewSection" errors="0" failures="0" skipped="0" timestamp="2025-03-22T04:32:04" time="1.149" tests="2">
    <testcase classname="PreviewSection スライドプレビューを表示する" name="PreviewSection スライドプレビューを表示する" time="0.047">
    </testcase>
    <testcase classname="PreviewSection ズームインボタンとズームアウトボタンが機能する" name="PreviewSection ズームインボタンとズームアウトボタンが機能する" time="0.018">
    </testcase>
  </testsuite>
  <testsuite name="useIntersectionObserver" errors="0" failures="0" skipped="0" timestamp="2025-03-22T04:32:06" time="0.17" tests="4">
    <testcase classname="useIntersectionObserver 要素が存在する場合、IntersectionObserverを初期化して監視する" name="useIntersectionObserver 要素が存在する場合、IntersectionObserverを初期化して監視する" time="0.005">
    </testcase>
    <testcase classname="useIntersectionObserver 要素が存在しない場合、IntersectionObserverを初期化しない" name="useIntersectionObserver 要素が存在しない場合、IntersectionObserverを初期化しない" time="0.001">
    </testcase>
    <testcase classname="useIntersectionObserver アンマウント時にIntersectionObserverを切断する" name="useIntersectionObserver アンマウント時にIntersectionObserverを切断する" time="0.001">
    </testcase>
    <testcase classname="useIntersectionObserver 依存配列の値が変更された場合、IntersectionObserverを再初期化する" name="useIntersectionObserver 依存配列の値が変更された場合、IntersectionObserverを再初期化する" time="0.001">
    </testcase>
  </testsuite>
  <testsuite name="APIフック" errors="0" failures="0" skipped="0" timestamp="2025-03-22T04:32:06" time="0.175" tests="3">
    <testcase classname="APIフック useApiMutation ミューテーションを正しく実行する" name="APIフック useApiMutation ミューテーションを正しく実行する" time="0.006">
    </testcase>
    <testcase classname="APIフック useApiMutation ミューテーションエラーを正しく処理する" name="APIフック useApiMutation ミューテーションエラーを正しく処理する" time="0.001">
    </testcase>
    <testcase classname="APIフック useApiMutation カスタムメソッドを使用できる" name="APIフック useApiMutation カスタムメソッドを使用できる" time="0.002">
    </testcase>
  </testsuite>
</testsuites>