<?xml version="1.0" encoding="UTF-8"?>
<testsuites name="jest tests" tests="1207" failures="179" errors="14" time="85.683">
  <testsuite name="File Utilities" errors="0" failures="0" skipped="0" timestamp="2025-05-16T20:44:09" time="0.47" tests="27">
    <testcase classname="File Utilities › FilePathManager" name="getTempPathが正しいパスを返す" time="0.002">
    </testcase>
    <testcase classname="File Utilities › FilePathManager" name="getPublicPathが正しいパスを返す" time="0">
    </testcase>
    <testcase classname="File Utilities › FilePathManager" name="getProcessingPathが正しいパスを返す" time="0">
    </testcase>
    <testcase classname="File Utilities › FilePathManager" name="getSlidesPathが正しいパスを返す" time="0.001">
    </testcase>
    <testcase classname="File Utilities › FilePathManager" name="getAbsolutePathが相対パスを絶対パスに変換する" time="0">
    </testcase>
    <testcase classname="File Utilities › FilePathManager" name="getAbsolutePathが絶対パスをそのまま返す" time="0.001">
    </testcase>
    <testcase classname="File Utilities › FilePathManager" name="ensurePathがディレクトリを作成する" time="0.001">
    </testcase>
    <testcase classname="File Utilities › FilePathManager" name="findActualFilePathが正しいファイルを見つける" time="0.001">
    </testcase>
    <testcase classname="File Utilities › Utility Functions" name="generateFileIdがユニークなIDを生成する" time="0.001">
    </testcase>
    <testcase classname="File Utilities › Utility Functions" name="createUserDirectoriesがディレクトリを作成する" time="0.001">
    </testcase>
    <testcase classname="File Utilities › Utility Functions" name="cleanupOldFilesが古いファイルを削除する" time="0.001">
    </testcase>
    <testcase classname="File Utilities › Utility Functions" name="withRetryが成功するまで再試行する" time="0.02">
    </testcase>
    <testcase classname="File Utilities › Utility Functions" name="withRetryが最大試行回数を超えるとエラーをスローする" time="0.008">
    </testcase>
    <testcase classname="File Utilities › FileState Enum" name="FileStateが正しい値を持つ" time="0.001">
    </testcase>
    <testcase classname="FilePathManager Implementation Tests" name="getTempPathが正しいパスを返す（実装）" time="0">
    </testcase>
    <testcase classname="FilePathManager Implementation Tests" name="getPublicPathが正しいパスを返す（実装）" time="0.001">
    </testcase>
    <testcase classname="FilePathManager Implementation Tests" name="getProcessingPathが正しいパスを返す（実装）" time="0">
    </testcase>
    <testcase classname="FilePathManager Implementation Tests" name="getSlidesPathが正しいパスを返す（実装）" time="0">
    </testcase>
    <testcase classname="FilePathManager Implementation Tests" name="getAbsolutePathが相対パスを絶対パスに変換する（実装）" time="0.002">
    </testcase>
    <testcase classname="FilePathManager Implementation Tests" name="getAbsolutePathが絶対パスをそのまま返す（実装）" time="0">
    </testcase>
    <testcase classname="logFileOperation Tests" name="成功した操作を記録する" time="0.001">
    </testcase>
    <testcase classname="logFileOperation Tests" name="失敗した操作とエラーを記録する" time="0.001">
    </testcase>
    <testcase classname="logFileOperation Tests" name="ログ記録中にエラーが発生した場合はコンソールにエラーを出力する" time="0.001">
    </testcase>
    <testcase classname="Utility Functions Tests" name="waitが指定された時間待機する" time="0.102">
    </testcase>
    <testcase classname="Utility Functions Tests" name="withRetryが成功するまで再試行する" time="0.033">
    </testcase>
    <testcase classname="Utility Functions Tests" name="withRetryが最大試行回数を超えるとエラーをスローする" time="0.012">
    </testcase>
    <testcase classname="Utility Functions Tests" name="generateFileIdがユニークなIDを生成する" time="0">
    </testcase>
  </testsuite>
  <testsuite name="File Utilities" errors="0" failures="0" skipped="0" timestamp="2025-05-16T20:44:09" time="0.262" tests="27">
    <testcase classname="File Utilities › FilePathManager" name="getTempPathが正しいパスを返す" time="0.001">
    </testcase>
    <testcase classname="File Utilities › FilePathManager" name="getPublicPathが正しいパスを返す" time="0.001">
    </testcase>
    <testcase classname="File Utilities › FilePathManager" name="getProcessingPathが正しいパスを返す" time="0.007">
    </testcase>
    <testcase classname="File Utilities › FilePathManager" name="getSlidesPathが正しいパスを返す" time="0">
    </testcase>
    <testcase classname="File Utilities › FilePathManager" name="getAbsolutePathが相対パスを絶対パスに変換する" time="0">
    </testcase>
    <testcase classname="File Utilities › FilePathManager" name="getAbsolutePathが絶対パスをそのまま返す" time="0.001">
    </testcase>
    <testcase classname="File Utilities › FilePathManager" name="ensurePathがディレクトリを作成する" time="0">
    </testcase>
    <testcase classname="File Utilities › FilePathManager" name="findActualFilePathが正しいファイルを見つける" time="0.001">
    </testcase>
    <testcase classname="File Utilities › Utility Functions" name="generateFileIdがユニークなIDを生成する" time="0.001">
    </testcase>
    <testcase classname="File Utilities › Utility Functions" name="createUserDirectoriesがディレクトリを作成する" time="0">
    </testcase>
    <testcase classname="File Utilities › Utility Functions" name="cleanupOldFilesが古いファイルを削除する" time="0.001">
    </testcase>
    <testcase classname="File Utilities › Utility Functions" name="withRetryが成功するまで再試行する" time="0.007">
    </testcase>
    <testcase classname="File Utilities › Utility Functions" name="withRetryが最大試行回数を超えるとエラーをスローする" time="0.005">
    </testcase>
    <testcase classname="File Utilities › FileState Enum" name="FileStateが正しい値を持つ" time="0.001">
    </testcase>
    <testcase classname="FilePathManager Implementation Tests" name="getTempPathが正しいパスを返す（実装）" time="0">
    </testcase>
    <testcase classname="FilePathManager Implementation Tests" name="getPublicPathが正しいパスを返す（実装）" time="0.001">
    </testcase>
    <testcase classname="FilePathManager Implementation Tests" name="getProcessingPathが正しいパスを返す（実装）" time="0">
    </testcase>
    <testcase classname="FilePathManager Implementation Tests" name="getSlidesPathが正しいパスを返す（実装）" time="0.001">
    </testcase>
    <testcase classname="FilePathManager Implementation Tests" name="getAbsolutePathが相対パスを絶対パスに変換する（実装）" time="0">
    </testcase>
    <testcase classname="FilePathManager Implementation Tests" name="getAbsolutePathが絶対パスをそのまま返す（実装）" time="0">
    </testcase>
    <testcase classname="logFileOperation Tests" name="成功した操作を記録する" time="0.001">
    </testcase>
    <testcase classname="logFileOperation Tests" name="失敗した操作とエラーを記録する" time="0.001">
    </testcase>
    <testcase classname="logFileOperation Tests" name="ログ記録中にエラーが発生した場合はコンソールにエラーを出力する" time="0.001">
    </testcase>
    <testcase classname="Utility Functions Tests" name="waitが指定された時間待機する" time="0.102">
    </testcase>
    <testcase classname="Utility Functions Tests" name="withRetryが成功するまで再試行する" time="0.033">
    </testcase>
    <testcase classname="Utility Functions Tests" name="withRetryが最大試行回数を超えるとエラーをスローする" time="0.013">
    </testcase>
    <testcase classname="Utility Functions Tests" name="generateFileIdがユニークなIDを生成する" time="0">
    </testcase>
  </testsuite>
  <testsuite name="File Utilities" errors="0" failures="0" skipped="0" timestamp="2025-05-16T20:44:09" time="0.254" tests="27">
    <testcase classname="File Utilities › FilePathManager" name="getTempPathが正しいパスを返す" time="0.001">
    </testcase>
    <testcase classname="File Utilities › FilePathManager" name="getPublicPathが正しいパスを返す" time="0">
    </testcase>
    <testcase classname="File Utilities › FilePathManager" name="getProcessingPathが正しいパスを返す" time="0.001">
    </testcase>
    <testcase classname="File Utilities › FilePathManager" name="getSlidesPathが正しいパスを返す" time="0.001">
    </testcase>
    <testcase classname="File Utilities › FilePathManager" name="getAbsolutePathが相対パスを絶対パスに変換する" time="0">
    </testcase>
    <testcase classname="File Utilities › FilePathManager" name="getAbsolutePathが絶対パスをそのまま返す" time="0.001">
    </testcase>
    <testcase classname="File Utilities › FilePathManager" name="ensurePathがディレクトリを作成する" time="0">
    </testcase>
    <testcase classname="File Utilities › FilePathManager" name="findActualFilePathが正しいファイルを見つける" time="0.003">
    </testcase>
    <testcase classname="File Utilities › Utility Functions" name="generateFileIdがユニークなIDを生成する" time="0">
    </testcase>
    <testcase classname="File Utilities › Utility Functions" name="createUserDirectoriesがディレクトリを作成する" time="0.001">
    </testcase>
    <testcase classname="File Utilities › Utility Functions" name="cleanupOldFilesが古いファイルを削除する" time="0">
    </testcase>
    <testcase classname="File Utilities › Utility Functions" name="withRetryが成功するまで再試行する" time="0.006">
    </testcase>
    <testcase classname="File Utilities › Utility Functions" name="withRetryが最大試行回数を超えるとエラーをスローする" time="0.006">
    </testcase>
    <testcase classname="File Utilities › FileState Enum" name="FileStateが正しい値を持つ" time="0">
    </testcase>
    <testcase classname="FilePathManager Implementation Tests" name="getTempPathが正しいパスを返す（実装）" time="0.001">
    </testcase>
    <testcase classname="FilePathManager Implementation Tests" name="getPublicPathが正しいパスを返す（実装）" time="0">
    </testcase>
    <testcase classname="FilePathManager Implementation Tests" name="getProcessingPathが正しいパスを返す（実装）" time="0.001">
    </testcase>
    <testcase classname="FilePathManager Implementation Tests" name="getSlidesPathが正しいパスを返す（実装）" time="0">
    </testcase>
    <testcase classname="FilePathManager Implementation Tests" name="getAbsolutePathが相対パスを絶対パスに変換する（実装）" time="0">
    </testcase>
    <testcase classname="FilePathManager Implementation Tests" name="getAbsolutePathが絶対パスをそのまま返す（実装）" time="0.001">
    </testcase>
    <testcase classname="logFileOperation Tests" name="成功した操作を記録する" time="0.001">
    </testcase>
    <testcase classname="logFileOperation Tests" name="失敗した操作とエラーを記録する" time="0.001">
    </testcase>
    <testcase classname="logFileOperation Tests" name="ログ記録中にエラーが発生した場合はコンソールにエラーを出力する" time="0.001">
    </testcase>
    <testcase classname="Utility Functions Tests" name="waitが指定された時間待機する" time="0.101">
    </testcase>
    <testcase classname="Utility Functions Tests" name="withRetryが成功するまで再試行する" time="0.032">
    </testcase>
    <testcase classname="Utility Functions Tests" name="withRetryが最大試行回数を超えるとエラーをスローする" time="0.011">
    </testcase>
    <testcase classname="Utility Functions Tests" name="generateFileIdがユニークなIDを生成する" time="0">
    </testcase>
  </testsuite>
  <testsuite name="File Utilities" errors="0" failures="0" skipped="0" timestamp="2025-05-16T20:44:10" time="0.263" tests="27">
    <testcase classname="File Utilities › FilePathManager" name="getTempPathが正しいパスを返す" time="0">
    </testcase>
    <testcase classname="File Utilities › FilePathManager" name="getPublicPathが正しいパスを返す" time="0">
    </testcase>
    <testcase classname="File Utilities › FilePathManager" name="getProcessingPathが正しいパスを返す" time="0.001">
    </testcase>
    <testcase classname="File Utilities › FilePathManager" name="getSlidesPathが正しいパスを返す" time="0.001">
    </testcase>
    <testcase classname="File Utilities › FilePathManager" name="getAbsolutePathが相対パスを絶対パスに変換する" time="0">
    </testcase>
    <testcase classname="File Utilities › FilePathManager" name="getAbsolutePathが絶対パスをそのまま返す" time="0.001">
    </testcase>
    <testcase classname="File Utilities › FilePathManager" name="ensurePathがディレクトリを作成する" time="0.002">
    </testcase>
    <testcase classname="File Utilities › FilePathManager" name="findActualFilePathが正しいファイルを見つける" time="0">
    </testcase>
    <testcase classname="File Utilities › Utility Functions" name="generateFileIdがユニークなIDを生成する" time="0.001">
    </testcase>
    <testcase classname="File Utilities › Utility Functions" name="createUserDirectoriesがディレクトリを作成する" time="0">
    </testcase>
    <testcase classname="File Utilities › Utility Functions" name="cleanupOldFilesが古いファイルを削除する" time="0">
    </testcase>
    <testcase classname="File Utilities › Utility Functions" name="withRetryが成功するまで再試行する" time="0.006">
    </testcase>
    <testcase classname="File Utilities › Utility Functions" name="withRetryが最大試行回数を超えるとエラーをスローする" time="0.006">
    </testcase>
    <testcase classname="File Utilities › FileState Enum" name="FileStateが正しい値を持つ" time="0">
    </testcase>
    <testcase classname="FilePathManager Implementation Tests" name="getTempPathが正しいパスを返す（実装）" time="0">
    </testcase>
    <testcase classname="FilePathManager Implementation Tests" name="getPublicPathが正しいパスを返す（実装）" time="0.001">
    </testcase>
    <testcase classname="FilePathManager Implementation Tests" name="getProcessingPathが正しいパスを返す（実装）" time="0.001">
    </testcase>
    <testcase classname="FilePathManager Implementation Tests" name="getSlidesPathが正しいパスを返す（実装）" time="0">
    </testcase>
    <testcase classname="FilePathManager Implementation Tests" name="getAbsolutePathが相対パスを絶対パスに変換する（実装）" time="0.001">
    </testcase>
    <testcase classname="FilePathManager Implementation Tests" name="getAbsolutePathが絶対パスをそのまま返す（実装）" time="0.001">
    </testcase>
    <testcase classname="logFileOperation Tests" name="成功した操作を記録する" time="0.001">
    </testcase>
    <testcase classname="logFileOperation Tests" name="失敗した操作とエラーを記録する" time="0">
    </testcase>
    <testcase classname="logFileOperation Tests" name="ログ記録中にエラーが発生した場合はコンソールにエラーを出力する" time="0.001">
    </testcase>
    <testcase classname="Utility Functions Tests" name="waitが指定された時間待機する" time="0.102">
    </testcase>
    <testcase classname="Utility Functions Tests" name="withRetryが成功するまで再試行する" time="0.033">
    </testcase>
    <testcase classname="Utility Functions Tests" name="withRetryが最大試行回数を超えるとエラーをスローする" time="0.012">
    </testcase>
    <testcase classname="Utility Functions Tests" name="generateFileIdがユニークなIDを生成する" time="0.001">
    </testcase>
  </testsuite>
  <testsuite name="worktrees/feature-test-coverage-improvement/tests/lib/auth/auth-options.test.ts" errors="1" failures="0" skipped="0" timestamp="1970-01-01T00:00:00" time="0" tests="0">
    <testcase classname="Test suite failed to run" name="worktrees/feature-test-coverage-improvement/tests/lib/auth/auth-options.test.ts" time="0">
      <error>  ● Test suite failed to run

    ReferenceError: Cannot access &apos;_jestmockextended&apos; before initialization

       9 | // Prisma Clientのモック
      10 | jest.mock(&apos;@/lib/db/prisma&apos;, () =&gt; ({
    &gt; 11 |   prisma: mockDeep&lt;DeepMockProxy&lt;typeof prisma&gt;&gt;(),
         |           ^
      12 | }));
      13 |
      14 | // comparePasswordsのモック

      at mockDeep (worktrees/feature-test-coverage-improvement/tests/lib/auth/auth-options.test.ts:11:11)
      at Object.&lt;anonymous&gt; (lib/auth/auth-options.ts:13:17)
      at Object.&lt;anonymous&gt; (worktrees/feature-test-coverage-improvement/tests/lib/auth/auth-options.test.ts:14:22)
</error>
    </testcase>
    <testcase classname="Test suite failed to run" name="worktrees/feature-test-coverage-improvement/tests/lib/auth/auth-options.test.ts" time="0">
      <failure>{}</failure>
    </testcase>
  </testsuite>
  <testsuite name="エラーハンドリングユーティリティ" errors="0" failures="32" skipped="0" timestamp="2025-05-16T20:44:10" time="0.179" tests="40">
    <testcase classname="エラーハンドリングユーティリティ › エラー作成関数" name="認証エラーを正しく作成する" time="0.003">
      <failure>TypeError: Cannot read properties of undefined (reading &apos;AUTH&apos;)
    at Object.AUTH (/Users/yusuketsunoda/Documents/cursor/ppttranslatorapp/worktrees/fix-text-position-alignment/tests/utils/error-handler.test.ts:45:41)
    at Promise.then.completed (/Users/yusuketsunoda/Documents/cursor/ppttranslatorapp/node_modules/jest-circus/build/utils.js:298:28)
    at new Promise (&lt;anonymous&gt;)
    at callAsyncCircusFn (/Users/yusuketsunoda/Documents/cursor/ppttranslatorapp/node_modules/jest-circus/build/utils.js:231:10)
    at _callCircusTest (/Users/yusuketsunoda/Documents/cursor/ppttranslatorapp/node_modules/jest-circus/build/run.js:316:40)
    at _runTest (/Users/yusuketsunoda/Documents/cursor/ppttranslatorapp/node_modules/jest-circus/build/run.js:252:3)
    at _runTestsForDescribeBlock (/Users/yusuketsunoda/Documents/cursor/ppttranslatorapp/node_modules/jest-circus/build/run.js:126:9)
    at _runTestsForDescribeBlock (/Users/yusuketsunoda/Documents/cursor/ppttranslatorapp/node_modules/jest-circus/build/run.js:121:9)
    at _runTestsForDescribeBlock (/Users/yusuketsunoda/Documents/cursor/ppttranslatorapp/node_modules/jest-circus/build/run.js:121:9)
    at run (/Users/yusuketsunoda/Documents/cursor/ppttranslatorapp/node_modules/jest-circus/build/run.js:71:3)
    at runAndTransformResultsToJestFormat (/Users/yusuketsunoda/Documents/cursor/ppttranslatorapp/node_modules/jest-circus/build/legacy-code-todo-rewrite/jestAdapterInit.js:122:21)
    at jestAdapter (/Users/yusuketsunoda/Documents/cursor/ppttranslatorapp/node_modules/jest-circus/build/legacy-code-todo-rewrite/jestAdapter.js:79:19)
    at runTestInternal (/Users/yusuketsunoda/Documents/cursor/ppttranslatorapp/node_modules/jest-runner/build/runTest.js:367:16)
    at runTest (/Users/yusuketsunoda/Documents/cursor/ppttranslatorapp/node_modules/jest-runner/build/runTest.js:444:34)</failure>
    </testcase>
    <testcase classname="エラーハンドリングユーティリティ › エラー作成関数" name="バリデーションエラーを正しく作成する" time="0.001">
      <failure>TypeError: Cannot read properties of undefined (reading &apos;VALIDATION&apos;)
    at Object.VALIDATION (/Users/yusuketsunoda/Documents/cursor/ppttranslatorapp/worktrees/fix-text-position-alignment/tests/utils/error-handler.test.ts:54:41)
    at Promise.then.completed (/Users/yusuketsunoda/Documents/cursor/ppttranslatorapp/node_modules/jest-circus/build/utils.js:298:28)
    at new Promise (&lt;anonymous&gt;)
    at callAsyncCircusFn (/Users/yusuketsunoda/Documents/cursor/ppttranslatorapp/node_modules/jest-circus/build/utils.js:231:10)
    at _callCircusTest (/Users/yusuketsunoda/Documents/cursor/ppttranslatorapp/node_modules/jest-circus/build/run.js:316:40)
    at _runTest (/Users/yusuketsunoda/Documents/cursor/ppttranslatorapp/node_modules/jest-circus/build/run.js:252:3)
    at _runTestsForDescribeBlock (/Users/yusuketsunoda/Documents/cursor/ppttranslatorapp/node_modules/jest-circus/build/run.js:126:9)
    at _runTestsForDescribeBlock (/Users/yusuketsunoda/Documents/cursor/ppttranslatorapp/node_modules/jest-circus/build/run.js:121:9)
    at _runTestsForDescribeBlock (/Users/yusuketsunoda/Documents/cursor/ppttranslatorapp/node_modules/jest-circus/build/run.js:121:9)
    at run (/Users/yusuketsunoda/Documents/cursor/ppttranslatorapp/node_modules/jest-circus/build/run.js:71:3)
    at runAndTransformResultsToJestFormat (/Users/yusuketsunoda/Documents/cursor/ppttranslatorapp/node_modules/jest-circus/build/legacy-code-todo-rewrite/jestAdapterInit.js:122:21)
    at jestAdapter (/Users/yusuketsunoda/Documents/cursor/ppttranslatorapp/node_modules/jest-circus/build/legacy-code-todo-rewrite/jestAdapter.js:79:19)
    at runTestInternal (/Users/yusuketsunoda/Documents/cursor/ppttranslatorapp/node_modules/jest-runner/build/runTest.js:367:16)
    at runTest (/Users/yusuketsunoda/Documents/cursor/ppttranslatorapp/node_modules/jest-runner/build/runTest.js:444:34)</failure>
    </testcase>
    <testcase classname="エラーハンドリングユーティリティ › エラー作成関数" name="Not Foundエラーを正しく作成する" time="0">
      <failure>TypeError: Cannot read properties of undefined (reading &apos;NOT_FOUND&apos;)
    at Object.NOT_FOUND (/Users/yusuketsunoda/Documents/cursor/ppttranslatorapp/worktrees/fix-text-position-alignment/tests/utils/error-handler.test.ts:63:41)
    at Promise.then.completed (/Users/yusuketsunoda/Documents/cursor/ppttranslatorapp/node_modules/jest-circus/build/utils.js:298:28)
    at new Promise (&lt;anonymous&gt;)
    at callAsyncCircusFn (/Users/yusuketsunoda/Documents/cursor/ppttranslatorapp/node_modules/jest-circus/build/utils.js:231:10)
    at _callCircusTest (/Users/yusuketsunoda/Documents/cursor/ppttranslatorapp/node_modules/jest-circus/build/run.js:316:40)
    at _runTest (/Users/yusuketsunoda/Documents/cursor/ppttranslatorapp/node_modules/jest-circus/build/run.js:252:3)
    at _runTestsForDescribeBlock (/Users/yusuketsunoda/Documents/cursor/ppttranslatorapp/node_modules/jest-circus/build/run.js:126:9)
    at _runTestsForDescribeBlock (/Users/yusuketsunoda/Documents/cursor/ppttranslatorapp/node_modules/jest-circus/build/run.js:121:9)
    at _runTestsForDescribeBlock (/Users/yusuketsunoda/Documents/cursor/ppttranslatorapp/node_modules/jest-circus/build/run.js:121:9)
    at run (/Users/yusuketsunoda/Documents/cursor/ppttranslatorapp/node_modules/jest-circus/build/run.js:71:3)
    at runAndTransformResultsToJestFormat (/Users/yusuketsunoda/Documents/cursor/ppttranslatorapp/node_modules/jest-circus/build/legacy-code-todo-rewrite/jestAdapterInit.js:122:21)
    at jestAdapter (/Users/yusuketsunoda/Documents/cursor/ppttranslatorapp/node_modules/jest-circus/build/legacy-code-todo-rewrite/jestAdapter.js:79:19)
    at runTestInternal (/Users/yusuketsunoda/Documents/cursor/ppttranslatorapp/node_modules/jest-runner/build/runTest.js:367:16)
    at runTest (/Users/yusuketsunoda/Documents/cursor/ppttranslatorapp/node_modules/jest-runner/build/runTest.js:444:34)</failure>
    </testcase>
    <testcase classname="エラーハンドリングユーティリティ › エラー作成関数" name="権限エラーを正しく作成する" time="0.001">
      <failure>TypeError: Cannot read properties of undefined (reading &apos;FORBIDDEN&apos;)
    at Object.FORBIDDEN (/Users/yusuketsunoda/Documents/cursor/ppttranslatorapp/worktrees/fix-text-position-alignment/tests/utils/error-handler.test.ts:72:41)
    at Promise.then.completed (/Users/yusuketsunoda/Documents/cursor/ppttranslatorapp/node_modules/jest-circus/build/utils.js:298:28)
    at new Promise (&lt;anonymous&gt;)
    at callAsyncCircusFn (/Users/yusuketsunoda/Documents/cursor/ppttranslatorapp/node_modules/jest-circus/build/utils.js:231:10)
    at _callCircusTest (/Users/yusuketsunoda/Documents/cursor/ppttranslatorapp/node_modules/jest-circus/build/run.js:316:40)
    at _runTest (/Users/yusuketsunoda/Documents/cursor/ppttranslatorapp/node_modules/jest-circus/build/run.js:252:3)
    at _runTestsForDescribeBlock (/Users/yusuketsunoda/Documents/cursor/ppttranslatorapp/node_modules/jest-circus/build/run.js:126:9)
    at _runTestsForDescribeBlock (/Users/yusuketsunoda/Documents/cursor/ppttranslatorapp/node_modules/jest-circus/build/run.js:121:9)
    at _runTestsForDescribeBlock (/Users/yusuketsunoda/Documents/cursor/ppttranslatorapp/node_modules/jest-circus/build/run.js:121:9)
    at run (/Users/yusuketsunoda/Documents/cursor/ppttranslatorapp/node_modules/jest-circus/build/run.js:71:3)
    at runAndTransformResultsToJestFormat (/Users/yusuketsunoda/Documents/cursor/ppttranslatorapp/node_modules/jest-circus/build/legacy-code-todo-rewrite/jestAdapterInit.js:122:21)
    at jestAdapter (/Users/yusuketsunoda/Documents/cursor/ppttranslatorapp/node_modules/jest-circus/build/legacy-code-todo-rewrite/jestAdapter.js:79:19)
    at runTestInternal (/Users/yusuketsunoda/Documents/cursor/ppttranslatorapp/node_modules/jest-runner/build/runTest.js:367:16)
    at runTest (/Users/yusuketsunoda/Documents/cursor/ppttranslatorapp/node_modules/jest-runner/build/runTest.js:444:34)</failure>
    </testcase>
    <testcase classname="エラーハンドリングユーティリティ › エラー作成関数" name="データベースエラーを正しく作成する" time="0">
      <failure>TypeError: Cannot read properties of undefined (reading &apos;DATABASE&apos;)
    at Object.DATABASE (/Users/yusuketsunoda/Documents/cursor/ppttranslatorapp/worktrees/fix-text-position-alignment/tests/utils/error-handler.test.ts:81:41)
    at Promise.then.completed (/Users/yusuketsunoda/Documents/cursor/ppttranslatorapp/node_modules/jest-circus/build/utils.js:298:28)
    at new Promise (&lt;anonymous&gt;)
    at callAsyncCircusFn (/Users/yusuketsunoda/Documents/cursor/ppttranslatorapp/node_modules/jest-circus/build/utils.js:231:10)
    at _callCircusTest (/Users/yusuketsunoda/Documents/cursor/ppttranslatorapp/node_modules/jest-circus/build/run.js:316:40)
    at _runTest (/Users/yusuketsunoda/Documents/cursor/ppttranslatorapp/node_modules/jest-circus/build/run.js:252:3)
    at _runTestsForDescribeBlock (/Users/yusuketsunoda/Documents/cursor/ppttranslatorapp/node_modules/jest-circus/build/run.js:126:9)
    at _runTestsForDescribeBlock (/Users/yusuketsunoda/Documents/cursor/ppttranslatorapp/node_modules/jest-circus/build/run.js:121:9)
    at _runTestsForDescribeBlock (/Users/yusuketsunoda/Documents/cursor/ppttranslatorapp/node_modules/jest-circus/build/run.js:121:9)
    at run (/Users/yusuketsunoda/Documents/cursor/ppttranslatorapp/node_modules/jest-circus/build/run.js:71:3)
    at runAndTransformResultsToJestFormat (/Users/yusuketsunoda/Documents/cursor/ppttranslatorapp/node_modules/jest-circus/build/legacy-code-todo-rewrite/jestAdapterInit.js:122:21)
    at jestAdapter (/Users/yusuketsunoda/Documents/cursor/ppttranslatorapp/node_modules/jest-circus/build/legacy-code-todo-rewrite/jestAdapter.js:79:19)
    at runTestInternal (/Users/yusuketsunoda/Documents/cursor/ppttranslatorapp/node_modules/jest-runner/build/runTest.js:367:16)
    at runTest (/Users/yusuketsunoda/Documents/cursor/ppttranslatorapp/node_modules/jest-runner/build/runTest.js:444:34)</failure>
    </testcase>
    <testcase classname="エラーハンドリングユーティリティ › エラー作成関数" name="レート制限エラーを正しく作成する" time="0.001">
      <failure>TypeError: Cannot read properties of undefined (reading &apos;RATE_LIMIT&apos;)
    at Object.RATE_LIMIT (/Users/yusuketsunoda/Documents/cursor/ppttranslatorapp/worktrees/fix-text-position-alignment/tests/utils/error-handler.test.ts:90:41)
    at Promise.then.completed (/Users/yusuketsunoda/Documents/cursor/ppttranslatorapp/node_modules/jest-circus/build/utils.js:298:28)
    at new Promise (&lt;anonymous&gt;)
    at callAsyncCircusFn (/Users/yusuketsunoda/Documents/cursor/ppttranslatorapp/node_modules/jest-circus/build/utils.js:231:10)
    at _callCircusTest (/Users/yusuketsunoda/Documents/cursor/ppttranslatorapp/node_modules/jest-circus/build/run.js:316:40)
    at _runTest (/Users/yusuketsunoda/Documents/cursor/ppttranslatorapp/node_modules/jest-circus/build/run.js:252:3)
    at _runTestsForDescribeBlock (/Users/yusuketsunoda/Documents/cursor/ppttranslatorapp/node_modules/jest-circus/build/run.js:126:9)
    at _runTestsForDescribeBlock (/Users/yusuketsunoda/Documents/cursor/ppttranslatorapp/node_modules/jest-circus/build/run.js:121:9)
    at _runTestsForDescribeBlock (/Users/yusuketsunoda/Documents/cursor/ppttranslatorapp/node_modules/jest-circus/build/run.js:121:9)
    at run (/Users/yusuketsunoda/Documents/cursor/ppttranslatorapp/node_modules/jest-circus/build/run.js:71:3)
    at runAndTransformResultsToJestFormat (/Users/yusuketsunoda/Documents/cursor/ppttranslatorapp/node_modules/jest-circus/build/legacy-code-todo-rewrite/jestAdapterInit.js:122:21)
    at jestAdapter (/Users/yusuketsunoda/Documents/cursor/ppttranslatorapp/node_modules/jest-circus/build/legacy-code-todo-rewrite/jestAdapter.js:79:19)
    at runTestInternal (/Users/yusuketsunoda/Documents/cursor/ppttranslatorapp/node_modules/jest-runner/build/runTest.js:367:16)
    at runTest (/Users/yusuketsunoda/Documents/cursor/ppttranslatorapp/node_modules/jest-runner/build/runTest.js:444:34)</failure>
    </testcase>
    <testcase classname="エラーハンドリングユーティリティ › エラーハンドリング関数" name="クライアントエラーを正しく処理する" time="0">
    </testcase>
    <testcase classname="エラーハンドリングユーティリティ › エラーハンドリング関数" name="AppErrorのクライアントエラーを正しく処理する" time="0">
    </testcase>
    <testcase classname="エラーハンドリングユーティリティ › エラーハンドリング関数" name="APIエラーを正しく処理する" time="0.002">
      <failure>Error: expect(received).toEqual(expected) // deep equality

- Expected  - 1
+ Received  + 0

  Object {
-   &quot;code&quot;: &quot;UNKNOWN_ERROR&quot;,
    &quot;error&quot;: &quot;APIエラー&quot;,
    &quot;status&quot;: 500,
  }
    at Object.toEqual (/Users/yusuketsunoda/Documents/cursor/ppttranslatorapp/worktrees/fix-text-position-alignment/tests/utils/error-handler.test.ts:116:22)
    at Promise.then.completed (/Users/yusuketsunoda/Documents/cursor/ppttranslatorapp/node_modules/jest-circus/build/utils.js:298:28)
    at new Promise (&lt;anonymous&gt;)
    at callAsyncCircusFn (/Users/yusuketsunoda/Documents/cursor/ppttranslatorapp/node_modules/jest-circus/build/utils.js:231:10)
    at _callCircusTest (/Users/yusuketsunoda/Documents/cursor/ppttranslatorapp/node_modules/jest-circus/build/run.js:316:40)
    at _runTest (/Users/yusuketsunoda/Documents/cursor/ppttranslatorapp/node_modules/jest-circus/build/run.js:252:3)
    at _runTestsForDescribeBlock (/Users/yusuketsunoda/Documents/cursor/ppttranslatorapp/node_modules/jest-circus/build/run.js:126:9)
    at _runTestsForDescribeBlock (/Users/yusuketsunoda/Documents/cursor/ppttranslatorapp/node_modules/jest-circus/build/run.js:121:9)
    at _runTestsForDescribeBlock (/Users/yusuketsunoda/Documents/cursor/ppttranslatorapp/node_modules/jest-circus/build/run.js:121:9)
    at run (/Users/yusuketsunoda/Documents/cursor/ppttranslatorapp/node_modules/jest-circus/build/run.js:71:3)
    at runAndTransformResultsToJestFormat (/Users/yusuketsunoda/Documents/cursor/ppttranslatorapp/node_modules/jest-circus/build/legacy-code-todo-rewrite/jestAdapterInit.js:122:21)
    at jestAdapter (/Users/yusuketsunoda/Documents/cursor/ppttranslatorapp/node_modules/jest-circus/build/legacy-code-todo-rewrite/jestAdapter.js:79:19)
    at runTestInternal (/Users/yusuketsunoda/Documents/cursor/ppttranslatorapp/node_modules/jest-runner/build/runTest.js:367:16)
    at runTest (/Users/yusuketsunoda/Documents/cursor/ppttranslatorapp/node_modules/jest-runner/build/runTest.js:444:34)</failure>
    </testcase>
    <testcase classname="エラーハンドリングユーティリティ › エラーハンドリング関数" name="ネットワークエラーを正しく処理する" time="0.001">
      <failure>Error: expect(jest.fn()).toHaveBeenCalledWith(...expected)

Expected: &quot;Client error:&quot;, Any&lt;AppError&gt;
Received: &quot;Client error:&quot;, [Error: Failed to fetch]

Number of calls: 1
    at Object.toHaveBeenCalledWith (/Users/yusuketsunoda/Documents/cursor/ppttranslatorapp/worktrees/fix-text-position-alignment/tests/utils/error-handler.test.ts:127:29)
    at Promise.then.completed (/Users/yusuketsunoda/Documents/cursor/ppttranslatorapp/node_modules/jest-circus/build/utils.js:298:28)
    at new Promise (&lt;anonymous&gt;)
    at callAsyncCircusFn (/Users/yusuketsunoda/Documents/cursor/ppttranslatorapp/node_modules/jest-circus/build/utils.js:231:10)
    at _callCircusTest (/Users/yusuketsunoda/Documents/cursor/ppttranslatorapp/node_modules/jest-circus/build/run.js:316:40)
    at _runTest (/Users/yusuketsunoda/Documents/cursor/ppttranslatorapp/node_modules/jest-circus/build/run.js:252:3)
    at _runTestsForDescribeBlock (/Users/yusuketsunoda/Documents/cursor/ppttranslatorapp/node_modules/jest-circus/build/run.js:126:9)
    at _runTestsForDescribeBlock (/Users/yusuketsunoda/Documents/cursor/ppttranslatorapp/node_modules/jest-circus/build/run.js:121:9)
    at _runTestsForDescribeBlock (/Users/yusuketsunoda/Documents/cursor/ppttranslatorapp/node_modules/jest-circus/build/run.js:121:9)
    at run (/Users/yusuketsunoda/Documents/cursor/ppttranslatorapp/node_modules/jest-circus/build/run.js:71:3)
    at runAndTransformResultsToJestFormat (/Users/yusuketsunoda/Documents/cursor/ppttranslatorapp/node_modules/jest-circus/build/legacy-code-todo-rewrite/jestAdapterInit.js:122:21)
    at jestAdapter (/Users/yusuketsunoda/Documents/cursor/ppttranslatorapp/node_modules/jest-circus/build/legacy-code-todo-rewrite/jestAdapter.js:79:19)
    at runTestInternal (/Users/yusuketsunoda/Documents/cursor/ppttranslatorapp/node_modules/jest-runner/build/runTest.js:367:16)
    at runTest (/Users/yusuketsunoda/Documents/cursor/ppttranslatorapp/node_modules/jest-runner/build/runTest.js:444:34)</failure>
    </testcase>
    <testcase classname="エラーハンドリングユーティリティ › エラーハンドリング関数" name="プリズマエラーを正しく処理する" time="0.001">
      <failure>Error: expect(jest.fn()).toHaveBeenCalledWith(...expected)

Expected: &quot;Client error:&quot;, Any&lt;AppError&gt;
Received: &quot;Client error:&quot;, [PrismaClientKnownRequestError: Prisma error]

Number of calls: 1
    at Object.toHaveBeenCalledWith (/Users/yusuketsunoda/Documents/cursor/ppttranslatorapp/worktrees/fix-text-position-alignment/tests/utils/error-handler.test.ts:135:29)
    at Promise.then.completed (/Users/yusuketsunoda/Documents/cursor/ppttranslatorapp/node_modules/jest-circus/build/utils.js:298:28)
    at new Promise (&lt;anonymous&gt;)
    at callAsyncCircusFn (/Users/yusuketsunoda/Documents/cursor/ppttranslatorapp/node_modules/jest-circus/build/utils.js:231:10)
    at _callCircusTest (/Users/yusuketsunoda/Documents/cursor/ppttranslatorapp/node_modules/jest-circus/build/run.js:316:40)
    at _runTest (/Users/yusuketsunoda/Documents/cursor/ppttranslatorapp/node_modules/jest-circus/build/run.js:252:3)
    at _runTestsForDescribeBlock (/Users/yusuketsunoda/Documents/cursor/ppttranslatorapp/node_modules/jest-circus/build/run.js:126:9)
    at _runTestsForDescribeBlock (/Users/yusuketsunoda/Documents/cursor/ppttranslatorapp/node_modules/jest-circus/build/run.js:121:9)
    at _runTestsForDescribeBlock (/Users/yusuketsunoda/Documents/cursor/ppttranslatorapp/node_modules/jest-circus/build/run.js:121:9)
    at run (/Users/yusuketsunoda/Documents/cursor/ppttranslatorapp/node_modules/jest-circus/build/run.js:71:3)
    at runAndTransformResultsToJestFormat (/Users/yusuketsunoda/Documents/cursor/ppttranslatorapp/node_modules/jest-circus/build/legacy-code-todo-rewrite/jestAdapterInit.js:122:21)
    at jestAdapter (/Users/yusuketsunoda/Documents/cursor/ppttranslatorapp/node_modules/jest-circus/build/legacy-code-todo-rewrite/jestAdapter.js:79:19)
    at runTestInternal (/Users/yusuketsunoda/Documents/cursor/ppttranslatorapp/node_modules/jest-runner/build/runTest.js:367:16)
    at runTest (/Users/yusuketsunoda/Documents/cursor/ppttranslatorapp/node_modules/jest-runner/build/runTest.js:444:34)</failure>
    </testcase>
    <testcase classname="エラーハンドリングユーティリティ › エラーハンドリング関数" name="nullエラーを処理できる" time="0">
      <failure>Error: expect(jest.fn()).toHaveBeenCalledWith(...expected)

Expected: &quot;Client error:&quot;, Any&lt;AppError&gt;
Received: &quot;Client error:&quot;, null

Number of calls: 1
    at Object.toHaveBeenCalledWith (/Users/yusuketsunoda/Documents/cursor/ppttranslatorapp/worktrees/fix-text-position-alignment/tests/utils/error-handler.test.ts:141:29)
    at Promise.then.completed (/Users/yusuketsunoda/Documents/cursor/ppttranslatorapp/node_modules/jest-circus/build/utils.js:298:28)
    at new Promise (&lt;anonymous&gt;)
    at callAsyncCircusFn (/Users/yusuketsunoda/Documents/cursor/ppttranslatorapp/node_modules/jest-circus/build/utils.js:231:10)
    at _callCircusTest (/Users/yusuketsunoda/Documents/cursor/ppttranslatorapp/node_modules/jest-circus/build/run.js:316:40)
    at _runTest (/Users/yusuketsunoda/Documents/cursor/ppttranslatorapp/node_modules/jest-circus/build/run.js:252:3)
    at _runTestsForDescribeBlock (/Users/yusuketsunoda/Documents/cursor/ppttranslatorapp/node_modules/jest-circus/build/run.js:126:9)
    at _runTestsForDescribeBlock (/Users/yusuketsunoda/Documents/cursor/ppttranslatorapp/node_modules/jest-circus/build/run.js:121:9)
    at _runTestsForDescribeBlock (/Users/yusuketsunoda/Documents/cursor/ppttranslatorapp/node_modules/jest-circus/build/run.js:121:9)
    at run (/Users/yusuketsunoda/Documents/cursor/ppttranslatorapp/node_modules/jest-circus/build/run.js:71:3)
    at runAndTransformResultsToJestFormat (/Users/yusuketsunoda/Documents/cursor/ppttranslatorapp/node_modules/jest-circus/build/legacy-code-todo-rewrite/jestAdapterInit.js:122:21)
    at jestAdapter (/Users/yusuketsunoda/Documents/cursor/ppttranslatorapp/node_modules/jest-circus/build/legacy-code-todo-rewrite/jestAdapter.js:79:19)
    at runTestInternal (/Users/yusuketsunoda/Documents/cursor/ppttranslatorapp/node_modules/jest-runner/build/runTest.js:367:16)
    at runTest (/Users/yusuketsunoda/Documents/cursor/ppttranslatorapp/node_modules/jest-runner/build/runTest.js:444:34)</failure>
    </testcase>
    <testcase classname="エラーハンドリングユーティリティ › AppErrorクラス" name="正しく初期化される" time="0">
      <failure>TypeError: Cannot read properties of undefined (reading &apos;AUTH&apos;)
    at Object.AUTH (/Users/yusuketsunoda/Documents/cursor/ppttranslatorapp/worktrees/fix-text-position-alignment/tests/utils/error-handler.test.ts:149:25)
    at Promise.then.completed (/Users/yusuketsunoda/Documents/cursor/ppttranslatorapp/node_modules/jest-circus/build/utils.js:298:28)
    at new Promise (&lt;anonymous&gt;)
    at callAsyncCircusFn (/Users/yusuketsunoda/Documents/cursor/ppttranslatorapp/node_modules/jest-circus/build/utils.js:231:10)
    at _callCircusTest (/Users/yusuketsunoda/Documents/cursor/ppttranslatorapp/node_modules/jest-circus/build/run.js:316:40)
    at _runTest (/Users/yusuketsunoda/Documents/cursor/ppttranslatorapp/node_modules/jest-circus/build/run.js:252:3)
    at _runTestsForDescribeBlock (/Users/yusuketsunoda/Documents/cursor/ppttranslatorapp/node_modules/jest-circus/build/run.js:126:9)
    at _runTestsForDescribeBlock (/Users/yusuketsunoda/Documents/cursor/ppttranslatorapp/node_modules/jest-circus/build/run.js:121:9)
    at _runTestsForDescribeBlock (/Users/yusuketsunoda/Documents/cursor/ppttranslatorapp/node_modules/jest-circus/build/run.js:121:9)
    at run (/Users/yusuketsunoda/Documents/cursor/ppttranslatorapp/node_modules/jest-circus/build/run.js:71:3)
    at runAndTransformResultsToJestFormat (/Users/yusuketsunoda/Documents/cursor/ppttranslatorapp/node_modules/jest-circus/build/legacy-code-todo-rewrite/jestAdapterInit.js:122:21)
    at jestAdapter (/Users/yusuketsunoda/Documents/cursor/ppttranslatorapp/node_modules/jest-circus/build/legacy-code-todo-rewrite/jestAdapter.js:79:19)
    at runTestInternal (/Users/yusuketsunoda/Documents/cursor/ppttranslatorapp/node_modules/jest-runner/build/runTest.js:367:16)
    at runTest (/Users/yusuketsunoda/Documents/cursor/ppttranslatorapp/node_modules/jest-runner/build/runTest.js:444:34)</failure>
    </testcase>
    <testcase classname="エラーハンドリングユーティリティ › AppErrorクラス" name="コンテキスト情報を持つことができる" time="0">
      <failure>TypeError: Cannot read properties of undefined (reading &apos;AUTH&apos;)
    at Object.AUTH (/Users/yusuketsunoda/Documents/cursor/ppttranslatorapp/worktrees/fix-text-position-alignment/tests/utils/error-handler.test.ts:163:25)
    at Promise.then.completed (/Users/yusuketsunoda/Documents/cursor/ppttranslatorapp/node_modules/jest-circus/build/utils.js:298:28)
    at new Promise (&lt;anonymous&gt;)
    at callAsyncCircusFn (/Users/yusuketsunoda/Documents/cursor/ppttranslatorapp/node_modules/jest-circus/build/utils.js:231:10)
    at _callCircusTest (/Users/yusuketsunoda/Documents/cursor/ppttranslatorapp/node_modules/jest-circus/build/run.js:316:40)
    at _runTest (/Users/yusuketsunoda/Documents/cursor/ppttranslatorapp/node_modules/jest-circus/build/run.js:252:3)
    at _runTestsForDescribeBlock (/Users/yusuketsunoda/Documents/cursor/ppttranslatorapp/node_modules/jest-circus/build/run.js:126:9)
    at _runTestsForDescribeBlock (/Users/yusuketsunoda/Documents/cursor/ppttranslatorapp/node_modules/jest-circus/build/run.js:121:9)
    at _runTestsForDescribeBlock (/Users/yusuketsunoda/Documents/cursor/ppttranslatorapp/node_modules/jest-circus/build/run.js:121:9)
    at run (/Users/yusuketsunoda/Documents/cursor/ppttranslatorapp/node_modules/jest-circus/build/run.js:71:3)
    at runAndTransformResultsToJestFormat (/Users/yusuketsunoda/Documents/cursor/ppttranslatorapp/node_modules/jest-circus/build/legacy-code-todo-rewrite/jestAdapterInit.js:122:21)
    at jestAdapter (/Users/yusuketsunoda/Documents/cursor/ppttranslatorapp/node_modules/jest-circus/build/legacy-code-todo-rewrite/jestAdapter.js:79:19)
    at runTestInternal (/Users/yusuketsunoda/Documents/cursor/ppttranslatorapp/node_modules/jest-runner/build/runTest.js:367:16)
    at runTest (/Users/yusuketsunoda/Documents/cursor/ppttranslatorapp/node_modules/jest-runner/build/runTest.js:444:34)</failure>
    </testcase>
    <testcase classname="エラーハンドリングユーティリティ › AppErrorクラス" name="元のエラーを保持できる" time="0.002">
      <failure>TypeError: Cannot read properties of undefined (reading &apos;AUTH&apos;)
    at Object.AUTH (/Users/yusuketsunoda/Documents/cursor/ppttranslatorapp/worktrees/fix-text-position-alignment/tests/utils/error-handler.test.ts:175:25)
    at Promise.then.completed (/Users/yusuketsunoda/Documents/cursor/ppttranslatorapp/node_modules/jest-circus/build/utils.js:298:28)
    at new Promise (&lt;anonymous&gt;)
    at callAsyncCircusFn (/Users/yusuketsunoda/Documents/cursor/ppttranslatorapp/node_modules/jest-circus/build/utils.js:231:10)
    at _callCircusTest (/Users/yusuketsunoda/Documents/cursor/ppttranslatorapp/node_modules/jest-circus/build/run.js:316:40)
    at _runTest (/Users/yusuketsunoda/Documents/cursor/ppttranslatorapp/node_modules/jest-circus/build/run.js:252:3)
    at _runTestsForDescribeBlock (/Users/yusuketsunoda/Documents/cursor/ppttranslatorapp/node_modules/jest-circus/build/run.js:126:9)
    at _runTestsForDescribeBlock (/Users/yusuketsunoda/Documents/cursor/ppttranslatorapp/node_modules/jest-circus/build/run.js:121:9)
    at _runTestsForDescribeBlock (/Users/yusuketsunoda/Documents/cursor/ppttranslatorapp/node_modules/jest-circus/build/run.js:121:9)
    at run (/Users/yusuketsunoda/Documents/cursor/ppttranslatorapp/node_modules/jest-circus/build/run.js:71:3)
    at runAndTransformResultsToJestFormat (/Users/yusuketsunoda/Documents/cursor/ppttranslatorapp/node_modules/jest-circus/build/legacy-code-todo-rewrite/jestAdapterInit.js:122:21)
    at jestAdapter (/Users/yusuketsunoda/Documents/cursor/ppttranslatorapp/node_modules/jest-circus/build/legacy-code-todo-rewrite/jestAdapter.js:79:19)
    at runTestInternal (/Users/yusuketsunoda/Documents/cursor/ppttranslatorapp/node_modules/jest-runner/build/runTest.js:367:16)
    at runTest (/Users/yusuketsunoda/Documents/cursor/ppttranslatorapp/node_modules/jest-runner/build/runTest.js:444:34)</failure>
    </testcase>
    <testcase classname="エラーハンドリングユーティリティ › AppErrorクラス" name="デフォルト値で初期化できる" time="0.001">
      <failure>TypeError: Cannot read properties of undefined (reading &apos;UNKNOWN&apos;)
    at Object.UNKNOWN (/Users/yusuketsunoda/Documents/cursor/ppttranslatorapp/worktrees/fix-text-position-alignment/tests/utils/error-handler.test.ts:189:41)
    at Promise.then.completed (/Users/yusuketsunoda/Documents/cursor/ppttranslatorapp/node_modules/jest-circus/build/utils.js:298:28)
    at new Promise (&lt;anonymous&gt;)
    at callAsyncCircusFn (/Users/yusuketsunoda/Documents/cursor/ppttranslatorapp/node_modules/jest-circus/build/utils.js:231:10)
    at _callCircusTest (/Users/yusuketsunoda/Documents/cursor/ppttranslatorapp/node_modules/jest-circus/build/run.js:316:40)
    at _runTest (/Users/yusuketsunoda/Documents/cursor/ppttranslatorapp/node_modules/jest-circus/build/run.js:252:3)
    at _runTestsForDescribeBlock (/Users/yusuketsunoda/Documents/cursor/ppttranslatorapp/node_modules/jest-circus/build/run.js:126:9)
    at _runTestsForDescribeBlock (/Users/yusuketsunoda/Documents/cursor/ppttranslatorapp/node_modules/jest-circus/build/run.js:121:9)
    at _runTestsForDescribeBlock (/Users/yusuketsunoda/Documents/cursor/ppttranslatorapp/node_modules/jest-circus/build/run.js:121:9)
    at run (/Users/yusuketsunoda/Documents/cursor/ppttranslatorapp/node_modules/jest-circus/build/run.js:71:3)
    at runAndTransformResultsToJestFormat (/Users/yusuketsunoda/Documents/cursor/ppttranslatorapp/node_modules/jest-circus/build/legacy-code-todo-rewrite/jestAdapterInit.js:122:21)
    at jestAdapter (/Users/yusuketsunoda/Documents/cursor/ppttranslatorapp/node_modules/jest-circus/build/legacy-code-todo-rewrite/jestAdapter.js:79:19)
    at runTestInternal (/Users/yusuketsunoda/Documents/cursor/ppttranslatorapp/node_modules/jest-runner/build/runTest.js:367:16)
    at runTest (/Users/yusuketsunoda/Documents/cursor/ppttranslatorapp/node_modules/jest-runner/build/runTest.js:444:34)</failure>
    </testcase>
    <testcase classname="エラーハンドリングユーティリティ › Error Creators" name="createValidationErrorが正しいAppErrorを作成する" time="0.001">
      <failure>TypeError: Cannot read properties of undefined (reading &apos;VALIDATION&apos;)
    at Object.VALIDATION (/Users/yusuketsunoda/Documents/cursor/ppttranslatorapp/worktrees/fix-text-position-alignment/tests/utils/error-handler.test.ts:199:41)
    at Promise.then.completed (/Users/yusuketsunoda/Documents/cursor/ppttranslatorapp/node_modules/jest-circus/build/utils.js:298:28)
    at new Promise (&lt;anonymous&gt;)
    at callAsyncCircusFn (/Users/yusuketsunoda/Documents/cursor/ppttranslatorapp/node_modules/jest-circus/build/utils.js:231:10)
    at _callCircusTest (/Users/yusuketsunoda/Documents/cursor/ppttranslatorapp/node_modules/jest-circus/build/run.js:316:40)
    at _runTest (/Users/yusuketsunoda/Documents/cursor/ppttranslatorapp/node_modules/jest-circus/build/run.js:252:3)
    at _runTestsForDescribeBlock (/Users/yusuketsunoda/Documents/cursor/ppttranslatorapp/node_modules/jest-circus/build/run.js:126:9)
    at _runTestsForDescribeBlock (/Users/yusuketsunoda/Documents/cursor/ppttranslatorapp/node_modules/jest-circus/build/run.js:121:9)
    at _runTestsForDescribeBlock (/Users/yusuketsunoda/Documents/cursor/ppttranslatorapp/node_modules/jest-circus/build/run.js:121:9)
    at run (/Users/yusuketsunoda/Documents/cursor/ppttranslatorapp/node_modules/jest-circus/build/run.js:71:3)
    at runAndTransformResultsToJestFormat (/Users/yusuketsunoda/Documents/cursor/ppttranslatorapp/node_modules/jest-circus/build/legacy-code-todo-rewrite/jestAdapterInit.js:122:21)
    at jestAdapter (/Users/yusuketsunoda/Documents/cursor/ppttranslatorapp/node_modules/jest-circus/build/legacy-code-todo-rewrite/jestAdapter.js:79:19)
    at runTestInternal (/Users/yusuketsunoda/Documents/cursor/ppttranslatorapp/node_modules/jest-runner/build/runTest.js:367:16)
    at runTest (/Users/yusuketsunoda/Documents/cursor/ppttranslatorapp/node_modules/jest-runner/build/runTest.js:444:34)</failure>
    </testcase>
    <testcase classname="エラーハンドリングユーティリティ › Error Creators" name="createAuthErrorが正しいAppErrorを作成する" time="0">
      <failure>TypeError: Cannot read properties of undefined (reading &apos;AUTH&apos;)
    at Object.AUTH (/Users/yusuketsunoda/Documents/cursor/ppttranslatorapp/worktrees/fix-text-position-alignment/tests/utils/error-handler.test.ts:208:41)
    at Promise.then.completed (/Users/yusuketsunoda/Documents/cursor/ppttranslatorapp/node_modules/jest-circus/build/utils.js:298:28)
    at new Promise (&lt;anonymous&gt;)
    at callAsyncCircusFn (/Users/yusuketsunoda/Documents/cursor/ppttranslatorapp/node_modules/jest-circus/build/utils.js:231:10)
    at _callCircusTest (/Users/yusuketsunoda/Documents/cursor/ppttranslatorapp/node_modules/jest-circus/build/run.js:316:40)
    at _runTest (/Users/yusuketsunoda/Documents/cursor/ppttranslatorapp/node_modules/jest-circus/build/run.js:252:3)
    at _runTestsForDescribeBlock (/Users/yusuketsunoda/Documents/cursor/ppttranslatorapp/node_modules/jest-circus/build/run.js:126:9)
    at _runTestsForDescribeBlock (/Users/yusuketsunoda/Documents/cursor/ppttranslatorapp/node_modules/jest-circus/build/run.js:121:9)
    at _runTestsForDescribeBlock (/Users/yusuketsunoda/Documents/cursor/ppttranslatorapp/node_modules/jest-circus/build/run.js:121:9)
    at run (/Users/yusuketsunoda/Documents/cursor/ppttranslatorapp/node_modules/jest-circus/build/run.js:71:3)
    at runAndTransformResultsToJestFormat (/Users/yusuketsunoda/Documents/cursor/ppttranslatorapp/node_modules/jest-circus/build/legacy-code-todo-rewrite/jestAdapterInit.js:122:21)
    at jestAdapter (/Users/yusuketsunoda/Documents/cursor/ppttranslatorapp/node_modules/jest-circus/build/legacy-code-todo-rewrite/jestAdapter.js:79:19)
    at runTestInternal (/Users/yusuketsunoda/Documents/cursor/ppttranslatorapp/node_modules/jest-runner/build/runTest.js:367:16)
    at runTest (/Users/yusuketsunoda/Documents/cursor/ppttranslatorapp/node_modules/jest-runner/build/runTest.js:444:34)</failure>
    </testcase>
    <testcase classname="エラーハンドリングユーティリティ › Error Creators" name="createForbiddenErrorが正しいAppErrorを作成する" time="0.001">
      <failure>TypeError: Cannot read properties of undefined (reading &apos;FORBIDDEN&apos;)
    at Object.FORBIDDEN (/Users/yusuketsunoda/Documents/cursor/ppttranslatorapp/worktrees/fix-text-position-alignment/tests/utils/error-handler.test.ts:217:41)
    at Promise.then.completed (/Users/yusuketsunoda/Documents/cursor/ppttranslatorapp/node_modules/jest-circus/build/utils.js:298:28)
    at new Promise (&lt;anonymous&gt;)
    at callAsyncCircusFn (/Users/yusuketsunoda/Documents/cursor/ppttranslatorapp/node_modules/jest-circus/build/utils.js:231:10)
    at _callCircusTest (/Users/yusuketsunoda/Documents/cursor/ppttranslatorapp/node_modules/jest-circus/build/run.js:316:40)
    at _runTest (/Users/yusuketsunoda/Documents/cursor/ppttranslatorapp/node_modules/jest-circus/build/run.js:252:3)
    at _runTestsForDescribeBlock (/Users/yusuketsunoda/Documents/cursor/ppttranslatorapp/node_modules/jest-circus/build/run.js:126:9)
    at _runTestsForDescribeBlock (/Users/yusuketsunoda/Documents/cursor/ppttranslatorapp/node_modules/jest-circus/build/run.js:121:9)
    at _runTestsForDescribeBlock (/Users/yusuketsunoda/Documents/cursor/ppttranslatorapp/node_modules/jest-circus/build/run.js:121:9)
    at run (/Users/yusuketsunoda/Documents/cursor/ppttranslatorapp/node_modules/jest-circus/build/run.js:71:3)
    at runAndTransformResultsToJestFormat (/Users/yusuketsunoda/Documents/cursor/ppttranslatorapp/node_modules/jest-circus/build/legacy-code-todo-rewrite/jestAdapterInit.js:122:21)
    at jestAdapter (/Users/yusuketsunoda/Documents/cursor/ppttranslatorapp/node_modules/jest-circus/build/legacy-code-todo-rewrite/jestAdapter.js:79:19)
    at runTestInternal (/Users/yusuketsunoda/Documents/cursor/ppttranslatorapp/node_modules/jest-runner/build/runTest.js:367:16)
    at runTest (/Users/yusuketsunoda/Documents/cursor/ppttranslatorapp/node_modules/jest-runner/build/runTest.js:444:34)</failure>
    </testcase>
    <testcase classname="エラーハンドリングユーティリティ › Error Creators" name="createNotFoundErrorが正しいAppErrorを作成する" time="0.001">
      <failure>TypeError: Cannot read properties of undefined (reading &apos;NOT_FOUND&apos;)
    at Object.NOT_FOUND (/Users/yusuketsunoda/Documents/cursor/ppttranslatorapp/worktrees/fix-text-position-alignment/tests/utils/error-handler.test.ts:226:41)
    at Promise.then.completed (/Users/yusuketsunoda/Documents/cursor/ppttranslatorapp/node_modules/jest-circus/build/utils.js:298:28)
    at new Promise (&lt;anonymous&gt;)
    at callAsyncCircusFn (/Users/yusuketsunoda/Documents/cursor/ppttranslatorapp/node_modules/jest-circus/build/utils.js:231:10)
    at _callCircusTest (/Users/yusuketsunoda/Documents/cursor/ppttranslatorapp/node_modules/jest-circus/build/run.js:316:40)
    at _runTest (/Users/yusuketsunoda/Documents/cursor/ppttranslatorapp/node_modules/jest-circus/build/run.js:252:3)
    at _runTestsForDescribeBlock (/Users/yusuketsunoda/Documents/cursor/ppttranslatorapp/node_modules/jest-circus/build/run.js:126:9)
    at _runTestsForDescribeBlock (/Users/yusuketsunoda/Documents/cursor/ppttranslatorapp/node_modules/jest-circus/build/run.js:121:9)
    at _runTestsForDescribeBlock (/Users/yusuketsunoda/Documents/cursor/ppttranslatorapp/node_modules/jest-circus/build/run.js:121:9)
    at run (/Users/yusuketsunoda/Documents/cursor/ppttranslatorapp/node_modules/jest-circus/build/run.js:71:3)
    at runAndTransformResultsToJestFormat (/Users/yusuketsunoda/Documents/cursor/ppttranslatorapp/node_modules/jest-circus/build/legacy-code-todo-rewrite/jestAdapterInit.js:122:21)
    at jestAdapter (/Users/yusuketsunoda/Documents/cursor/ppttranslatorapp/node_modules/jest-circus/build/legacy-code-todo-rewrite/jestAdapter.js:79:19)
    at runTestInternal (/Users/yusuketsunoda/Documents/cursor/ppttranslatorapp/node_modules/jest-runner/build/runTest.js:367:16)
    at runTest (/Users/yusuketsunoda/Documents/cursor/ppttranslatorapp/node_modules/jest-runner/build/runTest.js:444:34)</failure>
    </testcase>
    <testcase classname="エラーハンドリングユーティリティ › Error Creators" name="createRateLimitErrorが正しいAppErrorを作成する" time="0">
      <failure>TypeError: Cannot read properties of undefined (reading &apos;RATE_LIMIT&apos;)
    at Object.RATE_LIMIT (/Users/yusuketsunoda/Documents/cursor/ppttranslatorapp/worktrees/fix-text-position-alignment/tests/utils/error-handler.test.ts:235:41)
    at Promise.then.completed (/Users/yusuketsunoda/Documents/cursor/ppttranslatorapp/node_modules/jest-circus/build/utils.js:298:28)
    at new Promise (&lt;anonymous&gt;)
    at callAsyncCircusFn (/Users/yusuketsunoda/Documents/cursor/ppttranslatorapp/node_modules/jest-circus/build/utils.js:231:10)
    at _callCircusTest (/Users/yusuketsunoda/Documents/cursor/ppttranslatorapp/node_modules/jest-circus/build/run.js:316:40)
    at _runTest (/Users/yusuketsunoda/Documents/cursor/ppttranslatorapp/node_modules/jest-circus/build/run.js:252:3)
    at _runTestsForDescribeBlock (/Users/yusuketsunoda/Documents/cursor/ppttranslatorapp/node_modules/jest-circus/build/run.js:126:9)
    at _runTestsForDescribeBlock (/Users/yusuketsunoda/Documents/cursor/ppttranslatorapp/node_modules/jest-circus/build/run.js:121:9)
    at _runTestsForDescribeBlock (/Users/yusuketsunoda/Documents/cursor/ppttranslatorapp/node_modules/jest-circus/build/run.js:121:9)
    at run (/Users/yusuketsunoda/Documents/cursor/ppttranslatorapp/node_modules/jest-circus/build/run.js:71:3)
    at runAndTransformResultsToJestFormat (/Users/yusuketsunoda/Documents/cursor/ppttranslatorapp/node_modules/jest-circus/build/legacy-code-todo-rewrite/jestAdapterInit.js:122:21)
    at jestAdapter (/Users/yusuketsunoda/Documents/cursor/ppttranslatorapp/node_modules/jest-circus/build/legacy-code-todo-rewrite/jestAdapter.js:79:19)
    at runTestInternal (/Users/yusuketsunoda/Documents/cursor/ppttranslatorapp/node_modules/jest-runner/build/runTest.js:367:16)
    at runTest (/Users/yusuketsunoda/Documents/cursor/ppttranslatorapp/node_modules/jest-runner/build/runTest.js:444:34)</failure>
    </testcase>
    <testcase classname="エラーハンドリングユーティリティ › Error Creators" name="createDatabaseErrorが正しいAppErrorを作成する" time="0.001">
      <failure>TypeError: Cannot read properties of undefined (reading &apos;DATABASE&apos;)
    at Object.DATABASE (/Users/yusuketsunoda/Documents/cursor/ppttranslatorapp/worktrees/fix-text-position-alignment/tests/utils/error-handler.test.ts:244:41)
    at Promise.then.completed (/Users/yusuketsunoda/Documents/cursor/ppttranslatorapp/node_modules/jest-circus/build/utils.js:298:28)
    at new Promise (&lt;anonymous&gt;)
    at callAsyncCircusFn (/Users/yusuketsunoda/Documents/cursor/ppttranslatorapp/node_modules/jest-circus/build/utils.js:231:10)
    at _callCircusTest (/Users/yusuketsunoda/Documents/cursor/ppttranslatorapp/node_modules/jest-circus/build/run.js:316:40)
    at _runTest (/Users/yusuketsunoda/Documents/cursor/ppttranslatorapp/node_modules/jest-circus/build/run.js:252:3)
    at _runTestsForDescribeBlock (/Users/yusuketsunoda/Documents/cursor/ppttranslatorapp/node_modules/jest-circus/build/run.js:126:9)
    at _runTestsForDescribeBlock (/Users/yusuketsunoda/Documents/cursor/ppttranslatorapp/node_modules/jest-circus/build/run.js:121:9)
    at _runTestsForDescribeBlock (/Users/yusuketsunoda/Documents/cursor/ppttranslatorapp/node_modules/jest-circus/build/run.js:121:9)
    at run (/Users/yusuketsunoda/Documents/cursor/ppttranslatorapp/node_modules/jest-circus/build/run.js:71:3)
    at runAndTransformResultsToJestFormat (/Users/yusuketsunoda/Documents/cursor/ppttranslatorapp/node_modules/jest-circus/build/legacy-code-todo-rewrite/jestAdapterInit.js:122:21)
    at jestAdapter (/Users/yusuketsunoda/Documents/cursor/ppttranslatorapp/node_modules/jest-circus/build/legacy-code-todo-rewrite/jestAdapter.js:79:19)
    at runTestInternal (/Users/yusuketsunoda/Documents/cursor/ppttranslatorapp/node_modules/jest-runner/build/runTest.js:367:16)
    at runTest (/Users/yusuketsunoda/Documents/cursor/ppttranslatorapp/node_modules/jest-runner/build/runTest.js:444:34)</failure>
    </testcase>
    <testcase classname="エラーハンドリングユーティリティ › mapSessionErrorToAppError" name="EXPIREDエラーを正しく変換する" time="0">
      <failure>TypeError: Cannot read properties of undefined (reading &apos;AUTH&apos;)
    at Object.AUTH (/Users/yusuketsunoda/Documents/cursor/ppttranslatorapp/worktrees/fix-text-position-alignment/tests/utils/error-handler.test.ts:255:41)
    at Promise.then.completed (/Users/yusuketsunoda/Documents/cursor/ppttranslatorapp/node_modules/jest-circus/build/utils.js:298:28)
    at new Promise (&lt;anonymous&gt;)
    at callAsyncCircusFn (/Users/yusuketsunoda/Documents/cursor/ppttranslatorapp/node_modules/jest-circus/build/utils.js:231:10)
    at _callCircusTest (/Users/yusuketsunoda/Documents/cursor/ppttranslatorapp/node_modules/jest-circus/build/run.js:316:40)
    at _runTest (/Users/yusuketsunoda/Documents/cursor/ppttranslatorapp/node_modules/jest-circus/build/run.js:252:3)
    at _runTestsForDescribeBlock (/Users/yusuketsunoda/Documents/cursor/ppttranslatorapp/node_modules/jest-circus/build/run.js:126:9)
    at _runTestsForDescribeBlock (/Users/yusuketsunoda/Documents/cursor/ppttranslatorapp/node_modules/jest-circus/build/run.js:121:9)
    at _runTestsForDescribeBlock (/Users/yusuketsunoda/Documents/cursor/ppttranslatorapp/node_modules/jest-circus/build/run.js:121:9)
    at run (/Users/yusuketsunoda/Documents/cursor/ppttranslatorapp/node_modules/jest-circus/build/run.js:71:3)
    at runAndTransformResultsToJestFormat (/Users/yusuketsunoda/Documents/cursor/ppttranslatorapp/node_modules/jest-circus/build/legacy-code-todo-rewrite/jestAdapterInit.js:122:21)
    at jestAdapter (/Users/yusuketsunoda/Documents/cursor/ppttranslatorapp/node_modules/jest-circus/build/legacy-code-todo-rewrite/jestAdapter.js:79:19)
    at runTestInternal (/Users/yusuketsunoda/Documents/cursor/ppttranslatorapp/node_modules/jest-runner/build/runTest.js:367:16)
    at runTest (/Users/yusuketsunoda/Documents/cursor/ppttranslatorapp/node_modules/jest-runner/build/runTest.js:444:34)</failure>
    </testcase>
    <testcase classname="エラーハンドリングユーティリティ › mapSessionErrorToAppError" name="INVALIDエラーを正しく変換する" time="0">
      <failure>TypeError: Cannot read properties of undefined (reading &apos;AUTH&apos;)
    at Object.AUTH (/Users/yusuketsunoda/Documents/cursor/ppttranslatorapp/worktrees/fix-text-position-alignment/tests/utils/error-handler.test.ts:264:41)
    at Promise.then.completed (/Users/yusuketsunoda/Documents/cursor/ppttranslatorapp/node_modules/jest-circus/build/utils.js:298:28)
    at new Promise (&lt;anonymous&gt;)
    at callAsyncCircusFn (/Users/yusuketsunoda/Documents/cursor/ppttranslatorapp/node_modules/jest-circus/build/utils.js:231:10)
    at _callCircusTest (/Users/yusuketsunoda/Documents/cursor/ppttranslatorapp/node_modules/jest-circus/build/run.js:316:40)
    at _runTest (/Users/yusuketsunoda/Documents/cursor/ppttranslatorapp/node_modules/jest-circus/build/run.js:252:3)
    at _runTestsForDescribeBlock (/Users/yusuketsunoda/Documents/cursor/ppttranslatorapp/node_modules/jest-circus/build/run.js:126:9)
    at _runTestsForDescribeBlock (/Users/yusuketsunoda/Documents/cursor/ppttranslatorapp/node_modules/jest-circus/build/run.js:121:9)
    at _runTestsForDescribeBlock (/Users/yusuketsunoda/Documents/cursor/ppttranslatorapp/node_modules/jest-circus/build/run.js:121:9)
    at run (/Users/yusuketsunoda/Documents/cursor/ppttranslatorapp/node_modules/jest-circus/build/run.js:71:3)
    at runAndTransformResultsToJestFormat (/Users/yusuketsunoda/Documents/cursor/ppttranslatorapp/node_modules/jest-circus/build/legacy-code-todo-rewrite/jestAdapterInit.js:122:21)
    at jestAdapter (/Users/yusuketsunoda/Documents/cursor/ppttranslatorapp/node_modules/jest-circus/build/legacy-code-todo-rewrite/jestAdapter.js:79:19)
    at runTestInternal (/Users/yusuketsunoda/Documents/cursor/ppttranslatorapp/node_modules/jest-runner/build/runTest.js:367:16)
    at runTest (/Users/yusuketsunoda/Documents/cursor/ppttranslatorapp/node_modules/jest-runner/build/runTest.js:444:34)</failure>
    </testcase>
    <testcase classname="エラーハンドリングユーティリティ › mapSessionErrorToAppError" name="NETWORKエラーを正しく変換する" time="0.001">
      <failure>TypeError: Cannot read properties of undefined (reading &apos;NETWORK&apos;)
    at Object.NETWORK (/Users/yusuketsunoda/Documents/cursor/ppttranslatorapp/worktrees/fix-text-position-alignment/tests/utils/error-handler.test.ts:273:41)
    at Promise.then.completed (/Users/yusuketsunoda/Documents/cursor/ppttranslatorapp/node_modules/jest-circus/build/utils.js:298:28)
    at new Promise (&lt;anonymous&gt;)
    at callAsyncCircusFn (/Users/yusuketsunoda/Documents/cursor/ppttranslatorapp/node_modules/jest-circus/build/utils.js:231:10)
    at _callCircusTest (/Users/yusuketsunoda/Documents/cursor/ppttranslatorapp/node_modules/jest-circus/build/run.js:316:40)
    at _runTest (/Users/yusuketsunoda/Documents/cursor/ppttranslatorapp/node_modules/jest-circus/build/run.js:252:3)
    at _runTestsForDescribeBlock (/Users/yusuketsunoda/Documents/cursor/ppttranslatorapp/node_modules/jest-circus/build/run.js:126:9)
    at _runTestsForDescribeBlock (/Users/yusuketsunoda/Documents/cursor/ppttranslatorapp/node_modules/jest-circus/build/run.js:121:9)
    at _runTestsForDescribeBlock (/Users/yusuketsunoda/Documents/cursor/ppttranslatorapp/node_modules/jest-circus/build/run.js:121:9)
    at run (/Users/yusuketsunoda/Documents/cursor/ppttranslatorapp/node_modules/jest-circus/build/run.js:71:3)
    at runAndTransformResultsToJestFormat (/Users/yusuketsunoda/Documents/cursor/ppttranslatorapp/node_modules/jest-circus/build/legacy-code-todo-rewrite/jestAdapterInit.js:122:21)
    at jestAdapter (/Users/yusuketsunoda/Documents/cursor/ppttranslatorapp/node_modules/jest-circus/build/legacy-code-todo-rewrite/jestAdapter.js:79:19)
    at runTestInternal (/Users/yusuketsunoda/Documents/cursor/ppttranslatorapp/node_modules/jest-runner/build/runTest.js:367:16)
    at runTest (/Users/yusuketsunoda/Documents/cursor/ppttranslatorapp/node_modules/jest-runner/build/runTest.js:444:34)</failure>
    </testcase>
    <testcase classname="エラーハンドリングユーティリティ › mapSessionErrorToAppError" name="UNAUTHORIZEDエラーを正しく変換する" time="0">
      <failure>TypeError: Cannot read properties of undefined (reading &apos;AUTH&apos;)
    at Object.AUTH (/Users/yusuketsunoda/Documents/cursor/ppttranslatorapp/worktrees/fix-text-position-alignment/tests/utils/error-handler.test.ts:282:41)
    at Promise.then.completed (/Users/yusuketsunoda/Documents/cursor/ppttranslatorapp/node_modules/jest-circus/build/utils.js:298:28)
    at new Promise (&lt;anonymous&gt;)
    at callAsyncCircusFn (/Users/yusuketsunoda/Documents/cursor/ppttranslatorapp/node_modules/jest-circus/build/utils.js:231:10)
    at _callCircusTest (/Users/yusuketsunoda/Documents/cursor/ppttranslatorapp/node_modules/jest-circus/build/run.js:316:40)
    at _runTest (/Users/yusuketsunoda/Documents/cursor/ppttranslatorapp/node_modules/jest-circus/build/run.js:252:3)
    at _runTestsForDescribeBlock (/Users/yusuketsunoda/Documents/cursor/ppttranslatorapp/node_modules/jest-circus/build/run.js:126:9)
    at _runTestsForDescribeBlock (/Users/yusuketsunoda/Documents/cursor/ppttranslatorapp/node_modules/jest-circus/build/run.js:121:9)
    at _runTestsForDescribeBlock (/Users/yusuketsunoda/Documents/cursor/ppttranslatorapp/node_modules/jest-circus/build/run.js:121:9)
    at run (/Users/yusuketsunoda/Documents/cursor/ppttranslatorapp/node_modules/jest-circus/build/run.js:71:3)
    at runAndTransformResultsToJestFormat (/Users/yusuketsunoda/Documents/cursor/ppttranslatorapp/node_modules/jest-circus/build/legacy-code-todo-rewrite/jestAdapterInit.js:122:21)
    at jestAdapter (/Users/yusuketsunoda/Documents/cursor/ppttranslatorapp/node_modules/jest-circus/build/legacy-code-todo-rewrite/jestAdapter.js:79:19)
    at runTestInternal (/Users/yusuketsunoda/Documents/cursor/ppttranslatorapp/node_modules/jest-runner/build/runTest.js:367:16)
    at runTest (/Users/yusuketsunoda/Documents/cursor/ppttranslatorapp/node_modules/jest-runner/build/runTest.js:444:34)</failure>
    </testcase>
    <testcase classname="エラーハンドリングユーティリティ › mapSessionErrorToAppError" name="UNKNOWNエラーを正しく変換する" time="0.001">
      <failure>TypeError: Cannot read properties of undefined (reading &apos;UNKNOWN&apos;)
    at Object.UNKNOWN (/Users/yusuketsunoda/Documents/cursor/ppttranslatorapp/worktrees/fix-text-position-alignment/tests/utils/error-handler.test.ts:291:41)
    at Promise.then.completed (/Users/yusuketsunoda/Documents/cursor/ppttranslatorapp/node_modules/jest-circus/build/utils.js:298:28)
    at new Promise (&lt;anonymous&gt;)
    at callAsyncCircusFn (/Users/yusuketsunoda/Documents/cursor/ppttranslatorapp/node_modules/jest-circus/build/utils.js:231:10)
    at _callCircusTest (/Users/yusuketsunoda/Documents/cursor/ppttranslatorapp/node_modules/jest-circus/build/run.js:316:40)
    at _runTest (/Users/yusuketsunoda/Documents/cursor/ppttranslatorapp/node_modules/jest-circus/build/run.js:252:3)
    at _runTestsForDescribeBlock (/Users/yusuketsunoda/Documents/cursor/ppttranslatorapp/node_modules/jest-circus/build/run.js:126:9)
    at _runTestsForDescribeBlock (/Users/yusuketsunoda/Documents/cursor/ppttranslatorapp/node_modules/jest-circus/build/run.js:121:9)
    at _runTestsForDescribeBlock (/Users/yusuketsunoda/Documents/cursor/ppttranslatorapp/node_modules/jest-circus/build/run.js:121:9)
    at run (/Users/yusuketsunoda/Documents/cursor/ppttranslatorapp/node_modules/jest-circus/build/run.js:71:3)
    at runAndTransformResultsToJestFormat (/Users/yusuketsunoda/Documents/cursor/ppttranslatorapp/node_modules/jest-circus/build/legacy-code-todo-rewrite/jestAdapterInit.js:122:21)
    at jestAdapter (/Users/yusuketsunoda/Documents/cursor/ppttranslatorapp/node_modules/jest-circus/build/legacy-code-todo-rewrite/jestAdapter.js:79:19)
    at runTestInternal (/Users/yusuketsunoda/Documents/cursor/ppttranslatorapp/node_modules/jest-runner/build/runTest.js:367:16)
    at runTest (/Users/yusuketsunoda/Documents/cursor/ppttranslatorapp/node_modules/jest-runner/build/runTest.js:444:34)</failure>
    </testcase>
    <testcase classname="エラーハンドリングユーティリティ › mapSessionErrorToAppError" name="不明なタイプのエラーを正しく変換する" time="0">
      <failure>TypeError: Cannot read properties of undefined (reading &apos;UNKNOWN&apos;)
    at Object.UNKNOWN (/Users/yusuketsunoda/Documents/cursor/ppttranslatorapp/worktrees/fix-text-position-alignment/tests/utils/error-handler.test.ts:300:41)
    at Promise.then.completed (/Users/yusuketsunoda/Documents/cursor/ppttranslatorapp/node_modules/jest-circus/build/utils.js:298:28)
    at new Promise (&lt;anonymous&gt;)
    at callAsyncCircusFn (/Users/yusuketsunoda/Documents/cursor/ppttranslatorapp/node_modules/jest-circus/build/utils.js:231:10)
    at _callCircusTest (/Users/yusuketsunoda/Documents/cursor/ppttranslatorapp/node_modules/jest-circus/build/run.js:316:40)
    at _runTest (/Users/yusuketsunoda/Documents/cursor/ppttranslatorapp/node_modules/jest-circus/build/run.js:252:3)
    at _runTestsForDescribeBlock (/Users/yusuketsunoda/Documents/cursor/ppttranslatorapp/node_modules/jest-circus/build/run.js:126:9)
    at _runTestsForDescribeBlock (/Users/yusuketsunoda/Documents/cursor/ppttranslatorapp/node_modules/jest-circus/build/run.js:121:9)
    at _runTestsForDescribeBlock (/Users/yusuketsunoda/Documents/cursor/ppttranslatorapp/node_modules/jest-circus/build/run.js:121:9)
    at run (/Users/yusuketsunoda/Documents/cursor/ppttranslatorapp/node_modules/jest-circus/build/run.js:71:3)
    at runAndTransformResultsToJestFormat (/Users/yusuketsunoda/Documents/cursor/ppttranslatorapp/node_modules/jest-circus/build/legacy-code-todo-rewrite/jestAdapterInit.js:122:21)
    at jestAdapter (/Users/yusuketsunoda/Documents/cursor/ppttranslatorapp/node_modules/jest-circus/build/legacy-code-todo-rewrite/jestAdapter.js:79:19)
    at runTestInternal (/Users/yusuketsunoda/Documents/cursor/ppttranslatorapp/node_modules/jest-runner/build/runTest.js:367:16)
    at runTest (/Users/yusuketsunoda/Documents/cursor/ppttranslatorapp/node_modules/jest-runner/build/runTest.js:444:34)</failure>
    </testcase>
    <testcase classname="エラーハンドリングユーティリティ › handleError関数" name="AppErrorをそのまま返す" time="0.002">
    </testcase>
    <testcase classname="エラーハンドリングユーティリティ › handleError関数" name="一般的なErrorをAppErrorに変換する" time="0.002">
      <failure>Error: expect(received).toBe(expected) // Object.is equality

Expected: &quot;一般的なエラー&quot;
Received: &quot;予期せぬエラーが発生しました。しばらく待ってから再試行してください。&quot;
    at Object.toBe (/Users/yusuketsunoda/Documents/cursor/ppttranslatorapp/worktrees/fix-text-position-alignment/tests/utils/error-handler.test.ts:319:30)
    at Promise.then.completed (/Users/yusuketsunoda/Documents/cursor/ppttranslatorapp/node_modules/jest-circus/build/utils.js:298:28)
    at new Promise (&lt;anonymous&gt;)
    at callAsyncCircusFn (/Users/yusuketsunoda/Documents/cursor/ppttranslatorapp/node_modules/jest-circus/build/utils.js:231:10)
    at _callCircusTest (/Users/yusuketsunoda/Documents/cursor/ppttranslatorapp/node_modules/jest-circus/build/run.js:316:40)
    at _runTest (/Users/yusuketsunoda/Documents/cursor/ppttranslatorapp/node_modules/jest-circus/build/run.js:252:3)
    at _runTestsForDescribeBlock (/Users/yusuketsunoda/Documents/cursor/ppttranslatorapp/node_modules/jest-circus/build/run.js:126:9)
    at _runTestsForDescribeBlock (/Users/yusuketsunoda/Documents/cursor/ppttranslatorapp/node_modules/jest-circus/build/run.js:121:9)
    at _runTestsForDescribeBlock (/Users/yusuketsunoda/Documents/cursor/ppttranslatorapp/node_modules/jest-circus/build/run.js:121:9)
    at run (/Users/yusuketsunoda/Documents/cursor/ppttranslatorapp/node_modules/jest-circus/build/run.js:71:3)
    at runAndTransformResultsToJestFormat (/Users/yusuketsunoda/Documents/cursor/ppttranslatorapp/node_modules/jest-circus/build/legacy-code-todo-rewrite/jestAdapterInit.js:122:21)
    at jestAdapter (/Users/yusuketsunoda/Documents/cursor/ppttranslatorapp/node_modules/jest-circus/build/legacy-code-todo-rewrite/jestAdapter.js:79:19)
    at runTestInternal (/Users/yusuketsunoda/Documents/cursor/ppttranslatorapp/node_modules/jest-runner/build/runTest.js:367:16)
    at runTest (/Users/yusuketsunoda/Documents/cursor/ppttranslatorapp/node_modules/jest-runner/build/runTest.js:444:34)</failure>
    </testcase>
    <testcase classname="エラーハンドリングユーティリティ › handleError関数" name="nullやundefinedを処理できる" time="0">
      <failure>Error: expect(received).toBe(expected) // Object.is equality

Expected: &quot;不明なエラーが発生しました&quot;
Received: &quot;予期せぬエラーが発生しました。しばらく待ってから再試行してください。&quot;
    at Object.toBe (/Users/yusuketsunoda/Documents/cursor/ppttranslatorapp/worktrees/fix-text-position-alignment/tests/utils/error-handler.test.ts:327:30)
    at Promise.then.completed (/Users/yusuketsunoda/Documents/cursor/ppttranslatorapp/node_modules/jest-circus/build/utils.js:298:28)
    at new Promise (&lt;anonymous&gt;)
    at callAsyncCircusFn (/Users/yusuketsunoda/Documents/cursor/ppttranslatorapp/node_modules/jest-circus/build/utils.js:231:10)
    at _callCircusTest (/Users/yusuketsunoda/Documents/cursor/ppttranslatorapp/node_modules/jest-circus/build/run.js:316:40)
    at _runTest (/Users/yusuketsunoda/Documents/cursor/ppttranslatorapp/node_modules/jest-circus/build/run.js:252:3)
    at _runTestsForDescribeBlock (/Users/yusuketsunoda/Documents/cursor/ppttranslatorapp/node_modules/jest-circus/build/run.js:126:9)
    at _runTestsForDescribeBlock (/Users/yusuketsunoda/Documents/cursor/ppttranslatorapp/node_modules/jest-circus/build/run.js:121:9)
    at _runTestsForDescribeBlock (/Users/yusuketsunoda/Documents/cursor/ppttranslatorapp/node_modules/jest-circus/build/run.js:121:9)
    at run (/Users/yusuketsunoda/Documents/cursor/ppttranslatorapp/node_modules/jest-circus/build/run.js:71:3)
    at runAndTransformResultsToJestFormat (/Users/yusuketsunoda/Documents/cursor/ppttranslatorapp/node_modules/jest-circus/build/legacy-code-todo-rewrite/jestAdapterInit.js:122:21)
    at jestAdapter (/Users/yusuketsunoda/Documents/cursor/ppttranslatorapp/node_modules/jest-circus/build/legacy-code-todo-rewrite/jestAdapter.js:79:19)
    at runTestInternal (/Users/yusuketsunoda/Documents/cursor/ppttranslatorapp/node_modules/jest-runner/build/runTest.js:367:16)
    at runTest (/Users/yusuketsunoda/Documents/cursor/ppttranslatorapp/node_modules/jest-runner/build/runTest.js:444:34)</failure>
    </testcase>
    <testcase classname="エラーハンドリングユーティリティ › handleError関数" name="objectを文字列化して処理できる" time="0">
      <failure>Error: expect(received).toContain(expected) // indexOf

Expected substring: &quot;{\&quot;foo\&quot;:\&quot;bar\&quot;}&quot;
Received string:    &quot;予期せぬエラーが発生しました。しばらく待ってから再試行してください。&quot;
    at Object.toContain (/Users/yusuketsunoda/Documents/cursor/ppttranslatorapp/worktrees/fix-text-position-alignment/tests/utils/error-handler.test.ts:336:30)
    at Promise.then.completed (/Users/yusuketsunoda/Documents/cursor/ppttranslatorapp/node_modules/jest-circus/build/utils.js:298:28)
    at new Promise (&lt;anonymous&gt;)
    at callAsyncCircusFn (/Users/yusuketsunoda/Documents/cursor/ppttranslatorapp/node_modules/jest-circus/build/utils.js:231:10)
    at _callCircusTest (/Users/yusuketsunoda/Documents/cursor/ppttranslatorapp/node_modules/jest-circus/build/run.js:316:40)
    at _runTest (/Users/yusuketsunoda/Documents/cursor/ppttranslatorapp/node_modules/jest-circus/build/run.js:252:3)
    at _runTestsForDescribeBlock (/Users/yusuketsunoda/Documents/cursor/ppttranslatorapp/node_modules/jest-circus/build/run.js:126:9)
    at _runTestsForDescribeBlock (/Users/yusuketsunoda/Documents/cursor/ppttranslatorapp/node_modules/jest-circus/build/run.js:121:9)
    at _runTestsForDescribeBlock (/Users/yusuketsunoda/Documents/cursor/ppttranslatorapp/node_modules/jest-circus/build/run.js:121:9)
    at run (/Users/yusuketsunoda/Documents/cursor/ppttranslatorapp/node_modules/jest-circus/build/run.js:71:3)
    at runAndTransformResultsToJestFormat (/Users/yusuketsunoda/Documents/cursor/ppttranslatorapp/node_modules/jest-circus/build/legacy-code-todo-rewrite/jestAdapterInit.js:122:21)
    at jestAdapter (/Users/yusuketsunoda/Documents/cursor/ppttranslatorapp/node_modules/jest-circus/build/legacy-code-todo-rewrite/jestAdapter.js:79:19)
    at runTestInternal (/Users/yusuketsunoda/Documents/cursor/ppttranslatorapp/node_modules/jest-runner/build/runTest.js:367:16)
    at runTest (/Users/yusuketsunoda/Documents/cursor/ppttranslatorapp/node_modules/jest-runner/build/runTest.js:444:34)</failure>
    </testcase>
    <testcase classname="エラーハンドリングユーティリティ › isAppError関数" name="AppErrorの場合はtrueを返す" time="0.001">
    </testcase>
    <testcase classname="エラーハンドリングユーティリティ › isAppError関数" name="一般的なErrorの場合はfalseを返す" time="0">
    </testcase>
    <testcase classname="エラーハンドリングユーティリティ › isAppError関数" name="nullやundefinedの場合はfalseを返す" time="0.001">
    </testcase>
    <testcase classname="エラーハンドリングユーティリティ › getErrorMessage関数" name="Errorインスタンスからメッセージを取得する" time="0">
    </testcase>
    <testcase classname="エラーハンドリングユーティリティ › getErrorMessage関数" name="文字列をそのまま返す" time="0.001">
      <failure>Error: expect(received).toBe(expected) // Object.is equality

Expected: &quot;エラー文字列&quot;
Received: &quot;Unknown error occurred&quot;
    at Object.toBe (/Users/yusuketsunoda/Documents/cursor/ppttranslatorapp/worktrees/fix-text-position-alignment/tests/utils/error-handler.test.ts:364:41)
    at Promise.then.completed (/Users/yusuketsunoda/Documents/cursor/ppttranslatorapp/node_modules/jest-circus/build/utils.js:298:28)
    at new Promise (&lt;anonymous&gt;)
    at callAsyncCircusFn (/Users/yusuketsunoda/Documents/cursor/ppttranslatorapp/node_modules/jest-circus/build/utils.js:231:10)
    at _callCircusTest (/Users/yusuketsunoda/Documents/cursor/ppttranslatorapp/node_modules/jest-circus/build/run.js:316:40)
    at _runTest (/Users/yusuketsunoda/Documents/cursor/ppttranslatorapp/node_modules/jest-circus/build/run.js:252:3)
    at _runTestsForDescribeBlock (/Users/yusuketsunoda/Documents/cursor/ppttranslatorapp/node_modules/jest-circus/build/run.js:126:9)
    at _runTestsForDescribeBlock (/Users/yusuketsunoda/Documents/cursor/ppttranslatorapp/node_modules/jest-circus/build/run.js:121:9)
    at _runTestsForDescribeBlock (/Users/yusuketsunoda/Documents/cursor/ppttranslatorapp/node_modules/jest-circus/build/run.js:121:9)
    at run (/Users/yusuketsunoda/Documents/cursor/ppttranslatorapp/node_modules/jest-circus/build/run.js:71:3)
    at runAndTransformResultsToJestFormat (/Users/yusuketsunoda/Documents/cursor/ppttranslatorapp/node_modules/jest-circus/build/legacy-code-todo-rewrite/jestAdapterInit.js:122:21)
    at jestAdapter (/Users/yusuketsunoda/Documents/cursor/ppttranslatorapp/node_modules/jest-circus/build/legacy-code-todo-rewrite/jestAdapter.js:79:19)
    at runTestInternal (/Users/yusuketsunoda/Documents/cursor/ppttranslatorapp/node_modules/jest-runner/build/runTest.js:367:16)
    at runTest (/Users/yusuketsunoda/Documents/cursor/ppttranslatorapp/node_modules/jest-runner/build/runTest.js:444:34)</failure>
    </testcase>
    <testcase classname="エラーハンドリングユーティリティ › getErrorMessage関数" name="AppErrorからメッセージを取得する" time="0">
    </testcase>
    <testcase classname="エラーハンドリングユーティリティ › getErrorMessage関数" name="オブジェクトをJSON文字列に変換する" time="0.001">
      <failure>Error: expect(received).toBe(expected) // Object.is equality

Expected: &quot;{\&quot;error\&quot;:\&quot;オブジェクトエラー\&quot;}&quot;
Received: &quot;Unknown error occurred&quot;
    at Object.toBe (/Users/yusuketsunoda/Documents/cursor/ppttranslatorapp/worktrees/fix-text-position-alignment/tests/utils/error-handler.test.ts:374:36)
    at Promise.then.completed (/Users/yusuketsunoda/Documents/cursor/ppttranslatorapp/node_modules/jest-circus/build/utils.js:298:28)
    at new Promise (&lt;anonymous&gt;)
    at callAsyncCircusFn (/Users/yusuketsunoda/Documents/cursor/ppttranslatorapp/node_modules/jest-circus/build/utils.js:231:10)
    at _callCircusTest (/Users/yusuketsunoda/Documents/cursor/ppttranslatorapp/node_modules/jest-circus/build/run.js:316:40)
    at _runTest (/Users/yusuketsunoda/Documents/cursor/ppttranslatorapp/node_modules/jest-circus/build/run.js:252:3)
    at _runTestsForDescribeBlock (/Users/yusuketsunoda/Documents/cursor/ppttranslatorapp/node_modules/jest-circus/build/run.js:126:9)
    at _runTestsForDescribeBlock (/Users/yusuketsunoda/Documents/cursor/ppttranslatorapp/node_modules/jest-circus/build/run.js:121:9)
    at _runTestsForDescribeBlock (/Users/yusuketsunoda/Documents/cursor/ppttranslatorapp/node_modules/jest-circus/build/run.js:121:9)
    at run (/Users/yusuketsunoda/Documents/cursor/ppttranslatorapp/node_modules/jest-circus/build/run.js:71:3)
    at runAndTransformResultsToJestFormat (/Users/yusuketsunoda/Documents/cursor/ppttranslatorapp/node_modules/jest-circus/build/legacy-code-todo-rewrite/jestAdapterInit.js:122:21)
    at jestAdapter (/Users/yusuketsunoda/Documents/cursor/ppttranslatorapp/node_modules/jest-circus/build/legacy-code-todo-rewrite/jestAdapter.js:79:19)
    at runTestInternal (/Users/yusuketsunoda/Documents/cursor/ppttranslatorapp/node_modules/jest-runner/build/runTest.js:367:16)
    at runTest (/Users/yusuketsunoda/Documents/cursor/ppttranslatorapp/node_modules/jest-runner/build/runTest.js:444:34)</failure>
    </testcase>
    <testcase classname="エラーハンドリングユーティリティ › getErrorMessage関数" name="nullやundefinedの場合はデフォルトメッセージを返す" time="0">
      <failure>Error: expect(received).toBe(expected) // Object.is equality

Expected: &quot;不明なエラーが発生しました&quot;
Received: &quot;Unknown error occurred&quot;
    at Object.toBe (/Users/yusuketsunoda/Documents/cursor/ppttranslatorapp/worktrees/fix-text-position-alignment/tests/utils/error-handler.test.ts:378:37)
    at Promise.then.completed (/Users/yusuketsunoda/Documents/cursor/ppttranslatorapp/node_modules/jest-circus/build/utils.js:298:28)
    at new Promise (&lt;anonymous&gt;)
    at callAsyncCircusFn (/Users/yusuketsunoda/Documents/cursor/ppttranslatorapp/node_modules/jest-circus/build/utils.js:231:10)
    at _callCircusTest (/Users/yusuketsunoda/Documents/cursor/ppttranslatorapp/node_modules/jest-circus/build/run.js:316:40)
    at _runTest (/Users/yusuketsunoda/Documents/cursor/ppttranslatorapp/node_modules/jest-circus/build/run.js:252:3)
    at _runTestsForDescribeBlock (/Users/yusuketsunoda/Documents/cursor/ppttranslatorapp/node_modules/jest-circus/build/run.js:126:9)
    at _runTestsForDescribeBlock (/Users/yusuketsunoda/Documents/cursor/ppttranslatorapp/node_modules/jest-circus/build/run.js:121:9)
    at _runTestsForDescribeBlock (/Users/yusuketsunoda/Documents/cursor/ppttranslatorapp/node_modules/jest-circus/build/run.js:121:9)
    at run (/Users/yusuketsunoda/Documents/cursor/ppttranslatorapp/node_modules/jest-circus/build/run.js:71:3)
    at runAndTransformResultsToJestFormat (/Users/yusuketsunoda/Documents/cursor/ppttranslatorapp/node_modules/jest-circus/build/legacy-code-todo-rewrite/jestAdapterInit.js:122:21)
    at jestAdapter (/Users/yusuketsunoda/Documents/cursor/ppttranslatorapp/node_modules/jest-circus/build/legacy-code-todo-rewrite/jestAdapter.js:79:19)
    at runTestInternal (/Users/yusuketsunoda/Documents/cursor/ppttranslatorapp/node_modules/jest-runner/build/runTest.js:367:16)
    at runTest (/Users/yusuketsunoda/Documents/cursor/ppttranslatorapp/node_modules/jest-runner/build/runTest.js:444:34)</failure>
    </testcase>
  </testsuite>
  <testsuite name="エラーハンドリングユーティリティ" errors="0" failures="32" skipped="0" timestamp="2025-05-16T20:44:10" time="0.167" tests="40">
    <testcase classname="エラーハンドリングユーティリティ › エラー作成関数" name="認証エラーを正しく作成する" time="0.001">
      <failure>TypeError: Cannot read properties of undefined (reading &apos;AUTH&apos;)
    at Object.AUTH (/Users/yusuketsunoda/Documents/cursor/ppttranslatorapp/worktrees/feature-test-coverage-improvement/tests/utils/error-handler.test.ts:45:41)
    at Promise.then.completed (/Users/yusuketsunoda/Documents/cursor/ppttranslatorapp/node_modules/jest-circus/build/utils.js:298:28)
    at new Promise (&lt;anonymous&gt;)
    at callAsyncCircusFn (/Users/yusuketsunoda/Documents/cursor/ppttranslatorapp/node_modules/jest-circus/build/utils.js:231:10)
    at _callCircusTest (/Users/yusuketsunoda/Documents/cursor/ppttranslatorapp/node_modules/jest-circus/build/run.js:316:40)
    at _runTest (/Users/yusuketsunoda/Documents/cursor/ppttranslatorapp/node_modules/jest-circus/build/run.js:252:3)
    at _runTestsForDescribeBlock (/Users/yusuketsunoda/Documents/cursor/ppttranslatorapp/node_modules/jest-circus/build/run.js:126:9)
    at _runTestsForDescribeBlock (/Users/yusuketsunoda/Documents/cursor/ppttranslatorapp/node_modules/jest-circus/build/run.js:121:9)
    at _runTestsForDescribeBlock (/Users/yusuketsunoda/Documents/cursor/ppttranslatorapp/node_modules/jest-circus/build/run.js:121:9)
    at run (/Users/yusuketsunoda/Documents/cursor/ppttranslatorapp/node_modules/jest-circus/build/run.js:71:3)
    at runAndTransformResultsToJestFormat (/Users/yusuketsunoda/Documents/cursor/ppttranslatorapp/node_modules/jest-circus/build/legacy-code-todo-rewrite/jestAdapterInit.js:122:21)
    at jestAdapter (/Users/yusuketsunoda/Documents/cursor/ppttranslatorapp/node_modules/jest-circus/build/legacy-code-todo-rewrite/jestAdapter.js:79:19)
    at runTestInternal (/Users/yusuketsunoda/Documents/cursor/ppttranslatorapp/node_modules/jest-runner/build/runTest.js:367:16)
    at runTest (/Users/yusuketsunoda/Documents/cursor/ppttranslatorapp/node_modules/jest-runner/build/runTest.js:444:34)</failure>
    </testcase>
    <testcase classname="エラーハンドリングユーティリティ › エラー作成関数" name="バリデーションエラーを正しく作成する" time="0.001">
      <failure>TypeError: Cannot read properties of undefined (reading &apos;VALIDATION&apos;)
    at Object.VALIDATION (/Users/yusuketsunoda/Documents/cursor/ppttranslatorapp/worktrees/feature-test-coverage-improvement/tests/utils/error-handler.test.ts:54:41)
    at Promise.then.completed (/Users/yusuketsunoda/Documents/cursor/ppttranslatorapp/node_modules/jest-circus/build/utils.js:298:28)
    at new Promise (&lt;anonymous&gt;)
    at callAsyncCircusFn (/Users/yusuketsunoda/Documents/cursor/ppttranslatorapp/node_modules/jest-circus/build/utils.js:231:10)
    at _callCircusTest (/Users/yusuketsunoda/Documents/cursor/ppttranslatorapp/node_modules/jest-circus/build/run.js:316:40)
    at _runTest (/Users/yusuketsunoda/Documents/cursor/ppttranslatorapp/node_modules/jest-circus/build/run.js:252:3)
    at _runTestsForDescribeBlock (/Users/yusuketsunoda/Documents/cursor/ppttranslatorapp/node_modules/jest-circus/build/run.js:126:9)
    at _runTestsForDescribeBlock (/Users/yusuketsunoda/Documents/cursor/ppttranslatorapp/node_modules/jest-circus/build/run.js:121:9)
    at _runTestsForDescribeBlock (/Users/yusuketsunoda/Documents/cursor/ppttranslatorapp/node_modules/jest-circus/build/run.js:121:9)
    at run (/Users/yusuketsunoda/Documents/cursor/ppttranslatorapp/node_modules/jest-circus/build/run.js:71:3)
    at runAndTransformResultsToJestFormat (/Users/yusuketsunoda/Documents/cursor/ppttranslatorapp/node_modules/jest-circus/build/legacy-code-todo-rewrite/jestAdapterInit.js:122:21)
    at jestAdapter (/Users/yusuketsunoda/Documents/cursor/ppttranslatorapp/node_modules/jest-circus/build/legacy-code-todo-rewrite/jestAdapter.js:79:19)
    at runTestInternal (/Users/yusuketsunoda/Documents/cursor/ppttranslatorapp/node_modules/jest-runner/build/runTest.js:367:16)
    at runTest (/Users/yusuketsunoda/Documents/cursor/ppttranslatorapp/node_modules/jest-runner/build/runTest.js:444:34)</failure>
    </testcase>
    <testcase classname="エラーハンドリングユーティリティ › エラー作成関数" name="Not Foundエラーを正しく作成する" time="0">
      <failure>TypeError: Cannot read properties of undefined (reading &apos;NOT_FOUND&apos;)
    at Object.NOT_FOUND (/Users/yusuketsunoda/Documents/cursor/ppttranslatorapp/worktrees/feature-test-coverage-improvement/tests/utils/error-handler.test.ts:63:41)
    at Promise.then.completed (/Users/yusuketsunoda/Documents/cursor/ppttranslatorapp/node_modules/jest-circus/build/utils.js:298:28)
    at new Promise (&lt;anonymous&gt;)
    at callAsyncCircusFn (/Users/yusuketsunoda/Documents/cursor/ppttranslatorapp/node_modules/jest-circus/build/utils.js:231:10)
    at _callCircusTest (/Users/yusuketsunoda/Documents/cursor/ppttranslatorapp/node_modules/jest-circus/build/run.js:316:40)
    at _runTest (/Users/yusuketsunoda/Documents/cursor/ppttranslatorapp/node_modules/jest-circus/build/run.js:252:3)
    at _runTestsForDescribeBlock (/Users/yusuketsunoda/Documents/cursor/ppttranslatorapp/node_modules/jest-circus/build/run.js:126:9)
    at _runTestsForDescribeBlock (/Users/yusuketsunoda/Documents/cursor/ppttranslatorapp/node_modules/jest-circus/build/run.js:121:9)
    at _runTestsForDescribeBlock (/Users/yusuketsunoda/Documents/cursor/ppttranslatorapp/node_modules/jest-circus/build/run.js:121:9)
    at run (/Users/yusuketsunoda/Documents/cursor/ppttranslatorapp/node_modules/jest-circus/build/run.js:71:3)
    at runAndTransformResultsToJestFormat (/Users/yusuketsunoda/Documents/cursor/ppttranslatorapp/node_modules/jest-circus/build/legacy-code-todo-rewrite/jestAdapterInit.js:122:21)
    at jestAdapter (/Users/yusuketsunoda/Documents/cursor/ppttranslatorapp/node_modules/jest-circus/build/legacy-code-todo-rewrite/jestAdapter.js:79:19)
    at runTestInternal (/Users/yusuketsunoda/Documents/cursor/ppttranslatorapp/node_modules/jest-runner/build/runTest.js:367:16)
    at runTest (/Users/yusuketsunoda/Documents/cursor/ppttranslatorapp/node_modules/jest-runner/build/runTest.js:444:34)</failure>
    </testcase>
    <testcase classname="エラーハンドリングユーティリティ › エラー作成関数" name="権限エラーを正しく作成する" time="0.001">
      <failure>TypeError: Cannot read properties of undefined (reading &apos;FORBIDDEN&apos;)
    at Object.FORBIDDEN (/Users/yusuketsunoda/Documents/cursor/ppttranslatorapp/worktrees/feature-test-coverage-improvement/tests/utils/error-handler.test.ts:72:41)
    at Promise.then.completed (/Users/yusuketsunoda/Documents/cursor/ppttranslatorapp/node_modules/jest-circus/build/utils.js:298:28)
    at new Promise (&lt;anonymous&gt;)
    at callAsyncCircusFn (/Users/yusuketsunoda/Documents/cursor/ppttranslatorapp/node_modules/jest-circus/build/utils.js:231:10)
    at _callCircusTest (/Users/yusuketsunoda/Documents/cursor/ppttranslatorapp/node_modules/jest-circus/build/run.js:316:40)
    at _runTest (/Users/yusuketsunoda/Documents/cursor/ppttranslatorapp/node_modules/jest-circus/build/run.js:252:3)
    at _runTestsForDescribeBlock (/Users/yusuketsunoda/Documents/cursor/ppttranslatorapp/node_modules/jest-circus/build/run.js:126:9)
    at _runTestsForDescribeBlock (/Users/yusuketsunoda/Documents/cursor/ppttranslatorapp/node_modules/jest-circus/build/run.js:121:9)
    at _runTestsForDescribeBlock (/Users/yusuketsunoda/Documents/cursor/ppttranslatorapp/node_modules/jest-circus/build/run.js:121:9)
    at run (/Users/yusuketsunoda/Documents/cursor/ppttranslatorapp/node_modules/jest-circus/build/run.js:71:3)
    at runAndTransformResultsToJestFormat (/Users/yusuketsunoda/Documents/cursor/ppttranslatorapp/node_modules/jest-circus/build/legacy-code-todo-rewrite/jestAdapterInit.js:122:21)
    at jestAdapter (/Users/yusuketsunoda/Documents/cursor/ppttranslatorapp/node_modules/jest-circus/build/legacy-code-todo-rewrite/jestAdapter.js:79:19)
    at runTestInternal (/Users/yusuketsunoda/Documents/cursor/ppttranslatorapp/node_modules/jest-runner/build/runTest.js:367:16)
    at runTest (/Users/yusuketsunoda/Documents/cursor/ppttranslatorapp/node_modules/jest-runner/build/runTest.js:444:34)</failure>
    </testcase>
    <testcase classname="エラーハンドリングユーティリティ › エラー作成関数" name="データベースエラーを正しく作成する" time="0">
      <failure>TypeError: Cannot read properties of undefined (reading &apos;DATABASE&apos;)
    at Object.DATABASE (/Users/yusuketsunoda/Documents/cursor/ppttranslatorapp/worktrees/feature-test-coverage-improvement/tests/utils/error-handler.test.ts:81:41)
    at Promise.then.completed (/Users/yusuketsunoda/Documents/cursor/ppttranslatorapp/node_modules/jest-circus/build/utils.js:298:28)
    at new Promise (&lt;anonymous&gt;)
    at callAsyncCircusFn (/Users/yusuketsunoda/Documents/cursor/ppttranslatorapp/node_modules/jest-circus/build/utils.js:231:10)
    at _callCircusTest (/Users/yusuketsunoda/Documents/cursor/ppttranslatorapp/node_modules/jest-circus/build/run.js:316:40)
    at _runTest (/Users/yusuketsunoda/Documents/cursor/ppttranslatorapp/node_modules/jest-circus/build/run.js:252:3)
    at _runTestsForDescribeBlock (/Users/yusuketsunoda/Documents/cursor/ppttranslatorapp/node_modules/jest-circus/build/run.js:126:9)
    at _runTestsForDescribeBlock (/Users/yusuketsunoda/Documents/cursor/ppttranslatorapp/node_modules/jest-circus/build/run.js:121:9)
    at _runTestsForDescribeBlock (/Users/yusuketsunoda/Documents/cursor/ppttranslatorapp/node_modules/jest-circus/build/run.js:121:9)
    at run (/Users/yusuketsunoda/Documents/cursor/ppttranslatorapp/node_modules/jest-circus/build/run.js:71:3)
    at runAndTransformResultsToJestFormat (/Users/yusuketsunoda/Documents/cursor/ppttranslatorapp/node_modules/jest-circus/build/legacy-code-todo-rewrite/jestAdapterInit.js:122:21)
    at jestAdapter (/Users/yusuketsunoda/Documents/cursor/ppttranslatorapp/node_modules/jest-circus/build/legacy-code-todo-rewrite/jestAdapter.js:79:19)
    at runTestInternal (/Users/yusuketsunoda/Documents/cursor/ppttranslatorapp/node_modules/jest-runner/build/runTest.js:367:16)
    at runTest (/Users/yusuketsunoda/Documents/cursor/ppttranslatorapp/node_modules/jest-runner/build/runTest.js:444:34)</failure>
    </testcase>
    <testcase classname="エラーハンドリングユーティリティ › エラー作成関数" name="レート制限エラーを正しく作成する" time="0.001">
      <failure>TypeError: Cannot read properties of undefined (reading &apos;RATE_LIMIT&apos;)
    at Object.RATE_LIMIT (/Users/yusuketsunoda/Documents/cursor/ppttranslatorapp/worktrees/feature-test-coverage-improvement/tests/utils/error-handler.test.ts:90:41)
    at Promise.then.completed (/Users/yusuketsunoda/Documents/cursor/ppttranslatorapp/node_modules/jest-circus/build/utils.js:298:28)
    at new Promise (&lt;anonymous&gt;)
    at callAsyncCircusFn (/Users/yusuketsunoda/Documents/cursor/ppttranslatorapp/node_modules/jest-circus/build/utils.js:231:10)
    at _callCircusTest (/Users/yusuketsunoda/Documents/cursor/ppttranslatorapp/node_modules/jest-circus/build/run.js:316:40)
    at _runTest (/Users/yusuketsunoda/Documents/cursor/ppttranslatorapp/node_modules/jest-circus/build/run.js:252:3)
    at _runTestsForDescribeBlock (/Users/yusuketsunoda/Documents/cursor/ppttranslatorapp/node_modules/jest-circus/build/run.js:126:9)
    at _runTestsForDescribeBlock (/Users/yusuketsunoda/Documents/cursor/ppttranslatorapp/node_modules/jest-circus/build/run.js:121:9)
    at _runTestsForDescribeBlock (/Users/yusuketsunoda/Documents/cursor/ppttranslatorapp/node_modules/jest-circus/build/run.js:121:9)
    at run (/Users/yusuketsunoda/Documents/cursor/ppttranslatorapp/node_modules/jest-circus/build/run.js:71:3)
    at runAndTransformResultsToJestFormat (/Users/yusuketsunoda/Documents/cursor/ppttranslatorapp/node_modules/jest-circus/build/legacy-code-todo-rewrite/jestAdapterInit.js:122:21)
    at jestAdapter (/Users/yusuketsunoda/Documents/cursor/ppttranslatorapp/node_modules/jest-circus/build/legacy-code-todo-rewrite/jestAdapter.js:79:19)
    at runTestInternal (/Users/yusuketsunoda/Documents/cursor/ppttranslatorapp/node_modules/jest-runner/build/runTest.js:367:16)
    at runTest (/Users/yusuketsunoda/Documents/cursor/ppttranslatorapp/node_modules/jest-runner/build/runTest.js:444:34)</failure>
    </testcase>
    <testcase classname="エラーハンドリングユーティリティ › エラーハンドリング関数" name="クライアントエラーを正しく処理する" time="0.002">
    </testcase>
    <testcase classname="エラーハンドリングユーティリティ › エラーハンドリング関数" name="AppErrorのクライアントエラーを正しく処理する" time="0.001">
    </testcase>
    <testcase classname="エラーハンドリングユーティリティ › エラーハンドリング関数" name="APIエラーを正しく処理する" time="0.001">
      <failure>Error: expect(received).toEqual(expected) // deep equality

- Expected  - 1
+ Received  + 0

  Object {
-   &quot;code&quot;: &quot;UNKNOWN_ERROR&quot;,
    &quot;error&quot;: &quot;APIエラー&quot;,
    &quot;status&quot;: 500,
  }
    at Object.toEqual (/Users/yusuketsunoda/Documents/cursor/ppttranslatorapp/worktrees/feature-test-coverage-improvement/tests/utils/error-handler.test.ts:116:22)
    at Promise.then.completed (/Users/yusuketsunoda/Documents/cursor/ppttranslatorapp/node_modules/jest-circus/build/utils.js:298:28)
    at new Promise (&lt;anonymous&gt;)
    at callAsyncCircusFn (/Users/yusuketsunoda/Documents/cursor/ppttranslatorapp/node_modules/jest-circus/build/utils.js:231:10)
    at _callCircusTest (/Users/yusuketsunoda/Documents/cursor/ppttranslatorapp/node_modules/jest-circus/build/run.js:316:40)
    at _runTest (/Users/yusuketsunoda/Documents/cursor/ppttranslatorapp/node_modules/jest-circus/build/run.js:252:3)
    at _runTestsForDescribeBlock (/Users/yusuketsunoda/Documents/cursor/ppttranslatorapp/node_modules/jest-circus/build/run.js:126:9)
    at _runTestsForDescribeBlock (/Users/yusuketsunoda/Documents/cursor/ppttranslatorapp/node_modules/jest-circus/build/run.js:121:9)
    at _runTestsForDescribeBlock (/Users/yusuketsunoda/Documents/cursor/ppttranslatorapp/node_modules/jest-circus/build/run.js:121:9)
    at run (/Users/yusuketsunoda/Documents/cursor/ppttranslatorapp/node_modules/jest-circus/build/run.js:71:3)
    at runAndTransformResultsToJestFormat (/Users/yusuketsunoda/Documents/cursor/ppttranslatorapp/node_modules/jest-circus/build/legacy-code-todo-rewrite/jestAdapterInit.js:122:21)
    at jestAdapter (/Users/yusuketsunoda/Documents/cursor/ppttranslatorapp/node_modules/jest-circus/build/legacy-code-todo-rewrite/jestAdapter.js:79:19)
    at runTestInternal (/Users/yusuketsunoda/Documents/cursor/ppttranslatorapp/node_modules/jest-runner/build/runTest.js:367:16)
    at runTest (/Users/yusuketsunoda/Documents/cursor/ppttranslatorapp/node_modules/jest-runner/build/runTest.js:444:34)</failure>
    </testcase>
    <testcase classname="エラーハンドリングユーティリティ › エラーハンドリング関数" name="ネットワークエラーを正しく処理する" time="0">
      <failure>Error: expect(jest.fn()).toHaveBeenCalledWith(...expected)

Expected: &quot;Client error:&quot;, Any&lt;AppError&gt;
Received: &quot;Client error:&quot;, [Error: Failed to fetch]

Number of calls: 1
    at Object.toHaveBeenCalledWith (/Users/yusuketsunoda/Documents/cursor/ppttranslatorapp/worktrees/feature-test-coverage-improvement/tests/utils/error-handler.test.ts:127:29)
    at Promise.then.completed (/Users/yusuketsunoda/Documents/cursor/ppttranslatorapp/node_modules/jest-circus/build/utils.js:298:28)
    at new Promise (&lt;anonymous&gt;)
    at callAsyncCircusFn (/Users/yusuketsunoda/Documents/cursor/ppttranslatorapp/node_modules/jest-circus/build/utils.js:231:10)
    at _callCircusTest (/Users/yusuketsunoda/Documents/cursor/ppttranslatorapp/node_modules/jest-circus/build/run.js:316:40)
    at _runTest (/Users/yusuketsunoda/Documents/cursor/ppttranslatorapp/node_modules/jest-circus/build/run.js:252:3)
    at _runTestsForDescribeBlock (/Users/yusuketsunoda/Documents/cursor/ppttranslatorapp/node_modules/jest-circus/build/run.js:126:9)
    at _runTestsForDescribeBlock (/Users/yusuketsunoda/Documents/cursor/ppttranslatorapp/node_modules/jest-circus/build/run.js:121:9)
    at _runTestsForDescribeBlock (/Users/yusuketsunoda/Documents/cursor/ppttranslatorapp/node_modules/jest-circus/build/run.js:121:9)
    at run (/Users/yusuketsunoda/Documents/cursor/ppttranslatorapp/node_modules/jest-circus/build/run.js:71:3)
    at runAndTransformResultsToJestFormat (/Users/yusuketsunoda/Documents/cursor/ppttranslatorapp/node_modules/jest-circus/build/legacy-code-todo-rewrite/jestAdapterInit.js:122:21)
    at jestAdapter (/Users/yusuketsunoda/Documents/cursor/ppttranslatorapp/node_modules/jest-circus/build/legacy-code-todo-rewrite/jestAdapter.js:79:19)
    at runTestInternal (/Users/yusuketsunoda/Documents/cursor/ppttranslatorapp/node_modules/jest-runner/build/runTest.js:367:16)
    at runTest (/Users/yusuketsunoda/Documents/cursor/ppttranslatorapp/node_modules/jest-runner/build/runTest.js:444:34)</failure>
    </testcase>
    <testcase classname="エラーハンドリングユーティリティ › エラーハンドリング関数" name="プリズマエラーを正しく処理する" time="0">
      <failure>Error: expect(jest.fn()).toHaveBeenCalledWith(...expected)

Expected: &quot;Client error:&quot;, Any&lt;AppError&gt;
Received: &quot;Client error:&quot;, [PrismaClientKnownRequestError: Prisma error]

Number of calls: 1
    at Object.toHaveBeenCalledWith (/Users/yusuketsunoda/Documents/cursor/ppttranslatorapp/worktrees/feature-test-coverage-improvement/tests/utils/error-handler.test.ts:135:29)
    at Promise.then.completed (/Users/yusuketsunoda/Documents/cursor/ppttranslatorapp/node_modules/jest-circus/build/utils.js:298:28)
    at new Promise (&lt;anonymous&gt;)
    at callAsyncCircusFn (/Users/yusuketsunoda/Documents/cursor/ppttranslatorapp/node_modules/jest-circus/build/utils.js:231:10)
    at _callCircusTest (/Users/yusuketsunoda/Documents/cursor/ppttranslatorapp/node_modules/jest-circus/build/run.js:316:40)
    at _runTest (/Users/yusuketsunoda/Documents/cursor/ppttranslatorapp/node_modules/jest-circus/build/run.js:252:3)
    at _runTestsForDescribeBlock (/Users/yusuketsunoda/Documents/cursor/ppttranslatorapp/node_modules/jest-circus/build/run.js:126:9)
    at _runTestsForDescribeBlock (/Users/yusuketsunoda/Documents/cursor/ppttranslatorapp/node_modules/jest-circus/build/run.js:121:9)
    at _runTestsForDescribeBlock (/Users/yusuketsunoda/Documents/cursor/ppttranslatorapp/node_modules/jest-circus/build/run.js:121:9)
    at run (/Users/yusuketsunoda/Documents/cursor/ppttranslatorapp/node_modules/jest-circus/build/run.js:71:3)
    at runAndTransformResultsToJestFormat (/Users/yusuketsunoda/Documents/cursor/ppttranslatorapp/node_modules/jest-circus/build/legacy-code-todo-rewrite/jestAdapterInit.js:122:21)
    at jestAdapter (/Users/yusuketsunoda/Documents/cursor/ppttranslatorapp/node_modules/jest-circus/build/legacy-code-todo-rewrite/jestAdapter.js:79:19)
    at runTestInternal (/Users/yusuketsunoda/Documents/cursor/ppttranslatorapp/node_modules/jest-runner/build/runTest.js:367:16)
    at runTest (/Users/yusuketsunoda/Documents/cursor/ppttranslatorapp/node_modules/jest-runner/build/runTest.js:444:34)</failure>
    </testcase>
    <testcase classname="エラーハンドリングユーティリティ › エラーハンドリング関数" name="nullエラーを処理できる" time="0">
      <failure>Error: expect(jest.fn()).toHaveBeenCalledWith(...expected)

Expected: &quot;Client error:&quot;, Any&lt;AppError&gt;
Received: &quot;Client error:&quot;, null

Number of calls: 1
    at Object.toHaveBeenCalledWith (/Users/yusuketsunoda/Documents/cursor/ppttranslatorapp/worktrees/feature-test-coverage-improvement/tests/utils/error-handler.test.ts:141:29)
    at Promise.then.completed (/Users/yusuketsunoda/Documents/cursor/ppttranslatorapp/node_modules/jest-circus/build/utils.js:298:28)
    at new Promise (&lt;anonymous&gt;)
    at callAsyncCircusFn (/Users/yusuketsunoda/Documents/cursor/ppttranslatorapp/node_modules/jest-circus/build/utils.js:231:10)
    at _callCircusTest (/Users/yusuketsunoda/Documents/cursor/ppttranslatorapp/node_modules/jest-circus/build/run.js:316:40)
    at _runTest (/Users/yusuketsunoda/Documents/cursor/ppttranslatorapp/node_modules/jest-circus/build/run.js:252:3)
    at _runTestsForDescribeBlock (/Users/yusuketsunoda/Documents/cursor/ppttranslatorapp/node_modules/jest-circus/build/run.js:126:9)
    at _runTestsForDescribeBlock (/Users/yusuketsunoda/Documents/cursor/ppttranslatorapp/node_modules/jest-circus/build/run.js:121:9)
    at _runTestsForDescribeBlock (/Users/yusuketsunoda/Documents/cursor/ppttranslatorapp/node_modules/jest-circus/build/run.js:121:9)
    at run (/Users/yusuketsunoda/Documents/cursor/ppttranslatorapp/node_modules/jest-circus/build/run.js:71:3)
    at runAndTransformResultsToJestFormat (/Users/yusuketsunoda/Documents/cursor/ppttranslatorapp/node_modules/jest-circus/build/legacy-code-todo-rewrite/jestAdapterInit.js:122:21)
    at jestAdapter (/Users/yusuketsunoda/Documents/cursor/ppttranslatorapp/node_modules/jest-circus/build/legacy-code-todo-rewrite/jestAdapter.js:79:19)
    at runTestInternal (/Users/yusuketsunoda/Documents/cursor/ppttranslatorapp/node_modules/jest-runner/build/runTest.js:367:16)
    at runTest (/Users/yusuketsunoda/Documents/cursor/ppttranslatorapp/node_modules/jest-runner/build/runTest.js:444:34)</failure>
    </testcase>
    <testcase classname="エラーハンドリングユーティリティ › AppErrorクラス" name="正しく初期化される" time="0">
      <failure>TypeError: Cannot read properties of undefined (reading &apos;AUTH&apos;)
    at Object.AUTH (/Users/yusuketsunoda/Documents/cursor/ppttranslatorapp/worktrees/feature-test-coverage-improvement/tests/utils/error-handler.test.ts:149:25)
    at Promise.then.completed (/Users/yusuketsunoda/Documents/cursor/ppttranslatorapp/node_modules/jest-circus/build/utils.js:298:28)
    at new Promise (&lt;anonymous&gt;)
    at callAsyncCircusFn (/Users/yusuketsunoda/Documents/cursor/ppttranslatorapp/node_modules/jest-circus/build/utils.js:231:10)
    at _callCircusTest (/Users/yusuketsunoda/Documents/cursor/ppttranslatorapp/node_modules/jest-circus/build/run.js:316:40)
    at _runTest (/Users/yusuketsunoda/Documents/cursor/ppttranslatorapp/node_modules/jest-circus/build/run.js:252:3)
    at _runTestsForDescribeBlock (/Users/yusuketsunoda/Documents/cursor/ppttranslatorapp/node_modules/jest-circus/build/run.js:126:9)
    at _runTestsForDescribeBlock (/Users/yusuketsunoda/Documents/cursor/ppttranslatorapp/node_modules/jest-circus/build/run.js:121:9)
    at _runTestsForDescribeBlock (/Users/yusuketsunoda/Documents/cursor/ppttranslatorapp/node_modules/jest-circus/build/run.js:121:9)
    at run (/Users/yusuketsunoda/Documents/cursor/ppttranslatorapp/node_modules/jest-circus/build/run.js:71:3)
    at runAndTransformResultsToJestFormat (/Users/yusuketsunoda/Documents/cursor/ppttranslatorapp/node_modules/jest-circus/build/legacy-code-todo-rewrite/jestAdapterInit.js:122:21)
    at jestAdapter (/Users/yusuketsunoda/Documents/cursor/ppttranslatorapp/node_modules/jest-circus/build/legacy-code-todo-rewrite/jestAdapter.js:79:19)
    at runTestInternal (/Users/yusuketsunoda/Documents/cursor/ppttranslatorapp/node_modules/jest-runner/build/runTest.js:367:16)
    at runTest (/Users/yusuketsunoda/Documents/cursor/ppttranslatorapp/node_modules/jest-runner/build/runTest.js:444:34)</failure>
    </testcase>
    <testcase classname="エラーハンドリングユーティリティ › AppErrorクラス" name="コンテキスト情報を持つことができる" time="0.001">
      <failure>TypeError: Cannot read properties of undefined (reading &apos;AUTH&apos;)
    at Object.AUTH (/Users/yusuketsunoda/Documents/cursor/ppttranslatorapp/worktrees/feature-test-coverage-improvement/tests/utils/error-handler.test.ts:163:25)
    at Promise.then.completed (/Users/yusuketsunoda/Documents/cursor/ppttranslatorapp/node_modules/jest-circus/build/utils.js:298:28)
    at new Promise (&lt;anonymous&gt;)
    at callAsyncCircusFn (/Users/yusuketsunoda/Documents/cursor/ppttranslatorapp/node_modules/jest-circus/build/utils.js:231:10)
    at _callCircusTest (/Users/yusuketsunoda/Documents/cursor/ppttranslatorapp/node_modules/jest-circus/build/run.js:316:40)
    at _runTest (/Users/yusuketsunoda/Documents/cursor/ppttranslatorapp/node_modules/jest-circus/build/run.js:252:3)
    at _runTestsForDescribeBlock (/Users/yusuketsunoda/Documents/cursor/ppttranslatorapp/node_modules/jest-circus/build/run.js:126:9)
    at _runTestsForDescribeBlock (/Users/yusuketsunoda/Documents/cursor/ppttranslatorapp/node_modules/jest-circus/build/run.js:121:9)
    at _runTestsForDescribeBlock (/Users/yusuketsunoda/Documents/cursor/ppttranslatorapp/node_modules/jest-circus/build/run.js:121:9)
    at run (/Users/yusuketsunoda/Documents/cursor/ppttranslatorapp/node_modules/jest-circus/build/run.js:71:3)
    at runAndTransformResultsToJestFormat (/Users/yusuketsunoda/Documents/cursor/ppttranslatorapp/node_modules/jest-circus/build/legacy-code-todo-rewrite/jestAdapterInit.js:122:21)
    at jestAdapter (/Users/yusuketsunoda/Documents/cursor/ppttranslatorapp/node_modules/jest-circus/build/legacy-code-todo-rewrite/jestAdapter.js:79:19)
    at runTestInternal (/Users/yusuketsunoda/Documents/cursor/ppttranslatorapp/node_modules/jest-runner/build/runTest.js:367:16)
    at runTest (/Users/yusuketsunoda/Documents/cursor/ppttranslatorapp/node_modules/jest-runner/build/runTest.js:444:34)</failure>
    </testcase>
    <testcase classname="エラーハンドリングユーティリティ › AppErrorクラス" name="元のエラーを保持できる" time="0">
      <failure>TypeError: Cannot read properties of undefined (reading &apos;AUTH&apos;)
    at Object.AUTH (/Users/yusuketsunoda/Documents/cursor/ppttranslatorapp/worktrees/feature-test-coverage-improvement/tests/utils/error-handler.test.ts:175:25)
    at Promise.then.completed (/Users/yusuketsunoda/Documents/cursor/ppttranslatorapp/node_modules/jest-circus/build/utils.js:298:28)
    at new Promise (&lt;anonymous&gt;)
    at callAsyncCircusFn (/Users/yusuketsunoda/Documents/cursor/ppttranslatorapp/node_modules/jest-circus/build/utils.js:231:10)
    at _callCircusTest (/Users/yusuketsunoda/Documents/cursor/ppttranslatorapp/node_modules/jest-circus/build/run.js:316:40)
    at _runTest (/Users/yusuketsunoda/Documents/cursor/ppttranslatorapp/node_modules/jest-circus/build/run.js:252:3)
    at _runTestsForDescribeBlock (/Users/yusuketsunoda/Documents/cursor/ppttranslatorapp/node_modules/jest-circus/build/run.js:126:9)
    at _runTestsForDescribeBlock (/Users/yusuketsunoda/Documents/cursor/ppttranslatorapp/node_modules/jest-circus/build/run.js:121:9)
    at _runTestsForDescribeBlock (/Users/yusuketsunoda/Documents/cursor/ppttranslatorapp/node_modules/jest-circus/build/run.js:121:9)
    at run (/Users/yusuketsunoda/Documents/cursor/ppttranslatorapp/node_modules/jest-circus/build/run.js:71:3)
    at runAndTransformResultsToJestFormat (/Users/yusuketsunoda/Documents/cursor/ppttranslatorapp/node_modules/jest-circus/build/legacy-code-todo-rewrite/jestAdapterInit.js:122:21)
    at jestAdapter (/Users/yusuketsunoda/Documents/cursor/ppttranslatorapp/node_modules/jest-circus/build/legacy-code-todo-rewrite/jestAdapter.js:79:19)
    at runTestInternal (/Users/yusuketsunoda/Documents/cursor/ppttranslatorapp/node_modules/jest-runner/build/runTest.js:367:16)
    at runTest (/Users/yusuketsunoda/Documents/cursor/ppttranslatorapp/node_modules/jest-runner/build/runTest.js:444:34)</failure>
    </testcase>
    <testcase classname="エラーハンドリングユーティリティ › AppErrorクラス" name="デフォルト値で初期化できる" time="0">
      <failure>TypeError: Cannot read properties of undefined (reading &apos;UNKNOWN&apos;)
    at Object.UNKNOWN (/Users/yusuketsunoda/Documents/cursor/ppttranslatorapp/worktrees/feature-test-coverage-improvement/tests/utils/error-handler.test.ts:189:41)
    at Promise.then.completed (/Users/yusuketsunoda/Documents/cursor/ppttranslatorapp/node_modules/jest-circus/build/utils.js:298:28)
    at new Promise (&lt;anonymous&gt;)
    at callAsyncCircusFn (/Users/yusuketsunoda/Documents/cursor/ppttranslatorapp/node_modules/jest-circus/build/utils.js:231:10)
    at _callCircusTest (/Users/yusuketsunoda/Documents/cursor/ppttranslatorapp/node_modules/jest-circus/build/run.js:316:40)
    at _runTest (/Users/yusuketsunoda/Documents/cursor/ppttranslatorapp/node_modules/jest-circus/build/run.js:252:3)
    at _runTestsForDescribeBlock (/Users/yusuketsunoda/Documents/cursor/ppttranslatorapp/node_modules/jest-circus/build/run.js:126:9)
    at _runTestsForDescribeBlock (/Users/yusuketsunoda/Documents/cursor/ppttranslatorapp/node_modules/jest-circus/build/run.js:121:9)
    at _runTestsForDescribeBlock (/Users/yusuketsunoda/Documents/cursor/ppttranslatorapp/node_modules/jest-circus/build/run.js:121:9)
    at run (/Users/yusuketsunoda/Documents/cursor/ppttranslatorapp/node_modules/jest-circus/build/run.js:71:3)
    at runAndTransformResultsToJestFormat (/Users/yusuketsunoda/Documents/cursor/ppttranslatorapp/node_modules/jest-circus/build/legacy-code-todo-rewrite/jestAdapterInit.js:122:21)
    at jestAdapter (/Users/yusuketsunoda/Documents/cursor/ppttranslatorapp/node_modules/jest-circus/build/legacy-code-todo-rewrite/jestAdapter.js:79:19)
    at runTestInternal (/Users/yusuketsunoda/Documents/cursor/ppttranslatorapp/node_modules/jest-runner/build/runTest.js:367:16)
    at runTest (/Users/yusuketsunoda/Documents/cursor/ppttranslatorapp/node_modules/jest-runner/build/runTest.js:444:34)</failure>
    </testcase>
    <testcase classname="エラーハンドリングユーティリティ › Error Creators" name="createValidationErrorが正しいAppErrorを作成する" time="0">
      <failure>TypeError: Cannot read properties of undefined (reading &apos;VALIDATION&apos;)
    at Object.VALIDATION (/Users/yusuketsunoda/Documents/cursor/ppttranslatorapp/worktrees/feature-test-coverage-improvement/tests/utils/error-handler.test.ts:199:41)
    at Promise.then.completed (/Users/yusuketsunoda/Documents/cursor/ppttranslatorapp/node_modules/jest-circus/build/utils.js:298:28)
    at new Promise (&lt;anonymous&gt;)
    at callAsyncCircusFn (/Users/yusuketsunoda/Documents/cursor/ppttranslatorapp/node_modules/jest-circus/build/utils.js:231:10)
    at _callCircusTest (/Users/yusuketsunoda/Documents/cursor/ppttranslatorapp/node_modules/jest-circus/build/run.js:316:40)
    at _runTest (/Users/yusuketsunoda/Documents/cursor/ppttranslatorapp/node_modules/jest-circus/build/run.js:252:3)
    at _runTestsForDescribeBlock (/Users/yusuketsunoda/Documents/cursor/ppttranslatorapp/node_modules/jest-circus/build/run.js:126:9)
    at _runTestsForDescribeBlock (/Users/yusuketsunoda/Documents/cursor/ppttranslatorapp/node_modules/jest-circus/build/run.js:121:9)
    at _runTestsForDescribeBlock (/Users/yusuketsunoda/Documents/cursor/ppttranslatorapp/node_modules/jest-circus/build/run.js:121:9)
    at run (/Users/yusuketsunoda/Documents/cursor/ppttranslatorapp/node_modules/jest-circus/build/run.js:71:3)
    at runAndTransformResultsToJestFormat (/Users/yusuketsunoda/Documents/cursor/ppttranslatorapp/node_modules/jest-circus/build/legacy-code-todo-rewrite/jestAdapterInit.js:122:21)
    at jestAdapter (/Users/yusuketsunoda/Documents/cursor/ppttranslatorapp/node_modules/jest-circus/build/legacy-code-todo-rewrite/jestAdapter.js:79:19)
    at runTestInternal (/Users/yusuketsunoda/Documents/cursor/ppttranslatorapp/node_modules/jest-runner/build/runTest.js:367:16)
    at runTest (/Users/yusuketsunoda/Documents/cursor/ppttranslatorapp/node_modules/jest-runner/build/runTest.js:444:34)</failure>
    </testcase>
    <testcase classname="エラーハンドリングユーティリティ › Error Creators" name="createAuthErrorが正しいAppErrorを作成する" time="0.001">
      <failure>TypeError: Cannot read properties of undefined (reading &apos;AUTH&apos;)
    at Object.AUTH (/Users/yusuketsunoda/Documents/cursor/ppttranslatorapp/worktrees/feature-test-coverage-improvement/tests/utils/error-handler.test.ts:208:41)
    at Promise.then.completed (/Users/yusuketsunoda/Documents/cursor/ppttranslatorapp/node_modules/jest-circus/build/utils.js:298:28)
    at new Promise (&lt;anonymous&gt;)
    at callAsyncCircusFn (/Users/yusuketsunoda/Documents/cursor/ppttranslatorapp/node_modules/jest-circus/build/utils.js:231:10)
    at _callCircusTest (/Users/yusuketsunoda/Documents/cursor/ppttranslatorapp/node_modules/jest-circus/build/run.js:316:40)
    at _runTest (/Users/yusuketsunoda/Documents/cursor/ppttranslatorapp/node_modules/jest-circus/build/run.js:252:3)
    at _runTestsForDescribeBlock (/Users/yusuketsunoda/Documents/cursor/ppttranslatorapp/node_modules/jest-circus/build/run.js:126:9)
    at _runTestsForDescribeBlock (/Users/yusuketsunoda/Documents/cursor/ppttranslatorapp/node_modules/jest-circus/build/run.js:121:9)
    at _runTestsForDescribeBlock (/Users/yusuketsunoda/Documents/cursor/ppttranslatorapp/node_modules/jest-circus/build/run.js:121:9)
    at run (/Users/yusuketsunoda/Documents/cursor/ppttranslatorapp/node_modules/jest-circus/build/run.js:71:3)
    at runAndTransformResultsToJestFormat (/Users/yusuketsunoda/Documents/cursor/ppttranslatorapp/node_modules/jest-circus/build/legacy-code-todo-rewrite/jestAdapterInit.js:122:21)
    at jestAdapter (/Users/yusuketsunoda/Documents/cursor/ppttranslatorapp/node_modules/jest-circus/build/legacy-code-todo-rewrite/jestAdapter.js:79:19)
    at runTestInternal (/Users/yusuketsunoda/Documents/cursor/ppttranslatorapp/node_modules/jest-runner/build/runTest.js:367:16)
    at runTest (/Users/yusuketsunoda/Documents/cursor/ppttranslatorapp/node_modules/jest-runner/build/runTest.js:444:34)</failure>
    </testcase>
    <testcase classname="エラーハンドリングユーティリティ › Error Creators" name="createForbiddenErrorが正しいAppErrorを作成する" time="0">
      <failure>TypeError: Cannot read properties of undefined (reading &apos;FORBIDDEN&apos;)
    at Object.FORBIDDEN (/Users/yusuketsunoda/Documents/cursor/ppttranslatorapp/worktrees/feature-test-coverage-improvement/tests/utils/error-handler.test.ts:217:41)
    at Promise.then.completed (/Users/yusuketsunoda/Documents/cursor/ppttranslatorapp/node_modules/jest-circus/build/utils.js:298:28)
    at new Promise (&lt;anonymous&gt;)
    at callAsyncCircusFn (/Users/yusuketsunoda/Documents/cursor/ppttranslatorapp/node_modules/jest-circus/build/utils.js:231:10)
    at _callCircusTest (/Users/yusuketsunoda/Documents/cursor/ppttranslatorapp/node_modules/jest-circus/build/run.js:316:40)
    at _runTest (/Users/yusuketsunoda/Documents/cursor/ppttranslatorapp/node_modules/jest-circus/build/run.js:252:3)
    at _runTestsForDescribeBlock (/Users/yusuketsunoda/Documents/cursor/ppttranslatorapp/node_modules/jest-circus/build/run.js:126:9)
    at _runTestsForDescribeBlock (/Users/yusuketsunoda/Documents/cursor/ppttranslatorapp/node_modules/jest-circus/build/run.js:121:9)
    at _runTestsForDescribeBlock (/Users/yusuketsunoda/Documents/cursor/ppttranslatorapp/node_modules/jest-circus/build/run.js:121:9)
    at run (/Users/yusuketsunoda/Documents/cursor/ppttranslatorapp/node_modules/jest-circus/build/run.js:71:3)
    at runAndTransformResultsToJestFormat (/Users/yusuketsunoda/Documents/cursor/ppttranslatorapp/node_modules/jest-circus/build/legacy-code-todo-rewrite/jestAdapterInit.js:122:21)
    at jestAdapter (/Users/yusuketsunoda/Documents/cursor/ppttranslatorapp/node_modules/jest-circus/build/legacy-code-todo-rewrite/jestAdapter.js:79:19)
    at runTestInternal (/Users/yusuketsunoda/Documents/cursor/ppttranslatorapp/node_modules/jest-runner/build/runTest.js:367:16)
    at runTest (/Users/yusuketsunoda/Documents/cursor/ppttranslatorapp/node_modules/jest-runner/build/runTest.js:444:34)</failure>
    </testcase>
    <testcase classname="エラーハンドリングユーティリティ › Error Creators" name="createNotFoundErrorが正しいAppErrorを作成する" time="0.001">
      <failure>TypeError: Cannot read properties of undefined (reading &apos;NOT_FOUND&apos;)
    at Object.NOT_FOUND (/Users/yusuketsunoda/Documents/cursor/ppttranslatorapp/worktrees/feature-test-coverage-improvement/tests/utils/error-handler.test.ts:226:41)
    at Promise.then.completed (/Users/yusuketsunoda/Documents/cursor/ppttranslatorapp/node_modules/jest-circus/build/utils.js:298:28)
    at new Promise (&lt;anonymous&gt;)
    at callAsyncCircusFn (/Users/yusuketsunoda/Documents/cursor/ppttranslatorapp/node_modules/jest-circus/build/utils.js:231:10)
    at _callCircusTest (/Users/yusuketsunoda/Documents/cursor/ppttranslatorapp/node_modules/jest-circus/build/run.js:316:40)
    at _runTest (/Users/yusuketsunoda/Documents/cursor/ppttranslatorapp/node_modules/jest-circus/build/run.js:252:3)
    at _runTestsForDescribeBlock (/Users/yusuketsunoda/Documents/cursor/ppttranslatorapp/node_modules/jest-circus/build/run.js:126:9)
    at _runTestsForDescribeBlock (/Users/yusuketsunoda/Documents/cursor/ppttranslatorapp/node_modules/jest-circus/build/run.js:121:9)
    at _runTestsForDescribeBlock (/Users/yusuketsunoda/Documents/cursor/ppttranslatorapp/node_modules/jest-circus/build/run.js:121:9)
    at run (/Users/yusuketsunoda/Documents/cursor/ppttranslatorapp/node_modules/jest-circus/build/run.js:71:3)
    at runAndTransformResultsToJestFormat (/Users/yusuketsunoda/Documents/cursor/ppttranslatorapp/node_modules/jest-circus/build/legacy-code-todo-rewrite/jestAdapterInit.js:122:21)
    at jestAdapter (/Users/yusuketsunoda/Documents/cursor/ppttranslatorapp/node_modules/jest-circus/build/legacy-code-todo-rewrite/jestAdapter.js:79:19)
    at runTestInternal (/Users/yusuketsunoda/Documents/cursor/ppttranslatorapp/node_modules/jest-runner/build/runTest.js:367:16)
    at runTest (/Users/yusuketsunoda/Documents/cursor/ppttranslatorapp/node_modules/jest-runner/build/runTest.js:444:34)</failure>
    </testcase>
    <testcase classname="エラーハンドリングユーティリティ › Error Creators" name="createRateLimitErrorが正しいAppErrorを作成する" time="0.001">
      <failure>TypeError: Cannot read properties of undefined (reading &apos;RATE_LIMIT&apos;)
    at Object.RATE_LIMIT (/Users/yusuketsunoda/Documents/cursor/ppttranslatorapp/worktrees/feature-test-coverage-improvement/tests/utils/error-handler.test.ts:235:41)
    at Promise.then.completed (/Users/yusuketsunoda/Documents/cursor/ppttranslatorapp/node_modules/jest-circus/build/utils.js:298:28)
    at new Promise (&lt;anonymous&gt;)
    at callAsyncCircusFn (/Users/yusuketsunoda/Documents/cursor/ppttranslatorapp/node_modules/jest-circus/build/utils.js:231:10)
    at _callCircusTest (/Users/yusuketsunoda/Documents/cursor/ppttranslatorapp/node_modules/jest-circus/build/run.js:316:40)
    at _runTest (/Users/yusuketsunoda/Documents/cursor/ppttranslatorapp/node_modules/jest-circus/build/run.js:252:3)
    at _runTestsForDescribeBlock (/Users/yusuketsunoda/Documents/cursor/ppttranslatorapp/node_modules/jest-circus/build/run.js:126:9)
    at _runTestsForDescribeBlock (/Users/yusuketsunoda/Documents/cursor/ppttranslatorapp/node_modules/jest-circus/build/run.js:121:9)
    at _runTestsForDescribeBlock (/Users/yusuketsunoda/Documents/cursor/ppttranslatorapp/node_modules/jest-circus/build/run.js:121:9)
    at run (/Users/yusuketsunoda/Documents/cursor/ppttranslatorapp/node_modules/jest-circus/build/run.js:71:3)
    at runAndTransformResultsToJestFormat (/Users/yusuketsunoda/Documents/cursor/ppttranslatorapp/node_modules/jest-circus/build/legacy-code-todo-rewrite/jestAdapterInit.js:122:21)
    at jestAdapter (/Users/yusuketsunoda/Documents/cursor/ppttranslatorapp/node_modules/jest-circus/build/legacy-code-todo-rewrite/jestAdapter.js:79:19)
    at runTestInternal (/Users/yusuketsunoda/Documents/cursor/ppttranslatorapp/node_modules/jest-runner/build/runTest.js:367:16)
    at runTest (/Users/yusuketsunoda/Documents/cursor/ppttranslatorapp/node_modules/jest-runner/build/runTest.js:444:34)</failure>
    </testcase>
    <testcase classname="エラーハンドリングユーティリティ › Error Creators" name="createDatabaseErrorが正しいAppErrorを作成する" time="0">
      <failure>TypeError: Cannot read properties of undefined (reading &apos;DATABASE&apos;)
    at Object.DATABASE (/Users/yusuketsunoda/Documents/cursor/ppttranslatorapp/worktrees/feature-test-coverage-improvement/tests/utils/error-handler.test.ts:244:41)
    at Promise.then.completed (/Users/yusuketsunoda/Documents/cursor/ppttranslatorapp/node_modules/jest-circus/build/utils.js:298:28)
    at new Promise (&lt;anonymous&gt;)
    at callAsyncCircusFn (/Users/yusuketsunoda/Documents/cursor/ppttranslatorapp/node_modules/jest-circus/build/utils.js:231:10)
    at _callCircusTest (/Users/yusuketsunoda/Documents/cursor/ppttranslatorapp/node_modules/jest-circus/build/run.js:316:40)
    at _runTest (/Users/yusuketsunoda/Documents/cursor/ppttranslatorapp/node_modules/jest-circus/build/run.js:252:3)
    at _runTestsForDescribeBlock (/Users/yusuketsunoda/Documents/cursor/ppttranslatorapp/node_modules/jest-circus/build/run.js:126:9)
    at _runTestsForDescribeBlock (/Users/yusuketsunoda/Documents/cursor/ppttranslatorapp/node_modules/jest-circus/build/run.js:121:9)
    at _runTestsForDescribeBlock (/Users/yusuketsunoda/Documents/cursor/ppttranslatorapp/node_modules/jest-circus/build/run.js:121:9)
    at run (/Users/yusuketsunoda/Documents/cursor/ppttranslatorapp/node_modules/jest-circus/build/run.js:71:3)
    at runAndTransformResultsToJestFormat (/Users/yusuketsunoda/Documents/cursor/ppttranslatorapp/node_modules/jest-circus/build/legacy-code-todo-rewrite/jestAdapterInit.js:122:21)
    at jestAdapter (/Users/yusuketsunoda/Documents/cursor/ppttranslatorapp/node_modules/jest-circus/build/legacy-code-todo-rewrite/jestAdapter.js:79:19)
    at runTestInternal (/Users/yusuketsunoda/Documents/cursor/ppttranslatorapp/node_modules/jest-runner/build/runTest.js:367:16)
    at runTest (/Users/yusuketsunoda/Documents/cursor/ppttranslatorapp/node_modules/jest-runner/build/runTest.js:444:34)</failure>
    </testcase>
    <testcase classname="エラーハンドリングユーティリティ › mapSessionErrorToAppError" name="EXPIREDエラーを正しく変換する" time="0.001">
      <failure>TypeError: Cannot read properties of undefined (reading &apos;AUTH&apos;)
    at Object.AUTH (/Users/yusuketsunoda/Documents/cursor/ppttranslatorapp/worktrees/feature-test-coverage-improvement/tests/utils/error-handler.test.ts:255:41)
    at Promise.then.completed (/Users/yusuketsunoda/Documents/cursor/ppttranslatorapp/node_modules/jest-circus/build/utils.js:298:28)
    at new Promise (&lt;anonymous&gt;)
    at callAsyncCircusFn (/Users/yusuketsunoda/Documents/cursor/ppttranslatorapp/node_modules/jest-circus/build/utils.js:231:10)
    at _callCircusTest (/Users/yusuketsunoda/Documents/cursor/ppttranslatorapp/node_modules/jest-circus/build/run.js:316:40)
    at _runTest (/Users/yusuketsunoda/Documents/cursor/ppttranslatorapp/node_modules/jest-circus/build/run.js:252:3)
    at _runTestsForDescribeBlock (/Users/yusuketsunoda/Documents/cursor/ppttranslatorapp/node_modules/jest-circus/build/run.js:126:9)
    at _runTestsForDescribeBlock (/Users/yusuketsunoda/Documents/cursor/ppttranslatorapp/node_modules/jest-circus/build/run.js:121:9)
    at _runTestsForDescribeBlock (/Users/yusuketsunoda/Documents/cursor/ppttranslatorapp/node_modules/jest-circus/build/run.js:121:9)
    at run (/Users/yusuketsunoda/Documents/cursor/ppttranslatorapp/node_modules/jest-circus/build/run.js:71:3)
    at runAndTransformResultsToJestFormat (/Users/yusuketsunoda/Documents/cursor/ppttranslatorapp/node_modules/jest-circus/build/legacy-code-todo-rewrite/jestAdapterInit.js:122:21)
    at jestAdapter (/Users/yusuketsunoda/Documents/cursor/ppttranslatorapp/node_modules/jest-circus/build/legacy-code-todo-rewrite/jestAdapter.js:79:19)
    at runTestInternal (/Users/yusuketsunoda/Documents/cursor/ppttranslatorapp/node_modules/jest-runner/build/runTest.js:367:16)
    at runTest (/Users/yusuketsunoda/Documents/cursor/ppttranslatorapp/node_modules/jest-runner/build/runTest.js:444:34)</failure>
    </testcase>
    <testcase classname="エラーハンドリングユーティリティ › mapSessionErrorToAppError" name="INVALIDエラーを正しく変換する" time="0">
      <failure>TypeError: Cannot read properties of undefined (reading &apos;AUTH&apos;)
    at Object.AUTH (/Users/yusuketsunoda/Documents/cursor/ppttranslatorapp/worktrees/feature-test-coverage-improvement/tests/utils/error-handler.test.ts:264:41)
    at Promise.then.completed (/Users/yusuketsunoda/Documents/cursor/ppttranslatorapp/node_modules/jest-circus/build/utils.js:298:28)
    at new Promise (&lt;anonymous&gt;)
    at callAsyncCircusFn (/Users/yusuketsunoda/Documents/cursor/ppttranslatorapp/node_modules/jest-circus/build/utils.js:231:10)
    at _callCircusTest (/Users/yusuketsunoda/Documents/cursor/ppttranslatorapp/node_modules/jest-circus/build/run.js:316:40)
    at _runTest (/Users/yusuketsunoda/Documents/cursor/ppttranslatorapp/node_modules/jest-circus/build/run.js:252:3)
    at _runTestsForDescribeBlock (/Users/yusuketsunoda/Documents/cursor/ppttranslatorapp/node_modules/jest-circus/build/run.js:126:9)
    at _runTestsForDescribeBlock (/Users/yusuketsunoda/Documents/cursor/ppttranslatorapp/node_modules/jest-circus/build/run.js:121:9)
    at _runTestsForDescribeBlock (/Users/yusuketsunoda/Documents/cursor/ppttranslatorapp/node_modules/jest-circus/build/run.js:121:9)
    at run (/Users/yusuketsunoda/Documents/cursor/ppttranslatorapp/node_modules/jest-circus/build/run.js:71:3)
    at runAndTransformResultsToJestFormat (/Users/yusuketsunoda/Documents/cursor/ppttranslatorapp/node_modules/jest-circus/build/legacy-code-todo-rewrite/jestAdapterInit.js:122:21)
    at jestAdapter (/Users/yusuketsunoda/Documents/cursor/ppttranslatorapp/node_modules/jest-circus/build/legacy-code-todo-rewrite/jestAdapter.js:79:19)
    at runTestInternal (/Users/yusuketsunoda/Documents/cursor/ppttranslatorapp/node_modules/jest-runner/build/runTest.js:367:16)
    at runTest (/Users/yusuketsunoda/Documents/cursor/ppttranslatorapp/node_modules/jest-runner/build/runTest.js:444:34)</failure>
    </testcase>
    <testcase classname="エラーハンドリングユーティリティ › mapSessionErrorToAppError" name="NETWORKエラーを正しく変換する" time="0.001">
      <failure>TypeError: Cannot read properties of undefined (reading &apos;NETWORK&apos;)
    at Object.NETWORK (/Users/yusuketsunoda/Documents/cursor/ppttranslatorapp/worktrees/feature-test-coverage-improvement/tests/utils/error-handler.test.ts:273:41)
    at Promise.then.completed (/Users/yusuketsunoda/Documents/cursor/ppttranslatorapp/node_modules/jest-circus/build/utils.js:298:28)
    at new Promise (&lt;anonymous&gt;)
    at callAsyncCircusFn (/Users/yusuketsunoda/Documents/cursor/ppttranslatorapp/node_modules/jest-circus/build/utils.js:231:10)
    at _callCircusTest (/Users/yusuketsunoda/Documents/cursor/ppttranslatorapp/node_modules/jest-circus/build/run.js:316:40)
    at _runTest (/Users/yusuketsunoda/Documents/cursor/ppttranslatorapp/node_modules/jest-circus/build/run.js:252:3)
    at _runTestsForDescribeBlock (/Users/yusuketsunoda/Documents/cursor/ppttranslatorapp/node_modules/jest-circus/build/run.js:126:9)
    at _runTestsForDescribeBlock (/Users/yusuketsunoda/Documents/cursor/ppttranslatorapp/node_modules/jest-circus/build/run.js:121:9)
    at _runTestsForDescribeBlock (/Users/yusuketsunoda/Documents/cursor/ppttranslatorapp/node_modules/jest-circus/build/run.js:121:9)
    at run (/Users/yusuketsunoda/Documents/cursor/ppttranslatorapp/node_modules/jest-circus/build/run.js:71:3)
    at runAndTransformResultsToJestFormat (/Users/yusuketsunoda/Documents/cursor/ppttranslatorapp/node_modules/jest-circus/build/legacy-code-todo-rewrite/jestAdapterInit.js:122:21)
    at jestAdapter (/Users/yusuketsunoda/Documents/cursor/ppttranslatorapp/node_modules/jest-circus/build/legacy-code-todo-rewrite/jestAdapter.js:79:19)
    at runTestInternal (/Users/yusuketsunoda/Documents/cursor/ppttranslatorapp/node_modules/jest-runner/build/runTest.js:367:16)
    at runTest (/Users/yusuketsunoda/Documents/cursor/ppttranslatorapp/node_modules/jest-runner/build/runTest.js:444:34)</failure>
    </testcase>
    <testcase classname="エラーハンドリングユーティリティ › mapSessionErrorToAppError" name="UNAUTHORIZEDエラーを正しく変換する" time="0">
      <failure>TypeError: Cannot read properties of undefined (reading &apos;AUTH&apos;)
    at Object.AUTH (/Users/yusuketsunoda/Documents/cursor/ppttranslatorapp/worktrees/feature-test-coverage-improvement/tests/utils/error-handler.test.ts:282:41)
    at Promise.then.completed (/Users/yusuketsunoda/Documents/cursor/ppttranslatorapp/node_modules/jest-circus/build/utils.js:298:28)
    at new Promise (&lt;anonymous&gt;)
    at callAsyncCircusFn (/Users/yusuketsunoda/Documents/cursor/ppttranslatorapp/node_modules/jest-circus/build/utils.js:231:10)
    at _callCircusTest (/Users/yusuketsunoda/Documents/cursor/ppttranslatorapp/node_modules/jest-circus/build/run.js:316:40)
    at _runTest (/Users/yusuketsunoda/Documents/cursor/ppttranslatorapp/node_modules/jest-circus/build/run.js:252:3)
    at _runTestsForDescribeBlock (/Users/yusuketsunoda/Documents/cursor/ppttranslatorapp/node_modules/jest-circus/build/run.js:126:9)
    at _runTestsForDescribeBlock (/Users/yusuketsunoda/Documents/cursor/ppttranslatorapp/node_modules/jest-circus/build/run.js:121:9)
    at _runTestsForDescribeBlock (/Users/yusuketsunoda/Documents/cursor/ppttranslatorapp/node_modules/jest-circus/build/run.js:121:9)
    at run (/Users/yusuketsunoda/Documents/cursor/ppttranslatorapp/node_modules/jest-circus/build/run.js:71:3)
    at runAndTransformResultsToJestFormat (/Users/yusuketsunoda/Documents/cursor/ppttranslatorapp/node_modules/jest-circus/build/legacy-code-todo-rewrite/jestAdapterInit.js:122:21)
    at jestAdapter (/Users/yusuketsunoda/Documents/cursor/ppttranslatorapp/node_modules/jest-circus/build/legacy-code-todo-rewrite/jestAdapter.js:79:19)
    at runTestInternal (/Users/yusuketsunoda/Documents/cursor/ppttranslatorapp/node_modules/jest-runner/build/runTest.js:367:16)
    at runTest (/Users/yusuketsunoda/Documents/cursor/ppttranslatorapp/node_modules/jest-runner/build/runTest.js:444:34)</failure>
    </testcase>
    <testcase classname="エラーハンドリングユーティリティ › mapSessionErrorToAppError" name="UNKNOWNエラーを正しく変換する" time="0.001">
      <failure>TypeError: Cannot read properties of undefined (reading &apos;UNKNOWN&apos;)
    at Object.UNKNOWN (/Users/yusuketsunoda/Documents/cursor/ppttranslatorapp/worktrees/feature-test-coverage-improvement/tests/utils/error-handler.test.ts:291:41)
    at Promise.then.completed (/Users/yusuketsunoda/Documents/cursor/ppttranslatorapp/node_modules/jest-circus/build/utils.js:298:28)
    at new Promise (&lt;anonymous&gt;)
    at callAsyncCircusFn (/Users/yusuketsunoda/Documents/cursor/ppttranslatorapp/node_modules/jest-circus/build/utils.js:231:10)
    at _callCircusTest (/Users/yusuketsunoda/Documents/cursor/ppttranslatorapp/node_modules/jest-circus/build/run.js:316:40)
    at _runTest (/Users/yusuketsunoda/Documents/cursor/ppttranslatorapp/node_modules/jest-circus/build/run.js:252:3)
    at _runTestsForDescribeBlock (/Users/yusuketsunoda/Documents/cursor/ppttranslatorapp/node_modules/jest-circus/build/run.js:126:9)
    at _runTestsForDescribeBlock (/Users/yusuketsunoda/Documents/cursor/ppttranslatorapp/node_modules/jest-circus/build/run.js:121:9)
    at _runTestsForDescribeBlock (/Users/yusuketsunoda/Documents/cursor/ppttranslatorapp/node_modules/jest-circus/build/run.js:121:9)
    at run (/Users/yusuketsunoda/Documents/cursor/ppttranslatorapp/node_modules/jest-circus/build/run.js:71:3)
    at runAndTransformResultsToJestFormat (/Users/yusuketsunoda/Documents/cursor/ppttranslatorapp/node_modules/jest-circus/build/legacy-code-todo-rewrite/jestAdapterInit.js:122:21)
    at jestAdapter (/Users/yusuketsunoda/Documents/cursor/ppttranslatorapp/node_modules/jest-circus/build/legacy-code-todo-rewrite/jestAdapter.js:79:19)
    at runTestInternal (/Users/yusuketsunoda/Documents/cursor/ppttranslatorapp/node_modules/jest-runner/build/runTest.js:367:16)
    at runTest (/Users/yusuketsunoda/Documents/cursor/ppttranslatorapp/node_modules/jest-runner/build/runTest.js:444:34)</failure>
    </testcase>
    <testcase classname="エラーハンドリングユーティリティ › mapSessionErrorToAppError" name="不明なタイプのエラーを正しく変換する" time="0.001">
      <failure>TypeError: Cannot read properties of undefined (reading &apos;UNKNOWN&apos;)
    at Object.UNKNOWN (/Users/yusuketsunoda/Documents/cursor/ppttranslatorapp/worktrees/feature-test-coverage-improvement/tests/utils/error-handler.test.ts:300:41)
    at Promise.then.completed (/Users/yusuketsunoda/Documents/cursor/ppttranslatorapp/node_modules/jest-circus/build/utils.js:298:28)
    at new Promise (&lt;anonymous&gt;)
    at callAsyncCircusFn (/Users/yusuketsunoda/Documents/cursor/ppttranslatorapp/node_modules/jest-circus/build/utils.js:231:10)
    at _callCircusTest (/Users/yusuketsunoda/Documents/cursor/ppttranslatorapp/node_modules/jest-circus/build/run.js:316:40)
    at _runTest (/Users/yusuketsunoda/Documents/cursor/ppttranslatorapp/node_modules/jest-circus/build/run.js:252:3)
    at _runTestsForDescribeBlock (/Users/yusuketsunoda/Documents/cursor/ppttranslatorapp/node_modules/jest-circus/build/run.js:126:9)
    at _runTestsForDescribeBlock (/Users/yusuketsunoda/Documents/cursor/ppttranslatorapp/node_modules/jest-circus/build/run.js:121:9)
    at _runTestsForDescribeBlock (/Users/yusuketsunoda/Documents/cursor/ppttranslatorapp/node_modules/jest-circus/build/run.js:121:9)
    at run (/Users/yusuketsunoda/Documents/cursor/ppttranslatorapp/node_modules/jest-circus/build/run.js:71:3)
    at runAndTransformResultsToJestFormat (/Users/yusuketsunoda/Documents/cursor/ppttranslatorapp/node_modules/jest-circus/build/legacy-code-todo-rewrite/jestAdapterInit.js:122:21)
    at jestAdapter (/Users/yusuketsunoda/Documents/cursor/ppttranslatorapp/node_modules/jest-circus/build/legacy-code-todo-rewrite/jestAdapter.js:79:19)
    at runTestInternal (/Users/yusuketsunoda/Documents/cursor/ppttranslatorapp/node_modules/jest-runner/build/runTest.js:367:16)
    at runTest (/Users/yusuketsunoda/Documents/cursor/ppttranslatorapp/node_modules/jest-runner/build/runTest.js:444:34)</failure>
    </testcase>
    <testcase classname="エラーハンドリングユーティリティ › handleError関数" name="AppErrorをそのまま返す" time="0.001">
    </testcase>
    <testcase classname="エラーハンドリングユーティリティ › handleError関数" name="一般的なErrorをAppErrorに変換する" time="0.001">
      <failure>Error: expect(received).toBe(expected) // Object.is equality

Expected: &quot;一般的なエラー&quot;
Received: &quot;予期せぬエラーが発生しました。しばらく待ってから再試行してください。&quot;
    at Object.toBe (/Users/yusuketsunoda/Documents/cursor/ppttranslatorapp/worktrees/feature-test-coverage-improvement/tests/utils/error-handler.test.ts:319:30)
    at Promise.then.completed (/Users/yusuketsunoda/Documents/cursor/ppttranslatorapp/node_modules/jest-circus/build/utils.js:298:28)
    at new Promise (&lt;anonymous&gt;)
    at callAsyncCircusFn (/Users/yusuketsunoda/Documents/cursor/ppttranslatorapp/node_modules/jest-circus/build/utils.js:231:10)
    at _callCircusTest (/Users/yusuketsunoda/Documents/cursor/ppttranslatorapp/node_modules/jest-circus/build/run.js:316:40)
    at _runTest (/Users/yusuketsunoda/Documents/cursor/ppttranslatorapp/node_modules/jest-circus/build/run.js:252:3)
    at _runTestsForDescribeBlock (/Users/yusuketsunoda/Documents/cursor/ppttranslatorapp/node_modules/jest-circus/build/run.js:126:9)
    at _runTestsForDescribeBlock (/Users/yusuketsunoda/Documents/cursor/ppttranslatorapp/node_modules/jest-circus/build/run.js:121:9)
    at _runTestsForDescribeBlock (/Users/yusuketsunoda/Documents/cursor/ppttranslatorapp/node_modules/jest-circus/build/run.js:121:9)
    at run (/Users/yusuketsunoda/Documents/cursor/ppttranslatorapp/node_modules/jest-circus/build/run.js:71:3)
    at runAndTransformResultsToJestFormat (/Users/yusuketsunoda/Documents/cursor/ppttranslatorapp/node_modules/jest-circus/build/legacy-code-todo-rewrite/jestAdapterInit.js:122:21)
    at jestAdapter (/Users/yusuketsunoda/Documents/cursor/ppttranslatorapp/node_modules/jest-circus/build/legacy-code-todo-rewrite/jestAdapter.js:79:19)
    at runTestInternal (/Users/yusuketsunoda/Documents/cursor/ppttranslatorapp/node_modules/jest-runner/build/runTest.js:367:16)
    at runTest (/Users/yusuketsunoda/Documents/cursor/ppttranslatorapp/node_modules/jest-runner/build/runTest.js:444:34)</failure>
    </testcase>
    <testcase classname="エラーハンドリングユーティリティ › handleError関数" name="nullやundefinedを処理できる" time="0">
      <failure>Error: expect(received).toBe(expected) // Object.is equality

Expected: &quot;不明なエラーが発生しました&quot;
Received: &quot;予期せぬエラーが発生しました。しばらく待ってから再試行してください。&quot;
    at Object.toBe (/Users/yusuketsunoda/Documents/cursor/ppttranslatorapp/worktrees/feature-test-coverage-improvement/tests/utils/error-handler.test.ts:327:30)
    at Promise.then.completed (/Users/yusuketsunoda/Documents/cursor/ppttranslatorapp/node_modules/jest-circus/build/utils.js:298:28)
    at new Promise (&lt;anonymous&gt;)
    at callAsyncCircusFn (/Users/yusuketsunoda/Documents/cursor/ppttranslatorapp/node_modules/jest-circus/build/utils.js:231:10)
    at _callCircusTest (/Users/yusuketsunoda/Documents/cursor/ppttranslatorapp/node_modules/jest-circus/build/run.js:316:40)
    at _runTest (/Users/yusuketsunoda/Documents/cursor/ppttranslatorapp/node_modules/jest-circus/build/run.js:252:3)
    at _runTestsForDescribeBlock (/Users/yusuketsunoda/Documents/cursor/ppttranslatorapp/node_modules/jest-circus/build/run.js:126:9)
    at _runTestsForDescribeBlock (/Users/yusuketsunoda/Documents/cursor/ppttranslatorapp/node_modules/jest-circus/build/run.js:121:9)
    at _runTestsForDescribeBlock (/Users/yusuketsunoda/Documents/cursor/ppttranslatorapp/node_modules/jest-circus/build/run.js:121:9)
    at run (/Users/yusuketsunoda/Documents/cursor/ppttranslatorapp/node_modules/jest-circus/build/run.js:71:3)
    at runAndTransformResultsToJestFormat (/Users/yusuketsunoda/Documents/cursor/ppttranslatorapp/node_modules/jest-circus/build/legacy-code-todo-rewrite/jestAdapterInit.js:122:21)
    at jestAdapter (/Users/yusuketsunoda/Documents/cursor/ppttranslatorapp/node_modules/jest-circus/build/legacy-code-todo-rewrite/jestAdapter.js:79:19)
    at runTestInternal (/Users/yusuketsunoda/Documents/cursor/ppttranslatorapp/node_modules/jest-runner/build/runTest.js:367:16)
    at runTest (/Users/yusuketsunoda/Documents/cursor/ppttranslatorapp/node_modules/jest-runner/build/runTest.js:444:34)</failure>
    </testcase>
    <testcase classname="エラーハンドリングユーティリティ › handleError関数" name="objectを文字列化して処理できる" time="0">
      <failure>Error: expect(received).toContain(expected) // indexOf

Expected substring: &quot;{\&quot;foo\&quot;:\&quot;bar\&quot;}&quot;
Received string:    &quot;予期せぬエラーが発生しました。しばらく待ってから再試行してください。&quot;
    at Object.toContain (/Users/yusuketsunoda/Documents/cursor/ppttranslatorapp/worktrees/feature-test-coverage-improvement/tests/utils/error-handler.test.ts:336:30)
    at Promise.then.completed (/Users/yusuketsunoda/Documents/cursor/ppttranslatorapp/node_modules/jest-circus/build/utils.js:298:28)
    at new Promise (&lt;anonymous&gt;)
    at callAsyncCircusFn (/Users/yusuketsunoda/Documents/cursor/ppttranslatorapp/node_modules/jest-circus/build/utils.js:231:10)
    at _callCircusTest (/Users/yusuketsunoda/Documents/cursor/ppttranslatorapp/node_modules/jest-circus/build/run.js:316:40)
    at _runTest (/Users/yusuketsunoda/Documents/cursor/ppttranslatorapp/node_modules/jest-circus/build/run.js:252:3)
    at _runTestsForDescribeBlock (/Users/yusuketsunoda/Documents/cursor/ppttranslatorapp/node_modules/jest-circus/build/run.js:126:9)
    at _runTestsForDescribeBlock (/Users/yusuketsunoda/Documents/cursor/ppttranslatorapp/node_modules/jest-circus/build/run.js:121:9)
    at _runTestsForDescribeBlock (/Users/yusuketsunoda/Documents/cursor/ppttranslatorapp/node_modules/jest-circus/build/run.js:121:9)
    at run (/Users/yusuketsunoda/Documents/cursor/ppttranslatorapp/node_modules/jest-circus/build/run.js:71:3)
    at runAndTransformResultsToJestFormat (/Users/yusuketsunoda/Documents/cursor/ppttranslatorapp/node_modules/jest-circus/build/legacy-code-todo-rewrite/jestAdapterInit.js:122:21)
    at jestAdapter (/Users/yusuketsunoda/Documents/cursor/ppttranslatorapp/node_modules/jest-circus/build/legacy-code-todo-rewrite/jestAdapter.js:79:19)
    at runTestInternal (/Users/yusuketsunoda/Documents/cursor/ppttranslatorapp/node_modules/jest-runner/build/runTest.js:367:16)
    at runTest (/Users/yusuketsunoda/Documents/cursor/ppttranslatorapp/node_modules/jest-runner/build/runTest.js:444:34)</failure>
    </testcase>
    <testcase classname="エラーハンドリングユーティリティ › isAppError関数" name="AppErrorの場合はtrueを返す" time="0">
    </testcase>
    <testcase classname="エラーハンドリングユーティリティ › isAppError関数" name="一般的なErrorの場合はfalseを返す" time="0.001">
    </testcase>
    <testcase classname="エラーハンドリングユーティリティ › isAppError関数" name="nullやundefinedの場合はfalseを返す" time="0.001">
    </testcase>
    <testcase classname="エラーハンドリングユーティリティ › getErrorMessage関数" name="Errorインスタンスからメッセージを取得する" time="0.001">
    </testcase>
    <testcase classname="エラーハンドリングユーティリティ › getErrorMessage関数" name="文字列をそのまま返す" time="0">
      <failure>Error: expect(received).toBe(expected) // Object.is equality

Expected: &quot;エラー文字列&quot;
Received: &quot;Unknown error occurred&quot;
    at Object.toBe (/Users/yusuketsunoda/Documents/cursor/ppttranslatorapp/worktrees/feature-test-coverage-improvement/tests/utils/error-handler.test.ts:364:41)
    at Promise.then.completed (/Users/yusuketsunoda/Documents/cursor/ppttranslatorapp/node_modules/jest-circus/build/utils.js:298:28)
    at new Promise (&lt;anonymous&gt;)
    at callAsyncCircusFn (/Users/yusuketsunoda/Documents/cursor/ppttranslatorapp/node_modules/jest-circus/build/utils.js:231:10)
    at _callCircusTest (/Users/yusuketsunoda/Documents/cursor/ppttranslatorapp/node_modules/jest-circus/build/run.js:316:40)
    at _runTest (/Users/yusuketsunoda/Documents/cursor/ppttranslatorapp/node_modules/jest-circus/build/run.js:252:3)
    at _runTestsForDescribeBlock (/Users/yusuketsunoda/Documents/cursor/ppttranslatorapp/node_modules/jest-circus/build/run.js:126:9)
    at _runTestsForDescribeBlock (/Users/yusuketsunoda/Documents/cursor/ppttranslatorapp/node_modules/jest-circus/build/run.js:121:9)
    at _runTestsForDescribeBlock (/Users/yusuketsunoda/Documents/cursor/ppttranslatorapp/node_modules/jest-circus/build/run.js:121:9)
    at run (/Users/yusuketsunoda/Documents/cursor/ppttranslatorapp/node_modules/jest-circus/build/run.js:71:3)
    at runAndTransformResultsToJestFormat (/Users/yusuketsunoda/Documents/cursor/ppttranslatorapp/node_modules/jest-circus/build/legacy-code-todo-rewrite/jestAdapterInit.js:122:21)
    at jestAdapter (/Users/yusuketsunoda/Documents/cursor/ppttranslatorapp/node_modules/jest-circus/build/legacy-code-todo-rewrite/jestAdapter.js:79:19)
    at runTestInternal (/Users/yusuketsunoda/Documents/cursor/ppttranslatorapp/node_modules/jest-runner/build/runTest.js:367:16)
    at runTest (/Users/yusuketsunoda/Documents/cursor/ppttranslatorapp/node_modules/jest-runner/build/runTest.js:444:34)</failure>
    </testcase>
    <testcase classname="エラーハンドリングユーティリティ › getErrorMessage関数" name="AppErrorからメッセージを取得する" time="0.001">
    </testcase>
    <testcase classname="エラーハンドリングユーティリティ › getErrorMessage関数" name="オブジェクトをJSON文字列に変換する" time="0">
      <failure>Error: expect(received).toBe(expected) // Object.is equality

Expected: &quot;{\&quot;error\&quot;:\&quot;オブジェクトエラー\&quot;}&quot;
Received: &quot;Unknown error occurred&quot;
    at Object.toBe (/Users/yusuketsunoda/Documents/cursor/ppttranslatorapp/worktrees/feature-test-coverage-improvement/tests/utils/error-handler.test.ts:374:36)
    at Promise.then.completed (/Users/yusuketsunoda/Documents/cursor/ppttranslatorapp/node_modules/jest-circus/build/utils.js:298:28)
    at new Promise (&lt;anonymous&gt;)
    at callAsyncCircusFn (/Users/yusuketsunoda/Documents/cursor/ppttranslatorapp/node_modules/jest-circus/build/utils.js:231:10)
    at _callCircusTest (/Users/yusuketsunoda/Documents/cursor/ppttranslatorapp/node_modules/jest-circus/build/run.js:316:40)
    at _runTest (/Users/yusuketsunoda/Documents/cursor/ppttranslatorapp/node_modules/jest-circus/build/run.js:252:3)
    at _runTestsForDescribeBlock (/Users/yusuketsunoda/Documents/cursor/ppttranslatorapp/node_modules/jest-circus/build/run.js:126:9)
    at _runTestsForDescribeBlock (/Users/yusuketsunoda/Documents/cursor/ppttranslatorapp/node_modules/jest-circus/build/run.js:121:9)
    at _runTestsForDescribeBlock (/Users/yusuketsunoda/Documents/cursor/ppttranslatorapp/node_modules/jest-circus/build/run.js:121:9)
    at run (/Users/yusuketsunoda/Documents/cursor/ppttranslatorapp/node_modules/jest-circus/build/run.js:71:3)
    at runAndTransformResultsToJestFormat (/Users/yusuketsunoda/Documents/cursor/ppttranslatorapp/node_modules/jest-circus/build/legacy-code-todo-rewrite/jestAdapterInit.js:122:21)
    at jestAdapter (/Users/yusuketsunoda/Documents/cursor/ppttranslatorapp/node_modules/jest-circus/build/legacy-code-todo-rewrite/jestAdapter.js:79:19)
    at runTestInternal (/Users/yusuketsunoda/Documents/cursor/ppttranslatorapp/node_modules/jest-runner/build/runTest.js:367:16)
    at runTest (/Users/yusuketsunoda/Documents/cursor/ppttranslatorapp/node_modules/jest-runner/build/runTest.js:444:34)</failure>
    </testcase>
    <testcase classname="エラーハンドリングユーティリティ › getErrorMessage関数" name="nullやundefinedの場合はデフォルトメッセージを返す" time="0.001">
      <failure>Error: expect(received).toBe(expected) // Object.is equality

Expected: &quot;不明なエラーが発生しました&quot;
Received: &quot;Unknown error occurred&quot;
    at Object.toBe (/Users/yusuketsunoda/Documents/cursor/ppttranslatorapp/worktrees/feature-test-coverage-improvement/tests/utils/error-handler.test.ts:378:37)
    at Promise.then.completed (/Users/yusuketsunoda/Documents/cursor/ppttranslatorapp/node_modules/jest-circus/build/utils.js:298:28)
    at new Promise (&lt;anonymous&gt;)
    at callAsyncCircusFn (/Users/yusuketsunoda/Documents/cursor/ppttranslatorapp/node_modules/jest-circus/build/utils.js:231:10)
    at _callCircusTest (/Users/yusuketsunoda/Documents/cursor/ppttranslatorapp/node_modules/jest-circus/build/run.js:316:40)
    at _runTest (/Users/yusuketsunoda/Documents/cursor/ppttranslatorapp/node_modules/jest-circus/build/run.js:252:3)
    at _runTestsForDescribeBlock (/Users/yusuketsunoda/Documents/cursor/ppttranslatorapp/node_modules/jest-circus/build/run.js:126:9)
    at _runTestsForDescribeBlock (/Users/yusuketsunoda/Documents/cursor/ppttranslatorapp/node_modules/jest-circus/build/run.js:121:9)
    at _runTestsForDescribeBlock (/Users/yusuketsunoda/Documents/cursor/ppttranslatorapp/node_modules/jest-circus/build/run.js:121:9)
    at run (/Users/yusuketsunoda/Documents/cursor/ppttranslatorapp/node_modules/jest-circus/build/run.js:71:3)
    at runAndTransformResultsToJestFormat (/Users/yusuketsunoda/Documents/cursor/ppttranslatorapp/node_modules/jest-circus/build/legacy-code-todo-rewrite/jestAdapterInit.js:122:21)
    at jestAdapter (/Users/yusuketsunoda/Documents/cursor/ppttranslatorapp/node_modules/jest-circus/build/legacy-code-todo-rewrite/jestAdapter.js:79:19)
    at runTestInternal (/Users/yusuketsunoda/Documents/cursor/ppttranslatorapp/node_modules/jest-runner/build/runTest.js:367:16)
    at runTest (/Users/yusuketsunoda/Documents/cursor/ppttranslatorapp/node_modules/jest-runner/build/runTest.js:444:34)</failure>
    </testcase>
  </testsuite>
  <testsuite name="エラーハンドリングユーティリティ" errors="0" failures="32" skipped="0" timestamp="2025-05-16T20:44:10" time="0.166" tests="40">
    <testcase classname="エラーハンドリングユーティリティ › エラー作成関数" name="認証エラーを正しく作成する" time="0.001">
      <failure>TypeError: Cannot read properties of undefined (reading &apos;AUTH&apos;)
    at Object.AUTH (/Users/yusuketsunoda/Documents/cursor/ppttranslatorapp/worktrees/feature-performance-optimization/tests/utils/error-handler.test.ts:45:41)
    at Promise.then.completed (/Users/yusuketsunoda/Documents/cursor/ppttranslatorapp/node_modules/jest-circus/build/utils.js:298:28)
    at new Promise (&lt;anonymous&gt;)
    at callAsyncCircusFn (/Users/yusuketsunoda/Documents/cursor/ppttranslatorapp/node_modules/jest-circus/build/utils.js:231:10)
    at _callCircusTest (/Users/yusuketsunoda/Documents/cursor/ppttranslatorapp/node_modules/jest-circus/build/run.js:316:40)
    at _runTest (/Users/yusuketsunoda/Documents/cursor/ppttranslatorapp/node_modules/jest-circus/build/run.js:252:3)
    at _runTestsForDescribeBlock (/Users/yusuketsunoda/Documents/cursor/ppttranslatorapp/node_modules/jest-circus/build/run.js:126:9)
    at _runTestsForDescribeBlock (/Users/yusuketsunoda/Documents/cursor/ppttranslatorapp/node_modules/jest-circus/build/run.js:121:9)
    at _runTestsForDescribeBlock (/Users/yusuketsunoda/Documents/cursor/ppttranslatorapp/node_modules/jest-circus/build/run.js:121:9)
    at run (/Users/yusuketsunoda/Documents/cursor/ppttranslatorapp/node_modules/jest-circus/build/run.js:71:3)
    at runAndTransformResultsToJestFormat (/Users/yusuketsunoda/Documents/cursor/ppttranslatorapp/node_modules/jest-circus/build/legacy-code-todo-rewrite/jestAdapterInit.js:122:21)
    at jestAdapter (/Users/yusuketsunoda/Documents/cursor/ppttranslatorapp/node_modules/jest-circus/build/legacy-code-todo-rewrite/jestAdapter.js:79:19)
    at runTestInternal (/Users/yusuketsunoda/Documents/cursor/ppttranslatorapp/node_modules/jest-runner/build/runTest.js:367:16)
    at runTest (/Users/yusuketsunoda/Documents/cursor/ppttranslatorapp/node_modules/jest-runner/build/runTest.js:444:34)</failure>
    </testcase>
    <testcase classname="エラーハンドリングユーティリティ › エラー作成関数" name="バリデーションエラーを正しく作成する" time="0.003">
      <failure>TypeError: Cannot read properties of undefined (reading &apos;VALIDATION&apos;)
    at Object.VALIDATION (/Users/yusuketsunoda/Documents/cursor/ppttranslatorapp/worktrees/feature-performance-optimization/tests/utils/error-handler.test.ts:54:41)
    at Promise.then.completed (/Users/yusuketsunoda/Documents/cursor/ppttranslatorapp/node_modules/jest-circus/build/utils.js:298:28)
    at new Promise (&lt;anonymous&gt;)
    at callAsyncCircusFn (/Users/yusuketsunoda/Documents/cursor/ppttranslatorapp/node_modules/jest-circus/build/utils.js:231:10)
    at _callCircusTest (/Users/yusuketsunoda/Documents/cursor/ppttranslatorapp/node_modules/jest-circus/build/run.js:316:40)
    at _runTest (/Users/yusuketsunoda/Documents/cursor/ppttranslatorapp/node_modules/jest-circus/build/run.js:252:3)
    at _runTestsForDescribeBlock (/Users/yusuketsunoda/Documents/cursor/ppttranslatorapp/node_modules/jest-circus/build/run.js:126:9)
    at _runTestsForDescribeBlock (/Users/yusuketsunoda/Documents/cursor/ppttranslatorapp/node_modules/jest-circus/build/run.js:121:9)
    at _runTestsForDescribeBlock (/Users/yusuketsunoda/Documents/cursor/ppttranslatorapp/node_modules/jest-circus/build/run.js:121:9)
    at run (/Users/yusuketsunoda/Documents/cursor/ppttranslatorapp/node_modules/jest-circus/build/run.js:71:3)
    at runAndTransformResultsToJestFormat (/Users/yusuketsunoda/Documents/cursor/ppttranslatorapp/node_modules/jest-circus/build/legacy-code-todo-rewrite/jestAdapterInit.js:122:21)
    at jestAdapter (/Users/yusuketsunoda/Documents/cursor/ppttranslatorapp/node_modules/jest-circus/build/legacy-code-todo-rewrite/jestAdapter.js:79:19)
    at runTestInternal (/Users/yusuketsunoda/Documents/cursor/ppttranslatorapp/node_modules/jest-runner/build/runTest.js:367:16)
    at runTest (/Users/yusuketsunoda/Documents/cursor/ppttranslatorapp/node_modules/jest-runner/build/runTest.js:444:34)</failure>
    </testcase>
    <testcase classname="エラーハンドリングユーティリティ › エラー作成関数" name="Not Foundエラーを正しく作成する" time="0">
      <failure>TypeError: Cannot read properties of undefined (reading &apos;NOT_FOUND&apos;)
    at Object.NOT_FOUND (/Users/yusuketsunoda/Documents/cursor/ppttranslatorapp/worktrees/feature-performance-optimization/tests/utils/error-handler.test.ts:63:41)
    at Promise.then.completed (/Users/yusuketsunoda/Documents/cursor/ppttranslatorapp/node_modules/jest-circus/build/utils.js:298:28)
    at new Promise (&lt;anonymous&gt;)
    at callAsyncCircusFn (/Users/yusuketsunoda/Documents/cursor/ppttranslatorapp/node_modules/jest-circus/build/utils.js:231:10)
    at _callCircusTest (/Users/yusuketsunoda/Documents/cursor/ppttranslatorapp/node_modules/jest-circus/build/run.js:316:40)
    at _runTest (/Users/yusuketsunoda/Documents/cursor/ppttranslatorapp/node_modules/jest-circus/build/run.js:252:3)
    at _runTestsForDescribeBlock (/Users/yusuketsunoda/Documents/cursor/ppttranslatorapp/node_modules/jest-circus/build/run.js:126:9)
    at _runTestsForDescribeBlock (/Users/yusuketsunoda/Documents/cursor/ppttranslatorapp/node_modules/jest-circus/build/run.js:121:9)
    at _runTestsForDescribeBlock (/Users/yusuketsunoda/Documents/cursor/ppttranslatorapp/node_modules/jest-circus/build/run.js:121:9)
    at run (/Users/yusuketsunoda/Documents/cursor/ppttranslatorapp/node_modules/jest-circus/build/run.js:71:3)
    at runAndTransformResultsToJestFormat (/Users/yusuketsunoda/Documents/cursor/ppttranslatorapp/node_modules/jest-circus/build/legacy-code-todo-rewrite/jestAdapterInit.js:122:21)
    at jestAdapter (/Users/yusuketsunoda/Documents/cursor/ppttranslatorapp/node_modules/jest-circus/build/legacy-code-todo-rewrite/jestAdapter.js:79:19)
    at runTestInternal (/Users/yusuketsunoda/Documents/cursor/ppttranslatorapp/node_modules/jest-runner/build/runTest.js:367:16)
    at runTest (/Users/yusuketsunoda/Documents/cursor/ppttranslatorapp/node_modules/jest-runner/build/runTest.js:444:34)</failure>
    </testcase>
    <testcase classname="エラーハンドリングユーティリティ › エラー作成関数" name="権限エラーを正しく作成する" time="0">
      <failure>TypeError: Cannot read properties of undefined (reading &apos;FORBIDDEN&apos;)
    at Object.FORBIDDEN (/Users/yusuketsunoda/Documents/cursor/ppttranslatorapp/worktrees/feature-performance-optimization/tests/utils/error-handler.test.ts:72:41)
    at Promise.then.completed (/Users/yusuketsunoda/Documents/cursor/ppttranslatorapp/node_modules/jest-circus/build/utils.js:298:28)
    at new Promise (&lt;anonymous&gt;)
    at callAsyncCircusFn (/Users/yusuketsunoda/Documents/cursor/ppttranslatorapp/node_modules/jest-circus/build/utils.js:231:10)
    at _callCircusTest (/Users/yusuketsunoda/Documents/cursor/ppttranslatorapp/node_modules/jest-circus/build/run.js:316:40)
    at _runTest (/Users/yusuketsunoda/Documents/cursor/ppttranslatorapp/node_modules/jest-circus/build/run.js:252:3)
    at _runTestsForDescribeBlock (/Users/yusuketsunoda/Documents/cursor/ppttranslatorapp/node_modules/jest-circus/build/run.js:126:9)
    at _runTestsForDescribeBlock (/Users/yusuketsunoda/Documents/cursor/ppttranslatorapp/node_modules/jest-circus/build/run.js:121:9)
    at _runTestsForDescribeBlock (/Users/yusuketsunoda/Documents/cursor/ppttranslatorapp/node_modules/jest-circus/build/run.js:121:9)
    at run (/Users/yusuketsunoda/Documents/cursor/ppttranslatorapp/node_modules/jest-circus/build/run.js:71:3)
    at runAndTransformResultsToJestFormat (/Users/yusuketsunoda/Documents/cursor/ppttranslatorapp/node_modules/jest-circus/build/legacy-code-todo-rewrite/jestAdapterInit.js:122:21)
    at jestAdapter (/Users/yusuketsunoda/Documents/cursor/ppttranslatorapp/node_modules/jest-circus/build/legacy-code-todo-rewrite/jestAdapter.js:79:19)
    at runTestInternal (/Users/yusuketsunoda/Documents/cursor/ppttranslatorapp/node_modules/jest-runner/build/runTest.js:367:16)
    at runTest (/Users/yusuketsunoda/Documents/cursor/ppttranslatorapp/node_modules/jest-runner/build/runTest.js:444:34)</failure>
    </testcase>
    <testcase classname="エラーハンドリングユーティリティ › エラー作成関数" name="データベースエラーを正しく作成する" time="0.001">
      <failure>TypeError: Cannot read properties of undefined (reading &apos;DATABASE&apos;)
    at Object.DATABASE (/Users/yusuketsunoda/Documents/cursor/ppttranslatorapp/worktrees/feature-performance-optimization/tests/utils/error-handler.test.ts:81:41)
    at Promise.then.completed (/Users/yusuketsunoda/Documents/cursor/ppttranslatorapp/node_modules/jest-circus/build/utils.js:298:28)
    at new Promise (&lt;anonymous&gt;)
    at callAsyncCircusFn (/Users/yusuketsunoda/Documents/cursor/ppttranslatorapp/node_modules/jest-circus/build/utils.js:231:10)
    at _callCircusTest (/Users/yusuketsunoda/Documents/cursor/ppttranslatorapp/node_modules/jest-circus/build/run.js:316:40)
    at _runTest (/Users/yusuketsunoda/Documents/cursor/ppttranslatorapp/node_modules/jest-circus/build/run.js:252:3)
    at _runTestsForDescribeBlock (/Users/yusuketsunoda/Documents/cursor/ppttranslatorapp/node_modules/jest-circus/build/run.js:126:9)
    at _runTestsForDescribeBlock (/Users/yusuketsunoda/Documents/cursor/ppttranslatorapp/node_modules/jest-circus/build/run.js:121:9)
    at _runTestsForDescribeBlock (/Users/yusuketsunoda/Documents/cursor/ppttranslatorapp/node_modules/jest-circus/build/run.js:121:9)
    at run (/Users/yusuketsunoda/Documents/cursor/ppttranslatorapp/node_modules/jest-circus/build/run.js:71:3)
    at runAndTransformResultsToJestFormat (/Users/yusuketsunoda/Documents/cursor/ppttranslatorapp/node_modules/jest-circus/build/legacy-code-todo-rewrite/jestAdapterInit.js:122:21)
    at jestAdapter (/Users/yusuketsunoda/Documents/cursor/ppttranslatorapp/node_modules/jest-circus/build/legacy-code-todo-rewrite/jestAdapter.js:79:19)
    at runTestInternal (/Users/yusuketsunoda/Documents/cursor/ppttranslatorapp/node_modules/jest-runner/build/runTest.js:367:16)
    at runTest (/Users/yusuketsunoda/Documents/cursor/ppttranslatorapp/node_modules/jest-runner/build/runTest.js:444:34)</failure>
    </testcase>
    <testcase classname="エラーハンドリングユーティリティ › エラー作成関数" name="レート制限エラーを正しく作成する" time="0">
      <failure>TypeError: Cannot read properties of undefined (reading &apos;RATE_LIMIT&apos;)
    at Object.RATE_LIMIT (/Users/yusuketsunoda/Documents/cursor/ppttranslatorapp/worktrees/feature-performance-optimization/tests/utils/error-handler.test.ts:90:41)
    at Promise.then.completed (/Users/yusuketsunoda/Documents/cursor/ppttranslatorapp/node_modules/jest-circus/build/utils.js:298:28)
    at new Promise (&lt;anonymous&gt;)
    at callAsyncCircusFn (/Users/yusuketsunoda/Documents/cursor/ppttranslatorapp/node_modules/jest-circus/build/utils.js:231:10)
    at _callCircusTest (/Users/yusuketsunoda/Documents/cursor/ppttranslatorapp/node_modules/jest-circus/build/run.js:316:40)
    at _runTest (/Users/yusuketsunoda/Documents/cursor/ppttranslatorapp/node_modules/jest-circus/build/run.js:252:3)
    at _runTestsForDescribeBlock (/Users/yusuketsunoda/Documents/cursor/ppttranslatorapp/node_modules/jest-circus/build/run.js:126:9)
    at _runTestsForDescribeBlock (/Users/yusuketsunoda/Documents/cursor/ppttranslatorapp/node_modules/jest-circus/build/run.js:121:9)
    at _runTestsForDescribeBlock (/Users/yusuketsunoda/Documents/cursor/ppttranslatorapp/node_modules/jest-circus/build/run.js:121:9)
    at run (/Users/yusuketsunoda/Documents/cursor/ppttranslatorapp/node_modules/jest-circus/build/run.js:71:3)
    at runAndTransformResultsToJestFormat (/Users/yusuketsunoda/Documents/cursor/ppttranslatorapp/node_modules/jest-circus/build/legacy-code-todo-rewrite/jestAdapterInit.js:122:21)
    at jestAdapter (/Users/yusuketsunoda/Documents/cursor/ppttranslatorapp/node_modules/jest-circus/build/legacy-code-todo-rewrite/jestAdapter.js:79:19)
    at runTestInternal (/Users/yusuketsunoda/Documents/cursor/ppttranslatorapp/node_modules/jest-runner/build/runTest.js:367:16)
    at runTest (/Users/yusuketsunoda/Documents/cursor/ppttranslatorapp/node_modules/jest-runner/build/runTest.js:444:34)</failure>
    </testcase>
    <testcase classname="エラーハンドリングユーティリティ › エラーハンドリング関数" name="クライアントエラーを正しく処理する" time="0">
    </testcase>
    <testcase classname="エラーハンドリングユーティリティ › エラーハンドリング関数" name="AppErrorのクライアントエラーを正しく処理する" time="0.001">
    </testcase>
    <testcase classname="エラーハンドリングユーティリティ › エラーハンドリング関数" name="APIエラーを正しく処理する" time="0">
      <failure>Error: expect(received).toEqual(expected) // deep equality

- Expected  - 1
+ Received  + 0

  Object {
-   &quot;code&quot;: &quot;UNKNOWN_ERROR&quot;,
    &quot;error&quot;: &quot;APIエラー&quot;,
    &quot;status&quot;: 500,
  }
    at Object.toEqual (/Users/yusuketsunoda/Documents/cursor/ppttranslatorapp/worktrees/feature-performance-optimization/tests/utils/error-handler.test.ts:116:22)
    at Promise.then.completed (/Users/yusuketsunoda/Documents/cursor/ppttranslatorapp/node_modules/jest-circus/build/utils.js:298:28)
    at new Promise (&lt;anonymous&gt;)
    at callAsyncCircusFn (/Users/yusuketsunoda/Documents/cursor/ppttranslatorapp/node_modules/jest-circus/build/utils.js:231:10)
    at _callCircusTest (/Users/yusuketsunoda/Documents/cursor/ppttranslatorapp/node_modules/jest-circus/build/run.js:316:40)
    at _runTest (/Users/yusuketsunoda/Documents/cursor/ppttranslatorapp/node_modules/jest-circus/build/run.js:252:3)
    at _runTestsForDescribeBlock (/Users/yusuketsunoda/Documents/cursor/ppttranslatorapp/node_modules/jest-circus/build/run.js:126:9)
    at _runTestsForDescribeBlock (/Users/yusuketsunoda/Documents/cursor/ppttranslatorapp/node_modules/jest-circus/build/run.js:121:9)
    at _runTestsForDescribeBlock (/Users/yusuketsunoda/Documents/cursor/ppttranslatorapp/node_modules/jest-circus/build/run.js:121:9)
    at run (/Users/yusuketsunoda/Documents/cursor/ppttranslatorapp/node_modules/jest-circus/build/run.js:71:3)
    at runAndTransformResultsToJestFormat (/Users/yusuketsunoda/Documents/cursor/ppttranslatorapp/node_modules/jest-circus/build/legacy-code-todo-rewrite/jestAdapterInit.js:122:21)
    at jestAdapter (/Users/yusuketsunoda/Documents/cursor/ppttranslatorapp/node_modules/jest-circus/build/legacy-code-todo-rewrite/jestAdapter.js:79:19)
    at runTestInternal (/Users/yusuketsunoda/Documents/cursor/ppttranslatorapp/node_modules/jest-runner/build/runTest.js:367:16)
    at runTest (/Users/yusuketsunoda/Documents/cursor/ppttranslatorapp/node_modules/jest-runner/build/runTest.js:444:34)</failure>
    </testcase>
    <testcase classname="エラーハンドリングユーティリティ › エラーハンドリング関数" name="ネットワークエラーを正しく処理する" time="0">
      <failure>Error: expect(jest.fn()).toHaveBeenCalledWith(...expected)

Expected: &quot;Client error:&quot;, Any&lt;AppError&gt;
Received: &quot;Client error:&quot;, [Error: Failed to fetch]

Number of calls: 1
    at Object.toHaveBeenCalledWith (/Users/yusuketsunoda/Documents/cursor/ppttranslatorapp/worktrees/feature-performance-optimization/tests/utils/error-handler.test.ts:127:29)
    at Promise.then.completed (/Users/yusuketsunoda/Documents/cursor/ppttranslatorapp/node_modules/jest-circus/build/utils.js:298:28)
    at new Promise (&lt;anonymous&gt;)
    at callAsyncCircusFn (/Users/yusuketsunoda/Documents/cursor/ppttranslatorapp/node_modules/jest-circus/build/utils.js:231:10)
    at _callCircusTest (/Users/yusuketsunoda/Documents/cursor/ppttranslatorapp/node_modules/jest-circus/build/run.js:316:40)
    at _runTest (/Users/yusuketsunoda/Documents/cursor/ppttranslatorapp/node_modules/jest-circus/build/run.js:252:3)
    at _runTestsForDescribeBlock (/Users/yusuketsunoda/Documents/cursor/ppttranslatorapp/node_modules/jest-circus/build/run.js:126:9)
    at _runTestsForDescribeBlock (/Users/yusuketsunoda/Documents/cursor/ppttranslatorapp/node_modules/jest-circus/build/run.js:121:9)
    at _runTestsForDescribeBlock (/Users/yusuketsunoda/Documents/cursor/ppttranslatorapp/node_modules/jest-circus/build/run.js:121:9)
    at run (/Users/yusuketsunoda/Documents/cursor/ppttranslatorapp/node_modules/jest-circus/build/run.js:71:3)
    at runAndTransformResultsToJestFormat (/Users/yusuketsunoda/Documents/cursor/ppttranslatorapp/node_modules/jest-circus/build/legacy-code-todo-rewrite/jestAdapterInit.js:122:21)
    at jestAdapter (/Users/yusuketsunoda/Documents/cursor/ppttranslatorapp/node_modules/jest-circus/build/legacy-code-todo-rewrite/jestAdapter.js:79:19)
    at runTestInternal (/Users/yusuketsunoda/Documents/cursor/ppttranslatorapp/node_modules/jest-runner/build/runTest.js:367:16)
    at runTest (/Users/yusuketsunoda/Documents/cursor/ppttranslatorapp/node_modules/jest-runner/build/runTest.js:444:34)</failure>
    </testcase>
    <testcase classname="エラーハンドリングユーティリティ › エラーハンドリング関数" name="プリズマエラーを正しく処理する" time="0.001">
      <failure>Error: expect(jest.fn()).toHaveBeenCalledWith(...expected)

Expected: &quot;Client error:&quot;, Any&lt;AppError&gt;
Received: &quot;Client error:&quot;, [PrismaClientKnownRequestError: Prisma error]

Number of calls: 1
    at Object.toHaveBeenCalledWith (/Users/yusuketsunoda/Documents/cursor/ppttranslatorapp/worktrees/feature-performance-optimization/tests/utils/error-handler.test.ts:135:29)
    at Promise.then.completed (/Users/yusuketsunoda/Documents/cursor/ppttranslatorapp/node_modules/jest-circus/build/utils.js:298:28)
    at new Promise (&lt;anonymous&gt;)
    at callAsyncCircusFn (/Users/yusuketsunoda/Documents/cursor/ppttranslatorapp/node_modules/jest-circus/build/utils.js:231:10)
    at _callCircusTest (/Users/yusuketsunoda/Documents/cursor/ppttranslatorapp/node_modules/jest-circus/build/run.js:316:40)
    at _runTest (/Users/yusuketsunoda/Documents/cursor/ppttranslatorapp/node_modules/jest-circus/build/run.js:252:3)
    at _runTestsForDescribeBlock (/Users/yusuketsunoda/Documents/cursor/ppttranslatorapp/node_modules/jest-circus/build/run.js:126:9)
    at _runTestsForDescribeBlock (/Users/yusuketsunoda/Documents/cursor/ppttranslatorapp/node_modules/jest-circus/build/run.js:121:9)
    at _runTestsForDescribeBlock (/Users/yusuketsunoda/Documents/cursor/ppttranslatorapp/node_modules/jest-circus/build/run.js:121:9)
    at run (/Users/yusuketsunoda/Documents/cursor/ppttranslatorapp/node_modules/jest-circus/build/run.js:71:3)
    at runAndTransformResultsToJestFormat (/Users/yusuketsunoda/Documents/cursor/ppttranslatorapp/node_modules/jest-circus/build/legacy-code-todo-rewrite/jestAdapterInit.js:122:21)
    at jestAdapter (/Users/yusuketsunoda/Documents/cursor/ppttranslatorapp/node_modules/jest-circus/build/legacy-code-todo-rewrite/jestAdapter.js:79:19)
    at runTestInternal (/Users/yusuketsunoda/Documents/cursor/ppttranslatorapp/node_modules/jest-runner/build/runTest.js:367:16)
    at runTest (/Users/yusuketsunoda/Documents/cursor/ppttranslatorapp/node_modules/jest-runner/build/runTest.js:444:34)</failure>
    </testcase>
    <testcase classname="エラーハンドリングユーティリティ › エラーハンドリング関数" name="nullエラーを処理できる" time="0">
      <failure>Error: expect(jest.fn()).toHaveBeenCalledWith(...expected)

Expected: &quot;Client error:&quot;, Any&lt;AppError&gt;
Received: &quot;Client error:&quot;, null

Number of calls: 1
    at Object.toHaveBeenCalledWith (/Users/yusuketsunoda/Documents/cursor/ppttranslatorapp/worktrees/feature-performance-optimization/tests/utils/error-handler.test.ts:141:29)
    at Promise.then.completed (/Users/yusuketsunoda/Documents/cursor/ppttranslatorapp/node_modules/jest-circus/build/utils.js:298:28)
    at new Promise (&lt;anonymous&gt;)
    at callAsyncCircusFn (/Users/yusuketsunoda/Documents/cursor/ppttranslatorapp/node_modules/jest-circus/build/utils.js:231:10)
    at _callCircusTest (/Users/yusuketsunoda/Documents/cursor/ppttranslatorapp/node_modules/jest-circus/build/run.js:316:40)
    at _runTest (/Users/yusuketsunoda/Documents/cursor/ppttranslatorapp/node_modules/jest-circus/build/run.js:252:3)
    at _runTestsForDescribeBlock (/Users/yusuketsunoda/Documents/cursor/ppttranslatorapp/node_modules/jest-circus/build/run.js:126:9)
    at _runTestsForDescribeBlock (/Users/yusuketsunoda/Documents/cursor/ppttranslatorapp/node_modules/jest-circus/build/run.js:121:9)
    at _runTestsForDescribeBlock (/Users/yusuketsunoda/Documents/cursor/ppttranslatorapp/node_modules/jest-circus/build/run.js:121:9)
    at run (/Users/yusuketsunoda/Documents/cursor/ppttranslatorapp/node_modules/jest-circus/build/run.js:71:3)
    at runAndTransformResultsToJestFormat (/Users/yusuketsunoda/Documents/cursor/ppttranslatorapp/node_modules/jest-circus/build/legacy-code-todo-rewrite/jestAdapterInit.js:122:21)
    at jestAdapter (/Users/yusuketsunoda/Documents/cursor/ppttranslatorapp/node_modules/jest-circus/build/legacy-code-todo-rewrite/jestAdapter.js:79:19)
    at runTestInternal (/Users/yusuketsunoda/Documents/cursor/ppttranslatorapp/node_modules/jest-runner/build/runTest.js:367:16)
    at runTest (/Users/yusuketsunoda/Documents/cursor/ppttranslatorapp/node_modules/jest-runner/build/runTest.js:444:34)</failure>
    </testcase>
    <testcase classname="エラーハンドリングユーティリティ › AppErrorクラス" name="正しく初期化される" time="0.001">
      <failure>TypeError: Cannot read properties of undefined (reading &apos;AUTH&apos;)
    at Object.AUTH (/Users/yusuketsunoda/Documents/cursor/ppttranslatorapp/worktrees/feature-performance-optimization/tests/utils/error-handler.test.ts:149:25)
    at Promise.then.completed (/Users/yusuketsunoda/Documents/cursor/ppttranslatorapp/node_modules/jest-circus/build/utils.js:298:28)
    at new Promise (&lt;anonymous&gt;)
    at callAsyncCircusFn (/Users/yusuketsunoda/Documents/cursor/ppttranslatorapp/node_modules/jest-circus/build/utils.js:231:10)
    at _callCircusTest (/Users/yusuketsunoda/Documents/cursor/ppttranslatorapp/node_modules/jest-circus/build/run.js:316:40)
    at _runTest (/Users/yusuketsunoda/Documents/cursor/ppttranslatorapp/node_modules/jest-circus/build/run.js:252:3)
    at _runTestsForDescribeBlock (/Users/yusuketsunoda/Documents/cursor/ppttranslatorapp/node_modules/jest-circus/build/run.js:126:9)
    at _runTestsForDescribeBlock (/Users/yusuketsunoda/Documents/cursor/ppttranslatorapp/node_modules/jest-circus/build/run.js:121:9)
    at _runTestsForDescribeBlock (/Users/yusuketsunoda/Documents/cursor/ppttranslatorapp/node_modules/jest-circus/build/run.js:121:9)
    at run (/Users/yusuketsunoda/Documents/cursor/ppttranslatorapp/node_modules/jest-circus/build/run.js:71:3)
    at runAndTransformResultsToJestFormat (/Users/yusuketsunoda/Documents/cursor/ppttranslatorapp/node_modules/jest-circus/build/legacy-code-todo-rewrite/jestAdapterInit.js:122:21)
    at jestAdapter (/Users/yusuketsunoda/Documents/cursor/ppttranslatorapp/node_modules/jest-circus/build/legacy-code-todo-rewrite/jestAdapter.js:79:19)
    at runTestInternal (/Users/yusuketsunoda/Documents/cursor/ppttranslatorapp/node_modules/jest-runner/build/runTest.js:367:16)
    at runTest (/Users/yusuketsunoda/Documents/cursor/ppttranslatorapp/node_modules/jest-runner/build/runTest.js:444:34)</failure>
    </testcase>
    <testcase classname="エラーハンドリングユーティリティ › AppErrorクラス" name="コンテキスト情報を持つことができる" time="0">
      <failure>TypeError: Cannot read properties of undefined (reading &apos;AUTH&apos;)
    at Object.AUTH (/Users/yusuketsunoda/Documents/cursor/ppttranslatorapp/worktrees/feature-performance-optimization/tests/utils/error-handler.test.ts:163:25)
    at Promise.then.completed (/Users/yusuketsunoda/Documents/cursor/ppttranslatorapp/node_modules/jest-circus/build/utils.js:298:28)
    at new Promise (&lt;anonymous&gt;)
    at callAsyncCircusFn (/Users/yusuketsunoda/Documents/cursor/ppttranslatorapp/node_modules/jest-circus/build/utils.js:231:10)
    at _callCircusTest (/Users/yusuketsunoda/Documents/cursor/ppttranslatorapp/node_modules/jest-circus/build/run.js:316:40)
    at _runTest (/Users/yusuketsunoda/Documents/cursor/ppttranslatorapp/node_modules/jest-circus/build/run.js:252:3)
    at _runTestsForDescribeBlock (/Users/yusuketsunoda/Documents/cursor/ppttranslatorapp/node_modules/jest-circus/build/run.js:126:9)
    at _runTestsForDescribeBlock (/Users/yusuketsunoda/Documents/cursor/ppttranslatorapp/node_modules/jest-circus/build/run.js:121:9)
    at _runTestsForDescribeBlock (/Users/yusuketsunoda/Documents/cursor/ppttranslatorapp/node_modules/jest-circus/build/run.js:121:9)
    at run (/Users/yusuketsunoda/Documents/cursor/ppttranslatorapp/node_modules/jest-circus/build/run.js:71:3)
    at runAndTransformResultsToJestFormat (/Users/yusuketsunoda/Documents/cursor/ppttranslatorapp/node_modules/jest-circus/build/legacy-code-todo-rewrite/jestAdapterInit.js:122:21)
    at jestAdapter (/Users/yusuketsunoda/Documents/cursor/ppttranslatorapp/node_modules/jest-circus/build/legacy-code-todo-rewrite/jestAdapter.js:79:19)
    at runTestInternal (/Users/yusuketsunoda/Documents/cursor/ppttranslatorapp/node_modules/jest-runner/build/runTest.js:367:16)
    at runTest (/Users/yusuketsunoda/Documents/cursor/ppttranslatorapp/node_modules/jest-runner/build/runTest.js:444:34)</failure>
    </testcase>
    <testcase classname="エラーハンドリングユーティリティ › AppErrorクラス" name="元のエラーを保持できる" time="0.001">
      <failure>TypeError: Cannot read properties of undefined (reading &apos;AUTH&apos;)
    at Object.AUTH (/Users/yusuketsunoda/Documents/cursor/ppttranslatorapp/worktrees/feature-performance-optimization/tests/utils/error-handler.test.ts:175:25)
    at Promise.then.completed (/Users/yusuketsunoda/Documents/cursor/ppttranslatorapp/node_modules/jest-circus/build/utils.js:298:28)
    at new Promise (&lt;anonymous&gt;)
    at callAsyncCircusFn (/Users/yusuketsunoda/Documents/cursor/ppttranslatorapp/node_modules/jest-circus/build/utils.js:231:10)
    at _callCircusTest (/Users/yusuketsunoda/Documents/cursor/ppttranslatorapp/node_modules/jest-circus/build/run.js:316:40)
    at _runTest (/Users/yusuketsunoda/Documents/cursor/ppttranslatorapp/node_modules/jest-circus/build/run.js:252:3)
    at _runTestsForDescribeBlock (/Users/yusuketsunoda/Documents/cursor/ppttranslatorapp/node_modules/jest-circus/build/run.js:126:9)
    at _runTestsForDescribeBlock (/Users/yusuketsunoda/Documents/cursor/ppttranslatorapp/node_modules/jest-circus/build/run.js:121:9)
    at _runTestsForDescribeBlock (/Users/yusuketsunoda/Documents/cursor/ppttranslatorapp/node_modules/jest-circus/build/run.js:121:9)
    at run (/Users/yusuketsunoda/Documents/cursor/ppttranslatorapp/node_modules/jest-circus/build/run.js:71:3)
    at runAndTransformResultsToJestFormat (/Users/yusuketsunoda/Documents/cursor/ppttranslatorapp/node_modules/jest-circus/build/legacy-code-todo-rewrite/jestAdapterInit.js:122:21)
    at jestAdapter (/Users/yusuketsunoda/Documents/cursor/ppttranslatorapp/node_modules/jest-circus/build/legacy-code-todo-rewrite/jestAdapter.js:79:19)
    at runTestInternal (/Users/yusuketsunoda/Documents/cursor/ppttranslatorapp/node_modules/jest-runner/build/runTest.js:367:16)
    at runTest (/Users/yusuketsunoda/Documents/cursor/ppttranslatorapp/node_modules/jest-runner/build/runTest.js:444:34)</failure>
    </testcase>
    <testcase classname="エラーハンドリングユーティリティ › AppErrorクラス" name="デフォルト値で初期化できる" time="0.001">
      <failure>TypeError: Cannot read properties of undefined (reading &apos;UNKNOWN&apos;)
    at Object.UNKNOWN (/Users/yusuketsunoda/Documents/cursor/ppttranslatorapp/worktrees/feature-performance-optimization/tests/utils/error-handler.test.ts:189:41)
    at Promise.then.completed (/Users/yusuketsunoda/Documents/cursor/ppttranslatorapp/node_modules/jest-circus/build/utils.js:298:28)
    at new Promise (&lt;anonymous&gt;)
    at callAsyncCircusFn (/Users/yusuketsunoda/Documents/cursor/ppttranslatorapp/node_modules/jest-circus/build/utils.js:231:10)
    at _callCircusTest (/Users/yusuketsunoda/Documents/cursor/ppttranslatorapp/node_modules/jest-circus/build/run.js:316:40)
    at _runTest (/Users/yusuketsunoda/Documents/cursor/ppttranslatorapp/node_modules/jest-circus/build/run.js:252:3)
    at _runTestsForDescribeBlock (/Users/yusuketsunoda/Documents/cursor/ppttranslatorapp/node_modules/jest-circus/build/run.js:126:9)
    at _runTestsForDescribeBlock (/Users/yusuketsunoda/Documents/cursor/ppttranslatorapp/node_modules/jest-circus/build/run.js:121:9)
    at _runTestsForDescribeBlock (/Users/yusuketsunoda/Documents/cursor/ppttranslatorapp/node_modules/jest-circus/build/run.js:121:9)
    at run (/Users/yusuketsunoda/Documents/cursor/ppttranslatorapp/node_modules/jest-circus/build/run.js:71:3)
    at runAndTransformResultsToJestFormat (/Users/yusuketsunoda/Documents/cursor/ppttranslatorapp/node_modules/jest-circus/build/legacy-code-todo-rewrite/jestAdapterInit.js:122:21)
    at jestAdapter (/Users/yusuketsunoda/Documents/cursor/ppttranslatorapp/node_modules/jest-circus/build/legacy-code-todo-rewrite/jestAdapter.js:79:19)
    at runTestInternal (/Users/yusuketsunoda/Documents/cursor/ppttranslatorapp/node_modules/jest-runner/build/runTest.js:367:16)
    at runTest (/Users/yusuketsunoda/Documents/cursor/ppttranslatorapp/node_modules/jest-runner/build/runTest.js:444:34)</failure>
    </testcase>
    <testcase classname="エラーハンドリングユーティリティ › Error Creators" name="createValidationErrorが正しいAppErrorを作成する" time="0">
      <failure>TypeError: Cannot read properties of undefined (reading &apos;VALIDATION&apos;)
    at Object.VALIDATION (/Users/yusuketsunoda/Documents/cursor/ppttranslatorapp/worktrees/feature-performance-optimization/tests/utils/error-handler.test.ts:199:41)
    at Promise.then.completed (/Users/yusuketsunoda/Documents/cursor/ppttranslatorapp/node_modules/jest-circus/build/utils.js:298:28)
    at new Promise (&lt;anonymous&gt;)
    at callAsyncCircusFn (/Users/yusuketsunoda/Documents/cursor/ppttranslatorapp/node_modules/jest-circus/build/utils.js:231:10)
    at _callCircusTest (/Users/yusuketsunoda/Documents/cursor/ppttranslatorapp/node_modules/jest-circus/build/run.js:316:40)
    at _runTest (/Users/yusuketsunoda/Documents/cursor/ppttranslatorapp/node_modules/jest-circus/build/run.js:252:3)
    at _runTestsForDescribeBlock (/Users/yusuketsunoda/Documents/cursor/ppttranslatorapp/node_modules/jest-circus/build/run.js:126:9)
    at _runTestsForDescribeBlock (/Users/yusuketsunoda/Documents/cursor/ppttranslatorapp/node_modules/jest-circus/build/run.js:121:9)
    at _runTestsForDescribeBlock (/Users/yusuketsunoda/Documents/cursor/ppttranslatorapp/node_modules/jest-circus/build/run.js:121:9)
    at run (/Users/yusuketsunoda/Documents/cursor/ppttranslatorapp/node_modules/jest-circus/build/run.js:71:3)
    at runAndTransformResultsToJestFormat (/Users/yusuketsunoda/Documents/cursor/ppttranslatorapp/node_modules/jest-circus/build/legacy-code-todo-rewrite/jestAdapterInit.js:122:21)
    at jestAdapter (/Users/yusuketsunoda/Documents/cursor/ppttranslatorapp/node_modules/jest-circus/build/legacy-code-todo-rewrite/jestAdapter.js:79:19)
    at runTestInternal (/Users/yusuketsunoda/Documents/cursor/ppttranslatorapp/node_modules/jest-runner/build/runTest.js:367:16)
    at runTest (/Users/yusuketsunoda/Documents/cursor/ppttranslatorapp/node_modules/jest-runner/build/runTest.js:444:34)</failure>
    </testcase>
    <testcase classname="エラーハンドリングユーティリティ › Error Creators" name="createAuthErrorが正しいAppErrorを作成する" time="0">
      <failure>TypeError: Cannot read properties of undefined (reading &apos;AUTH&apos;)
    at Object.AUTH (/Users/yusuketsunoda/Documents/cursor/ppttranslatorapp/worktrees/feature-performance-optimization/tests/utils/error-handler.test.ts:208:41)
    at Promise.then.completed (/Users/yusuketsunoda/Documents/cursor/ppttranslatorapp/node_modules/jest-circus/build/utils.js:298:28)
    at new Promise (&lt;anonymous&gt;)
    at callAsyncCircusFn (/Users/yusuketsunoda/Documents/cursor/ppttranslatorapp/node_modules/jest-circus/build/utils.js:231:10)
    at _callCircusTest (/Users/yusuketsunoda/Documents/cursor/ppttranslatorapp/node_modules/jest-circus/build/run.js:316:40)
    at _runTest (/Users/yusuketsunoda/Documents/cursor/ppttranslatorapp/node_modules/jest-circus/build/run.js:252:3)
    at _runTestsForDescribeBlock (/Users/yusuketsunoda/Documents/cursor/ppttranslatorapp/node_modules/jest-circus/build/run.js:126:9)
    at _runTestsForDescribeBlock (/Users/yusuketsunoda/Documents/cursor/ppttranslatorapp/node_modules/jest-circus/build/run.js:121:9)
    at _runTestsForDescribeBlock (/Users/yusuketsunoda/Documents/cursor/ppttranslatorapp/node_modules/jest-circus/build/run.js:121:9)
    at run (/Users/yusuketsunoda/Documents/cursor/ppttranslatorapp/node_modules/jest-circus/build/run.js:71:3)
    at runAndTransformResultsToJestFormat (/Users/yusuketsunoda/Documents/cursor/ppttranslatorapp/node_modules/jest-circus/build/legacy-code-todo-rewrite/jestAdapterInit.js:122:21)
    at jestAdapter (/Users/yusuketsunoda/Documents/cursor/ppttranslatorapp/node_modules/jest-circus/build/legacy-code-todo-rewrite/jestAdapter.js:79:19)
    at runTestInternal (/Users/yusuketsunoda/Documents/cursor/ppttranslatorapp/node_modules/jest-runner/build/runTest.js:367:16)
    at runTest (/Users/yusuketsunoda/Documents/cursor/ppttranslatorapp/node_modules/jest-runner/build/runTest.js:444:34)</failure>
    </testcase>
    <testcase classname="エラーハンドリングユーティリティ › Error Creators" name="createForbiddenErrorが正しいAppErrorを作成する" time="0">
      <failure>TypeError: Cannot read properties of undefined (reading &apos;FORBIDDEN&apos;)
    at Object.FORBIDDEN (/Users/yusuketsunoda/Documents/cursor/ppttranslatorapp/worktrees/feature-performance-optimization/tests/utils/error-handler.test.ts:217:41)
    at Promise.then.completed (/Users/yusuketsunoda/Documents/cursor/ppttranslatorapp/node_modules/jest-circus/build/utils.js:298:28)
    at new Promise (&lt;anonymous&gt;)
    at callAsyncCircusFn (/Users/yusuketsunoda/Documents/cursor/ppttranslatorapp/node_modules/jest-circus/build/utils.js:231:10)
    at _callCircusTest (/Users/yusuketsunoda/Documents/cursor/ppttranslatorapp/node_modules/jest-circus/build/run.js:316:40)
    at _runTest (/Users/yusuketsunoda/Documents/cursor/ppttranslatorapp/node_modules/jest-circus/build/run.js:252:3)
    at _runTestsForDescribeBlock (/Users/yusuketsunoda/Documents/cursor/ppttranslatorapp/node_modules/jest-circus/build/run.js:126:9)
    at _runTestsForDescribeBlock (/Users/yusuketsunoda/Documents/cursor/ppttranslatorapp/node_modules/jest-circus/build/run.js:121:9)
    at _runTestsForDescribeBlock (/Users/yusuketsunoda/Documents/cursor/ppttranslatorapp/node_modules/jest-circus/build/run.js:121:9)
    at run (/Users/yusuketsunoda/Documents/cursor/ppttranslatorapp/node_modules/jest-circus/build/run.js:71:3)
    at runAndTransformResultsToJestFormat (/Users/yusuketsunoda/Documents/cursor/ppttranslatorapp/node_modules/jest-circus/build/legacy-code-todo-rewrite/jestAdapterInit.js:122:21)
    at jestAdapter (/Users/yusuketsunoda/Documents/cursor/ppttranslatorapp/node_modules/jest-circus/build/legacy-code-todo-rewrite/jestAdapter.js:79:19)
    at runTestInternal (/Users/yusuketsunoda/Documents/cursor/ppttranslatorapp/node_modules/jest-runner/build/runTest.js:367:16)
    at runTest (/Users/yusuketsunoda/Documents/cursor/ppttranslatorapp/node_modules/jest-runner/build/runTest.js:444:34)</failure>
    </testcase>
    <testcase classname="エラーハンドリングユーティリティ › Error Creators" name="createNotFoundErrorが正しいAppErrorを作成する" time="0">
      <failure>TypeError: Cannot read properties of undefined (reading &apos;NOT_FOUND&apos;)
    at Object.NOT_FOUND (/Users/yusuketsunoda/Documents/cursor/ppttranslatorapp/worktrees/feature-performance-optimization/tests/utils/error-handler.test.ts:226:41)
    at Promise.then.completed (/Users/yusuketsunoda/Documents/cursor/ppttranslatorapp/node_modules/jest-circus/build/utils.js:298:28)
    at new Promise (&lt;anonymous&gt;)
    at callAsyncCircusFn (/Users/yusuketsunoda/Documents/cursor/ppttranslatorapp/node_modules/jest-circus/build/utils.js:231:10)
    at _callCircusTest (/Users/yusuketsunoda/Documents/cursor/ppttranslatorapp/node_modules/jest-circus/build/run.js:316:40)
    at _runTest (/Users/yusuketsunoda/Documents/cursor/ppttranslatorapp/node_modules/jest-circus/build/run.js:252:3)
    at _runTestsForDescribeBlock (/Users/yusuketsunoda/Documents/cursor/ppttranslatorapp/node_modules/jest-circus/build/run.js:126:9)
    at _runTestsForDescribeBlock (/Users/yusuketsunoda/Documents/cursor/ppttranslatorapp/node_modules/jest-circus/build/run.js:121:9)
    at _runTestsForDescribeBlock (/Users/yusuketsunoda/Documents/cursor/ppttranslatorapp/node_modules/jest-circus/build/run.js:121:9)
    at run (/Users/yusuketsunoda/Documents/cursor/ppttranslatorapp/node_modules/jest-circus/build/run.js:71:3)
    at runAndTransformResultsToJestFormat (/Users/yusuketsunoda/Documents/cursor/ppttranslatorapp/node_modules/jest-circus/build/legacy-code-todo-rewrite/jestAdapterInit.js:122:21)
    at jestAdapter (/Users/yusuketsunoda/Documents/cursor/ppttranslatorapp/node_modules/jest-circus/build/legacy-code-todo-rewrite/jestAdapter.js:79:19)
    at runTestInternal (/Users/yusuketsunoda/Documents/cursor/ppttranslatorapp/node_modules/jest-runner/build/runTest.js:367:16)
    at runTest (/Users/yusuketsunoda/Documents/cursor/ppttranslatorapp/node_modules/jest-runner/build/runTest.js:444:34)</failure>
    </testcase>
    <testcase classname="エラーハンドリングユーティリティ › Error Creators" name="createRateLimitErrorが正しいAppErrorを作成する" time="0">
      <failure>TypeError: Cannot read properties of undefined (reading &apos;RATE_LIMIT&apos;)
    at Object.RATE_LIMIT (/Users/yusuketsunoda/Documents/cursor/ppttranslatorapp/worktrees/feature-performance-optimization/tests/utils/error-handler.test.ts:235:41)
    at Promise.then.completed (/Users/yusuketsunoda/Documents/cursor/ppttranslatorapp/node_modules/jest-circus/build/utils.js:298:28)
    at new Promise (&lt;anonymous&gt;)
    at callAsyncCircusFn (/Users/yusuketsunoda/Documents/cursor/ppttranslatorapp/node_modules/jest-circus/build/utils.js:231:10)
    at _callCircusTest (/Users/yusuketsunoda/Documents/cursor/ppttranslatorapp/node_modules/jest-circus/build/run.js:316:40)
    at _runTest (/Users/yusuketsunoda/Documents/cursor/ppttranslatorapp/node_modules/jest-circus/build/run.js:252:3)
    at _runTestsForDescribeBlock (/Users/yusuketsunoda/Documents/cursor/ppttranslatorapp/node_modules/jest-circus/build/run.js:126:9)
    at _runTestsForDescribeBlock (/Users/yusuketsunoda/Documents/cursor/ppttranslatorapp/node_modules/jest-circus/build/run.js:121:9)
    at _runTestsForDescribeBlock (/Users/yusuketsunoda/Documents/cursor/ppttranslatorapp/node_modules/jest-circus/build/run.js:121:9)
    at run (/Users/yusuketsunoda/Documents/cursor/ppttranslatorapp/node_modules/jest-circus/build/run.js:71:3)
    at runAndTransformResultsToJestFormat (/Users/yusuketsunoda/Documents/cursor/ppttranslatorapp/node_modules/jest-circus/build/legacy-code-todo-rewrite/jestAdapterInit.js:122:21)
    at jestAdapter (/Users/yusuketsunoda/Documents/cursor/ppttranslatorapp/node_modules/jest-circus/build/legacy-code-todo-rewrite/jestAdapter.js:79:19)
    at runTestInternal (/Users/yusuketsunoda/Documents/cursor/ppttranslatorapp/node_modules/jest-runner/build/runTest.js:367:16)
    at runTest (/Users/yusuketsunoda/Documents/cursor/ppttranslatorapp/node_modules/jest-runner/build/runTest.js:444:34)</failure>
    </testcase>
    <testcase classname="エラーハンドリングユーティリティ › Error Creators" name="createDatabaseErrorが正しいAppErrorを作成する" time="0">
      <failure>TypeError: Cannot read properties of undefined (reading &apos;DATABASE&apos;)
    at Object.DATABASE (/Users/yusuketsunoda/Documents/cursor/ppttranslatorapp/worktrees/feature-performance-optimization/tests/utils/error-handler.test.ts:244:41)
    at Promise.then.completed (/Users/yusuketsunoda/Documents/cursor/ppttranslatorapp/node_modules/jest-circus/build/utils.js:298:28)
    at new Promise (&lt;anonymous&gt;)
    at callAsyncCircusFn (/Users/yusuketsunoda/Documents/cursor/ppttranslatorapp/node_modules/jest-circus/build/utils.js:231:10)
    at _callCircusTest (/Users/yusuketsunoda/Documents/cursor/ppttranslatorapp/node_modules/jest-circus/build/run.js:316:40)
    at _runTest (/Users/yusuketsunoda/Documents/cursor/ppttranslatorapp/node_modules/jest-circus/build/run.js:252:3)
    at _runTestsForDescribeBlock (/Users/yusuketsunoda/Documents/cursor/ppttranslatorapp/node_modules/jest-circus/build/run.js:126:9)
    at _runTestsForDescribeBlock (/Users/yusuketsunoda/Documents/cursor/ppttranslatorapp/node_modules/jest-circus/build/run.js:121:9)
    at _runTestsForDescribeBlock (/Users/yusuketsunoda/Documents/cursor/ppttranslatorapp/node_modules/jest-circus/build/run.js:121:9)
    at run (/Users/yusuketsunoda/Documents/cursor/ppttranslatorapp/node_modules/jest-circus/build/run.js:71:3)
    at runAndTransformResultsToJestFormat (/Users/yusuketsunoda/Documents/cursor/ppttranslatorapp/node_modules/jest-circus/build/legacy-code-todo-rewrite/jestAdapterInit.js:122:21)
    at jestAdapter (/Users/yusuketsunoda/Documents/cursor/ppttranslatorapp/node_modules/jest-circus/build/legacy-code-todo-rewrite/jestAdapter.js:79:19)
    at runTestInternal (/Users/yusuketsunoda/Documents/cursor/ppttranslatorapp/node_modules/jest-runner/build/runTest.js:367:16)
    at runTest (/Users/yusuketsunoda/Documents/cursor/ppttranslatorapp/node_modules/jest-runner/build/runTest.js:444:34)</failure>
    </testcase>
    <testcase classname="エラーハンドリングユーティリティ › mapSessionErrorToAppError" name="EXPIREDエラーを正しく変換する" time="0.001">
      <failure>TypeError: Cannot read properties of undefined (reading &apos;AUTH&apos;)
    at Object.AUTH (/Users/yusuketsunoda/Documents/cursor/ppttranslatorapp/worktrees/feature-performance-optimization/tests/utils/error-handler.test.ts:255:41)
    at Promise.then.completed (/Users/yusuketsunoda/Documents/cursor/ppttranslatorapp/node_modules/jest-circus/build/utils.js:298:28)
    at new Promise (&lt;anonymous&gt;)
    at callAsyncCircusFn (/Users/yusuketsunoda/Documents/cursor/ppttranslatorapp/node_modules/jest-circus/build/utils.js:231:10)
    at _callCircusTest (/Users/yusuketsunoda/Documents/cursor/ppttranslatorapp/node_modules/jest-circus/build/run.js:316:40)
    at _runTest (/Users/yusuketsunoda/Documents/cursor/ppttranslatorapp/node_modules/jest-circus/build/run.js:252:3)
    at _runTestsForDescribeBlock (/Users/yusuketsunoda/Documents/cursor/ppttranslatorapp/node_modules/jest-circus/build/run.js:126:9)
    at _runTestsForDescribeBlock (/Users/yusuketsunoda/Documents/cursor/ppttranslatorapp/node_modules/jest-circus/build/run.js:121:9)
    at _runTestsForDescribeBlock (/Users/yusuketsunoda/Documents/cursor/ppttranslatorapp/node_modules/jest-circus/build/run.js:121:9)
    at run (/Users/yusuketsunoda/Documents/cursor/ppttranslatorapp/node_modules/jest-circus/build/run.js:71:3)
    at runAndTransformResultsToJestFormat (/Users/yusuketsunoda/Documents/cursor/ppttranslatorapp/node_modules/jest-circus/build/legacy-code-todo-rewrite/jestAdapterInit.js:122:21)
    at jestAdapter (/Users/yusuketsunoda/Documents/cursor/ppttranslatorapp/node_modules/jest-circus/build/legacy-code-todo-rewrite/jestAdapter.js:79:19)
    at runTestInternal (/Users/yusuketsunoda/Documents/cursor/ppttranslatorapp/node_modules/jest-runner/build/runTest.js:367:16)
    at runTest (/Users/yusuketsunoda/Documents/cursor/ppttranslatorapp/node_modules/jest-runner/build/runTest.js:444:34)</failure>
    </testcase>
    <testcase classname="エラーハンドリングユーティリティ › mapSessionErrorToAppError" name="INVALIDエラーを正しく変換する" time="0">
      <failure>TypeError: Cannot read properties of undefined (reading &apos;AUTH&apos;)
    at Object.AUTH (/Users/yusuketsunoda/Documents/cursor/ppttranslatorapp/worktrees/feature-performance-optimization/tests/utils/error-handler.test.ts:264:41)
    at Promise.then.completed (/Users/yusuketsunoda/Documents/cursor/ppttranslatorapp/node_modules/jest-circus/build/utils.js:298:28)
    at new Promise (&lt;anonymous&gt;)
    at callAsyncCircusFn (/Users/yusuketsunoda/Documents/cursor/ppttranslatorapp/node_modules/jest-circus/build/utils.js:231:10)
    at _callCircusTest (/Users/yusuketsunoda/Documents/cursor/ppttranslatorapp/node_modules/jest-circus/build/run.js:316:40)
    at _runTest (/Users/yusuketsunoda/Documents/cursor/ppttranslatorapp/node_modules/jest-circus/build/run.js:252:3)
    at _runTestsForDescribeBlock (/Users/yusuketsunoda/Documents/cursor/ppttranslatorapp/node_modules/jest-circus/build/run.js:126:9)
    at _runTestsForDescribeBlock (/Users/yusuketsunoda/Documents/cursor/ppttranslatorapp/node_modules/jest-circus/build/run.js:121:9)
    at _runTestsForDescribeBlock (/Users/yusuketsunoda/Documents/cursor/ppttranslatorapp/node_modules/jest-circus/build/run.js:121:9)
    at run (/Users/yusuketsunoda/Documents/cursor/ppttranslatorapp/node_modules/jest-circus/build/run.js:71:3)
    at runAndTransformResultsToJestFormat (/Users/yusuketsunoda/Documents/cursor/ppttranslatorapp/node_modules/jest-circus/build/legacy-code-todo-rewrite/jestAdapterInit.js:122:21)
    at jestAdapter (/Users/yusuketsunoda/Documents/cursor/ppttranslatorapp/node_modules/jest-circus/build/legacy-code-todo-rewrite/jestAdapter.js:79:19)
    at runTestInternal (/Users/yusuketsunoda/Documents/cursor/ppttranslatorapp/node_modules/jest-runner/build/runTest.js:367:16)
    at runTest (/Users/yusuketsunoda/Documents/cursor/ppttranslatorapp/node_modules/jest-runner/build/runTest.js:444:34)</failure>
    </testcase>
    <testcase classname="エラーハンドリングユーティリティ › mapSessionErrorToAppError" name="NETWORKエラーを正しく変換する" time="0">
      <failure>TypeError: Cannot read properties of undefined (reading &apos;NETWORK&apos;)
    at Object.NETWORK (/Users/yusuketsunoda/Documents/cursor/ppttranslatorapp/worktrees/feature-performance-optimization/tests/utils/error-handler.test.ts:273:41)
    at Promise.then.completed (/Users/yusuketsunoda/Documents/cursor/ppttranslatorapp/node_modules/jest-circus/build/utils.js:298:28)
    at new Promise (&lt;anonymous&gt;)
    at callAsyncCircusFn (/Users/yusuketsunoda/Documents/cursor/ppttranslatorapp/node_modules/jest-circus/build/utils.js:231:10)
    at _callCircusTest (/Users/yusuketsunoda/Documents/cursor/ppttranslatorapp/node_modules/jest-circus/build/run.js:316:40)
    at _runTest (/Users/yusuketsunoda/Documents/cursor/ppttranslatorapp/node_modules/jest-circus/build/run.js:252:3)
    at _runTestsForDescribeBlock (/Users/yusuketsunoda/Documents/cursor/ppttranslatorapp/node_modules/jest-circus/build/run.js:126:9)
    at _runTestsForDescribeBlock (/Users/yusuketsunoda/Documents/cursor/ppttranslatorapp/node_modules/jest-circus/build/run.js:121:9)
    at _runTestsForDescribeBlock (/Users/yusuketsunoda/Documents/cursor/ppttranslatorapp/node_modules/jest-circus/build/run.js:121:9)
    at run (/Users/yusuketsunoda/Documents/cursor/ppttranslatorapp/node_modules/jest-circus/build/run.js:71:3)
    at runAndTransformResultsToJestFormat (/Users/yusuketsunoda/Documents/cursor/ppttranslatorapp/node_modules/jest-circus/build/legacy-code-todo-rewrite/jestAdapterInit.js:122:21)
    at jestAdapter (/Users/yusuketsunoda/Documents/cursor/ppttranslatorapp/node_modules/jest-circus/build/legacy-code-todo-rewrite/jestAdapter.js:79:19)
    at runTestInternal (/Users/yusuketsunoda/Documents/cursor/ppttranslatorapp/node_modules/jest-runner/build/runTest.js:367:16)
    at runTest (/Users/yusuketsunoda/Documents/cursor/ppttranslatorapp/node_modules/jest-runner/build/runTest.js:444:34)</failure>
    </testcase>
    <testcase classname="エラーハンドリングユーティリティ › mapSessionErrorToAppError" name="UNAUTHORIZEDエラーを正しく変換する" time="0">
      <failure>TypeError: Cannot read properties of undefined (reading &apos;AUTH&apos;)
    at Object.AUTH (/Users/yusuketsunoda/Documents/cursor/ppttranslatorapp/worktrees/feature-performance-optimization/tests/utils/error-handler.test.ts:282:41)
    at Promise.then.completed (/Users/yusuketsunoda/Documents/cursor/ppttranslatorapp/node_modules/jest-circus/build/utils.js:298:28)
    at new Promise (&lt;anonymous&gt;)
    at callAsyncCircusFn (/Users/yusuketsunoda/Documents/cursor/ppttranslatorapp/node_modules/jest-circus/build/utils.js:231:10)
    at _callCircusTest (/Users/yusuketsunoda/Documents/cursor/ppttranslatorapp/node_modules/jest-circus/build/run.js:316:40)
    at _runTest (/Users/yusuketsunoda/Documents/cursor/ppttranslatorapp/node_modules/jest-circus/build/run.js:252:3)
    at _runTestsForDescribeBlock (/Users/yusuketsunoda/Documents/cursor/ppttranslatorapp/node_modules/jest-circus/build/run.js:126:9)
    at _runTestsForDescribeBlock (/Users/yusuketsunoda/Documents/cursor/ppttranslatorapp/node_modules/jest-circus/build/run.js:121:9)
    at _runTestsForDescribeBlock (/Users/yusuketsunoda/Documents/cursor/ppttranslatorapp/node_modules/jest-circus/build/run.js:121:9)
    at run (/Users/yusuketsunoda/Documents/cursor/ppttranslatorapp/node_modules/jest-circus/build/run.js:71:3)
    at runAndTransformResultsToJestFormat (/Users/yusuketsunoda/Documents/cursor/ppttranslatorapp/node_modules/jest-circus/build/legacy-code-todo-rewrite/jestAdapterInit.js:122:21)
    at jestAdapter (/Users/yusuketsunoda/Documents/cursor/ppttranslatorapp/node_modules/jest-circus/build/legacy-code-todo-rewrite/jestAdapter.js:79:19)
    at runTestInternal (/Users/yusuketsunoda/Documents/cursor/ppttranslatorapp/node_modules/jest-runner/build/runTest.js:367:16)
    at runTest (/Users/yusuketsunoda/Documents/cursor/ppttranslatorapp/node_modules/jest-runner/build/runTest.js:444:34)</failure>
    </testcase>
    <testcase classname="エラーハンドリングユーティリティ › mapSessionErrorToAppError" name="UNKNOWNエラーを正しく変換する" time="0">
      <failure>TypeError: Cannot read properties of undefined (reading &apos;UNKNOWN&apos;)
    at Object.UNKNOWN (/Users/yusuketsunoda/Documents/cursor/ppttranslatorapp/worktrees/feature-performance-optimization/tests/utils/error-handler.test.ts:291:41)
    at Promise.then.completed (/Users/yusuketsunoda/Documents/cursor/ppttranslatorapp/node_modules/jest-circus/build/utils.js:298:28)
    at new Promise (&lt;anonymous&gt;)
    at callAsyncCircusFn (/Users/yusuketsunoda/Documents/cursor/ppttranslatorapp/node_modules/jest-circus/build/utils.js:231:10)
    at _callCircusTest (/Users/yusuketsunoda/Documents/cursor/ppttranslatorapp/node_modules/jest-circus/build/run.js:316:40)
    at _runTest (/Users/yusuketsunoda/Documents/cursor/ppttranslatorapp/node_modules/jest-circus/build/run.js:252:3)
    at _runTestsForDescribeBlock (/Users/yusuketsunoda/Documents/cursor/ppttranslatorapp/node_modules/jest-circus/build/run.js:126:9)
    at _runTestsForDescribeBlock (/Users/yusuketsunoda/Documents/cursor/ppttranslatorapp/node_modules/jest-circus/build/run.js:121:9)
    at _runTestsForDescribeBlock (/Users/yusuketsunoda/Documents/cursor/ppttranslatorapp/node_modules/jest-circus/build/run.js:121:9)
    at run (/Users/yusuketsunoda/Documents/cursor/ppttranslatorapp/node_modules/jest-circus/build/run.js:71:3)
    at runAndTransformResultsToJestFormat (/Users/yusuketsunoda/Documents/cursor/ppttranslatorapp/node_modules/jest-circus/build/legacy-code-todo-rewrite/jestAdapterInit.js:122:21)
    at jestAdapter (/Users/yusuketsunoda/Documents/cursor/ppttranslatorapp/node_modules/jest-circus/build/legacy-code-todo-rewrite/jestAdapter.js:79:19)
    at runTestInternal (/Users/yusuketsunoda/Documents/cursor/ppttranslatorapp/node_modules/jest-runner/build/runTest.js:367:16)
    at runTest (/Users/yusuketsunoda/Documents/cursor/ppttranslatorapp/node_modules/jest-runner/build/runTest.js:444:34)</failure>
    </testcase>
    <testcase classname="エラーハンドリングユーティリティ › mapSessionErrorToAppError" name="不明なタイプのエラーを正しく変換する" time="0.001">
      <failure>TypeError: Cannot read properties of undefined (reading &apos;UNKNOWN&apos;)
    at Object.UNKNOWN (/Users/yusuketsunoda/Documents/cursor/ppttranslatorapp/worktrees/feature-performance-optimization/tests/utils/error-handler.test.ts:300:41)
    at Promise.then.completed (/Users/yusuketsunoda/Documents/cursor/ppttranslatorapp/node_modules/jest-circus/build/utils.js:298:28)
    at new Promise (&lt;anonymous&gt;)
    at callAsyncCircusFn (/Users/yusuketsunoda/Documents/cursor/ppttranslatorapp/node_modules/jest-circus/build/utils.js:231:10)
    at _callCircusTest (/Users/yusuketsunoda/Documents/cursor/ppttranslatorapp/node_modules/jest-circus/build/run.js:316:40)
    at _runTest (/Users/yusuketsunoda/Documents/cursor/ppttranslatorapp/node_modules/jest-circus/build/run.js:252:3)
    at _runTestsForDescribeBlock (/Users/yusuketsunoda/Documents/cursor/ppttranslatorapp/node_modules/jest-circus/build/run.js:126:9)
    at _runTestsForDescribeBlock (/Users/yusuketsunoda/Documents/cursor/ppttranslatorapp/node_modules/jest-circus/build/run.js:121:9)
    at _runTestsForDescribeBlock (/Users/yusuketsunoda/Documents/cursor/ppttranslatorapp/node_modules/jest-circus/build/run.js:121:9)
    at run (/Users/yusuketsunoda/Documents/cursor/ppttranslatorapp/node_modules/jest-circus/build/run.js:71:3)
    at runAndTransformResultsToJestFormat (/Users/yusuketsunoda/Documents/cursor/ppttranslatorapp/node_modules/jest-circus/build/legacy-code-todo-rewrite/jestAdapterInit.js:122:21)
    at jestAdapter (/Users/yusuketsunoda/Documents/cursor/ppttranslatorapp/node_modules/jest-circus/build/legacy-code-todo-rewrite/jestAdapter.js:79:19)
    at runTestInternal (/Users/yusuketsunoda/Documents/cursor/ppttranslatorapp/node_modules/jest-runner/build/runTest.js:367:16)
    at runTest (/Users/yusuketsunoda/Documents/cursor/ppttranslatorapp/node_modules/jest-runner/build/runTest.js:444:34)</failure>
    </testcase>
    <testcase classname="エラーハンドリングユーティリティ › handleError関数" name="AppErrorをそのまま返す" time="0.001">
    </testcase>
    <testcase classname="エラーハンドリングユーティリティ › handleError関数" name="一般的なErrorをAppErrorに変換する" time="0.001">
      <failure>Error: expect(received).toBe(expected) // Object.is equality

Expected: &quot;一般的なエラー&quot;
Received: &quot;予期せぬエラーが発生しました。しばらく待ってから再試行してください。&quot;
    at Object.toBe (/Users/yusuketsunoda/Documents/cursor/ppttranslatorapp/worktrees/feature-performance-optimization/tests/utils/error-handler.test.ts:319:30)
    at Promise.then.completed (/Users/yusuketsunoda/Documents/cursor/ppttranslatorapp/node_modules/jest-circus/build/utils.js:298:28)
    at new Promise (&lt;anonymous&gt;)
    at callAsyncCircusFn (/Users/yusuketsunoda/Documents/cursor/ppttranslatorapp/node_modules/jest-circus/build/utils.js:231:10)
    at _callCircusTest (/Users/yusuketsunoda/Documents/cursor/ppttranslatorapp/node_modules/jest-circus/build/run.js:316:40)
    at _runTest (/Users/yusuketsunoda/Documents/cursor/ppttranslatorapp/node_modules/jest-circus/build/run.js:252:3)
    at _runTestsForDescribeBlock (/Users/yusuketsunoda/Documents/cursor/ppttranslatorapp/node_modules/jest-circus/build/run.js:126:9)
    at _runTestsForDescribeBlock (/Users/yusuketsunoda/Documents/cursor/ppttranslatorapp/node_modules/jest-circus/build/run.js:121:9)
    at _runTestsForDescribeBlock (/Users/yusuketsunoda/Documents/cursor/ppttranslatorapp/node_modules/jest-circus/build/run.js:121:9)
    at run (/Users/yusuketsunoda/Documents/cursor/ppttranslatorapp/node_modules/jest-circus/build/run.js:71:3)
    at runAndTransformResultsToJestFormat (/Users/yusuketsunoda/Documents/cursor/ppttranslatorapp/node_modules/jest-circus/build/legacy-code-todo-rewrite/jestAdapterInit.js:122:21)
    at jestAdapter (/Users/yusuketsunoda/Documents/cursor/ppttranslatorapp/node_modules/jest-circus/build/legacy-code-todo-rewrite/jestAdapter.js:79:19)
    at runTestInternal (/Users/yusuketsunoda/Documents/cursor/ppttranslatorapp/node_modules/jest-runner/build/runTest.js:367:16)
    at runTest (/Users/yusuketsunoda/Documents/cursor/ppttranslatorapp/node_modules/jest-runner/build/runTest.js:444:34)</failure>
    </testcase>
    <testcase classname="エラーハンドリングユーティリティ › handleError関数" name="nullやundefinedを処理できる" time="0.001">
      <failure>Error: expect(received).toBe(expected) // Object.is equality

Expected: &quot;不明なエラーが発生しました&quot;
Received: &quot;予期せぬエラーが発生しました。しばらく待ってから再試行してください。&quot;
    at Object.toBe (/Users/yusuketsunoda/Documents/cursor/ppttranslatorapp/worktrees/feature-performance-optimization/tests/utils/error-handler.test.ts:327:30)
    at Promise.then.completed (/Users/yusuketsunoda/Documents/cursor/ppttranslatorapp/node_modules/jest-circus/build/utils.js:298:28)
    at new Promise (&lt;anonymous&gt;)
    at callAsyncCircusFn (/Users/yusuketsunoda/Documents/cursor/ppttranslatorapp/node_modules/jest-circus/build/utils.js:231:10)
    at _callCircusTest (/Users/yusuketsunoda/Documents/cursor/ppttranslatorapp/node_modules/jest-circus/build/run.js:316:40)
    at _runTest (/Users/yusuketsunoda/Documents/cursor/ppttranslatorapp/node_modules/jest-circus/build/run.js:252:3)
    at _runTestsForDescribeBlock (/Users/yusuketsunoda/Documents/cursor/ppttranslatorapp/node_modules/jest-circus/build/run.js:126:9)
    at _runTestsForDescribeBlock (/Users/yusuketsunoda/Documents/cursor/ppttranslatorapp/node_modules/jest-circus/build/run.js:121:9)
    at _runTestsForDescribeBlock (/Users/yusuketsunoda/Documents/cursor/ppttranslatorapp/node_modules/jest-circus/build/run.js:121:9)
    at run (/Users/yusuketsunoda/Documents/cursor/ppttranslatorapp/node_modules/jest-circus/build/run.js:71:3)
    at runAndTransformResultsToJestFormat (/Users/yusuketsunoda/Documents/cursor/ppttranslatorapp/node_modules/jest-circus/build/legacy-code-todo-rewrite/jestAdapterInit.js:122:21)
    at jestAdapter (/Users/yusuketsunoda/Documents/cursor/ppttranslatorapp/node_modules/jest-circus/build/legacy-code-todo-rewrite/jestAdapter.js:79:19)
    at runTestInternal (/Users/yusuketsunoda/Documents/cursor/ppttranslatorapp/node_modules/jest-runner/build/runTest.js:367:16)
    at runTest (/Users/yusuketsunoda/Documents/cursor/ppttranslatorapp/node_modules/jest-runner/build/runTest.js:444:34)</failure>
    </testcase>
    <testcase classname="エラーハンドリングユーティリティ › handleError関数" name="objectを文字列化して処理できる" time="0">
      <failure>Error: expect(received).toContain(expected) // indexOf

Expected substring: &quot;{\&quot;foo\&quot;:\&quot;bar\&quot;}&quot;
Received string:    &quot;予期せぬエラーが発生しました。しばらく待ってから再試行してください。&quot;
    at Object.toContain (/Users/yusuketsunoda/Documents/cursor/ppttranslatorapp/worktrees/feature-performance-optimization/tests/utils/error-handler.test.ts:336:30)
    at Promise.then.completed (/Users/yusuketsunoda/Documents/cursor/ppttranslatorapp/node_modules/jest-circus/build/utils.js:298:28)
    at new Promise (&lt;anonymous&gt;)
    at callAsyncCircusFn (/Users/yusuketsunoda/Documents/cursor/ppttranslatorapp/node_modules/jest-circus/build/utils.js:231:10)
    at _callCircusTest (/Users/yusuketsunoda/Documents/cursor/ppttranslatorapp/node_modules/jest-circus/build/run.js:316:40)
    at _runTest (/Users/yusuketsunoda/Documents/cursor/ppttranslatorapp/node_modules/jest-circus/build/run.js:252:3)
    at _runTestsForDescribeBlock (/Users/yusuketsunoda/Documents/cursor/ppttranslatorapp/node_modules/jest-circus/build/run.js:126:9)
    at _runTestsForDescribeBlock (/Users/yusuketsunoda/Documents/cursor/ppttranslatorapp/node_modules/jest-circus/build/run.js:121:9)
    at _runTestsForDescribeBlock (/Users/yusuketsunoda/Documents/cursor/ppttranslatorapp/node_modules/jest-circus/build/run.js:121:9)
    at run (/Users/yusuketsunoda/Documents/cursor/ppttranslatorapp/node_modules/jest-circus/build/run.js:71:3)
    at runAndTransformResultsToJestFormat (/Users/yusuketsunoda/Documents/cursor/ppttranslatorapp/node_modules/jest-circus/build/legacy-code-todo-rewrite/jestAdapterInit.js:122:21)
    at jestAdapter (/Users/yusuketsunoda/Documents/cursor/ppttranslatorapp/node_modules/jest-circus/build/legacy-code-todo-rewrite/jestAdapter.js:79:19)
    at runTestInternal (/Users/yusuketsunoda/Documents/cursor/ppttranslatorapp/node_modules/jest-runner/build/runTest.js:367:16)
    at runTest (/Users/yusuketsunoda/Documents/cursor/ppttranslatorapp/node_modules/jest-runner/build/runTest.js:444:34)</failure>
    </testcase>
    <testcase classname="エラーハンドリングユーティリティ › isAppError関数" name="AppErrorの場合はtrueを返す" time="0">
    </testcase>
    <testcase classname="エラーハンドリングユーティリティ › isAppError関数" name="一般的なErrorの場合はfalseを返す" time="0">
    </testcase>
    <testcase classname="エラーハンドリングユーティリティ › isAppError関数" name="nullやundefinedの場合はfalseを返す" time="0.001">
    </testcase>
    <testcase classname="エラーハンドリングユーティリティ › getErrorMessage関数" name="Errorインスタンスからメッセージを取得する" time="0">
    </testcase>
    <testcase classname="エラーハンドリングユーティリティ › getErrorMessage関数" name="文字列をそのまま返す" time="0.001">
      <failure>Error: expect(received).toBe(expected) // Object.is equality

Expected: &quot;エラー文字列&quot;
Received: &quot;Unknown error occurred&quot;
    at Object.toBe (/Users/yusuketsunoda/Documents/cursor/ppttranslatorapp/worktrees/feature-performance-optimization/tests/utils/error-handler.test.ts:364:41)
    at Promise.then.completed (/Users/yusuketsunoda/Documents/cursor/ppttranslatorapp/node_modules/jest-circus/build/utils.js:298:28)
    at new Promise (&lt;anonymous&gt;)
    at callAsyncCircusFn (/Users/yusuketsunoda/Documents/cursor/ppttranslatorapp/node_modules/jest-circus/build/utils.js:231:10)
    at _callCircusTest (/Users/yusuketsunoda/Documents/cursor/ppttranslatorapp/node_modules/jest-circus/build/run.js:316:40)
    at _runTest (/Users/yusuketsunoda/Documents/cursor/ppttranslatorapp/node_modules/jest-circus/build/run.js:252:3)
    at _runTestsForDescribeBlock (/Users/yusuketsunoda/Documents/cursor/ppttranslatorapp/node_modules/jest-circus/build/run.js:126:9)
    at _runTestsForDescribeBlock (/Users/yusuketsunoda/Documents/cursor/ppttranslatorapp/node_modules/jest-circus/build/run.js:121:9)
    at _runTestsForDescribeBlock (/Users/yusuketsunoda/Documents/cursor/ppttranslatorapp/node_modules/jest-circus/build/run.js:121:9)
    at run (/Users/yusuketsunoda/Documents/cursor/ppttranslatorapp/node_modules/jest-circus/build/run.js:71:3)
    at runAndTransformResultsToJestFormat (/Users/yusuketsunoda/Documents/cursor/ppttranslatorapp/node_modules/jest-circus/build/legacy-code-todo-rewrite/jestAdapterInit.js:122:21)
    at jestAdapter (/Users/yusuketsunoda/Documents/cursor/ppttranslatorapp/node_modules/jest-circus/build/legacy-code-todo-rewrite/jestAdapter.js:79:19)
    at runTestInternal (/Users/yusuketsunoda/Documents/cursor/ppttranslatorapp/node_modules/jest-runner/build/runTest.js:367:16)
    at runTest (/Users/yusuketsunoda/Documents/cursor/ppttranslatorapp/node_modules/jest-runner/build/runTest.js:444:34)</failure>
    </testcase>
    <testcase classname="エラーハンドリングユーティリティ › getErrorMessage関数" name="AppErrorからメッセージを取得する" time="0">
    </testcase>
    <testcase classname="エラーハンドリングユーティリティ › getErrorMessage関数" name="オブジェクトをJSON文字列に変換する" time="0.001">
      <failure>Error: expect(received).toBe(expected) // Object.is equality

Expected: &quot;{\&quot;error\&quot;:\&quot;オブジェクトエラー\&quot;}&quot;
Received: &quot;Unknown error occurred&quot;
    at Object.toBe (/Users/yusuketsunoda/Documents/cursor/ppttranslatorapp/worktrees/feature-performance-optimization/tests/utils/error-handler.test.ts:374:36)
    at Promise.then.completed (/Users/yusuketsunoda/Documents/cursor/ppttranslatorapp/node_modules/jest-circus/build/utils.js:298:28)
    at new Promise (&lt;anonymous&gt;)
    at callAsyncCircusFn (/Users/yusuketsunoda/Documents/cursor/ppttranslatorapp/node_modules/jest-circus/build/utils.js:231:10)
    at _callCircusTest (/Users/yusuketsunoda/Documents/cursor/ppttranslatorapp/node_modules/jest-circus/build/run.js:316:40)
    at _runTest (/Users/yusuketsunoda/Documents/cursor/ppttranslatorapp/node_modules/jest-circus/build/run.js:252:3)
    at _runTestsForDescribeBlock (/Users/yusuketsunoda/Documents/cursor/ppttranslatorapp/node_modules/jest-circus/build/run.js:126:9)
    at _runTestsForDescribeBlock (/Users/yusuketsunoda/Documents/cursor/ppttranslatorapp/node_modules/jest-circus/build/run.js:121:9)
    at _runTestsForDescribeBlock (/Users/yusuketsunoda/Documents/cursor/ppttranslatorapp/node_modules/jest-circus/build/run.js:121:9)
    at run (/Users/yusuketsunoda/Documents/cursor/ppttranslatorapp/node_modules/jest-circus/build/run.js:71:3)
    at runAndTransformResultsToJestFormat (/Users/yusuketsunoda/Documents/cursor/ppttranslatorapp/node_modules/jest-circus/build/legacy-code-todo-rewrite/jestAdapterInit.js:122:21)
    at jestAdapter (/Users/yusuketsunoda/Documents/cursor/ppttranslatorapp/node_modules/jest-circus/build/legacy-code-todo-rewrite/jestAdapter.js:79:19)
    at runTestInternal (/Users/yusuketsunoda/Documents/cursor/ppttranslatorapp/node_modules/jest-runner/build/runTest.js:367:16)
    at runTest (/Users/yusuketsunoda/Documents/cursor/ppttranslatorapp/node_modules/jest-runner/build/runTest.js:444:34)</failure>
    </testcase>
    <testcase classname="エラーハンドリングユーティリティ › getErrorMessage関数" name="nullやundefinedの場合はデフォルトメッセージを返す" time="0">
      <failure>Error: expect(received).toBe(expected) // Object.is equality

Expected: &quot;不明なエラーが発生しました&quot;
Received: &quot;Unknown error occurred&quot;
    at Object.toBe (/Users/yusuketsunoda/Documents/cursor/ppttranslatorapp/worktrees/feature-performance-optimization/tests/utils/error-handler.test.ts:378:37)
    at Promise.then.completed (/Users/yusuketsunoda/Documents/cursor/ppttranslatorapp/node_modules/jest-circus/build/utils.js:298:28)
    at new Promise (&lt;anonymous&gt;)
    at callAsyncCircusFn (/Users/yusuketsunoda/Documents/cursor/ppttranslatorapp/node_modules/jest-circus/build/utils.js:231:10)
    at _callCircusTest (/Users/yusuketsunoda/Documents/cursor/ppttranslatorapp/node_modules/jest-circus/build/run.js:316:40)
    at _runTest (/Users/yusuketsunoda/Documents/cursor/ppttranslatorapp/node_modules/jest-circus/build/run.js:252:3)
    at _runTestsForDescribeBlock (/Users/yusuketsunoda/Documents/cursor/ppttranslatorapp/node_modules/jest-circus/build/run.js:126:9)
    at _runTestsForDescribeBlock (/Users/yusuketsunoda/Documents/cursor/ppttranslatorapp/node_modules/jest-circus/build/run.js:121:9)
    at _runTestsForDescribeBlock (/Users/yusuketsunoda/Documents/cursor/ppttranslatorapp/node_modules/jest-circus/build/run.js:121:9)
    at run (/Users/yusuketsunoda/Documents/cursor/ppttranslatorapp/node_modules/jest-circus/build/run.js:71:3)
    at runAndTransformResultsToJestFormat (/Users/yusuketsunoda/Documents/cursor/ppttranslatorapp/node_modules/jest-circus/build/legacy-code-todo-rewrite/jestAdapterInit.js:122:21)
    at jestAdapter (/Users/yusuketsunoda/Documents/cursor/ppttranslatorapp/node_modules/jest-circus/build/legacy-code-todo-rewrite/jestAdapter.js:79:19)
    at runTestInternal (/Users/yusuketsunoda/Documents/cursor/ppttranslatorapp/node_modules/jest-runner/build/runTest.js:367:16)
    at runTest (/Users/yusuketsunoda/Documents/cursor/ppttranslatorapp/node_modules/jest-runner/build/runTest.js:444:34)</failure>
    </testcase>
  </testsuite>
  <testsuite name="エラーハンドリングユーティリティ" errors="0" failures="32" skipped="0" timestamp="2025-05-16T20:44:11" time="0.175" tests="40">
    <testcase classname="エラーハンドリングユーティリティ › エラー作成関数" name="認証エラーを正しく作成する" time="0.001">
      <failure>TypeError: Cannot read properties of undefined (reading &apos;AUTH&apos;)
    at Object.AUTH (/Users/yusuketsunoda/Documents/cursor/ppttranslatorapp/tests/utils/error-handler.test.ts:45:41)
    at Promise.then.completed (/Users/yusuketsunoda/Documents/cursor/ppttranslatorapp/node_modules/jest-circus/build/utils.js:298:28)
    at new Promise (&lt;anonymous&gt;)
    at callAsyncCircusFn (/Users/yusuketsunoda/Documents/cursor/ppttranslatorapp/node_modules/jest-circus/build/utils.js:231:10)
    at _callCircusTest (/Users/yusuketsunoda/Documents/cursor/ppttranslatorapp/node_modules/jest-circus/build/run.js:316:40)
    at _runTest (/Users/yusuketsunoda/Documents/cursor/ppttranslatorapp/node_modules/jest-circus/build/run.js:252:3)
    at _runTestsForDescribeBlock (/Users/yusuketsunoda/Documents/cursor/ppttranslatorapp/node_modules/jest-circus/build/run.js:126:9)
    at _runTestsForDescribeBlock (/Users/yusuketsunoda/Documents/cursor/ppttranslatorapp/node_modules/jest-circus/build/run.js:121:9)
    at _runTestsForDescribeBlock (/Users/yusuketsunoda/Documents/cursor/ppttranslatorapp/node_modules/jest-circus/build/run.js:121:9)
    at run (/Users/yusuketsunoda/Documents/cursor/ppttranslatorapp/node_modules/jest-circus/build/run.js:71:3)
    at runAndTransformResultsToJestFormat (/Users/yusuketsunoda/Documents/cursor/ppttranslatorapp/node_modules/jest-circus/build/legacy-code-todo-rewrite/jestAdapterInit.js:122:21)
    at jestAdapter (/Users/yusuketsunoda/Documents/cursor/ppttranslatorapp/node_modules/jest-circus/build/legacy-code-todo-rewrite/jestAdapter.js:79:19)
    at runTestInternal (/Users/yusuketsunoda/Documents/cursor/ppttranslatorapp/node_modules/jest-runner/build/runTest.js:367:16)
    at runTest (/Users/yusuketsunoda/Documents/cursor/ppttranslatorapp/node_modules/jest-runner/build/runTest.js:444:34)</failure>
    </testcase>
    <testcase classname="エラーハンドリングユーティリティ › エラー作成関数" name="バリデーションエラーを正しく作成する" time="0.001">
      <failure>TypeError: Cannot read properties of undefined (reading &apos;VALIDATION&apos;)
    at Object.VALIDATION (/Users/yusuketsunoda/Documents/cursor/ppttranslatorapp/tests/utils/error-handler.test.ts:54:41)
    at Promise.then.completed (/Users/yusuketsunoda/Documents/cursor/ppttranslatorapp/node_modules/jest-circus/build/utils.js:298:28)
    at new Promise (&lt;anonymous&gt;)
    at callAsyncCircusFn (/Users/yusuketsunoda/Documents/cursor/ppttranslatorapp/node_modules/jest-circus/build/utils.js:231:10)
    at _callCircusTest (/Users/yusuketsunoda/Documents/cursor/ppttranslatorapp/node_modules/jest-circus/build/run.js:316:40)
    at _runTest (/Users/yusuketsunoda/Documents/cursor/ppttranslatorapp/node_modules/jest-circus/build/run.js:252:3)
    at _runTestsForDescribeBlock (/Users/yusuketsunoda/Documents/cursor/ppttranslatorapp/node_modules/jest-circus/build/run.js:126:9)
    at _runTestsForDescribeBlock (/Users/yusuketsunoda/Documents/cursor/ppttranslatorapp/node_modules/jest-circus/build/run.js:121:9)
    at _runTestsForDescribeBlock (/Users/yusuketsunoda/Documents/cursor/ppttranslatorapp/node_modules/jest-circus/build/run.js:121:9)
    at run (/Users/yusuketsunoda/Documents/cursor/ppttranslatorapp/node_modules/jest-circus/build/run.js:71:3)
    at runAndTransformResultsToJestFormat (/Users/yusuketsunoda/Documents/cursor/ppttranslatorapp/node_modules/jest-circus/build/legacy-code-todo-rewrite/jestAdapterInit.js:122:21)
    at jestAdapter (/Users/yusuketsunoda/Documents/cursor/ppttranslatorapp/node_modules/jest-circus/build/legacy-code-todo-rewrite/jestAdapter.js:79:19)
    at runTestInternal (/Users/yusuketsunoda/Documents/cursor/ppttranslatorapp/node_modules/jest-runner/build/runTest.js:367:16)
    at runTest (/Users/yusuketsunoda/Documents/cursor/ppttranslatorapp/node_modules/jest-runner/build/runTest.js:444:34)</failure>
    </testcase>
    <testcase classname="エラーハンドリングユーティリティ › エラー作成関数" name="Not Foundエラーを正しく作成する" time="0.001">
      <failure>TypeError: Cannot read properties of undefined (reading &apos;NOT_FOUND&apos;)
    at Object.NOT_FOUND (/Users/yusuketsunoda/Documents/cursor/ppttranslatorapp/tests/utils/error-handler.test.ts:63:41)
    at Promise.then.completed (/Users/yusuketsunoda/Documents/cursor/ppttranslatorapp/node_modules/jest-circus/build/utils.js:298:28)
    at new Promise (&lt;anonymous&gt;)
    at callAsyncCircusFn (/Users/yusuketsunoda/Documents/cursor/ppttranslatorapp/node_modules/jest-circus/build/utils.js:231:10)
    at _callCircusTest (/Users/yusuketsunoda/Documents/cursor/ppttranslatorapp/node_modules/jest-circus/build/run.js:316:40)
    at _runTest (/Users/yusuketsunoda/Documents/cursor/ppttranslatorapp/node_modules/jest-circus/build/run.js:252:3)
    at _runTestsForDescribeBlock (/Users/yusuketsunoda/Documents/cursor/ppttranslatorapp/node_modules/jest-circus/build/run.js:126:9)
    at _runTestsForDescribeBlock (/Users/yusuketsunoda/Documents/cursor/ppttranslatorapp/node_modules/jest-circus/build/run.js:121:9)
    at _runTestsForDescribeBlock (/Users/yusuketsunoda/Documents/cursor/ppttranslatorapp/node_modules/jest-circus/build/run.js:121:9)
    at run (/Users/yusuketsunoda/Documents/cursor/ppttranslatorapp/node_modules/jest-circus/build/run.js:71:3)
    at runAndTransformResultsToJestFormat (/Users/yusuketsunoda/Documents/cursor/ppttranslatorapp/node_modules/jest-circus/build/legacy-code-todo-rewrite/jestAdapterInit.js:122:21)
    at jestAdapter (/Users/yusuketsunoda/Documents/cursor/ppttranslatorapp/node_modules/jest-circus/build/legacy-code-todo-rewrite/jestAdapter.js:79:19)
    at runTestInternal (/Users/yusuketsunoda/Documents/cursor/ppttranslatorapp/node_modules/jest-runner/build/runTest.js:367:16)
    at runTest (/Users/yusuketsunoda/Documents/cursor/ppttranslatorapp/node_modules/jest-runner/build/runTest.js:444:34)</failure>
    </testcase>
    <testcase classname="エラーハンドリングユーティリティ › エラー作成関数" name="権限エラーを正しく作成する" time="0.001">
      <failure>TypeError: Cannot read properties of undefined (reading &apos;FORBIDDEN&apos;)
    at Object.FORBIDDEN (/Users/yusuketsunoda/Documents/cursor/ppttranslatorapp/tests/utils/error-handler.test.ts:72:41)
    at Promise.then.completed (/Users/yusuketsunoda/Documents/cursor/ppttranslatorapp/node_modules/jest-circus/build/utils.js:298:28)
    at new Promise (&lt;anonymous&gt;)
    at callAsyncCircusFn (/Users/yusuketsunoda/Documents/cursor/ppttranslatorapp/node_modules/jest-circus/build/utils.js:231:10)
    at _callCircusTest (/Users/yusuketsunoda/Documents/cursor/ppttranslatorapp/node_modules/jest-circus/build/run.js:316:40)
    at _runTest (/Users/yusuketsunoda/Documents/cursor/ppttranslatorapp/node_modules/jest-circus/build/run.js:252:3)
    at _runTestsForDescribeBlock (/Users/yusuketsunoda/Documents/cursor/ppttranslatorapp/node_modules/jest-circus/build/run.js:126:9)
    at _runTestsForDescribeBlock (/Users/yusuketsunoda/Documents/cursor/ppttranslatorapp/node_modules/jest-circus/build/run.js:121:9)
    at _runTestsForDescribeBlock (/Users/yusuketsunoda/Documents/cursor/ppttranslatorapp/node_modules/jest-circus/build/run.js:121:9)
    at run (/Users/yusuketsunoda/Documents/cursor/ppttranslatorapp/node_modules/jest-circus/build/run.js:71:3)
    at runAndTransformResultsToJestFormat (/Users/yusuketsunoda/Documents/cursor/ppttranslatorapp/node_modules/jest-circus/build/legacy-code-todo-rewrite/jestAdapterInit.js:122:21)
    at jestAdapter (/Users/yusuketsunoda/Documents/cursor/ppttranslatorapp/node_modules/jest-circus/build/legacy-code-todo-rewrite/jestAdapter.js:79:19)
    at runTestInternal (/Users/yusuketsunoda/Documents/cursor/ppttranslatorapp/node_modules/jest-runner/build/runTest.js:367:16)
    at runTest (/Users/yusuketsunoda/Documents/cursor/ppttranslatorapp/node_modules/jest-runner/build/runTest.js:444:34)</failure>
    </testcase>
    <testcase classname="エラーハンドリングユーティリティ › エラー作成関数" name="データベースエラーを正しく作成する" time="0.001">
      <failure>TypeError: Cannot read properties of undefined (reading &apos;DATABASE&apos;)
    at Object.DATABASE (/Users/yusuketsunoda/Documents/cursor/ppttranslatorapp/tests/utils/error-handler.test.ts:81:41)
    at Promise.then.completed (/Users/yusuketsunoda/Documents/cursor/ppttranslatorapp/node_modules/jest-circus/build/utils.js:298:28)
    at new Promise (&lt;anonymous&gt;)
    at callAsyncCircusFn (/Users/yusuketsunoda/Documents/cursor/ppttranslatorapp/node_modules/jest-circus/build/utils.js:231:10)
    at _callCircusTest (/Users/yusuketsunoda/Documents/cursor/ppttranslatorapp/node_modules/jest-circus/build/run.js:316:40)
    at _runTest (/Users/yusuketsunoda/Documents/cursor/ppttranslatorapp/node_modules/jest-circus/build/run.js:252:3)
    at _runTestsForDescribeBlock (/Users/yusuketsunoda/Documents/cursor/ppttranslatorapp/node_modules/jest-circus/build/run.js:126:9)
    at _runTestsForDescribeBlock (/Users/yusuketsunoda/Documents/cursor/ppttranslatorapp/node_modules/jest-circus/build/run.js:121:9)
    at _runTestsForDescribeBlock (/Users/yusuketsunoda/Documents/cursor/ppttranslatorapp/node_modules/jest-circus/build/run.js:121:9)
    at run (/Users/yusuketsunoda/Documents/cursor/ppttranslatorapp/node_modules/jest-circus/build/run.js:71:3)
    at runAndTransformResultsToJestFormat (/Users/yusuketsunoda/Documents/cursor/ppttranslatorapp/node_modules/jest-circus/build/legacy-code-todo-rewrite/jestAdapterInit.js:122:21)
    at jestAdapter (/Users/yusuketsunoda/Documents/cursor/ppttranslatorapp/node_modules/jest-circus/build/legacy-code-todo-rewrite/jestAdapter.js:79:19)
    at runTestInternal (/Users/yusuketsunoda/Documents/cursor/ppttranslatorapp/node_modules/jest-runner/build/runTest.js:367:16)
    at runTest (/Users/yusuketsunoda/Documents/cursor/ppttranslatorapp/node_modules/jest-runner/build/runTest.js:444:34)</failure>
    </testcase>
    <testcase classname="エラーハンドリングユーティリティ › エラー作成関数" name="レート制限エラーを正しく作成する" time="0">
      <failure>TypeError: Cannot read properties of undefined (reading &apos;RATE_LIMIT&apos;)
    at Object.RATE_LIMIT (/Users/yusuketsunoda/Documents/cursor/ppttranslatorapp/tests/utils/error-handler.test.ts:90:41)
    at Promise.then.completed (/Users/yusuketsunoda/Documents/cursor/ppttranslatorapp/node_modules/jest-circus/build/utils.js:298:28)
    at new Promise (&lt;anonymous&gt;)
    at callAsyncCircusFn (/Users/yusuketsunoda/Documents/cursor/ppttranslatorapp/node_modules/jest-circus/build/utils.js:231:10)
    at _callCircusTest (/Users/yusuketsunoda/Documents/cursor/ppttranslatorapp/node_modules/jest-circus/build/run.js:316:40)
    at _runTest (/Users/yusuketsunoda/Documents/cursor/ppttranslatorapp/node_modules/jest-circus/build/run.js:252:3)
    at _runTestsForDescribeBlock (/Users/yusuketsunoda/Documents/cursor/ppttranslatorapp/node_modules/jest-circus/build/run.js:126:9)
    at _runTestsForDescribeBlock (/Users/yusuketsunoda/Documents/cursor/ppttranslatorapp/node_modules/jest-circus/build/run.js:121:9)
    at _runTestsForDescribeBlock (/Users/yusuketsunoda/Documents/cursor/ppttranslatorapp/node_modules/jest-circus/build/run.js:121:9)
    at run (/Users/yusuketsunoda/Documents/cursor/ppttranslatorapp/node_modules/jest-circus/build/run.js:71:3)
    at runAndTransformResultsToJestFormat (/Users/yusuketsunoda/Documents/cursor/ppttranslatorapp/node_modules/jest-circus/build/legacy-code-todo-rewrite/jestAdapterInit.js:122:21)
    at jestAdapter (/Users/yusuketsunoda/Documents/cursor/ppttranslatorapp/node_modules/jest-circus/build/legacy-code-todo-rewrite/jestAdapter.js:79:19)
    at runTestInternal (/Users/yusuketsunoda/Documents/cursor/ppttranslatorapp/node_modules/jest-runner/build/runTest.js:367:16)
    at runTest (/Users/yusuketsunoda/Documents/cursor/ppttranslatorapp/node_modules/jest-runner/build/runTest.js:444:34)</failure>
    </testcase>
    <testcase classname="エラーハンドリングユーティリティ › エラーハンドリング関数" name="クライアントエラーを正しく処理する" time="0.002">
    </testcase>
    <testcase classname="エラーハンドリングユーティリティ › エラーハンドリング関数" name="AppErrorのクライアントエラーを正しく処理する" time="0.001">
    </testcase>
    <testcase classname="エラーハンドリングユーティリティ › エラーハンドリング関数" name="APIエラーを正しく処理する" time="0.001">
      <failure>Error: expect(received).toEqual(expected) // deep equality

- Expected  - 1
+ Received  + 0

  Object {
-   &quot;code&quot;: &quot;UNKNOWN_ERROR&quot;,
    &quot;error&quot;: &quot;APIエラー&quot;,
    &quot;status&quot;: 500,
  }
    at Object.toEqual (/Users/yusuketsunoda/Documents/cursor/ppttranslatorapp/tests/utils/error-handler.test.ts:116:22)
    at Promise.then.completed (/Users/yusuketsunoda/Documents/cursor/ppttranslatorapp/node_modules/jest-circus/build/utils.js:298:28)
    at new Promise (&lt;anonymous&gt;)
    at callAsyncCircusFn (/Users/yusuketsunoda/Documents/cursor/ppttranslatorapp/node_modules/jest-circus/build/utils.js:231:10)
    at _callCircusTest (/Users/yusuketsunoda/Documents/cursor/ppttranslatorapp/node_modules/jest-circus/build/run.js:316:40)
    at _runTest (/Users/yusuketsunoda/Documents/cursor/ppttranslatorapp/node_modules/jest-circus/build/run.js:252:3)
    at _runTestsForDescribeBlock (/Users/yusuketsunoda/Documents/cursor/ppttranslatorapp/node_modules/jest-circus/build/run.js:126:9)
    at _runTestsForDescribeBlock (/Users/yusuketsunoda/Documents/cursor/ppttranslatorapp/node_modules/jest-circus/build/run.js:121:9)
    at _runTestsForDescribeBlock (/Users/yusuketsunoda/Documents/cursor/ppttranslatorapp/node_modules/jest-circus/build/run.js:121:9)
    at run (/Users/yusuketsunoda/Documents/cursor/ppttranslatorapp/node_modules/jest-circus/build/run.js:71:3)
    at runAndTransformResultsToJestFormat (/Users/yusuketsunoda/Documents/cursor/ppttranslatorapp/node_modules/jest-circus/build/legacy-code-todo-rewrite/jestAdapterInit.js:122:21)
    at jestAdapter (/Users/yusuketsunoda/Documents/cursor/ppttranslatorapp/node_modules/jest-circus/build/legacy-code-todo-rewrite/jestAdapter.js:79:19)
    at runTestInternal (/Users/yusuketsunoda/Documents/cursor/ppttranslatorapp/node_modules/jest-runner/build/runTest.js:367:16)
    at runTest (/Users/yusuketsunoda/Documents/cursor/ppttranslatorapp/node_modules/jest-runner/build/runTest.js:444:34)</failure>
    </testcase>
    <testcase classname="エラーハンドリングユーティリティ › エラーハンドリング関数" name="ネットワークエラーを正しく処理する" time="0">
      <failure>Error: expect(jest.fn()).toHaveBeenCalledWith(...expected)

Expected: &quot;Client error:&quot;, Any&lt;AppError&gt;
Received: &quot;Client error:&quot;, [Error: Failed to fetch]

Number of calls: 1
    at Object.toHaveBeenCalledWith (/Users/yusuketsunoda/Documents/cursor/ppttranslatorapp/tests/utils/error-handler.test.ts:127:29)
    at Promise.then.completed (/Users/yusuketsunoda/Documents/cursor/ppttranslatorapp/node_modules/jest-circus/build/utils.js:298:28)
    at new Promise (&lt;anonymous&gt;)
    at callAsyncCircusFn (/Users/yusuketsunoda/Documents/cursor/ppttranslatorapp/node_modules/jest-circus/build/utils.js:231:10)
    at _callCircusTest (/Users/yusuketsunoda/Documents/cursor/ppttranslatorapp/node_modules/jest-circus/build/run.js:316:40)
    at _runTest (/Users/yusuketsunoda/Documents/cursor/ppttranslatorapp/node_modules/jest-circus/build/run.js:252:3)
    at _runTestsForDescribeBlock (/Users/yusuketsunoda/Documents/cursor/ppttranslatorapp/node_modules/jest-circus/build/run.js:126:9)
    at _runTestsForDescribeBlock (/Users/yusuketsunoda/Documents/cursor/ppttranslatorapp/node_modules/jest-circus/build/run.js:121:9)
    at _runTestsForDescribeBlock (/Users/yusuketsunoda/Documents/cursor/ppttranslatorapp/node_modules/jest-circus/build/run.js:121:9)
    at run (/Users/yusuketsunoda/Documents/cursor/ppttranslatorapp/node_modules/jest-circus/build/run.js:71:3)
    at runAndTransformResultsToJestFormat (/Users/yusuketsunoda/Documents/cursor/ppttranslatorapp/node_modules/jest-circus/build/legacy-code-todo-rewrite/jestAdapterInit.js:122:21)
    at jestAdapter (/Users/yusuketsunoda/Documents/cursor/ppttranslatorapp/node_modules/jest-circus/build/legacy-code-todo-rewrite/jestAdapter.js:79:19)
    at runTestInternal (/Users/yusuketsunoda/Documents/cursor/ppttranslatorapp/node_modules/jest-runner/build/runTest.js:367:16)
    at runTest (/Users/yusuketsunoda/Documents/cursor/ppttranslatorapp/node_modules/jest-runner/build/runTest.js:444:34)</failure>
    </testcase>
    <testcase classname="エラーハンドリングユーティリティ › エラーハンドリング関数" name="プリズマエラーを正しく処理する" time="0.001">
      <failure>Error: expect(jest.fn()).toHaveBeenCalledWith(...expected)

Expected: &quot;Client error:&quot;, Any&lt;AppError&gt;
Received: &quot;Client error:&quot;, [PrismaClientKnownRequestError: Prisma error]

Number of calls: 1
    at Object.toHaveBeenCalledWith (/Users/yusuketsunoda/Documents/cursor/ppttranslatorapp/tests/utils/error-handler.test.ts:135:29)
    at Promise.then.completed (/Users/yusuketsunoda/Documents/cursor/ppttranslatorapp/node_modules/jest-circus/build/utils.js:298:28)
    at new Promise (&lt;anonymous&gt;)
    at callAsyncCircusFn (/Users/yusuketsunoda/Documents/cursor/ppttranslatorapp/node_modules/jest-circus/build/utils.js:231:10)
    at _callCircusTest (/Users/yusuketsunoda/Documents/cursor/ppttranslatorapp/node_modules/jest-circus/build/run.js:316:40)
    at _runTest (/Users/yusuketsunoda/Documents/cursor/ppttranslatorapp/node_modules/jest-circus/build/run.js:252:3)
    at _runTestsForDescribeBlock (/Users/yusuketsunoda/Documents/cursor/ppttranslatorapp/node_modules/jest-circus/build/run.js:126:9)
    at _runTestsForDescribeBlock (/Users/yusuketsunoda/Documents/cursor/ppttranslatorapp/node_modules/jest-circus/build/run.js:121:9)
    at _runTestsForDescribeBlock (/Users/yusuketsunoda/Documents/cursor/ppttranslatorapp/node_modules/jest-circus/build/run.js:121:9)
    at run (/Users/yusuketsunoda/Documents/cursor/ppttranslatorapp/node_modules/jest-circus/build/run.js:71:3)
    at runAndTransformResultsToJestFormat (/Users/yusuketsunoda/Documents/cursor/ppttranslatorapp/node_modules/jest-circus/build/legacy-code-todo-rewrite/jestAdapterInit.js:122:21)
    at jestAdapter (/Users/yusuketsunoda/Documents/cursor/ppttranslatorapp/node_modules/jest-circus/build/legacy-code-todo-rewrite/jestAdapter.js:79:19)
    at runTestInternal (/Users/yusuketsunoda/Documents/cursor/ppttranslatorapp/node_modules/jest-runner/build/runTest.js:367:16)
    at runTest (/Users/yusuketsunoda/Documents/cursor/ppttranslatorapp/node_modules/jest-runner/build/runTest.js:444:34)</failure>
    </testcase>
    <testcase classname="エラーハンドリングユーティリティ › エラーハンドリング関数" name="nullエラーを処理できる" time="0">
      <failure>Error: expect(jest.fn()).toHaveBeenCalledWith(...expected)

Expected: &quot;Client error:&quot;, Any&lt;AppError&gt;
Received: &quot;Client error:&quot;, null

Number of calls: 1
    at Object.toHaveBeenCalledWith (/Users/yusuketsunoda/Documents/cursor/ppttranslatorapp/tests/utils/error-handler.test.ts:141:29)
    at Promise.then.completed (/Users/yusuketsunoda/Documents/cursor/ppttranslatorapp/node_modules/jest-circus/build/utils.js:298:28)
    at new Promise (&lt;anonymous&gt;)
    at callAsyncCircusFn (/Users/yusuketsunoda/Documents/cursor/ppttranslatorapp/node_modules/jest-circus/build/utils.js:231:10)
    at _callCircusTest (/Users/yusuketsunoda/Documents/cursor/ppttranslatorapp/node_modules/jest-circus/build/run.js:316:40)
    at _runTest (/Users/yusuketsunoda/Documents/cursor/ppttranslatorapp/node_modules/jest-circus/build/run.js:252:3)
    at _runTestsForDescribeBlock (/Users/yusuketsunoda/Documents/cursor/ppttranslatorapp/node_modules/jest-circus/build/run.js:126:9)
    at _runTestsForDescribeBlock (/Users/yusuketsunoda/Documents/cursor/ppttranslatorapp/node_modules/jest-circus/build/run.js:121:9)
    at _runTestsForDescribeBlock (/Users/yusuketsunoda/Documents/cursor/ppttranslatorapp/node_modules/jest-circus/build/run.js:121:9)
    at run (/Users/yusuketsunoda/Documents/cursor/ppttranslatorapp/node_modules/jest-circus/build/run.js:71:3)
    at runAndTransformResultsToJestFormat (/Users/yusuketsunoda/Documents/cursor/ppttranslatorapp/node_modules/jest-circus/build/legacy-code-todo-rewrite/jestAdapterInit.js:122:21)
    at jestAdapter (/Users/yusuketsunoda/Documents/cursor/ppttranslatorapp/node_modules/jest-circus/build/legacy-code-todo-rewrite/jestAdapter.js:79:19)
    at runTestInternal (/Users/yusuketsunoda/Documents/cursor/ppttranslatorapp/node_modules/jest-runner/build/runTest.js:367:16)
    at runTest (/Users/yusuketsunoda/Documents/cursor/ppttranslatorapp/node_modules/jest-runner/build/runTest.js:444:34)</failure>
    </testcase>
    <testcase classname="エラーハンドリングユーティリティ › AppErrorクラス" name="正しく初期化される" time="0.001">
      <failure>TypeError: Cannot read properties of undefined (reading &apos;AUTH&apos;)
    at Object.AUTH (/Users/yusuketsunoda/Documents/cursor/ppttranslatorapp/tests/utils/error-handler.test.ts:149:25)
    at Promise.then.completed (/Users/yusuketsunoda/Documents/cursor/ppttranslatorapp/node_modules/jest-circus/build/utils.js:298:28)
    at new Promise (&lt;anonymous&gt;)
    at callAsyncCircusFn (/Users/yusuketsunoda/Documents/cursor/ppttranslatorapp/node_modules/jest-circus/build/utils.js:231:10)
    at _callCircusTest (/Users/yusuketsunoda/Documents/cursor/ppttranslatorapp/node_modules/jest-circus/build/run.js:316:40)
    at _runTest (/Users/yusuketsunoda/Documents/cursor/ppttranslatorapp/node_modules/jest-circus/build/run.js:252:3)
    at _runTestsForDescribeBlock (/Users/yusuketsunoda/Documents/cursor/ppttranslatorapp/node_modules/jest-circus/build/run.js:126:9)
    at _runTestsForDescribeBlock (/Users/yusuketsunoda/Documents/cursor/ppttranslatorapp/node_modules/jest-circus/build/run.js:121:9)
    at _runTestsForDescribeBlock (/Users/yusuketsunoda/Documents/cursor/ppttranslatorapp/node_modules/jest-circus/build/run.js:121:9)
    at run (/Users/yusuketsunoda/Documents/cursor/ppttranslatorapp/node_modules/jest-circus/build/run.js:71:3)
    at runAndTransformResultsToJestFormat (/Users/yusuketsunoda/Documents/cursor/ppttranslatorapp/node_modules/jest-circus/build/legacy-code-todo-rewrite/jestAdapterInit.js:122:21)
    at jestAdapter (/Users/yusuketsunoda/Documents/cursor/ppttranslatorapp/node_modules/jest-circus/build/legacy-code-todo-rewrite/jestAdapter.js:79:19)
    at runTestInternal (/Users/yusuketsunoda/Documents/cursor/ppttranslatorapp/node_modules/jest-runner/build/runTest.js:367:16)
    at runTest (/Users/yusuketsunoda/Documents/cursor/ppttranslatorapp/node_modules/jest-runner/build/runTest.js:444:34)</failure>
    </testcase>
    <testcase classname="エラーハンドリングユーティリティ › AppErrorクラス" name="コンテキスト情報を持つことができる" time="0">
      <failure>TypeError: Cannot read properties of undefined (reading &apos;AUTH&apos;)
    at Object.AUTH (/Users/yusuketsunoda/Documents/cursor/ppttranslatorapp/tests/utils/error-handler.test.ts:163:25)
    at Promise.then.completed (/Users/yusuketsunoda/Documents/cursor/ppttranslatorapp/node_modules/jest-circus/build/utils.js:298:28)
    at new Promise (&lt;anonymous&gt;)
    at callAsyncCircusFn (/Users/yusuketsunoda/Documents/cursor/ppttranslatorapp/node_modules/jest-circus/build/utils.js:231:10)
    at _callCircusTest (/Users/yusuketsunoda/Documents/cursor/ppttranslatorapp/node_modules/jest-circus/build/run.js:316:40)
    at _runTest (/Users/yusuketsunoda/Documents/cursor/ppttranslatorapp/node_modules/jest-circus/build/run.js:252:3)
    at _runTestsForDescribeBlock (/Users/yusuketsunoda/Documents/cursor/ppttranslatorapp/node_modules/jest-circus/build/run.js:126:9)
    at _runTestsForDescribeBlock (/Users/yusuketsunoda/Documents/cursor/ppttranslatorapp/node_modules/jest-circus/build/run.js:121:9)
    at _runTestsForDescribeBlock (/Users/yusuketsunoda/Documents/cursor/ppttranslatorapp/node_modules/jest-circus/build/run.js:121:9)
    at run (/Users/yusuketsunoda/Documents/cursor/ppttranslatorapp/node_modules/jest-circus/build/run.js:71:3)
    at runAndTransformResultsToJestFormat (/Users/yusuketsunoda/Documents/cursor/ppttranslatorapp/node_modules/jest-circus/build/legacy-code-todo-rewrite/jestAdapterInit.js:122:21)
    at jestAdapter (/Users/yusuketsunoda/Documents/cursor/ppttranslatorapp/node_modules/jest-circus/build/legacy-code-todo-rewrite/jestAdapter.js:79:19)
    at runTestInternal (/Users/yusuketsunoda/Documents/cursor/ppttranslatorapp/node_modules/jest-runner/build/runTest.js:367:16)
    at runTest (/Users/yusuketsunoda/Documents/cursor/ppttranslatorapp/node_modules/jest-runner/build/runTest.js:444:34)</failure>
    </testcase>
    <testcase classname="エラーハンドリングユーティリティ › AppErrorクラス" name="元のエラーを保持できる" time="0">
      <failure>TypeError: Cannot read properties of undefined (reading &apos;AUTH&apos;)
    at Object.AUTH (/Users/yusuketsunoda/Documents/cursor/ppttranslatorapp/tests/utils/error-handler.test.ts:175:25)
    at Promise.then.completed (/Users/yusuketsunoda/Documents/cursor/ppttranslatorapp/node_modules/jest-circus/build/utils.js:298:28)
    at new Promise (&lt;anonymous&gt;)
    at callAsyncCircusFn (/Users/yusuketsunoda/Documents/cursor/ppttranslatorapp/node_modules/jest-circus/build/utils.js:231:10)
    at _callCircusTest (/Users/yusuketsunoda/Documents/cursor/ppttranslatorapp/node_modules/jest-circus/build/run.js:316:40)
    at _runTest (/Users/yusuketsunoda/Documents/cursor/ppttranslatorapp/node_modules/jest-circus/build/run.js:252:3)
    at _runTestsForDescribeBlock (/Users/yusuketsunoda/Documents/cursor/ppttranslatorapp/node_modules/jest-circus/build/run.js:126:9)
    at _runTestsForDescribeBlock (/Users/yusuketsunoda/Documents/cursor/ppttranslatorapp/node_modules/jest-circus/build/run.js:121:9)
    at _runTestsForDescribeBlock (/Users/yusuketsunoda/Documents/cursor/ppttranslatorapp/node_modules/jest-circus/build/run.js:121:9)
    at run (/Users/yusuketsunoda/Documents/cursor/ppttranslatorapp/node_modules/jest-circus/build/run.js:71:3)
    at runAndTransformResultsToJestFormat (/Users/yusuketsunoda/Documents/cursor/ppttranslatorapp/node_modules/jest-circus/build/legacy-code-todo-rewrite/jestAdapterInit.js:122:21)
    at jestAdapter (/Users/yusuketsunoda/Documents/cursor/ppttranslatorapp/node_modules/jest-circus/build/legacy-code-todo-rewrite/jestAdapter.js:79:19)
    at runTestInternal (/Users/yusuketsunoda/Documents/cursor/ppttranslatorapp/node_modules/jest-runner/build/runTest.js:367:16)
    at runTest (/Users/yusuketsunoda/Documents/cursor/ppttranslatorapp/node_modules/jest-runner/build/runTest.js:444:34)</failure>
    </testcase>
    <testcase classname="エラーハンドリングユーティリティ › AppErrorクラス" name="デフォルト値で初期化できる" time="0">
      <failure>TypeError: Cannot read properties of undefined (reading &apos;UNKNOWN&apos;)
    at Object.UNKNOWN (/Users/yusuketsunoda/Documents/cursor/ppttranslatorapp/tests/utils/error-handler.test.ts:189:41)
    at Promise.then.completed (/Users/yusuketsunoda/Documents/cursor/ppttranslatorapp/node_modules/jest-circus/build/utils.js:298:28)
    at new Promise (&lt;anonymous&gt;)
    at callAsyncCircusFn (/Users/yusuketsunoda/Documents/cursor/ppttranslatorapp/node_modules/jest-circus/build/utils.js:231:10)
    at _callCircusTest (/Users/yusuketsunoda/Documents/cursor/ppttranslatorapp/node_modules/jest-circus/build/run.js:316:40)
    at _runTest (/Users/yusuketsunoda/Documents/cursor/ppttranslatorapp/node_modules/jest-circus/build/run.js:252:3)
    at _runTestsForDescribeBlock (/Users/yusuketsunoda/Documents/cursor/ppttranslatorapp/node_modules/jest-circus/build/run.js:126:9)
    at _runTestsForDescribeBlock (/Users/yusuketsunoda/Documents/cursor/ppttranslatorapp/node_modules/jest-circus/build/run.js:121:9)
    at _runTestsForDescribeBlock (/Users/yusuketsunoda/Documents/cursor/ppttranslatorapp/node_modules/jest-circus/build/run.js:121:9)
    at run (/Users/yusuketsunoda/Documents/cursor/ppttranslatorapp/node_modules/jest-circus/build/run.js:71:3)
    at runAndTransformResultsToJestFormat (/Users/yusuketsunoda/Documents/cursor/ppttranslatorapp/node_modules/jest-circus/build/legacy-code-todo-rewrite/jestAdapterInit.js:122:21)
    at jestAdapter (/Users/yusuketsunoda/Documents/cursor/ppttranslatorapp/node_modules/jest-circus/build/legacy-code-todo-rewrite/jestAdapter.js:79:19)
    at runTestInternal (/Users/yusuketsunoda/Documents/cursor/ppttranslatorapp/node_modules/jest-runner/build/runTest.js:367:16)
    at runTest (/Users/yusuketsunoda/Documents/cursor/ppttranslatorapp/node_modules/jest-runner/build/runTest.js:444:34)</failure>
    </testcase>
    <testcase classname="エラーハンドリングユーティリティ › Error Creators" name="createValidationErrorが正しいAppErrorを作成する" time="0.001">
      <failure>TypeError: Cannot read properties of undefined (reading &apos;VALIDATION&apos;)
    at Object.VALIDATION (/Users/yusuketsunoda/Documents/cursor/ppttranslatorapp/tests/utils/error-handler.test.ts:199:41)
    at Promise.then.completed (/Users/yusuketsunoda/Documents/cursor/ppttranslatorapp/node_modules/jest-circus/build/utils.js:298:28)
    at new Promise (&lt;anonymous&gt;)
    at callAsyncCircusFn (/Users/yusuketsunoda/Documents/cursor/ppttranslatorapp/node_modules/jest-circus/build/utils.js:231:10)
    at _callCircusTest (/Users/yusuketsunoda/Documents/cursor/ppttranslatorapp/node_modules/jest-circus/build/run.js:316:40)
    at _runTest (/Users/yusuketsunoda/Documents/cursor/ppttranslatorapp/node_modules/jest-circus/build/run.js:252:3)
    at _runTestsForDescribeBlock (/Users/yusuketsunoda/Documents/cursor/ppttranslatorapp/node_modules/jest-circus/build/run.js:126:9)
    at _runTestsForDescribeBlock (/Users/yusuketsunoda/Documents/cursor/ppttranslatorapp/node_modules/jest-circus/build/run.js:121:9)
    at _runTestsForDescribeBlock (/Users/yusuketsunoda/Documents/cursor/ppttranslatorapp/node_modules/jest-circus/build/run.js:121:9)
    at run (/Users/yusuketsunoda/Documents/cursor/ppttranslatorapp/node_modules/jest-circus/build/run.js:71:3)
    at runAndTransformResultsToJestFormat (/Users/yusuketsunoda/Documents/cursor/ppttranslatorapp/node_modules/jest-circus/build/legacy-code-todo-rewrite/jestAdapterInit.js:122:21)
    at jestAdapter (/Users/yusuketsunoda/Documents/cursor/ppttranslatorapp/node_modules/jest-circus/build/legacy-code-todo-rewrite/jestAdapter.js:79:19)
    at runTestInternal (/Users/yusuketsunoda/Documents/cursor/ppttranslatorapp/node_modules/jest-runner/build/runTest.js:367:16)
    at runTest (/Users/yusuketsunoda/Documents/cursor/ppttranslatorapp/node_modules/jest-runner/build/runTest.js:444:34)</failure>
    </testcase>
    <testcase classname="エラーハンドリングユーティリティ › Error Creators" name="createAuthErrorが正しいAppErrorを作成する" time="0.001">
      <failure>TypeError: Cannot read properties of undefined (reading &apos;AUTH&apos;)
    at Object.AUTH (/Users/yusuketsunoda/Documents/cursor/ppttranslatorapp/tests/utils/error-handler.test.ts:208:41)
    at Promise.then.completed (/Users/yusuketsunoda/Documents/cursor/ppttranslatorapp/node_modules/jest-circus/build/utils.js:298:28)
    at new Promise (&lt;anonymous&gt;)
    at callAsyncCircusFn (/Users/yusuketsunoda/Documents/cursor/ppttranslatorapp/node_modules/jest-circus/build/utils.js:231:10)
    at _callCircusTest (/Users/yusuketsunoda/Documents/cursor/ppttranslatorapp/node_modules/jest-circus/build/run.js:316:40)
    at _runTest (/Users/yusuketsunoda/Documents/cursor/ppttranslatorapp/node_modules/jest-circus/build/run.js:252:3)
    at _runTestsForDescribeBlock (/Users/yusuketsunoda/Documents/cursor/ppttranslatorapp/node_modules/jest-circus/build/run.js:126:9)
    at _runTestsForDescribeBlock (/Users/yusuketsunoda/Documents/cursor/ppttranslatorapp/node_modules/jest-circus/build/run.js:121:9)
    at _runTestsForDescribeBlock (/Users/yusuketsunoda/Documents/cursor/ppttranslatorapp/node_modules/jest-circus/build/run.js:121:9)
    at run (/Users/yusuketsunoda/Documents/cursor/ppttranslatorapp/node_modules/jest-circus/build/run.js:71:3)
    at runAndTransformResultsToJestFormat (/Users/yusuketsunoda/Documents/cursor/ppttranslatorapp/node_modules/jest-circus/build/legacy-code-todo-rewrite/jestAdapterInit.js:122:21)
    at jestAdapter (/Users/yusuketsunoda/Documents/cursor/ppttranslatorapp/node_modules/jest-circus/build/legacy-code-todo-rewrite/jestAdapter.js:79:19)
    at runTestInternal (/Users/yusuketsunoda/Documents/cursor/ppttranslatorapp/node_modules/jest-runner/build/runTest.js:367:16)
    at runTest (/Users/yusuketsunoda/Documents/cursor/ppttranslatorapp/node_modules/jest-runner/build/runTest.js:444:34)</failure>
    </testcase>
    <testcase classname="エラーハンドリングユーティリティ › Error Creators" name="createForbiddenErrorが正しいAppErrorを作成する" time="0">
      <failure>TypeError: Cannot read properties of undefined (reading &apos;FORBIDDEN&apos;)
    at Object.FORBIDDEN (/Users/yusuketsunoda/Documents/cursor/ppttranslatorapp/tests/utils/error-handler.test.ts:217:41)
    at Promise.then.completed (/Users/yusuketsunoda/Documents/cursor/ppttranslatorapp/node_modules/jest-circus/build/utils.js:298:28)
    at new Promise (&lt;anonymous&gt;)
    at callAsyncCircusFn (/Users/yusuketsunoda/Documents/cursor/ppttranslatorapp/node_modules/jest-circus/build/utils.js:231:10)
    at _callCircusTest (/Users/yusuketsunoda/Documents/cursor/ppttranslatorapp/node_modules/jest-circus/build/run.js:316:40)
    at _runTest (/Users/yusuketsunoda/Documents/cursor/ppttranslatorapp/node_modules/jest-circus/build/run.js:252:3)
    at _runTestsForDescribeBlock (/Users/yusuketsunoda/Documents/cursor/ppttranslatorapp/node_modules/jest-circus/build/run.js:126:9)
    at _runTestsForDescribeBlock (/Users/yusuketsunoda/Documents/cursor/ppttranslatorapp/node_modules/jest-circus/build/run.js:121:9)
    at _runTestsForDescribeBlock (/Users/yusuketsunoda/Documents/cursor/ppttranslatorapp/node_modules/jest-circus/build/run.js:121:9)
    at run (/Users/yusuketsunoda/Documents/cursor/ppttranslatorapp/node_modules/jest-circus/build/run.js:71:3)
    at runAndTransformResultsToJestFormat (/Users/yusuketsunoda/Documents/cursor/ppttranslatorapp/node_modules/jest-circus/build/legacy-code-todo-rewrite/jestAdapterInit.js:122:21)
    at jestAdapter (/Users/yusuketsunoda/Documents/cursor/ppttranslatorapp/node_modules/jest-circus/build/legacy-code-todo-rewrite/jestAdapter.js:79:19)
    at runTestInternal (/Users/yusuketsunoda/Documents/cursor/ppttranslatorapp/node_modules/jest-runner/build/runTest.js:367:16)
    at runTest (/Users/yusuketsunoda/Documents/cursor/ppttranslatorapp/node_modules/jest-runner/build/runTest.js:444:34)</failure>
    </testcase>
    <testcase classname="エラーハンドリングユーティリティ › Error Creators" name="createNotFoundErrorが正しいAppErrorを作成する" time="0">
      <failure>TypeError: Cannot read properties of undefined (reading &apos;NOT_FOUND&apos;)
    at Object.NOT_FOUND (/Users/yusuketsunoda/Documents/cursor/ppttranslatorapp/tests/utils/error-handler.test.ts:226:41)
    at Promise.then.completed (/Users/yusuketsunoda/Documents/cursor/ppttranslatorapp/node_modules/jest-circus/build/utils.js:298:28)
    at new Promise (&lt;anonymous&gt;)
    at callAsyncCircusFn (/Users/yusuketsunoda/Documents/cursor/ppttranslatorapp/node_modules/jest-circus/build/utils.js:231:10)
    at _callCircusTest (/Users/yusuketsunoda/Documents/cursor/ppttranslatorapp/node_modules/jest-circus/build/run.js:316:40)
    at _runTest (/Users/yusuketsunoda/Documents/cursor/ppttranslatorapp/node_modules/jest-circus/build/run.js:252:3)
    at _runTestsForDescribeBlock (/Users/yusuketsunoda/Documents/cursor/ppttranslatorapp/node_modules/jest-circus/build/run.js:126:9)
    at _runTestsForDescribeBlock (/Users/yusuketsunoda/Documents/cursor/ppttranslatorapp/node_modules/jest-circus/build/run.js:121:9)
    at _runTestsForDescribeBlock (/Users/yusuketsunoda/Documents/cursor/ppttranslatorapp/node_modules/jest-circus/build/run.js:121:9)
    at run (/Users/yusuketsunoda/Documents/cursor/ppttranslatorapp/node_modules/jest-circus/build/run.js:71:3)
    at runAndTransformResultsToJestFormat (/Users/yusuketsunoda/Documents/cursor/ppttranslatorapp/node_modules/jest-circus/build/legacy-code-todo-rewrite/jestAdapterInit.js:122:21)
    at jestAdapter (/Users/yusuketsunoda/Documents/cursor/ppttranslatorapp/node_modules/jest-circus/build/legacy-code-todo-rewrite/jestAdapter.js:79:19)
    at runTestInternal (/Users/yusuketsunoda/Documents/cursor/ppttranslatorapp/node_modules/jest-runner/build/runTest.js:367:16)
    at runTest (/Users/yusuketsunoda/Documents/cursor/ppttranslatorapp/node_modules/jest-runner/build/runTest.js:444:34)</failure>
    </testcase>
    <testcase classname="エラーハンドリングユーティリティ › Error Creators" name="createRateLimitErrorが正しいAppErrorを作成する" time="0.003">
      <failure>TypeError: Cannot read properties of undefined (reading &apos;RATE_LIMIT&apos;)
    at Object.RATE_LIMIT (/Users/yusuketsunoda/Documents/cursor/ppttranslatorapp/tests/utils/error-handler.test.ts:235:41)
    at Promise.then.completed (/Users/yusuketsunoda/Documents/cursor/ppttranslatorapp/node_modules/jest-circus/build/utils.js:298:28)
    at new Promise (&lt;anonymous&gt;)
    at callAsyncCircusFn (/Users/yusuketsunoda/Documents/cursor/ppttranslatorapp/node_modules/jest-circus/build/utils.js:231:10)
    at _callCircusTest (/Users/yusuketsunoda/Documents/cursor/ppttranslatorapp/node_modules/jest-circus/build/run.js:316:40)
    at _runTest (/Users/yusuketsunoda/Documents/cursor/ppttranslatorapp/node_modules/jest-circus/build/run.js:252:3)
    at _runTestsForDescribeBlock (/Users/yusuketsunoda/Documents/cursor/ppttranslatorapp/node_modules/jest-circus/build/run.js:126:9)
    at _runTestsForDescribeBlock (/Users/yusuketsunoda/Documents/cursor/ppttranslatorapp/node_modules/jest-circus/build/run.js:121:9)
    at _runTestsForDescribeBlock (/Users/yusuketsunoda/Documents/cursor/ppttranslatorapp/node_modules/jest-circus/build/run.js:121:9)
    at run (/Users/yusuketsunoda/Documents/cursor/ppttranslatorapp/node_modules/jest-circus/build/run.js:71:3)
    at runAndTransformResultsToJestFormat (/Users/yusuketsunoda/Documents/cursor/ppttranslatorapp/node_modules/jest-circus/build/legacy-code-todo-rewrite/jestAdapterInit.js:122:21)
    at jestAdapter (/Users/yusuketsunoda/Documents/cursor/ppttranslatorapp/node_modules/jest-circus/build/legacy-code-todo-rewrite/jestAdapter.js:79:19)
    at runTestInternal (/Users/yusuketsunoda/Documents/cursor/ppttranslatorapp/node_modules/jest-runner/build/runTest.js:367:16)
    at runTest (/Users/yusuketsunoda/Documents/cursor/ppttranslatorapp/node_modules/jest-runner/build/runTest.js:444:34)</failure>
    </testcase>
    <testcase classname="エラーハンドリングユーティリティ › Error Creators" name="createDatabaseErrorが正しいAppErrorを作成する" time="0">
      <failure>TypeError: Cannot read properties of undefined (reading &apos;DATABASE&apos;)
    at Object.DATABASE (/Users/yusuketsunoda/Documents/cursor/ppttranslatorapp/tests/utils/error-handler.test.ts:244:41)
    at Promise.then.completed (/Users/yusuketsunoda/Documents/cursor/ppttranslatorapp/node_modules/jest-circus/build/utils.js:298:28)
    at new Promise (&lt;anonymous&gt;)
    at callAsyncCircusFn (/Users/yusuketsunoda/Documents/cursor/ppttranslatorapp/node_modules/jest-circus/build/utils.js:231:10)
    at _callCircusTest (/Users/yusuketsunoda/Documents/cursor/ppttranslatorapp/node_modules/jest-circus/build/run.js:316:40)
    at _runTest (/Users/yusuketsunoda/Documents/cursor/ppttranslatorapp/node_modules/jest-circus/build/run.js:252:3)
    at _runTestsForDescribeBlock (/Users/yusuketsunoda/Documents/cursor/ppttranslatorapp/node_modules/jest-circus/build/run.js:126:9)
    at _runTestsForDescribeBlock (/Users/yusuketsunoda/Documents/cursor/ppttranslatorapp/node_modules/jest-circus/build/run.js:121:9)
    at _runTestsForDescribeBlock (/Users/yusuketsunoda/Documents/cursor/ppttranslatorapp/node_modules/jest-circus/build/run.js:121:9)
    at run (/Users/yusuketsunoda/Documents/cursor/ppttranslatorapp/node_modules/jest-circus/build/run.js:71:3)
    at runAndTransformResultsToJestFormat (/Users/yusuketsunoda/Documents/cursor/ppttranslatorapp/node_modules/jest-circus/build/legacy-code-todo-rewrite/jestAdapterInit.js:122:21)
    at jestAdapter (/Users/yusuketsunoda/Documents/cursor/ppttranslatorapp/node_modules/jest-circus/build/legacy-code-todo-rewrite/jestAdapter.js:79:19)
    at runTestInternal (/Users/yusuketsunoda/Documents/cursor/ppttranslatorapp/node_modules/jest-runner/build/runTest.js:367:16)
    at runTest (/Users/yusuketsunoda/Documents/cursor/ppttranslatorapp/node_modules/jest-runner/build/runTest.js:444:34)</failure>
    </testcase>
    <testcase classname="エラーハンドリングユーティリティ › mapSessionErrorToAppError" name="EXPIREDエラーを正しく変換する" time="0.001">
      <failure>TypeError: Cannot read properties of undefined (reading &apos;AUTH&apos;)
    at Object.AUTH (/Users/yusuketsunoda/Documents/cursor/ppttranslatorapp/tests/utils/error-handler.test.ts:255:41)
    at Promise.then.completed (/Users/yusuketsunoda/Documents/cursor/ppttranslatorapp/node_modules/jest-circus/build/utils.js:298:28)
    at new Promise (&lt;anonymous&gt;)
    at callAsyncCircusFn (/Users/yusuketsunoda/Documents/cursor/ppttranslatorapp/node_modules/jest-circus/build/utils.js:231:10)
    at _callCircusTest (/Users/yusuketsunoda/Documents/cursor/ppttranslatorapp/node_modules/jest-circus/build/run.js:316:40)
    at _runTest (/Users/yusuketsunoda/Documents/cursor/ppttranslatorapp/node_modules/jest-circus/build/run.js:252:3)
    at _runTestsForDescribeBlock (/Users/yusuketsunoda/Documents/cursor/ppttranslatorapp/node_modules/jest-circus/build/run.js:126:9)
    at _runTestsForDescribeBlock (/Users/yusuketsunoda/Documents/cursor/ppttranslatorapp/node_modules/jest-circus/build/run.js:121:9)
    at _runTestsForDescribeBlock (/Users/yusuketsunoda/Documents/cursor/ppttranslatorapp/node_modules/jest-circus/build/run.js:121:9)
    at run (/Users/yusuketsunoda/Documents/cursor/ppttranslatorapp/node_modules/jest-circus/build/run.js:71:3)
    at runAndTransformResultsToJestFormat (/Users/yusuketsunoda/Documents/cursor/ppttranslatorapp/node_modules/jest-circus/build/legacy-code-todo-rewrite/jestAdapterInit.js:122:21)
    at jestAdapter (/Users/yusuketsunoda/Documents/cursor/ppttranslatorapp/node_modules/jest-circus/build/legacy-code-todo-rewrite/jestAdapter.js:79:19)
    at runTestInternal (/Users/yusuketsunoda/Documents/cursor/ppttranslatorapp/node_modules/jest-runner/build/runTest.js:367:16)
    at runTest (/Users/yusuketsunoda/Documents/cursor/ppttranslatorapp/node_modules/jest-runner/build/runTest.js:444:34)</failure>
    </testcase>
    <testcase classname="エラーハンドリングユーティリティ › mapSessionErrorToAppError" name="INVALIDエラーを正しく変換する" time="0">
      <failure>TypeError: Cannot read properties of undefined (reading &apos;AUTH&apos;)
    at Object.AUTH (/Users/yusuketsunoda/Documents/cursor/ppttranslatorapp/tests/utils/error-handler.test.ts:264:41)
    at Promise.then.completed (/Users/yusuketsunoda/Documents/cursor/ppttranslatorapp/node_modules/jest-circus/build/utils.js:298:28)
    at new Promise (&lt;anonymous&gt;)
    at callAsyncCircusFn (/Users/yusuketsunoda/Documents/cursor/ppttranslatorapp/node_modules/jest-circus/build/utils.js:231:10)
    at _callCircusTest (/Users/yusuketsunoda/Documents/cursor/ppttranslatorapp/node_modules/jest-circus/build/run.js:316:40)
    at _runTest (/Users/yusuketsunoda/Documents/cursor/ppttranslatorapp/node_modules/jest-circus/build/run.js:252:3)
    at _runTestsForDescribeBlock (/Users/yusuketsunoda/Documents/cursor/ppttranslatorapp/node_modules/jest-circus/build/run.js:126:9)
    at _runTestsForDescribeBlock (/Users/yusuketsunoda/Documents/cursor/ppttranslatorapp/node_modules/jest-circus/build/run.js:121:9)
    at _runTestsForDescribeBlock (/Users/yusuketsunoda/Documents/cursor/ppttranslatorapp/node_modules/jest-circus/build/run.js:121:9)
    at run (/Users/yusuketsunoda/Documents/cursor/ppttranslatorapp/node_modules/jest-circus/build/run.js:71:3)
    at runAndTransformResultsToJestFormat (/Users/yusuketsunoda/Documents/cursor/ppttranslatorapp/node_modules/jest-circus/build/legacy-code-todo-rewrite/jestAdapterInit.js:122:21)
    at jestAdapter (/Users/yusuketsunoda/Documents/cursor/ppttranslatorapp/node_modules/jest-circus/build/legacy-code-todo-rewrite/jestAdapter.js:79:19)
    at runTestInternal (/Users/yusuketsunoda/Documents/cursor/ppttranslatorapp/node_modules/jest-runner/build/runTest.js:367:16)
    at runTest (/Users/yusuketsunoda/Documents/cursor/ppttranslatorapp/node_modules/jest-runner/build/runTest.js:444:34)</failure>
    </testcase>
    <testcase classname="エラーハンドリングユーティリティ › mapSessionErrorToAppError" name="NETWORKエラーを正しく変換する" time="0">
      <failure>TypeError: Cannot read properties of undefined (reading &apos;NETWORK&apos;)
    at Object.NETWORK (/Users/yusuketsunoda/Documents/cursor/ppttranslatorapp/tests/utils/error-handler.test.ts:273:41)
    at Promise.then.completed (/Users/yusuketsunoda/Documents/cursor/ppttranslatorapp/node_modules/jest-circus/build/utils.js:298:28)
    at new Promise (&lt;anonymous&gt;)
    at callAsyncCircusFn (/Users/yusuketsunoda/Documents/cursor/ppttranslatorapp/node_modules/jest-circus/build/utils.js:231:10)
    at _callCircusTest (/Users/yusuketsunoda/Documents/cursor/ppttranslatorapp/node_modules/jest-circus/build/run.js:316:40)
    at _runTest (/Users/yusuketsunoda/Documents/cursor/ppttranslatorapp/node_modules/jest-circus/build/run.js:252:3)
    at _runTestsForDescribeBlock (/Users/yusuketsunoda/Documents/cursor/ppttranslatorapp/node_modules/jest-circus/build/run.js:126:9)
    at _runTestsForDescribeBlock (/Users/yusuketsunoda/Documents/cursor/ppttranslatorapp/node_modules/jest-circus/build/run.js:121:9)
    at _runTestsForDescribeBlock (/Users/yusuketsunoda/Documents/cursor/ppttranslatorapp/node_modules/jest-circus/build/run.js:121:9)
    at run (/Users/yusuketsunoda/Documents/cursor/ppttranslatorapp/node_modules/jest-circus/build/run.js:71:3)
    at runAndTransformResultsToJestFormat (/Users/yusuketsunoda/Documents/cursor/ppttranslatorapp/node_modules/jest-circus/build/legacy-code-todo-rewrite/jestAdapterInit.js:122:21)
    at jestAdapter (/Users/yusuketsunoda/Documents/cursor/ppttranslatorapp/node_modules/jest-circus/build/legacy-code-todo-rewrite/jestAdapter.js:79:19)
    at runTestInternal (/Users/yusuketsunoda/Documents/cursor/ppttranslatorapp/node_modules/jest-runner/build/runTest.js:367:16)
    at runTest (/Users/yusuketsunoda/Documents/cursor/ppttranslatorapp/node_modules/jest-runner/build/runTest.js:444:34)</failure>
    </testcase>
    <testcase classname="エラーハンドリングユーティリティ › mapSessionErrorToAppError" name="UNAUTHORIZEDエラーを正しく変換する" time="0">
      <failure>TypeError: Cannot read properties of undefined (reading &apos;AUTH&apos;)
    at Object.AUTH (/Users/yusuketsunoda/Documents/cursor/ppttranslatorapp/tests/utils/error-handler.test.ts:282:41)
    at Promise.then.completed (/Users/yusuketsunoda/Documents/cursor/ppttranslatorapp/node_modules/jest-circus/build/utils.js:298:28)
    at new Promise (&lt;anonymous&gt;)
    at callAsyncCircusFn (/Users/yusuketsunoda/Documents/cursor/ppttranslatorapp/node_modules/jest-circus/build/utils.js:231:10)
    at _callCircusTest (/Users/yusuketsunoda/Documents/cursor/ppttranslatorapp/node_modules/jest-circus/build/run.js:316:40)
    at _runTest (/Users/yusuketsunoda/Documents/cursor/ppttranslatorapp/node_modules/jest-circus/build/run.js:252:3)
    at _runTestsForDescribeBlock (/Users/yusuketsunoda/Documents/cursor/ppttranslatorapp/node_modules/jest-circus/build/run.js:126:9)
    at _runTestsForDescribeBlock (/Users/yusuketsunoda/Documents/cursor/ppttranslatorapp/node_modules/jest-circus/build/run.js:121:9)
    at _runTestsForDescribeBlock (/Users/yusuketsunoda/Documents/cursor/ppttranslatorapp/node_modules/jest-circus/build/run.js:121:9)
    at run (/Users/yusuketsunoda/Documents/cursor/ppttranslatorapp/node_modules/jest-circus/build/run.js:71:3)
    at runAndTransformResultsToJestFormat (/Users/yusuketsunoda/Documents/cursor/ppttranslatorapp/node_modules/jest-circus/build/legacy-code-todo-rewrite/jestAdapterInit.js:122:21)
    at jestAdapter (/Users/yusuketsunoda/Documents/cursor/ppttranslatorapp/node_modules/jest-circus/build/legacy-code-todo-rewrite/jestAdapter.js:79:19)
    at runTestInternal (/Users/yusuketsunoda/Documents/cursor/ppttranslatorapp/node_modules/jest-runner/build/runTest.js:367:16)
    at runTest (/Users/yusuketsunoda/Documents/cursor/ppttranslatorapp/node_modules/jest-runner/build/runTest.js:444:34)</failure>
    </testcase>
    <testcase classname="エラーハンドリングユーティリティ › mapSessionErrorToAppError" name="UNKNOWNエラーを正しく変換する" time="0">
      <failure>TypeError: Cannot read properties of undefined (reading &apos;UNKNOWN&apos;)
    at Object.UNKNOWN (/Users/yusuketsunoda/Documents/cursor/ppttranslatorapp/tests/utils/error-handler.test.ts:291:41)
    at Promise.then.completed (/Users/yusuketsunoda/Documents/cursor/ppttranslatorapp/node_modules/jest-circus/build/utils.js:298:28)
    at new Promise (&lt;anonymous&gt;)
    at callAsyncCircusFn (/Users/yusuketsunoda/Documents/cursor/ppttranslatorapp/node_modules/jest-circus/build/utils.js:231:10)
    at _callCircusTest (/Users/yusuketsunoda/Documents/cursor/ppttranslatorapp/node_modules/jest-circus/build/run.js:316:40)
    at _runTest (/Users/yusuketsunoda/Documents/cursor/ppttranslatorapp/node_modules/jest-circus/build/run.js:252:3)
    at _runTestsForDescribeBlock (/Users/yusuketsunoda/Documents/cursor/ppttranslatorapp/node_modules/jest-circus/build/run.js:126:9)
    at _runTestsForDescribeBlock (/Users/yusuketsunoda/Documents/cursor/ppttranslatorapp/node_modules/jest-circus/build/run.js:121:9)
    at _runTestsForDescribeBlock (/Users/yusuketsunoda/Documents/cursor/ppttranslatorapp/node_modules/jest-circus/build/run.js:121:9)
    at run (/Users/yusuketsunoda/Documents/cursor/ppttranslatorapp/node_modules/jest-circus/build/run.js:71:3)
    at runAndTransformResultsToJestFormat (/Users/yusuketsunoda/Documents/cursor/ppttranslatorapp/node_modules/jest-circus/build/legacy-code-todo-rewrite/jestAdapterInit.js:122:21)
    at jestAdapter (/Users/yusuketsunoda/Documents/cursor/ppttranslatorapp/node_modules/jest-circus/build/legacy-code-todo-rewrite/jestAdapter.js:79:19)
    at runTestInternal (/Users/yusuketsunoda/Documents/cursor/ppttranslatorapp/node_modules/jest-runner/build/runTest.js:367:16)
    at runTest (/Users/yusuketsunoda/Documents/cursor/ppttranslatorapp/node_modules/jest-runner/build/runTest.js:444:34)</failure>
    </testcase>
    <testcase classname="エラーハンドリングユーティリティ › mapSessionErrorToAppError" name="不明なタイプのエラーを正しく変換する" time="0">
      <failure>TypeError: Cannot read properties of undefined (reading &apos;UNKNOWN&apos;)
    at Object.UNKNOWN (/Users/yusuketsunoda/Documents/cursor/ppttranslatorapp/tests/utils/error-handler.test.ts:300:41)
    at Promise.then.completed (/Users/yusuketsunoda/Documents/cursor/ppttranslatorapp/node_modules/jest-circus/build/utils.js:298:28)
    at new Promise (&lt;anonymous&gt;)
    at callAsyncCircusFn (/Users/yusuketsunoda/Documents/cursor/ppttranslatorapp/node_modules/jest-circus/build/utils.js:231:10)
    at _callCircusTest (/Users/yusuketsunoda/Documents/cursor/ppttranslatorapp/node_modules/jest-circus/build/run.js:316:40)
    at _runTest (/Users/yusuketsunoda/Documents/cursor/ppttranslatorapp/node_modules/jest-circus/build/run.js:252:3)
    at _runTestsForDescribeBlock (/Users/yusuketsunoda/Documents/cursor/ppttranslatorapp/node_modules/jest-circus/build/run.js:126:9)
    at _runTestsForDescribeBlock (/Users/yusuketsunoda/Documents/cursor/ppttranslatorapp/node_modules/jest-circus/build/run.js:121:9)
    at _runTestsForDescribeBlock (/Users/yusuketsunoda/Documents/cursor/ppttranslatorapp/node_modules/jest-circus/build/run.js:121:9)
    at run (/Users/yusuketsunoda/Documents/cursor/ppttranslatorapp/node_modules/jest-circus/build/run.js:71:3)
    at runAndTransformResultsToJestFormat (/Users/yusuketsunoda/Documents/cursor/ppttranslatorapp/node_modules/jest-circus/build/legacy-code-todo-rewrite/jestAdapterInit.js:122:21)
    at jestAdapter (/Users/yusuketsunoda/Documents/cursor/ppttranslatorapp/node_modules/jest-circus/build/legacy-code-todo-rewrite/jestAdapter.js:79:19)
    at runTestInternal (/Users/yusuketsunoda/Documents/cursor/ppttranslatorapp/node_modules/jest-runner/build/runTest.js:367:16)
    at runTest (/Users/yusuketsunoda/Documents/cursor/ppttranslatorapp/node_modules/jest-runner/build/runTest.js:444:34)</failure>
    </testcase>
    <testcase classname="エラーハンドリングユーティリティ › handleError関数" name="AppErrorをそのまま返す" time="0.001">
    </testcase>
    <testcase classname="エラーハンドリングユーティリティ › handleError関数" name="一般的なErrorをAppErrorに変換する" time="0.001">
      <failure>Error: expect(received).toBe(expected) // Object.is equality

Expected: &quot;一般的なエラー&quot;
Received: &quot;予期せぬエラーが発生しました。しばらく待ってから再試行してください。&quot;
    at Object.toBe (/Users/yusuketsunoda/Documents/cursor/ppttranslatorapp/tests/utils/error-handler.test.ts:319:30)
    at Promise.then.completed (/Users/yusuketsunoda/Documents/cursor/ppttranslatorapp/node_modules/jest-circus/build/utils.js:298:28)
    at new Promise (&lt;anonymous&gt;)
    at callAsyncCircusFn (/Users/yusuketsunoda/Documents/cursor/ppttranslatorapp/node_modules/jest-circus/build/utils.js:231:10)
    at _callCircusTest (/Users/yusuketsunoda/Documents/cursor/ppttranslatorapp/node_modules/jest-circus/build/run.js:316:40)
    at _runTest (/Users/yusuketsunoda/Documents/cursor/ppttranslatorapp/node_modules/jest-circus/build/run.js:252:3)
    at _runTestsForDescribeBlock (/Users/yusuketsunoda/Documents/cursor/ppttranslatorapp/node_modules/jest-circus/build/run.js:126:9)
    at _runTestsForDescribeBlock (/Users/yusuketsunoda/Documents/cursor/ppttranslatorapp/node_modules/jest-circus/build/run.js:121:9)
    at _runTestsForDescribeBlock (/Users/yusuketsunoda/Documents/cursor/ppttranslatorapp/node_modules/jest-circus/build/run.js:121:9)
    at run (/Users/yusuketsunoda/Documents/cursor/ppttranslatorapp/node_modules/jest-circus/build/run.js:71:3)
    at runAndTransformResultsToJestFormat (/Users/yusuketsunoda/Documents/cursor/ppttranslatorapp/node_modules/jest-circus/build/legacy-code-todo-rewrite/jestAdapterInit.js:122:21)
    at jestAdapter (/Users/yusuketsunoda/Documents/cursor/ppttranslatorapp/node_modules/jest-circus/build/legacy-code-todo-rewrite/jestAdapter.js:79:19)
    at runTestInternal (/Users/yusuketsunoda/Documents/cursor/ppttranslatorapp/node_modules/jest-runner/build/runTest.js:367:16)
    at runTest (/Users/yusuketsunoda/Documents/cursor/ppttranslatorapp/node_modules/jest-runner/build/runTest.js:444:34)</failure>
    </testcase>
    <testcase classname="エラーハンドリングユーティリティ › handleError関数" name="nullやundefinedを処理できる" time="0">
      <failure>Error: expect(received).toBe(expected) // Object.is equality

Expected: &quot;不明なエラーが発生しました&quot;
Received: &quot;予期せぬエラーが発生しました。しばらく待ってから再試行してください。&quot;
    at Object.toBe (/Users/yusuketsunoda/Documents/cursor/ppttranslatorapp/tests/utils/error-handler.test.ts:327:30)
    at Promise.then.completed (/Users/yusuketsunoda/Documents/cursor/ppttranslatorapp/node_modules/jest-circus/build/utils.js:298:28)
    at new Promise (&lt;anonymous&gt;)
    at callAsyncCircusFn (/Users/yusuketsunoda/Documents/cursor/ppttranslatorapp/node_modules/jest-circus/build/utils.js:231:10)
    at _callCircusTest (/Users/yusuketsunoda/Documents/cursor/ppttranslatorapp/node_modules/jest-circus/build/run.js:316:40)
    at _runTest (/Users/yusuketsunoda/Documents/cursor/ppttranslatorapp/node_modules/jest-circus/build/run.js:252:3)
    at _runTestsForDescribeBlock (/Users/yusuketsunoda/Documents/cursor/ppttranslatorapp/node_modules/jest-circus/build/run.js:126:9)
    at _runTestsForDescribeBlock (/Users/yusuketsunoda/Documents/cursor/ppttranslatorapp/node_modules/jest-circus/build/run.js:121:9)
    at _runTestsForDescribeBlock (/Users/yusuketsunoda/Documents/cursor/ppttranslatorapp/node_modules/jest-circus/build/run.js:121:9)
    at run (/Users/yusuketsunoda/Documents/cursor/ppttranslatorapp/node_modules/jest-circus/build/run.js:71:3)
    at runAndTransformResultsToJestFormat (/Users/yusuketsunoda/Documents/cursor/ppttranslatorapp/node_modules/jest-circus/build/legacy-code-todo-rewrite/jestAdapterInit.js:122:21)
    at jestAdapter (/Users/yusuketsunoda/Documents/cursor/ppttranslatorapp/node_modules/jest-circus/build/legacy-code-todo-rewrite/jestAdapter.js:79:19)
    at runTestInternal (/Users/yusuketsunoda/Documents/cursor/ppttranslatorapp/node_modules/jest-runner/build/runTest.js:367:16)
    at runTest (/Users/yusuketsunoda/Documents/cursor/ppttranslatorapp/node_modules/jest-runner/build/runTest.js:444:34)</failure>
    </testcase>
    <testcase classname="エラーハンドリングユーティリティ › handleError関数" name="objectを文字列化して処理できる" time="0">
      <failure>Error: expect(received).toContain(expected) // indexOf

Expected substring: &quot;{\&quot;foo\&quot;:\&quot;bar\&quot;}&quot;
Received string:    &quot;予期せぬエラーが発生しました。しばらく待ってから再試行してください。&quot;
    at Object.toContain (/Users/yusuketsunoda/Documents/cursor/ppttranslatorapp/tests/utils/error-handler.test.ts:336:30)
    at Promise.then.completed (/Users/yusuketsunoda/Documents/cursor/ppttranslatorapp/node_modules/jest-circus/build/utils.js:298:28)
    at new Promise (&lt;anonymous&gt;)
    at callAsyncCircusFn (/Users/yusuketsunoda/Documents/cursor/ppttranslatorapp/node_modules/jest-circus/build/utils.js:231:10)
    at _callCircusTest (/Users/yusuketsunoda/Documents/cursor/ppttranslatorapp/node_modules/jest-circus/build/run.js:316:40)
    at _runTest (/Users/yusuketsunoda/Documents/cursor/ppttranslatorapp/node_modules/jest-circus/build/run.js:252:3)
    at _runTestsForDescribeBlock (/Users/yusuketsunoda/Documents/cursor/ppttranslatorapp/node_modules/jest-circus/build/run.js:126:9)
    at _runTestsForDescribeBlock (/Users/yusuketsunoda/Documents/cursor/ppttranslatorapp/node_modules/jest-circus/build/run.js:121:9)
    at _runTestsForDescribeBlock (/Users/yusuketsunoda/Documents/cursor/ppttranslatorapp/node_modules/jest-circus/build/run.js:121:9)
    at run (/Users/yusuketsunoda/Documents/cursor/ppttranslatorapp/node_modules/jest-circus/build/run.js:71:3)
    at runAndTransformResultsToJestFormat (/Users/yusuketsunoda/Documents/cursor/ppttranslatorapp/node_modules/jest-circus/build/legacy-code-todo-rewrite/jestAdapterInit.js:122:21)
    at jestAdapter (/Users/yusuketsunoda/Documents/cursor/ppttranslatorapp/node_modules/jest-circus/build/legacy-code-todo-rewrite/jestAdapter.js:79:19)
    at runTestInternal (/Users/yusuketsunoda/Documents/cursor/ppttranslatorapp/node_modules/jest-runner/build/runTest.js:367:16)
    at runTest (/Users/yusuketsunoda/Documents/cursor/ppttranslatorapp/node_modules/jest-runner/build/runTest.js:444:34)</failure>
    </testcase>
    <testcase classname="エラーハンドリングユーティリティ › isAppError関数" name="AppErrorの場合はtrueを返す" time="0.001">
    </testcase>
    <testcase classname="エラーハンドリングユーティリティ › isAppError関数" name="一般的なErrorの場合はfalseを返す" time="0">
    </testcase>
    <testcase classname="エラーハンドリングユーティリティ › isAppError関数" name="nullやundefinedの場合はfalseを返す" time="0.001">
    </testcase>
    <testcase classname="エラーハンドリングユーティリティ › getErrorMessage関数" name="Errorインスタンスからメッセージを取得する" time="0">
    </testcase>
    <testcase classname="エラーハンドリングユーティリティ › getErrorMessage関数" name="文字列をそのまま返す" time="0.001">
      <failure>Error: expect(received).toBe(expected) // Object.is equality

Expected: &quot;エラー文字列&quot;
Received: &quot;Unknown error occurred&quot;
    at Object.toBe (/Users/yusuketsunoda/Documents/cursor/ppttranslatorapp/tests/utils/error-handler.test.ts:364:41)
    at Promise.then.completed (/Users/yusuketsunoda/Documents/cursor/ppttranslatorapp/node_modules/jest-circus/build/utils.js:298:28)
    at new Promise (&lt;anonymous&gt;)
    at callAsyncCircusFn (/Users/yusuketsunoda/Documents/cursor/ppttranslatorapp/node_modules/jest-circus/build/utils.js:231:10)
    at _callCircusTest (/Users/yusuketsunoda/Documents/cursor/ppttranslatorapp/node_modules/jest-circus/build/run.js:316:40)
    at _runTest (/Users/yusuketsunoda/Documents/cursor/ppttranslatorapp/node_modules/jest-circus/build/run.js:252:3)
    at _runTestsForDescribeBlock (/Users/yusuketsunoda/Documents/cursor/ppttranslatorapp/node_modules/jest-circus/build/run.js:126:9)
    at _runTestsForDescribeBlock (/Users/yusuketsunoda/Documents/cursor/ppttranslatorapp/node_modules/jest-circus/build/run.js:121:9)
    at _runTestsForDescribeBlock (/Users/yusuketsunoda/Documents/cursor/ppttranslatorapp/node_modules/jest-circus/build/run.js:121:9)
    at run (/Users/yusuketsunoda/Documents/cursor/ppttranslatorapp/node_modules/jest-circus/build/run.js:71:3)
    at runAndTransformResultsToJestFormat (/Users/yusuketsunoda/Documents/cursor/ppttranslatorapp/node_modules/jest-circus/build/legacy-code-todo-rewrite/jestAdapterInit.js:122:21)
    at jestAdapter (/Users/yusuketsunoda/Documents/cursor/ppttranslatorapp/node_modules/jest-circus/build/legacy-code-todo-rewrite/jestAdapter.js:79:19)
    at runTestInternal (/Users/yusuketsunoda/Documents/cursor/ppttranslatorapp/node_modules/jest-runner/build/runTest.js:367:16)
    at runTest (/Users/yusuketsunoda/Documents/cursor/ppttranslatorapp/node_modules/jest-runner/build/runTest.js:444:34)</failure>
    </testcase>
    <testcase classname="エラーハンドリングユーティリティ › getErrorMessage関数" name="AppErrorからメッセージを取得する" time="0">
    </testcase>
    <testcase classname="エラーハンドリングユーティリティ › getErrorMessage関数" name="オブジェクトをJSON文字列に変換する" time="0.001">
      <failure>Error: expect(received).toBe(expected) // Object.is equality

Expected: &quot;{\&quot;error\&quot;:\&quot;オブジェクトエラー\&quot;}&quot;
Received: &quot;Unknown error occurred&quot;
    at Object.toBe (/Users/yusuketsunoda/Documents/cursor/ppttranslatorapp/tests/utils/error-handler.test.ts:374:36)
    at Promise.then.completed (/Users/yusuketsunoda/Documents/cursor/ppttranslatorapp/node_modules/jest-circus/build/utils.js:298:28)
    at new Promise (&lt;anonymous&gt;)
    at callAsyncCircusFn (/Users/yusuketsunoda/Documents/cursor/ppttranslatorapp/node_modules/jest-circus/build/utils.js:231:10)
    at _callCircusTest (/Users/yusuketsunoda/Documents/cursor/ppttranslatorapp/node_modules/jest-circus/build/run.js:316:40)
    at _runTest (/Users/yusuketsunoda/Documents/cursor/ppttranslatorapp/node_modules/jest-circus/build/run.js:252:3)
    at _runTestsForDescribeBlock (/Users/yusuketsunoda/Documents/cursor/ppttranslatorapp/node_modules/jest-circus/build/run.js:126:9)
    at _runTestsForDescribeBlock (/Users/yusuketsunoda/Documents/cursor/ppttranslatorapp/node_modules/jest-circus/build/run.js:121:9)
    at _runTestsForDescribeBlock (/Users/yusuketsunoda/Documents/cursor/ppttranslatorapp/node_modules/jest-circus/build/run.js:121:9)
    at run (/Users/yusuketsunoda/Documents/cursor/ppttranslatorapp/node_modules/jest-circus/build/run.js:71:3)
    at runAndTransformResultsToJestFormat (/Users/yusuketsunoda/Documents/cursor/ppttranslatorapp/node_modules/jest-circus/build/legacy-code-todo-rewrite/jestAdapterInit.js:122:21)
    at jestAdapter (/Users/yusuketsunoda/Documents/cursor/ppttranslatorapp/node_modules/jest-circus/build/legacy-code-todo-rewrite/jestAdapter.js:79:19)
    at runTestInternal (/Users/yusuketsunoda/Documents/cursor/ppttranslatorapp/node_modules/jest-runner/build/runTest.js:367:16)
    at runTest (/Users/yusuketsunoda/Documents/cursor/ppttranslatorapp/node_modules/jest-runner/build/runTest.js:444:34)</failure>
    </testcase>
    <testcase classname="エラーハンドリングユーティリティ › getErrorMessage関数" name="nullやundefinedの場合はデフォルトメッセージを返す" time="0">
      <failure>Error: expect(received).toBe(expected) // Object.is equality

Expected: &quot;不明なエラーが発生しました&quot;
Received: &quot;Unknown error occurred&quot;
    at Object.toBe (/Users/yusuketsunoda/Documents/cursor/ppttranslatorapp/tests/utils/error-handler.test.ts:378:37)
    at Promise.then.completed (/Users/yusuketsunoda/Documents/cursor/ppttranslatorapp/node_modules/jest-circus/build/utils.js:298:28)
    at new Promise (&lt;anonymous&gt;)
    at callAsyncCircusFn (/Users/yusuketsunoda/Documents/cursor/ppttranslatorapp/node_modules/jest-circus/build/utils.js:231:10)
    at _callCircusTest (/Users/yusuketsunoda/Documents/cursor/ppttranslatorapp/node_modules/jest-circus/build/run.js:316:40)
    at _runTest (/Users/yusuketsunoda/Documents/cursor/ppttranslatorapp/node_modules/jest-circus/build/run.js:252:3)
    at _runTestsForDescribeBlock (/Users/yusuketsunoda/Documents/cursor/ppttranslatorapp/node_modules/jest-circus/build/run.js:126:9)
    at _runTestsForDescribeBlock (/Users/yusuketsunoda/Documents/cursor/ppttranslatorapp/node_modules/jest-circus/build/run.js:121:9)
    at _runTestsForDescribeBlock (/Users/yusuketsunoda/Documents/cursor/ppttranslatorapp/node_modules/jest-circus/build/run.js:121:9)
    at run (/Users/yusuketsunoda/Documents/cursor/ppttranslatorapp/node_modules/jest-circus/build/run.js:71:3)
    at runAndTransformResultsToJestFormat (/Users/yusuketsunoda/Documents/cursor/ppttranslatorapp/node_modules/jest-circus/build/legacy-code-todo-rewrite/jestAdapterInit.js:122:21)
    at jestAdapter (/Users/yusuketsunoda/Documents/cursor/ppttranslatorapp/node_modules/jest-circus/build/legacy-code-todo-rewrite/jestAdapter.js:79:19)
    at runTestInternal (/Users/yusuketsunoda/Documents/cursor/ppttranslatorapp/node_modules/jest-runner/build/runTest.js:367:16)
    at runTest (/Users/yusuketsunoda/Documents/cursor/ppttranslatorapp/node_modules/jest-runner/build/runTest.js:444:34)</failure>
    </testcase>
  </testsuite>
  <testsuite name="TranslatePage" errors="0" failures="1" skipped="9" timestamp="2025-05-16T20:44:11" time="0.643" tests="10">
    <testcase classname="TranslatePage" name="ページが正しくレンダリングされること" time="0">
      <skipped/>
    </testcase>
    <testcase classname="TranslatePage" name="ファイルがアップロードされたときにAPIが呼ばれること" time="0">
      <skipped/>
    </testcase>
    <testcase classname="TranslatePage" name="アップロード後にスライドが表示されること" time="0">
      <skipped/>
    </testcase>
    <testcase classname="TranslatePage" name="翻訳言語を選択できること" time="0">
      <skipped/>
    </testcase>
    <testcase classname="TranslatePage" name="翻訳ボタンが表示され、クリックするとAPIが呼ばれること" time="0">
      <skipped/>
    </testcase>
    <testcase classname="TranslatePage" name="エラー発生時にエラーメッセージが表示されること" time="0.032">
      <failure>TypeError: Cannot read properties of null (reading &apos;useState&apos;)
    at useState (/Users/yusuketsunoda/Documents/cursor/ppttranslatorapp/node_modules/react/cjs/react.development.js:1622:21)
    at TranslatePage (/Users/yusuketsunoda/Documents/cursor/ppttranslatorapp/app/(dashboard)/translate/page.tsx:62:35)
    at renderWithHooks (/Users/yusuketsunoda/Documents/cursor/ppttranslatorapp/worktrees/fix-text-position-alignment/node_modules/react-dom/cjs/react-dom.development.js:15486:18)
    at mountIndeterminateComponent (/Users/yusuketsunoda/Documents/cursor/ppttranslatorapp/worktrees/fix-text-position-alignment/node_modules/react-dom/cjs/react-dom.development.js:20103:13)
    at beginWork (/Users/yusuketsunoda/Documents/cursor/ppttranslatorapp/worktrees/fix-text-position-alignment/node_modules/react-dom/cjs/react-dom.development.js:21626:16)
    at beginWork$1 (/Users/yusuketsunoda/Documents/cursor/ppttranslatorapp/worktrees/fix-text-position-alignment/node_modules/react-dom/cjs/react-dom.development.js:27465:14)
    at performUnitOfWork (/Users/yusuketsunoda/Documents/cursor/ppttranslatorapp/worktrees/fix-text-position-alignment/node_modules/react-dom/cjs/react-dom.development.js:26599:12)
    at workLoopSync (/Users/yusuketsunoda/Documents/cursor/ppttranslatorapp/worktrees/fix-text-position-alignment/node_modules/react-dom/cjs/react-dom.development.js:26505:5)
    at renderRootSync (/Users/yusuketsunoda/Documents/cursor/ppttranslatorapp/worktrees/fix-text-position-alignment/node_modules/react-dom/cjs/react-dom.development.js:26473:7)
    at recoverFromConcurrentError (/Users/yusuketsunoda/Documents/cursor/ppttranslatorapp/worktrees/fix-text-position-alignment/node_modules/react-dom/cjs/react-dom.development.js:25889:20)
    at performConcurrentWorkOnRoot (/Users/yusuketsunoda/Documents/cursor/ppttranslatorapp/worktrees/fix-text-position-alignment/node_modules/react-dom/cjs/react-dom.development.js:25789:22)
    at flushActQueue (/Users/yusuketsunoda/Documents/cursor/ppttranslatorapp/worktrees/fix-text-position-alignment/node_modules/react/cjs/react.development.js:2667:24)
    at recursivelyFlushAsyncActWork (/Users/yusuketsunoda/Documents/cursor/ppttranslatorapp/worktrees/fix-text-position-alignment/node_modules/react/cjs/react.development.js:2633:9)
    at /Users/yusuketsunoda/Documents/cursor/ppttranslatorapp/worktrees/fix-text-position-alignment/node_modules/react/cjs/react.development.js:2545:15</failure>
    </testcase>
    <testcase classname="TranslatePage" name="認証が必要な場合にログインページにリダイレクトされること" time="0">
      <skipped/>
    </testcase>
    <testcase classname="TranslatePage" name="スライドの切り替えができること" time="0">
      <skipped/>
    </testcase>
    <testcase classname="TranslatePage" name="翻訳中のローディング状態が表示されること" time="0">
      <skipped/>
    </testcase>
    <testcase classname="TranslatePage" name="翻訳結果が表示されること" time="0">
      <skipped/>
    </testcase>
  </testsuite>
  <testsuite name="TranslatePage" errors="0" failures="0" skipped="9" timestamp="2025-05-16T20:44:11" time="0.343" tests="10">
    <testcase classname="TranslatePage" name="ページが正しくレンダリングされること" time="0">
      <skipped/>
    </testcase>
    <testcase classname="TranslatePage" name="ファイルがアップロードされたときにAPIが呼ばれること" time="0">
      <skipped/>
    </testcase>
    <testcase classname="TranslatePage" name="アップロード後にスライドが表示されること" time="0">
      <skipped/>
    </testcase>
    <testcase classname="TranslatePage" name="翻訳言語を選択できること" time="0">
      <skipped/>
    </testcase>
    <testcase classname="TranslatePage" name="翻訳ボタンが表示され、クリックするとAPIが呼ばれること" time="0">
      <skipped/>
    </testcase>
    <testcase classname="TranslatePage" name="エラー発生時にエラーメッセージが表示されること" time="0.031">
    </testcase>
    <testcase classname="TranslatePage" name="認証が必要な場合にログインページにリダイレクトされること" time="0">
      <skipped/>
    </testcase>
    <testcase classname="TranslatePage" name="スライドの切り替えができること" time="0">
      <skipped/>
    </testcase>
    <testcase classname="TranslatePage" name="翻訳中のローディング状態が表示されること" time="0">
      <skipped/>
    </testcase>
    <testcase classname="TranslatePage" name="翻訳結果が表示されること" time="0">
      <skipped/>
    </testcase>
  </testsuite>
  <testsuite name="TranslatePage" errors="0" failures="0" skipped="9" timestamp="2025-05-16T20:44:12" time="0.18" tests="10">
    <testcase classname="TranslatePage" name="ページが正しくレンダリングされること" time="0">
      <skipped/>
    </testcase>
    <testcase classname="TranslatePage" name="ファイルがアップロードされたときにAPIが呼ばれること" time="0">
      <skipped/>
    </testcase>
    <testcase classname="TranslatePage" name="アップロード後にスライドが表示されること" time="0">
      <skipped/>
    </testcase>
    <testcase classname="TranslatePage" name="翻訳言語を選択できること" time="0">
      <skipped/>
    </testcase>
    <testcase classname="TranslatePage" name="翻訳ボタンが表示され、クリックするとAPIが呼ばれること" time="0">
      <skipped/>
    </testcase>
    <testcase classname="TranslatePage" name="エラー発生時にエラーメッセージが表示されること" time="0.013">
    </testcase>
    <testcase classname="TranslatePage" name="認証が必要な場合にログインページにリダイレクトされること" time="0">
      <skipped/>
    </testcase>
    <testcase classname="TranslatePage" name="スライドの切り替えができること" time="0">
      <skipped/>
    </testcase>
    <testcase classname="TranslatePage" name="翻訳中のローディング状態が表示されること" time="0">
      <skipped/>
    </testcase>
    <testcase classname="TranslatePage" name="翻訳結果が表示されること" time="0">
      <skipped/>
    </testcase>
  </testsuite>
  <testsuite name="TranslatePage" errors="0" failures="0" skipped="9" timestamp="2025-05-16T20:44:12" time="0.188" tests="10">
    <testcase classname="TranslatePage" name="ページが正しくレンダリングされること" time="0">
      <skipped/>
    </testcase>
    <testcase classname="TranslatePage" name="ファイルがアップロードされたときにAPIが呼ばれること" time="0">
      <skipped/>
    </testcase>
    <testcase classname="TranslatePage" name="アップロード後にスライドが表示されること" time="0">
      <skipped/>
    </testcase>
    <testcase classname="TranslatePage" name="翻訳言語を選択できること" time="0">
      <skipped/>
    </testcase>
    <testcase classname="TranslatePage" name="翻訳ボタンが表示され、クリックするとAPIが呼ばれること" time="0">
      <skipped/>
    </testcase>
    <testcase classname="TranslatePage" name="エラー発生時にエラーメッセージが表示されること" time="0.011">
    </testcase>
    <testcase classname="TranslatePage" name="認証が必要な場合にログインページにリダイレクトされること" time="0">
      <skipped/>
    </testcase>
    <testcase classname="TranslatePage" name="スライドの切り替えができること" time="0">
      <skipped/>
    </testcase>
    <testcase classname="TranslatePage" name="翻訳中のローディング状態が表示されること" time="0">
      <skipped/>
    </testcase>
    <testcase classname="TranslatePage" name="翻訳結果が表示されること" time="0">
      <skipped/>
    </testcase>
  </testsuite>
  <testsuite name="worktrees/feature-test-coverage-improvement/tests/api/auth/reset-password/confirm/route.test.ts" errors="1" failures="0" skipped="0" timestamp="1970-01-01T00:00:00" time="0" tests="0">
    <testcase classname="Test suite failed to run" name="worktrees/feature-test-coverage-improvement/tests/api/auth/reset-password/confirm/route.test.ts" time="0">
      <error>  ● Test suite failed to run

    ReferenceError: Cannot access &apos;_jestmockextended&apos; before initialization

       8 | // Prisma Clientのモック
       9 | jest.mock(&apos;@/lib/db/prisma&apos;, () =&gt; ({
    &gt; 10 |   prisma: mockDeep&lt;DeepMockProxy&lt;typeof prisma&gt;&gt;(),
         |           ^
      11 | }));
      12 |
      13 | // hashPasswordのモック

      at mockDeep (worktrees/feature-test-coverage-improvement/tests/api/auth/reset-password/confirm/route.test.ts:10:11)
      at Object.&lt;anonymous&gt; (app/api/auth/reset-password/confirm/route.ts:12:17)
      at Object.&lt;anonymous&gt; (worktrees/feature-test-coverage-improvement/tests/api/auth/reset-password/confirm/route.test.ts:13:16)
</error>
    </testcase>
    <testcase classname="Test suite failed to run" name="worktrees/feature-test-coverage-improvement/tests/api/auth/reset-password/confirm/route.test.ts" time="0">
      <failure>{}</failure>
    </testcase>
  </testsuite>
  <testsuite name="Translation" errors="0" failures="0" skipped="0" timestamp="2025-05-16T20:44:12" time="0.309" tests="6">
    <testcase classname="Translation" name="テキスト項目と翻訳フォームを表示する" time="0.032">
    </testcase>
    <testcase classname="Translation" name="翻訳文を編集して保存できる" time="0.014">
    </testcase>
    <testcase classname="Translation" name="キャンセルボタンをクリックするとonCancelが呼び出される" time="0.01">
    </testcase>
    <testcase classname="Translation" name="自動翻訳ボタンが機能する" time="0.008">
    </testcase>
    <testcase classname="Translation" name="翻訳APIがエラーを返した場合にトーストを表示する" time="0.058">
    </testcase>
    <testcase classname="Translation" name="翻訳が存在しない言語の場合、空の入力フィールドを表示する" time="0.003">
    </testcase>
  </testsuite>
  <testsuite name="Translation" errors="0" failures="0" skipped="0" timestamp="2025-05-16T20:44:13" time="0.28" tests="6">
    <testcase classname="Translation" name="テキスト項目と翻訳フォームを表示する" time="0.022">
    </testcase>
    <testcase classname="Translation" name="翻訳文を編集して保存できる" time="0.014">
    </testcase>
    <testcase classname="Translation" name="キャンセルボタンをクリックするとonCancelが呼び出される" time="0.007">
    </testcase>
    <testcase classname="Translation" name="自動翻訳ボタンが機能する" time="0.007">
    </testcase>
    <testcase classname="Translation" name="翻訳APIがエラーを返した場合にトーストを表示する" time="0.059">
    </testcase>
    <testcase classname="Translation" name="翻訳が存在しない言語の場合、空の入力フィールドを表示する" time="0.003">
    </testcase>
  </testsuite>
  <testsuite name="Translation" errors="0" failures="0" skipped="0" timestamp="2025-05-16T20:44:13" time="0.33" tests="6">
    <testcase classname="Translation" name="テキスト項目と翻訳フォームを表示する" time="0.02">
    </testcase>
    <testcase classname="Translation" name="翻訳文を編集して保存できる" time="0.017">
    </testcase>
    <testcase classname="Translation" name="キャンセルボタンをクリックするとonCancelが呼び出される" time="0.007">
    </testcase>
    <testcase classname="Translation" name="自動翻訳ボタンが機能する" time="0.006">
    </testcase>
    <testcase classname="Translation" name="翻訳APIがエラーを返した場合にトーストを表示する" time="0.059">
    </testcase>
    <testcase classname="Translation" name="翻訳が存在しない言語の場合、空の入力フィールドを表示する" time="0.003">
    </testcase>
  </testsuite>
  <testsuite name="Translation" errors="0" failures="0" skipped="0" timestamp="2025-05-16T20:44:13" time="0.335" tests="6">
    <testcase classname="Translation" name="テキスト項目と翻訳フォームを表示する" time="0.021">
    </testcase>
    <testcase classname="Translation" name="翻訳文を編集して保存できる" time="0.017">
    </testcase>
    <testcase classname="Translation" name="キャンセルボタンをクリックするとonCancelが呼び出される" time="0.008">
    </testcase>
    <testcase classname="Translation" name="自動翻訳ボタンが機能する" time="0.009">
    </testcase>
    <testcase classname="Translation" name="翻訳APIがエラーを返した場合にトーストを表示する" time="0.059">
    </testcase>
    <testcase classname="Translation" name="翻訳が存在しない言語の場合、空の入力フィールドを表示する" time="0.003">
    </testcase>
  </testsuite>
  <testsuite name="Health API" errors="0" failures="0" skipped="0" timestamp="2025-05-16T20:44:14" time="0.179" tests="6">
    <testcase classname="Health API" name="GETリクエストに対して200ステータスコードとOKステータスを返す" time="0.002">
    </testcase>
    <testcase classname="Health API" name="環境変数、データベース、認証、エラーハンドリングのステータスを含む" time="0.001">
    </testcase>
    <testcase classname="Health API" name="環境情報とバージョン情報を含む" time="0.005">
    </testcase>
    <testcase classname="Health API" name="データベース接続エラー時は適切なステータスを返す" time="0.001">
    </testcase>
    <testcase classname="Health API" name="認証エラー時は適切なステータスを返す" time="0.001">
    </testcase>
    <testcase classname="Health API" name="警告がある場合は適切なステータスコードを返す" time="0">
    </testcase>
  </testsuite>
  <testsuite name="Health API" errors="0" failures="0" skipped="0" timestamp="2025-05-16T20:44:14" time="0.21" tests="6">
    <testcase classname="Health API" name="GETリクエストに対して200ステータスコードとOKステータスを返す" time="0.002">
    </testcase>
    <testcase classname="Health API" name="環境変数、データベース、認証、エラーハンドリングのステータスを含む" time="0.003">
    </testcase>
    <testcase classname="Health API" name="環境情報とバージョン情報を含む" time="0.001">
    </testcase>
    <testcase classname="Health API" name="データベース接続エラー時は適切なステータスを返す" time="0.006">
    </testcase>
    <testcase classname="Health API" name="認証エラー時は適切なステータスを返す" time="0.001">
    </testcase>
    <testcase classname="Health API" name="警告がある場合は適切なステータスコードを返す" time="0.001">
    </testcase>
  </testsuite>
  <testsuite name="Health API" errors="0" failures="0" skipped="0" timestamp="2025-05-16T20:44:14" time="0.2" tests="6">
    <testcase classname="Health API" name="GETリクエストに対して200ステータスコードとOKステータスを返す" time="0.002">
    </testcase>
    <testcase classname="Health API" name="環境変数、データベース、認証、エラーハンドリングのステータスを含む" time="0.001">
    </testcase>
    <testcase classname="Health API" name="環境情報とバージョン情報を含む" time="0.001">
    </testcase>
    <testcase classname="Health API" name="データベース接続エラー時は適切なステータスを返す" time="0.001">
    </testcase>
    <testcase classname="Health API" name="認証エラー時は適切なステータスを返す" time="0.005">
    </testcase>
    <testcase classname="Health API" name="警告がある場合は適切なステータスコードを返す" time="0">
    </testcase>
  </testsuite>
  <testsuite name="Health API" errors="0" failures="0" skipped="0" timestamp="2025-05-16T20:44:14" time="0.202" tests="6">
    <testcase classname="Health API" name="GETリクエストに対して200ステータスコードとOKステータスを返す" time="0.003">
    </testcase>
    <testcase classname="Health API" name="環境変数、データベース、認証、エラーハンドリングのステータスを含む" time="0.001">
    </testcase>
    <testcase classname="Health API" name="環境情報とバージョン情報を含む" time="0.001">
    </testcase>
    <testcase classname="Health API" name="データベース接続エラー時は適切なステータスを返す" time="0.001">
    </testcase>
    <testcase classname="Health API" name="認証エラー時は適切なステータスを返す" time="0.001">
    </testcase>
    <testcase classname="Health API" name="警告がある場合は適切なステータスコードを返す" time="0.001">
    </testcase>
  </testsuite>
  <testsuite name="セッション管理" errors="0" failures="0" skipped="0" timestamp="2025-05-16T20:44:14" time="0.529" tests="9">
    <testcase classname="セッション管理 › useAuth" name="認証状態を正しく返す" time="0.002">
    </testcase>
    <testcase classname="セッション管理 › useAuth" name="ログイン処理を正しく実行する" time="0.003">
    </testcase>
    <testcase classname="セッション管理 › useAuth" name="ログアウト処理を正しく実行する" time="0.003">
    </testcase>
    <testcase classname="セッション管理 › useAuth" name="ログインエラーを正しく処理する" time="0.002">
    </testcase>
    <testcase classname="セッション管理 › useAuth" name="エラーをクリアする" time="0.001">
    </testcase>
    <testcase classname="セッション管理 › セッション有効性チェック" name="有効なセッションを正しく検証する" time="0.001">
    </testcase>
    <testcase classname="セッション管理 › セッション有効性チェック" name="期限切れのセッションを無効と判定する" time="0.002">
    </testcase>
    <testcase classname="セッション管理 › セッション有効性チェック" name="ユーザー情報がないセッションを無効と判定する" time="0.001">
    </testcase>
    <testcase classname="セッション管理 › セッション有効性チェック" name="nullセッションを無効と判定する" time="0.002">
    </testcase>
  </testsuite>
  <testsuite name="セッション管理" errors="0" failures="0" skipped="0" timestamp="2025-05-16T20:44:15" time="0.298" tests="9">
    <testcase classname="セッション管理 › useAuth" name="認証状態を正しく返す" time="0.009">
    </testcase>
    <testcase classname="セッション管理 › useAuth" name="ログイン処理を正しく実行する" time="0.002">
    </testcase>
    <testcase classname="セッション管理 › useAuth" name="ログアウト処理を正しく実行する" time="0.002">
    </testcase>
    <testcase classname="セッション管理 › useAuth" name="ログインエラーを正しく処理する" time="0.004">
    </testcase>
    <testcase classname="セッション管理 › useAuth" name="エラーをクリアする" time="0.001">
    </testcase>
    <testcase classname="セッション管理 › セッション有効性チェック" name="有効なセッションを正しく検証する" time="0">
    </testcase>
    <testcase classname="セッション管理 › セッション有効性チェック" name="期限切れのセッションを無効と判定する" time="0">
    </testcase>
    <testcase classname="セッション管理 › セッション有効性チェック" name="ユーザー情報がないセッションを無効と判定する" time="0.001">
    </testcase>
    <testcase classname="セッション管理 › セッション有効性チェック" name="nullセッションを無効と判定する" time="0.001">
    </testcase>
  </testsuite>
  <testsuite name="セッション管理" errors="0" failures="0" skipped="0" timestamp="2025-05-16T20:44:15" time="0.311" tests="9">
    <testcase classname="セッション管理 › useAuth" name="認証状態を正しく返す" time="0.002">
    </testcase>
    <testcase classname="セッション管理 › useAuth" name="ログイン処理を正しく実行する" time="0.003">
    </testcase>
    <testcase classname="セッション管理 › useAuth" name="ログアウト処理を正しく実行する" time="0.004">
    </testcase>
    <testcase classname="セッション管理 › useAuth" name="ログインエラーを正しく処理する" time="0.001">
    </testcase>
    <testcase classname="セッション管理 › useAuth" name="エラーをクリアする" time="0.005">
    </testcase>
    <testcase classname="セッション管理 › セッション有効性チェック" name="有効なセッションを正しく検証する" time="0.001">
    </testcase>
    <testcase classname="セッション管理 › セッション有効性チェック" name="期限切れのセッションを無効と判定する" time="0">
    </testcase>
    <testcase classname="セッション管理 › セッション有効性チェック" name="ユーザー情報がないセッションを無効と判定する" time="0">
    </testcase>
    <testcase classname="セッション管理 › セッション有効性チェック" name="nullセッションを無効と判定する" time="0.001">
    </testcase>
  </testsuite>
  <testsuite name="セッション管理" errors="0" failures="0" skipped="0" timestamp="2025-05-16T20:44:16" time="0.282" tests="9">
    <testcase classname="セッション管理 › useAuth" name="認証状態を正しく返す" time="0.002">
    </testcase>
    <testcase classname="セッション管理 › useAuth" name="ログイン処理を正しく実行する" time="0.011">
    </testcase>
    <testcase classname="セッション管理 › useAuth" name="ログアウト処理を正しく実行する" time="0.002">
    </testcase>
    <testcase classname="セッション管理 › useAuth" name="ログインエラーを正しく処理する" time="0.002">
    </testcase>
    <testcase classname="セッション管理 › useAuth" name="エラーをクリアする" time="0.003">
    </testcase>
    <testcase classname="セッション管理 › セッション有効性チェック" name="有効なセッションを正しく検証する" time="0.001">
    </testcase>
    <testcase classname="セッション管理 › セッション有効性チェック" name="期限切れのセッションを無効と判定する" time="0.001">
    </testcase>
    <testcase classname="セッション管理 › セッション有効性チェック" name="ユーザー情報がないセッションを無効と判定する" time="0.002">
    </testcase>
    <testcase classname="セッション管理 › セッション有効性チェック" name="nullセッションを無効と判定する" time="0">
    </testcase>
  </testsuite>
  <testsuite name="PPTXパーサー" errors="0" failures="3" skipped="0" timestamp="2025-05-16T20:44:16" time="0.207" tests="5">
    <testcase classname="PPTXパーサー › parsePPTX" name="PPTXファイルを正しくパースする" time="0.014">
      <failure>TypeError: _fs.createReadStream is not a function
    at createReadStream (/Users/yusuketsunoda/Documents/cursor/ppttranslatorapp/lib/pptx/parser.ts:50:27)
    at new Promise (&lt;anonymous&gt;)
    at PPTXParser.calculateFileHash (/Users/yusuketsunoda/Documents/cursor/ppttranslatorapp/lib/pptx/parser.ts:47:12)
    at PPTXParser.calculateFileHash [as parsePPTX] (/Users/yusuketsunoda/Documents/cursor/ppttranslatorapp/lib/pptx/parser.ts:190:35)
    at Object.parsePPTX (/Users/yusuketsunoda/Documents/cursor/ppttranslatorapp/worktrees/fix-text-position-alignment/tests/lib/pptx/parser.test.ts:138:35)
    at Promise.then.completed (/Users/yusuketsunoda/Documents/cursor/ppttranslatorapp/node_modules/jest-circus/build/utils.js:298:28)
    at new Promise (&lt;anonymous&gt;)
    at callAsyncCircusFn (/Users/yusuketsunoda/Documents/cursor/ppttranslatorapp/node_modules/jest-circus/build/utils.js:231:10)
    at _callCircusTest (/Users/yusuketsunoda/Documents/cursor/ppttranslatorapp/node_modules/jest-circus/build/run.js:316:40)
    at _runTest (/Users/yusuketsunoda/Documents/cursor/ppttranslatorapp/node_modules/jest-circus/build/run.js:252:3)
    at _runTestsForDescribeBlock (/Users/yusuketsunoda/Documents/cursor/ppttranslatorapp/node_modules/jest-circus/build/run.js:126:9)
    at _runTestsForDescribeBlock (/Users/yusuketsunoda/Documents/cursor/ppttranslatorapp/node_modules/jest-circus/build/run.js:121:9)
    at _runTestsForDescribeBlock (/Users/yusuketsunoda/Documents/cursor/ppttranslatorapp/node_modules/jest-circus/build/run.js:121:9)
    at run (/Users/yusuketsunoda/Documents/cursor/ppttranslatorapp/node_modules/jest-circus/build/run.js:71:3)
    at runAndTransformResultsToJestFormat (/Users/yusuketsunoda/Documents/cursor/ppttranslatorapp/node_modules/jest-circus/build/legacy-code-todo-rewrite/jestAdapterInit.js:122:21)
    at jestAdapter (/Users/yusuketsunoda/Documents/cursor/ppttranslatorapp/node_modules/jest-circus/build/legacy-code-todo-rewrite/jestAdapter.js:79:19)
    at runTestInternal (/Users/yusuketsunoda/Documents/cursor/ppttranslatorapp/node_modules/jest-runner/build/runTest.js:367:16)
    at runTest (/Users/yusuketsunoda/Documents/cursor/ppttranslatorapp/node_modules/jest-runner/build/runTest.js:444:34)</failure>
    </testcase>
    <testcase classname="PPTXパーサー › parsePPTX" name="Pythonスクリプトが見つからない場合はエラーを投げる" time="0.004">
      <failure>Error: expect(received).rejects.toThrow(expected)

Expected substring: &quot;Python script not found&quot;
Received message:   &quot;_fs.createReadStream is not a function&quot;

      48 |       try {
      49 |         const hash = createHash(&apos;md5&apos;);
    &gt; 50 |         const stream = fs.createReadStream(filePath);
         |                           ^
      51 |         
      52 |         stream.on(&apos;data&apos;, (data) =&gt; {
      53 |           hash.update(data);

      at createReadStream (lib/pptx/parser.ts:50:27)
      at PPTXParser.calculateFileHash (lib/pptx/parser.ts:47:12)
      at PPTXParser.calculateFileHash [as parsePPTX] (lib/pptx/parser.ts:190:35)
      at Object.parsePPTX (worktrees/fix-text-position-alignment/tests/lib/pptx/parser.test.ts:154:27)
    at Object.toThrow (/Users/yusuketsunoda/Documents/cursor/ppttranslatorapp/node_modules/expect/build/index.js:218:22)
    at Object.toThrow (/Users/yusuketsunoda/Documents/cursor/ppttranslatorapp/worktrees/fix-text-position-alignment/tests/lib/pptx/parser.test.ts:154:67)
    at Promise.then.completed (/Users/yusuketsunoda/Documents/cursor/ppttranslatorapp/node_modules/jest-circus/build/utils.js:298:28)
    at new Promise (&lt;anonymous&gt;)
    at callAsyncCircusFn (/Users/yusuketsunoda/Documents/cursor/ppttranslatorapp/node_modules/jest-circus/build/utils.js:231:10)
    at _callCircusTest (/Users/yusuketsunoda/Documents/cursor/ppttranslatorapp/node_modules/jest-circus/build/run.js:316:40)
    at _runTest (/Users/yusuketsunoda/Documents/cursor/ppttranslatorapp/node_modules/jest-circus/build/run.js:252:3)
    at _runTestsForDescribeBlock (/Users/yusuketsunoda/Documents/cursor/ppttranslatorapp/node_modules/jest-circus/build/run.js:126:9)
    at _runTestsForDescribeBlock (/Users/yusuketsunoda/Documents/cursor/ppttranslatorapp/node_modules/jest-circus/build/run.js:121:9)
    at _runTestsForDescribeBlock (/Users/yusuketsunoda/Documents/cursor/ppttranslatorapp/node_modules/jest-circus/build/run.js:121:9)
    at run (/Users/yusuketsunoda/Documents/cursor/ppttranslatorapp/node_modules/jest-circus/build/run.js:71:3)
    at runAndTransformResultsToJestFormat (/Users/yusuketsunoda/Documents/cursor/ppttranslatorapp/node_modules/jest-circus/build/legacy-code-todo-rewrite/jestAdapterInit.js:122:21)
    at jestAdapter (/Users/yusuketsunoda/Documents/cursor/ppttranslatorapp/node_modules/jest-circus/build/legacy-code-todo-rewrite/jestAdapter.js:79:19)
    at runTestInternal (/Users/yusuketsunoda/Documents/cursor/ppttranslatorapp/node_modules/jest-runner/build/runTest.js:367:16)
    at runTest (/Users/yusuketsunoda/Documents/cursor/ppttranslatorapp/node_modules/jest-runner/build/runTest.js:444:34)</failure>
    </testcase>
    <testcase classname="PPTXパーサー › parsePPTX" name="Pythonスクリプトの実行エラーを適切に処理する" time="0.004">
      <failure>Error: expect(received).rejects.toThrow(expected)

Expected substring: &quot;Python execution error&quot;
Received message:   &quot;_fs.createReadStream is not a function&quot;

      48 |       try {
      49 |         const hash = createHash(&apos;md5&apos;);
    &gt; 50 |         const stream = fs.createReadStream(filePath);
         |                           ^
      51 |         
      52 |         stream.on(&apos;data&apos;, (data) =&gt; {
      53 |           hash.update(data);

      at createReadStream (lib/pptx/parser.ts:50:27)
      at PPTXParser.calculateFileHash (lib/pptx/parser.ts:47:12)
      at PPTXParser.calculateFileHash [as parsePPTX] (lib/pptx/parser.ts:190:35)
      at Object.parsePPTX (worktrees/fix-text-position-alignment/tests/lib/pptx/parser.test.ts:224:27)
    at Object.toThrow (/Users/yusuketsunoda/Documents/cursor/ppttranslatorapp/node_modules/expect/build/index.js:218:22)
    at Object.toThrow (/Users/yusuketsunoda/Documents/cursor/ppttranslatorapp/worktrees/fix-text-position-alignment/tests/lib/pptx/parser.test.ts:224:67)
    at Promise.then.completed (/Users/yusuketsunoda/Documents/cursor/ppttranslatorapp/node_modules/jest-circus/build/utils.js:298:28)
    at new Promise (&lt;anonymous&gt;)
    at callAsyncCircusFn (/Users/yusuketsunoda/Documents/cursor/ppttranslatorapp/node_modules/jest-circus/build/utils.js:231:10)
    at _callCircusTest (/Users/yusuketsunoda/Documents/cursor/ppttranslatorapp/node_modules/jest-circus/build/run.js:316:40)
    at _runTest (/Users/yusuketsunoda/Documents/cursor/ppttranslatorapp/node_modules/jest-circus/build/run.js:252:3)
    at _runTestsForDescribeBlock (/Users/yusuketsunoda/Documents/cursor/ppttranslatorapp/node_modules/jest-circus/build/run.js:126:9)
    at _runTestsForDescribeBlock (/Users/yusuketsunoda/Documents/cursor/ppttranslatorapp/node_modules/jest-circus/build/run.js:121:9)
    at _runTestsForDescribeBlock (/Users/yusuketsunoda/Documents/cursor/ppttranslatorapp/node_modules/jest-circus/build/run.js:121:9)
    at run (/Users/yusuketsunoda/Documents/cursor/ppttranslatorapp/node_modules/jest-circus/build/run.js:71:3)
    at runAndTransformResultsToJestFormat (/Users/yusuketsunoda/Documents/cursor/ppttranslatorapp/node_modules/jest-circus/build/legacy-code-todo-rewrite/jestAdapterInit.js:122:21)
    at jestAdapter (/Users/yusuketsunoda/Documents/cursor/ppttranslatorapp/node_modules/jest-circus/build/legacy-code-todo-rewrite/jestAdapter.js:79:19)
    at runTestInternal (/Users/yusuketsunoda/Documents/cursor/ppttranslatorapp/node_modules/jest-runner/build/runTest.js:367:16)
    at runTest (/Users/yusuketsunoda/Documents/cursor/ppttranslatorapp/node_modules/jest-runner/build/runTest.js:444:34)</failure>
    </testcase>
    <testcase classname="PPTXパーサー › extractTexts" name="パース結果からテキストを抽出する" time="0">
    </testcase>
    <testcase classname="PPTXパーサー › getTextWithPositions" name="パース結果からテキストと位置情報を取得する" time="0.001">
    </testcase>
  </testsuite>
  <testsuite name="PPTXパーサー" errors="0" failures="3" skipped="0" timestamp="2025-05-16T20:44:16" time="0.197" tests="5">
    <testcase classname="PPTXパーサー › parsePPTX" name="PPTXファイルを正しくパースする" time="0.009">
      <failure>TypeError: _fs.createReadStream is not a function
    at createReadStream (/Users/yusuketsunoda/Documents/cursor/ppttranslatorapp/lib/pptx/parser.ts:50:27)
    at new Promise (&lt;anonymous&gt;)
    at PPTXParser.calculateFileHash (/Users/yusuketsunoda/Documents/cursor/ppttranslatorapp/lib/pptx/parser.ts:47:12)
    at PPTXParser.calculateFileHash [as parsePPTX] (/Users/yusuketsunoda/Documents/cursor/ppttranslatorapp/lib/pptx/parser.ts:190:35)
    at Object.parsePPTX (/Users/yusuketsunoda/Documents/cursor/ppttranslatorapp/worktrees/feature-test-coverage-improvement/tests/lib/pptx/parser.test.ts:138:35)
    at Promise.then.completed (/Users/yusuketsunoda/Documents/cursor/ppttranslatorapp/node_modules/jest-circus/build/utils.js:298:28)
    at new Promise (&lt;anonymous&gt;)
    at callAsyncCircusFn (/Users/yusuketsunoda/Documents/cursor/ppttranslatorapp/node_modules/jest-circus/build/utils.js:231:10)
    at _callCircusTest (/Users/yusuketsunoda/Documents/cursor/ppttranslatorapp/node_modules/jest-circus/build/run.js:316:40)
    at _runTest (/Users/yusuketsunoda/Documents/cursor/ppttranslatorapp/node_modules/jest-circus/build/run.js:252:3)
    at _runTestsForDescribeBlock (/Users/yusuketsunoda/Documents/cursor/ppttranslatorapp/node_modules/jest-circus/build/run.js:126:9)
    at _runTestsForDescribeBlock (/Users/yusuketsunoda/Documents/cursor/ppttranslatorapp/node_modules/jest-circus/build/run.js:121:9)
    at _runTestsForDescribeBlock (/Users/yusuketsunoda/Documents/cursor/ppttranslatorapp/node_modules/jest-circus/build/run.js:121:9)
    at run (/Users/yusuketsunoda/Documents/cursor/ppttranslatorapp/node_modules/jest-circus/build/run.js:71:3)
    at runAndTransformResultsToJestFormat (/Users/yusuketsunoda/Documents/cursor/ppttranslatorapp/node_modules/jest-circus/build/legacy-code-todo-rewrite/jestAdapterInit.js:122:21)
    at jestAdapter (/Users/yusuketsunoda/Documents/cursor/ppttranslatorapp/node_modules/jest-circus/build/legacy-code-todo-rewrite/jestAdapter.js:79:19)
    at runTestInternal (/Users/yusuketsunoda/Documents/cursor/ppttranslatorapp/node_modules/jest-runner/build/runTest.js:367:16)
    at runTest (/Users/yusuketsunoda/Documents/cursor/ppttranslatorapp/node_modules/jest-runner/build/runTest.js:444:34)</failure>
    </testcase>
    <testcase classname="PPTXパーサー › parsePPTX" name="Pythonスクリプトが見つからない場合はエラーを投げる" time="0.004">
      <failure>Error: expect(received).rejects.toThrow(expected)

Expected substring: &quot;Python script not found&quot;
Received message:   &quot;_fs.createReadStream is not a function&quot;

      48 |       try {
      49 |         const hash = createHash(&apos;md5&apos;);
    &gt; 50 |         const stream = fs.createReadStream(filePath);
         |                           ^
      51 |         
      52 |         stream.on(&apos;data&apos;, (data) =&gt; {
      53 |           hash.update(data);

      at createReadStream (lib/pptx/parser.ts:50:27)
      at PPTXParser.calculateFileHash (lib/pptx/parser.ts:47:12)
      at PPTXParser.calculateFileHash [as parsePPTX] (lib/pptx/parser.ts:190:35)
      at Object.parsePPTX (worktrees/feature-test-coverage-improvement/tests/lib/pptx/parser.test.ts:154:27)
    at Object.toThrow (/Users/yusuketsunoda/Documents/cursor/ppttranslatorapp/node_modules/expect/build/index.js:218:22)
    at Object.toThrow (/Users/yusuketsunoda/Documents/cursor/ppttranslatorapp/worktrees/feature-test-coverage-improvement/tests/lib/pptx/parser.test.ts:154:67)
    at Promise.then.completed (/Users/yusuketsunoda/Documents/cursor/ppttranslatorapp/node_modules/jest-circus/build/utils.js:298:28)
    at new Promise (&lt;anonymous&gt;)
    at callAsyncCircusFn (/Users/yusuketsunoda/Documents/cursor/ppttranslatorapp/node_modules/jest-circus/build/utils.js:231:10)
    at _callCircusTest (/Users/yusuketsunoda/Documents/cursor/ppttranslatorapp/node_modules/jest-circus/build/run.js:316:40)
    at _runTest (/Users/yusuketsunoda/Documents/cursor/ppttranslatorapp/node_modules/jest-circus/build/run.js:252:3)
    at _runTestsForDescribeBlock (/Users/yusuketsunoda/Documents/cursor/ppttranslatorapp/node_modules/jest-circus/build/run.js:126:9)
    at _runTestsForDescribeBlock (/Users/yusuketsunoda/Documents/cursor/ppttranslatorapp/node_modules/jest-circus/build/run.js:121:9)
    at _runTestsForDescribeBlock (/Users/yusuketsunoda/Documents/cursor/ppttranslatorapp/node_modules/jest-circus/build/run.js:121:9)
    at run (/Users/yusuketsunoda/Documents/cursor/ppttranslatorapp/node_modules/jest-circus/build/run.js:71:3)
    at runAndTransformResultsToJestFormat (/Users/yusuketsunoda/Documents/cursor/ppttranslatorapp/node_modules/jest-circus/build/legacy-code-todo-rewrite/jestAdapterInit.js:122:21)
    at jestAdapter (/Users/yusuketsunoda/Documents/cursor/ppttranslatorapp/node_modules/jest-circus/build/legacy-code-todo-rewrite/jestAdapter.js:79:19)
    at runTestInternal (/Users/yusuketsunoda/Documents/cursor/ppttranslatorapp/node_modules/jest-runner/build/runTest.js:367:16)
    at runTest (/Users/yusuketsunoda/Documents/cursor/ppttranslatorapp/node_modules/jest-runner/build/runTest.js:444:34)</failure>
    </testcase>
    <testcase classname="PPTXパーサー › parsePPTX" name="Pythonスクリプトの実行エラーを適切に処理する" time="0.006">
      <failure>Error: expect(received).rejects.toThrow(expected)

Expected substring: &quot;Python execution error&quot;
Received message:   &quot;_fs.createReadStream is not a function&quot;

      48 |       try {
      49 |         const hash = createHash(&apos;md5&apos;);
    &gt; 50 |         const stream = fs.createReadStream(filePath);
         |                           ^
      51 |         
      52 |         stream.on(&apos;data&apos;, (data) =&gt; {
      53 |           hash.update(data);

      at createReadStream (lib/pptx/parser.ts:50:27)
      at PPTXParser.calculateFileHash (lib/pptx/parser.ts:47:12)
      at PPTXParser.calculateFileHash [as parsePPTX] (lib/pptx/parser.ts:190:35)
      at Object.parsePPTX (worktrees/feature-test-coverage-improvement/tests/lib/pptx/parser.test.ts:224:27)
    at Object.toThrow (/Users/yusuketsunoda/Documents/cursor/ppttranslatorapp/node_modules/expect/build/index.js:218:22)
    at Object.toThrow (/Users/yusuketsunoda/Documents/cursor/ppttranslatorapp/worktrees/feature-test-coverage-improvement/tests/lib/pptx/parser.test.ts:224:67)
    at Promise.then.completed (/Users/yusuketsunoda/Documents/cursor/ppttranslatorapp/node_modules/jest-circus/build/utils.js:298:28)
    at new Promise (&lt;anonymous&gt;)
    at callAsyncCircusFn (/Users/yusuketsunoda/Documents/cursor/ppttranslatorapp/node_modules/jest-circus/build/utils.js:231:10)
    at _callCircusTest (/Users/yusuketsunoda/Documents/cursor/ppttranslatorapp/node_modules/jest-circus/build/run.js:316:40)
    at _runTest (/Users/yusuketsunoda/Documents/cursor/ppttranslatorapp/node_modules/jest-circus/build/run.js:252:3)
    at _runTestsForDescribeBlock (/Users/yusuketsunoda/Documents/cursor/ppttranslatorapp/node_modules/jest-circus/build/run.js:126:9)
    at _runTestsForDescribeBlock (/Users/yusuketsunoda/Documents/cursor/ppttranslatorapp/node_modules/jest-circus/build/run.js:121:9)
    at _runTestsForDescribeBlock (/Users/yusuketsunoda/Documents/cursor/ppttranslatorapp/node_modules/jest-circus/build/run.js:121:9)
    at run (/Users/yusuketsunoda/Documents/cursor/ppttranslatorapp/node_modules/jest-circus/build/run.js:71:3)
    at runAndTransformResultsToJestFormat (/Users/yusuketsunoda/Documents/cursor/ppttranslatorapp/node_modules/jest-circus/build/legacy-code-todo-rewrite/jestAdapterInit.js:122:21)
    at jestAdapter (/Users/yusuketsunoda/Documents/cursor/ppttranslatorapp/node_modules/jest-circus/build/legacy-code-todo-rewrite/jestAdapter.js:79:19)
    at runTestInternal (/Users/yusuketsunoda/Documents/cursor/ppttranslatorapp/node_modules/jest-runner/build/runTest.js:367:16)
    at runTest (/Users/yusuketsunoda/Documents/cursor/ppttranslatorapp/node_modules/jest-runner/build/runTest.js:444:34)</failure>
    </testcase>
    <testcase classname="PPTXパーサー › extractTexts" name="パース結果からテキストを抽出する" time="0.001">
    </testcase>
    <testcase classname="PPTXパーサー › getTextWithPositions" name="パース結果からテキストと位置情報を取得する" time="0.001">
    </testcase>
  </testsuite>
  <testsuite name="PPTXパーサー" errors="0" failures="3" skipped="0" timestamp="2025-05-16T20:44:16" time="0.226" tests="5">
    <testcase classname="PPTXパーサー › parsePPTX" name="PPTXファイルを正しくパースする" time="0.01">
      <failure>TypeError: _fs.createReadStream is not a function
    at createReadStream (/Users/yusuketsunoda/Documents/cursor/ppttranslatorapp/lib/pptx/parser.ts:50:27)
    at new Promise (&lt;anonymous&gt;)
    at PPTXParser.calculateFileHash (/Users/yusuketsunoda/Documents/cursor/ppttranslatorapp/lib/pptx/parser.ts:47:12)
    at PPTXParser.calculateFileHash [as parsePPTX] (/Users/yusuketsunoda/Documents/cursor/ppttranslatorapp/lib/pptx/parser.ts:190:35)
    at Object.parsePPTX (/Users/yusuketsunoda/Documents/cursor/ppttranslatorapp/worktrees/feature-performance-optimization/tests/lib/pptx/parser.test.ts:138:35)
    at Promise.then.completed (/Users/yusuketsunoda/Documents/cursor/ppttranslatorapp/node_modules/jest-circus/build/utils.js:298:28)
    at new Promise (&lt;anonymous&gt;)
    at callAsyncCircusFn (/Users/yusuketsunoda/Documents/cursor/ppttranslatorapp/node_modules/jest-circus/build/utils.js:231:10)
    at _callCircusTest (/Users/yusuketsunoda/Documents/cursor/ppttranslatorapp/node_modules/jest-circus/build/run.js:316:40)
    at _runTest (/Users/yusuketsunoda/Documents/cursor/ppttranslatorapp/node_modules/jest-circus/build/run.js:252:3)
    at _runTestsForDescribeBlock (/Users/yusuketsunoda/Documents/cursor/ppttranslatorapp/node_modules/jest-circus/build/run.js:126:9)
    at _runTestsForDescribeBlock (/Users/yusuketsunoda/Documents/cursor/ppttranslatorapp/node_modules/jest-circus/build/run.js:121:9)
    at _runTestsForDescribeBlock (/Users/yusuketsunoda/Documents/cursor/ppttranslatorapp/node_modules/jest-circus/build/run.js:121:9)
    at run (/Users/yusuketsunoda/Documents/cursor/ppttranslatorapp/node_modules/jest-circus/build/run.js:71:3)
    at runAndTransformResultsToJestFormat (/Users/yusuketsunoda/Documents/cursor/ppttranslatorapp/node_modules/jest-circus/build/legacy-code-todo-rewrite/jestAdapterInit.js:122:21)
    at jestAdapter (/Users/yusuketsunoda/Documents/cursor/ppttranslatorapp/node_modules/jest-circus/build/legacy-code-todo-rewrite/jestAdapter.js:79:19)
    at runTestInternal (/Users/yusuketsunoda/Documents/cursor/ppttranslatorapp/node_modules/jest-runner/build/runTest.js:367:16)
    at runTest (/Users/yusuketsunoda/Documents/cursor/ppttranslatorapp/node_modules/jest-runner/build/runTest.js:444:34)</failure>
    </testcase>
    <testcase classname="PPTXパーサー › parsePPTX" name="Pythonスクリプトが見つからない場合はエラーを投げる" time="0.014">
      <failure>Error: expect(received).rejects.toThrow(expected)

Expected substring: &quot;Python script not found&quot;
Received message:   &quot;_fs.createReadStream is not a function&quot;

      48 |       try {
      49 |         const hash = createHash(&apos;md5&apos;);
    &gt; 50 |         const stream = fs.createReadStream(filePath);
         |                           ^
      51 |         
      52 |         stream.on(&apos;data&apos;, (data) =&gt; {
      53 |           hash.update(data);

      at createReadStream (lib/pptx/parser.ts:50:27)
      at PPTXParser.calculateFileHash (lib/pptx/parser.ts:47:12)
      at PPTXParser.calculateFileHash [as parsePPTX] (lib/pptx/parser.ts:190:35)
      at Object.parsePPTX (worktrees/feature-performance-optimization/tests/lib/pptx/parser.test.ts:154:27)
    at Object.toThrow (/Users/yusuketsunoda/Documents/cursor/ppttranslatorapp/node_modules/expect/build/index.js:218:22)
    at Object.toThrow (/Users/yusuketsunoda/Documents/cursor/ppttranslatorapp/worktrees/feature-performance-optimization/tests/lib/pptx/parser.test.ts:154:67)
    at Promise.then.completed (/Users/yusuketsunoda/Documents/cursor/ppttranslatorapp/node_modules/jest-circus/build/utils.js:298:28)
    at new Promise (&lt;anonymous&gt;)
    at callAsyncCircusFn (/Users/yusuketsunoda/Documents/cursor/ppttranslatorapp/node_modules/jest-circus/build/utils.js:231:10)
    at _callCircusTest (/Users/yusuketsunoda/Documents/cursor/ppttranslatorapp/node_modules/jest-circus/build/run.js:316:40)
    at _runTest (/Users/yusuketsunoda/Documents/cursor/ppttranslatorapp/node_modules/jest-circus/build/run.js:252:3)
    at _runTestsForDescribeBlock (/Users/yusuketsunoda/Documents/cursor/ppttranslatorapp/node_modules/jest-circus/build/run.js:126:9)
    at _runTestsForDescribeBlock (/Users/yusuketsunoda/Documents/cursor/ppttranslatorapp/node_modules/jest-circus/build/run.js:121:9)
    at _runTestsForDescribeBlock (/Users/yusuketsunoda/Documents/cursor/ppttranslatorapp/node_modules/jest-circus/build/run.js:121:9)
    at run (/Users/yusuketsunoda/Documents/cursor/ppttranslatorapp/node_modules/jest-circus/build/run.js:71:3)
    at runAndTransformResultsToJestFormat (/Users/yusuketsunoda/Documents/cursor/ppttranslatorapp/node_modules/jest-circus/build/legacy-code-todo-rewrite/jestAdapterInit.js:122:21)
    at jestAdapter (/Users/yusuketsunoda/Documents/cursor/ppttranslatorapp/node_modules/jest-circus/build/legacy-code-todo-rewrite/jestAdapter.js:79:19)
    at runTestInternal (/Users/yusuketsunoda/Documents/cursor/ppttranslatorapp/node_modules/jest-runner/build/runTest.js:367:16)
    at runTest (/Users/yusuketsunoda/Documents/cursor/ppttranslatorapp/node_modules/jest-runner/build/runTest.js:444:34)</failure>
    </testcase>
    <testcase classname="PPTXパーサー › parsePPTX" name="Pythonスクリプトの実行エラーを適切に処理する" time="0.003">
      <failure>Error: expect(received).rejects.toThrow(expected)

Expected substring: &quot;Python execution error&quot;
Received message:   &quot;_fs.createReadStream is not a function&quot;

      48 |       try {
      49 |         const hash = createHash(&apos;md5&apos;);
    &gt; 50 |         const stream = fs.createReadStream(filePath);
         |                           ^
      51 |         
      52 |         stream.on(&apos;data&apos;, (data) =&gt; {
      53 |           hash.update(data);

      at createReadStream (lib/pptx/parser.ts:50:27)
      at PPTXParser.calculateFileHash (lib/pptx/parser.ts:47:12)
      at PPTXParser.calculateFileHash [as parsePPTX] (lib/pptx/parser.ts:190:35)
      at Object.parsePPTX (worktrees/feature-performance-optimization/tests/lib/pptx/parser.test.ts:224:27)
    at Object.toThrow (/Users/yusuketsunoda/Documents/cursor/ppttranslatorapp/node_modules/expect/build/index.js:218:22)
    at Object.toThrow (/Users/yusuketsunoda/Documents/cursor/ppttranslatorapp/worktrees/feature-performance-optimization/tests/lib/pptx/parser.test.ts:224:67)
    at Promise.then.completed (/Users/yusuketsunoda/Documents/cursor/ppttranslatorapp/node_modules/jest-circus/build/utils.js:298:28)
    at new Promise (&lt;anonymous&gt;)
    at callAsyncCircusFn (/Users/yusuketsunoda/Documents/cursor/ppttranslatorapp/node_modules/jest-circus/build/utils.js:231:10)
    at _callCircusTest (/Users/yusuketsunoda/Documents/cursor/ppttranslatorapp/node_modules/jest-circus/build/run.js:316:40)
    at _runTest (/Users/yusuketsunoda/Documents/cursor/ppttranslatorapp/node_modules/jest-circus/build/run.js:252:3)
    at _runTestsForDescribeBlock (/Users/yusuketsunoda/Documents/cursor/ppttranslatorapp/node_modules/jest-circus/build/run.js:126:9)
    at _runTestsForDescribeBlock (/Users/yusuketsunoda/Documents/cursor/ppttranslatorapp/node_modules/jest-circus/build/run.js:121:9)
    at _runTestsForDescribeBlock (/Users/yusuketsunoda/Documents/cursor/ppttranslatorapp/node_modules/jest-circus/build/run.js:121:9)
    at run (/Users/yusuketsunoda/Documents/cursor/ppttranslatorapp/node_modules/jest-circus/build/run.js:71:3)
    at runAndTransformResultsToJestFormat (/Users/yusuketsunoda/Documents/cursor/ppttranslatorapp/node_modules/jest-circus/build/legacy-code-todo-rewrite/jestAdapterInit.js:122:21)
    at jestAdapter (/Users/yusuketsunoda/Documents/cursor/ppttranslatorapp/node_modules/jest-circus/build/legacy-code-todo-rewrite/jestAdapter.js:79:19)
    at runTestInternal (/Users/yusuketsunoda/Documents/cursor/ppttranslatorapp/node_modules/jest-runner/build/runTest.js:367:16)
    at runTest (/Users/yusuketsunoda/Documents/cursor/ppttranslatorapp/node_modules/jest-runner/build/runTest.js:444:34)</failure>
    </testcase>
    <testcase classname="PPTXパーサー › extractTexts" name="パース結果からテキストを抽出する" time="0.001">
    </testcase>
    <testcase classname="PPTXパーサー › getTextWithPositions" name="パース結果からテキストと位置情報を取得する" time="0">
    </testcase>
  </testsuite>
  <testsuite name="PPTXパーサー" errors="0" failures="3" skipped="0" timestamp="2025-05-16T20:44:17" time="0.199" tests="5">
    <testcase classname="PPTXパーサー › parsePPTX" name="PPTXファイルを正しくパースする" time="0.013">
      <failure>TypeError: _fs.createReadStream is not a function
    at createReadStream (/Users/yusuketsunoda/Documents/cursor/ppttranslatorapp/lib/pptx/parser.ts:50:27)
    at new Promise (&lt;anonymous&gt;)
    at PPTXParser.calculateFileHash (/Users/yusuketsunoda/Documents/cursor/ppttranslatorapp/lib/pptx/parser.ts:47:12)
    at PPTXParser.calculateFileHash [as parsePPTX] (/Users/yusuketsunoda/Documents/cursor/ppttranslatorapp/lib/pptx/parser.ts:190:35)
    at Object.parsePPTX (/Users/yusuketsunoda/Documents/cursor/ppttranslatorapp/tests/lib/pptx/parser.test.ts:138:35)
    at Promise.then.completed (/Users/yusuketsunoda/Documents/cursor/ppttranslatorapp/node_modules/jest-circus/build/utils.js:298:28)
    at new Promise (&lt;anonymous&gt;)
    at callAsyncCircusFn (/Users/yusuketsunoda/Documents/cursor/ppttranslatorapp/node_modules/jest-circus/build/utils.js:231:10)
    at _callCircusTest (/Users/yusuketsunoda/Documents/cursor/ppttranslatorapp/node_modules/jest-circus/build/run.js:316:40)
    at _runTest (/Users/yusuketsunoda/Documents/cursor/ppttranslatorapp/node_modules/jest-circus/build/run.js:252:3)
    at _runTestsForDescribeBlock (/Users/yusuketsunoda/Documents/cursor/ppttranslatorapp/node_modules/jest-circus/build/run.js:126:9)
    at _runTestsForDescribeBlock (/Users/yusuketsunoda/Documents/cursor/ppttranslatorapp/node_modules/jest-circus/build/run.js:121:9)
    at _runTestsForDescribeBlock (/Users/yusuketsunoda/Documents/cursor/ppttranslatorapp/node_modules/jest-circus/build/run.js:121:9)
    at run (/Users/yusuketsunoda/Documents/cursor/ppttranslatorapp/node_modules/jest-circus/build/run.js:71:3)
    at runAndTransformResultsToJestFormat (/Users/yusuketsunoda/Documents/cursor/ppttranslatorapp/node_modules/jest-circus/build/legacy-code-todo-rewrite/jestAdapterInit.js:122:21)
    at jestAdapter (/Users/yusuketsunoda/Documents/cursor/ppttranslatorapp/node_modules/jest-circus/build/legacy-code-todo-rewrite/jestAdapter.js:79:19)
    at runTestInternal (/Users/yusuketsunoda/Documents/cursor/ppttranslatorapp/node_modules/jest-runner/build/runTest.js:367:16)
    at runTest (/Users/yusuketsunoda/Documents/cursor/ppttranslatorapp/node_modules/jest-runner/build/runTest.js:444:34)</failure>
    </testcase>
    <testcase classname="PPTXパーサー › parsePPTX" name="Pythonスクリプトが見つからない場合はエラーを投げる" time="0.003">
      <failure>Error: expect(received).rejects.toThrow(expected)

Expected substring: &quot;Python script not found&quot;
Received message:   &quot;_fs.createReadStream is not a function&quot;

      48 |       try {
      49 |         const hash = createHash(&apos;md5&apos;);
    &gt; 50 |         const stream = fs.createReadStream(filePath);
         |                           ^
      51 |         
      52 |         stream.on(&apos;data&apos;, (data) =&gt; {
      53 |           hash.update(data);

      at createReadStream (lib/pptx/parser.ts:50:27)
      at PPTXParser.calculateFileHash (lib/pptx/parser.ts:47:12)
      at PPTXParser.calculateFileHash [as parsePPTX] (lib/pptx/parser.ts:190:35)
      at Object.parsePPTX (tests/lib/pptx/parser.test.ts:154:27)
    at Object.toThrow (/Users/yusuketsunoda/Documents/cursor/ppttranslatorapp/node_modules/expect/build/index.js:218:22)
    at Object.toThrow (/Users/yusuketsunoda/Documents/cursor/ppttranslatorapp/tests/lib/pptx/parser.test.ts:154:67)
    at Promise.then.completed (/Users/yusuketsunoda/Documents/cursor/ppttranslatorapp/node_modules/jest-circus/build/utils.js:298:28)
    at new Promise (&lt;anonymous&gt;)
    at callAsyncCircusFn (/Users/yusuketsunoda/Documents/cursor/ppttranslatorapp/node_modules/jest-circus/build/utils.js:231:10)
    at _callCircusTest (/Users/yusuketsunoda/Documents/cursor/ppttranslatorapp/node_modules/jest-circus/build/run.js:316:40)
    at _runTest (/Users/yusuketsunoda/Documents/cursor/ppttranslatorapp/node_modules/jest-circus/build/run.js:252:3)
    at _runTestsForDescribeBlock (/Users/yusuketsunoda/Documents/cursor/ppttranslatorapp/node_modules/jest-circus/build/run.js:126:9)
    at _runTestsForDescribeBlock (/Users/yusuketsunoda/Documents/cursor/ppttranslatorapp/node_modules/jest-circus/build/run.js:121:9)
    at _runTestsForDescribeBlock (/Users/yusuketsunoda/Documents/cursor/ppttranslatorapp/node_modules/jest-circus/build/run.js:121:9)
    at run (/Users/yusuketsunoda/Documents/cursor/ppttranslatorapp/node_modules/jest-circus/build/run.js:71:3)
    at runAndTransformResultsToJestFormat (/Users/yusuketsunoda/Documents/cursor/ppttranslatorapp/node_modules/jest-circus/build/legacy-code-todo-rewrite/jestAdapterInit.js:122:21)
    at jestAdapter (/Users/yusuketsunoda/Documents/cursor/ppttranslatorapp/node_modules/jest-circus/build/legacy-code-todo-rewrite/jestAdapter.js:79:19)
    at runTestInternal (/Users/yusuketsunoda/Documents/cursor/ppttranslatorapp/node_modules/jest-runner/build/runTest.js:367:16)
    at runTest (/Users/yusuketsunoda/Documents/cursor/ppttranslatorapp/node_modules/jest-runner/build/runTest.js:444:34)</failure>
    </testcase>
    <testcase classname="PPTXパーサー › parsePPTX" name="Pythonスクリプトの実行エラーを適切に処理する" time="0.003">
      <failure>Error: expect(received).rejects.toThrow(expected)

Expected substring: &quot;Python execution error&quot;
Received message:   &quot;_fs.createReadStream is not a function&quot;

      48 |       try {
      49 |         const hash = createHash(&apos;md5&apos;);
    &gt; 50 |         const stream = fs.createReadStream(filePath);
         |                           ^
      51 |         
      52 |         stream.on(&apos;data&apos;, (data) =&gt; {
      53 |           hash.update(data);

      at createReadStream (lib/pptx/parser.ts:50:27)
      at PPTXParser.calculateFileHash (lib/pptx/parser.ts:47:12)
      at PPTXParser.calculateFileHash [as parsePPTX] (lib/pptx/parser.ts:190:35)
      at Object.parsePPTX (tests/lib/pptx/parser.test.ts:224:27)
    at Object.toThrow (/Users/yusuketsunoda/Documents/cursor/ppttranslatorapp/node_modules/expect/build/index.js:218:22)
    at Object.toThrow (/Users/yusuketsunoda/Documents/cursor/ppttranslatorapp/tests/lib/pptx/parser.test.ts:224:67)
    at Promise.then.completed (/Users/yusuketsunoda/Documents/cursor/ppttranslatorapp/node_modules/jest-circus/build/utils.js:298:28)
    at new Promise (&lt;anonymous&gt;)
    at callAsyncCircusFn (/Users/yusuketsunoda/Documents/cursor/ppttranslatorapp/node_modules/jest-circus/build/utils.js:231:10)
    at _callCircusTest (/Users/yusuketsunoda/Documents/cursor/ppttranslatorapp/node_modules/jest-circus/build/run.js:316:40)
    at _runTest (/Users/yusuketsunoda/Documents/cursor/ppttranslatorapp/node_modules/jest-circus/build/run.js:252:3)
    at _runTestsForDescribeBlock (/Users/yusuketsunoda/Documents/cursor/ppttranslatorapp/node_modules/jest-circus/build/run.js:126:9)
    at _runTestsForDescribeBlock (/Users/yusuketsunoda/Documents/cursor/ppttranslatorapp/node_modules/jest-circus/build/run.js:121:9)
    at _runTestsForDescribeBlock (/Users/yusuketsunoda/Documents/cursor/ppttranslatorapp/node_modules/jest-circus/build/run.js:121:9)
    at run (/Users/yusuketsunoda/Documents/cursor/ppttranslatorapp/node_modules/jest-circus/build/run.js:71:3)
    at runAndTransformResultsToJestFormat (/Users/yusuketsunoda/Documents/cursor/ppttranslatorapp/node_modules/jest-circus/build/legacy-code-todo-rewrite/jestAdapterInit.js:122:21)
    at jestAdapter (/Users/yusuketsunoda/Documents/cursor/ppttranslatorapp/node_modules/jest-circus/build/legacy-code-todo-rewrite/jestAdapter.js:79:19)
    at runTestInternal (/Users/yusuketsunoda/Documents/cursor/ppttranslatorapp/node_modules/jest-runner/build/runTest.js:367:16)
    at runTest (/Users/yusuketsunoda/Documents/cursor/ppttranslatorapp/node_modules/jest-runner/build/runTest.js:444:34)</failure>
    </testcase>
    <testcase classname="PPTXパーサー › extractTexts" name="パース結果からテキストを抽出する" time="0">
    </testcase>
    <testcase classname="PPTXパーサー › getTextWithPositions" name="パース結果からテキストと位置情報を取得する" time="0.003">
    </testcase>
  </testsuite>
  <testsuite name="ErrorHandler" errors="0" failures="0" skipped="0" timestamp="2025-05-16T20:44:17" time="0.194" tests="22">
    <testcase classname="ErrorHandler › AppError" name="AppErrorインスタンスを正しく作成する" time="0.001">
    </testcase>
    <testcase classname="ErrorHandler › isAppError" name="AppErrorインスタンスの場合はtrueを返す" time="0.001">
    </testcase>
    <testcase classname="ErrorHandler › isAppError" name="通常のErrorインスタンスの場合はfalseを返す" time="0">
    </testcase>
    <testcase classname="ErrorHandler › isAppError" name="nullやundefinedの場合はfalseを返す" time="0.001">
    </testcase>
    <testcase classname="ErrorHandler › handleError" name="AppErrorをそのまま返す" time="0">
    </testcase>
    <testcase classname="ErrorHandler › handleError" name="ネットワークエラーをAppErrorに変換する" time="0.001">
    </testcase>
    <testcase classname="ErrorHandler › handleError" name="データベースエラーをAppErrorに変換する" time="0">
    </testcase>
    <testcase classname="ErrorHandler › handleError" name="APIエラーをAppErrorに変換する" time="0.001">
    </testcase>
    <testcase classname="ErrorHandler › handleError" name="不明なエラーをAppErrorに変換する" time="0.006">
    </testcase>
    <testcase classname="ErrorHandler › getErrorMessage" name="Errorインスタンスからメッセージを取得する" time="0.001">
    </testcase>
    <testcase classname="ErrorHandler › getErrorMessage" name="エラーではない値の場合はデフォルトメッセージを返す" time="0">
    </testcase>
    <testcase classname="ErrorHandler › エラー作成関数" name="createValidationError" time="0.001">
    </testcase>
    <testcase classname="ErrorHandler › エラー作成関数" name="createAuthError" time="0">
    </testcase>
    <testcase classname="ErrorHandler › エラー作成関数" name="createForbiddenError" time="0.001">
    </testcase>
    <testcase classname="ErrorHandler › エラー作成関数" name="createNotFoundError" time="0">
    </testcase>
    <testcase classname="ErrorHandler › エラー作成関数" name="createRateLimitError" time="0.001">
    </testcase>
    <testcase classname="ErrorHandler › エラー作成関数" name="createDatabaseError" time="0.001">
    </testcase>
    <testcase classname="ErrorHandler › mapSessionErrorToAppError" name="EXPIREDエラーを変換する" time="0.001">
    </testcase>
    <testcase classname="ErrorHandler › mapSessionErrorToAppError" name="INVALIDエラーを変換する" time="0">
    </testcase>
    <testcase classname="ErrorHandler › mapSessionErrorToAppError" name="UNAUTHORIZEDエラーを変換する" time="0.001">
    </testcase>
    <testcase classname="ErrorHandler › mapSessionErrorToAppError" name="NETWORKエラーを変換する" time="0.001">
    </testcase>
    <testcase classname="ErrorHandler › mapSessionErrorToAppError" name="未知のエラーを変換する" time="0">
    </testcase>
  </testsuite>
  <testsuite name="ErrorHandler" errors="0" failures="0" skipped="0" timestamp="2025-05-16T20:44:17" time="0.197" tests="22">
    <testcase classname="ErrorHandler › AppError" name="AppErrorインスタンスを正しく作成する" time="0.001">
    </testcase>
    <testcase classname="ErrorHandler › isAppError" name="AppErrorインスタンスの場合はtrueを返す" time="0.001">
    </testcase>
    <testcase classname="ErrorHandler › isAppError" name="通常のErrorインスタンスの場合はfalseを返す" time="0">
    </testcase>
    <testcase classname="ErrorHandler › isAppError" name="nullやundefinedの場合はfalseを返す" time="0.001">
    </testcase>
    <testcase classname="ErrorHandler › handleError" name="AppErrorをそのまま返す" time="0.001">
    </testcase>
    <testcase classname="ErrorHandler › handleError" name="ネットワークエラーをAppErrorに変換する" time="0">
    </testcase>
    <testcase classname="ErrorHandler › handleError" name="データベースエラーをAppErrorに変換する" time="0.001">
    </testcase>
    <testcase classname="ErrorHandler › handleError" name="APIエラーをAppErrorに変換する" time="0">
    </testcase>
    <testcase classname="ErrorHandler › handleError" name="不明なエラーをAppErrorに変換する" time="0.001">
    </testcase>
    <testcase classname="ErrorHandler › getErrorMessage" name="Errorインスタンスからメッセージを取得する" time="0">
    </testcase>
    <testcase classname="ErrorHandler › getErrorMessage" name="エラーではない値の場合はデフォルトメッセージを返す" time="0">
    </testcase>
    <testcase classname="ErrorHandler › エラー作成関数" name="createValidationError" time="0.001">
    </testcase>
    <testcase classname="ErrorHandler › エラー作成関数" name="createAuthError" time="0">
    </testcase>
    <testcase classname="ErrorHandler › エラー作成関数" name="createForbiddenError" time="0.003">
    </testcase>
    <testcase classname="ErrorHandler › エラー作成関数" name="createNotFoundError" time="0.001">
    </testcase>
    <testcase classname="ErrorHandler › エラー作成関数" name="createRateLimitError" time="0">
    </testcase>
    <testcase classname="ErrorHandler › エラー作成関数" name="createDatabaseError" time="0.001">
    </testcase>
    <testcase classname="ErrorHandler › mapSessionErrorToAppError" name="EXPIREDエラーを変換する" time="0">
    </testcase>
    <testcase classname="ErrorHandler › mapSessionErrorToAppError" name="INVALIDエラーを変換する" time="0.001">
    </testcase>
    <testcase classname="ErrorHandler › mapSessionErrorToAppError" name="UNAUTHORIZEDエラーを変換する" time="0.001">
    </testcase>
    <testcase classname="ErrorHandler › mapSessionErrorToAppError" name="NETWORKエラーを変換する" time="0">
    </testcase>
    <testcase classname="ErrorHandler › mapSessionErrorToAppError" name="未知のエラーを変換する" time="0">
    </testcase>
  </testsuite>
  <testsuite name="ErrorHandler" errors="0" failures="0" skipped="0" timestamp="2025-05-16T20:44:17" time="0.189" tests="22">
    <testcase classname="ErrorHandler › AppError" name="AppErrorインスタンスを正しく作成する" time="0.001">
    </testcase>
    <testcase classname="ErrorHandler › isAppError" name="AppErrorインスタンスの場合はtrueを返す" time="0.001">
    </testcase>
    <testcase classname="ErrorHandler › isAppError" name="通常のErrorインスタンスの場合はfalseを返す" time="0">
    </testcase>
    <testcase classname="ErrorHandler › isAppError" name="nullやundefinedの場合はfalseを返す" time="0">
    </testcase>
    <testcase classname="ErrorHandler › handleError" name="AppErrorをそのまま返す" time="0.001">
    </testcase>
    <testcase classname="ErrorHandler › handleError" name="ネットワークエラーをAppErrorに変換する" time="0.005">
    </testcase>
    <testcase classname="ErrorHandler › handleError" name="データベースエラーをAppErrorに変換する" time="0.001">
    </testcase>
    <testcase classname="ErrorHandler › handleError" name="APIエラーをAppErrorに変換する" time="0.001">
    </testcase>
    <testcase classname="ErrorHandler › handleError" name="不明なエラーをAppErrorに変換する" time="0.001">
    </testcase>
    <testcase classname="ErrorHandler › getErrorMessage" name="Errorインスタンスからメッセージを取得する" time="0">
    </testcase>
    <testcase classname="ErrorHandler › getErrorMessage" name="エラーではない値の場合はデフォルトメッセージを返す" time="0.001">
    </testcase>
    <testcase classname="ErrorHandler › エラー作成関数" name="createValidationError" time="0">
    </testcase>
    <testcase classname="ErrorHandler › エラー作成関数" name="createAuthError" time="0.001">
    </testcase>
    <testcase classname="ErrorHandler › エラー作成関数" name="createForbiddenError" time="0">
    </testcase>
    <testcase classname="ErrorHandler › エラー作成関数" name="createNotFoundError" time="0.001">
    </testcase>
    <testcase classname="ErrorHandler › エラー作成関数" name="createRateLimitError" time="0">
    </testcase>
    <testcase classname="ErrorHandler › エラー作成関数" name="createDatabaseError" time="0">
    </testcase>
    <testcase classname="ErrorHandler › mapSessionErrorToAppError" name="EXPIREDエラーを変換する" time="0.001">
    </testcase>
    <testcase classname="ErrorHandler › mapSessionErrorToAppError" name="INVALIDエラーを変換する" time="0.002">
    </testcase>
    <testcase classname="ErrorHandler › mapSessionErrorToAppError" name="UNAUTHORIZEDエラーを変換する" time="0.001">
    </testcase>
    <testcase classname="ErrorHandler › mapSessionErrorToAppError" name="NETWORKエラーを変換する" time="0">
    </testcase>
    <testcase classname="ErrorHandler › mapSessionErrorToAppError" name="未知のエラーを変換する" time="0.001">
    </testcase>
  </testsuite>
  <testsuite name="ErrorHandler" errors="0" failures="0" skipped="0" timestamp="2025-05-16T20:44:17" time="0.204" tests="22">
    <testcase classname="ErrorHandler › AppError" name="AppErrorインスタンスを正しく作成する" time="0.001">
    </testcase>
    <testcase classname="ErrorHandler › isAppError" name="AppErrorインスタンスの場合はtrueを返す" time="0">
    </testcase>
    <testcase classname="ErrorHandler › isAppError" name="通常のErrorインスタンスの場合はfalseを返す" time="0.001">
    </testcase>
    <testcase classname="ErrorHandler › isAppError" name="nullやundefinedの場合はfalseを返す" time="0">
    </testcase>
    <testcase classname="ErrorHandler › handleError" name="AppErrorをそのまま返す" time="0.001">
    </testcase>
    <testcase classname="ErrorHandler › handleError" name="ネットワークエラーをAppErrorに変換する" time="0.001">
    </testcase>
    <testcase classname="ErrorHandler › handleError" name="データベースエラーをAppErrorに変換する" time="0.001">
    </testcase>
    <testcase classname="ErrorHandler › handleError" name="APIエラーをAppErrorに変換する" time="0.001">
    </testcase>
    <testcase classname="ErrorHandler › handleError" name="不明なエラーをAppErrorに変換する" time="0">
    </testcase>
    <testcase classname="ErrorHandler › getErrorMessage" name="Errorインスタンスからメッセージを取得する" time="0">
    </testcase>
    <testcase classname="ErrorHandler › getErrorMessage" name="エラーではない値の場合はデフォルトメッセージを返す" time="0.003">
    </testcase>
    <testcase classname="ErrorHandler › エラー作成関数" name="createValidationError" time="0">
    </testcase>
    <testcase classname="ErrorHandler › エラー作成関数" name="createAuthError" time="0.001">
    </testcase>
    <testcase classname="ErrorHandler › エラー作成関数" name="createForbiddenError" time="0">
    </testcase>
    <testcase classname="ErrorHandler › エラー作成関数" name="createNotFoundError" time="0.001">
    </testcase>
    <testcase classname="ErrorHandler › エラー作成関数" name="createRateLimitError" time="0">
    </testcase>
    <testcase classname="ErrorHandler › エラー作成関数" name="createDatabaseError" time="0.001">
    </testcase>
    <testcase classname="ErrorHandler › mapSessionErrorToAppError" name="EXPIREDエラーを変換する" time="0.001">
    </testcase>
    <testcase classname="ErrorHandler › mapSessionErrorToAppError" name="INVALIDエラーを変換する" time="0">
    </testcase>
    <testcase classname="ErrorHandler › mapSessionErrorToAppError" name="UNAUTHORIZEDエラーを変換する" time="0.001">
    </testcase>
    <testcase classname="ErrorHandler › mapSessionErrorToAppError" name="NETWORKエラーを変換する" time="0">
    </testcase>
    <testcase classname="ErrorHandler › mapSessionErrorToAppError" name="未知のエラーを変換する" time="0">
    </testcase>
  </testsuite>
  <testsuite name="worktrees/feature-test-coverage-improvement/tests/api/auth/reset-password/route.test.ts" errors="1" failures="0" skipped="0" timestamp="1970-01-01T00:00:00" time="0" tests="0">
    <testcase classname="Test suite failed to run" name="worktrees/feature-test-coverage-improvement/tests/api/auth/reset-password/route.test.ts" time="0">
      <error>  ● Test suite failed to run

    Configuration error:
    
    Could not locate module @/tests/helpers/mockSetup mapped as:
    /Users/yusuketsunoda/Documents/cursor/ppttranslatorapp/$1.
    
    Please check your configuration for these entries:
    {
      &quot;moduleNameMapper&quot;: {
        &quot;/^@\/(.*)$/&quot;: &quot;/Users/yusuketsunoda/Documents/cursor/ppttranslatorapp/$1&quot;
      },
      &quot;resolver&quot;: undefined
    }

      15 | }));
      16 |
    &gt; 17 | const prismaMock = createPrismaMock();
         |                    ^
      18 | const generateResetTokenMock = generateResetToken as jest.Mock;
      19 | const sendPasswordResetEmailMock = sendPasswordResetEmail as jest.Mock;
      20 |

      at createNoMappedModuleFoundError (node_modules/jest-resolve/build/resolver.js:759:17)
      at Object.&lt;anonymous&gt; (worktrees/feature-test-coverage-improvement/tests/api/auth/reset-password/route.test.ts:17:20)
</error>
    </testcase>
    <testcase classname="Test suite failed to run" name="worktrees/feature-test-coverage-improvement/tests/api/auth/reset-password/route.test.ts" time="0">
      <failure>{&quot;name&quot;:&quot;&quot;}</failure>
    </testcase>
  </testsuite>
  <testsuite name="worktrees/fix-text-position-alignment/tests/app/translate/components/TextList.test.tsx" errors="1" failures="0" skipped="0" timestamp="1970-01-01T00:00:00" time="0" tests="0">
    <testcase classname="Test suite failed to run" name="worktrees/fix-text-position-alignment/tests/app/translate/components/TextList.test.tsx" time="0">
      <error>  ● Test suite failed to run

    Configuration error:
    
    Could not locate module @/app/(dashboard)/translate/components/TextList mapped as:
    /Users/yusuketsunoda/Documents/cursor/ppttranslatorapp/$1.
    
    Please check your configuration for these entries:
    {
      &quot;moduleNameMapper&quot;: {
        &quot;/^@\/(.*)$/&quot;: &quot;/Users/yusuketsunoda/Documents/cursor/ppttranslatorapp/$1&quot;
      },
      &quot;resolver&quot;: undefined
    }

       8 |
       9 | // テスト用の型定義
    &gt; 10 | interface Translation {
         |                                            ^
      11 |   language: string;
      12 |   text: string;
      13 | }

      at createNoMappedModuleFoundError (node_modules/jest-resolve/build/resolver.js:759:17)
      at Object.&lt;anonymous&gt; (worktrees/fix-text-position-alignment/tests/app/translate/components/TextList.test.tsx:10:58)
</error>
    </testcase>
    <testcase classname="Test suite failed to run" name="worktrees/fix-text-position-alignment/tests/app/translate/components/TextList.test.tsx" time="0">
      <failure>{&quot;name&quot;:&quot;&quot;}</failure>
    </testcase>
  </testsuite>
  <testsuite name="worktrees/feature-test-coverage-improvement/tests/app/translate/components/TextList.test.tsx" errors="1" failures="0" skipped="0" timestamp="1970-01-01T00:00:00" time="0" tests="0">
    <testcase classname="Test suite failed to run" name="worktrees/feature-test-coverage-improvement/tests/app/translate/components/TextList.test.tsx" time="0">
      <error>  ● Test suite failed to run

    Configuration error:
    
    Could not locate module @/app/(dashboard)/translate/components/TextList mapped as:
    /Users/yusuketsunoda/Documents/cursor/ppttranslatorapp/$1.
    
    Please check your configuration for these entries:
    {
      &quot;moduleNameMapper&quot;: {
        &quot;/^@\/(.*)$/&quot;: &quot;/Users/yusuketsunoda/Documents/cursor/ppttranslatorapp/$1&quot;
      },
      &quot;resolver&quot;: undefined
    }

       8 |
       9 | // テスト用の型定義
    &gt; 10 | interface Translation {
         |                                            ^
      11 |   language: string;
      12 |   text: string;
      13 | }

      at createNoMappedModuleFoundError (node_modules/jest-resolve/build/resolver.js:759:17)
      at Object.&lt;anonymous&gt; (worktrees/feature-test-coverage-improvement/tests/app/translate/components/TextList.test.tsx:10:58)
</error>
    </testcase>
    <testcase classname="Test suite failed to run" name="worktrees/feature-test-coverage-improvement/tests/app/translate/components/TextList.test.tsx" time="0">
      <failure>{&quot;name&quot;:&quot;&quot;}</failure>
    </testcase>
  </testsuite>
  <testsuite name="worktrees/feature-performance-optimization/tests/app/translate/components/TextList.test.tsx" errors="1" failures="0" skipped="0" timestamp="1970-01-01T00:00:00" time="0" tests="0">
    <testcase classname="Test suite failed to run" name="worktrees/feature-performance-optimization/tests/app/translate/components/TextList.test.tsx" time="0">
      <error>  ● Test suite failed to run

    Configuration error:
    
    Could not locate module @/app/(dashboard)/translate/components/TextList mapped as:
    /Users/yusuketsunoda/Documents/cursor/ppttranslatorapp/$1.
    
    Please check your configuration for these entries:
    {
      &quot;moduleNameMapper&quot;: {
        &quot;/^@\/(.*)$/&quot;: &quot;/Users/yusuketsunoda/Documents/cursor/ppttranslatorapp/$1&quot;
      },
      &quot;resolver&quot;: undefined
    }

       8 |
       9 | // テスト用の型定義
    &gt; 10 | interface Translation {
         |                                            ^
      11 |   language: string;
      12 |   text: string;
      13 | }

      at createNoMappedModuleFoundError (node_modules/jest-resolve/build/resolver.js:759:17)
      at Object.&lt;anonymous&gt; (worktrees/feature-performance-optimization/tests/app/translate/components/TextList.test.tsx:10:58)
</error>
    </testcase>
    <testcase classname="Test suite failed to run" name="worktrees/feature-performance-optimization/tests/app/translate/components/TextList.test.tsx" time="0">
      <failure>{&quot;name&quot;:&quot;&quot;}</failure>
    </testcase>
  </testsuite>
  <testsuite name="tests/app/translate/components/TextList.test.tsx" errors="1" failures="0" skipped="0" timestamp="1970-01-01T00:00:00" time="0" tests="0">
    <testcase classname="Test suite failed to run" name="tests/app/translate/components/TextList.test.tsx" time="0">
      <error>  ● Test suite failed to run

    Configuration error:
    
    Could not locate module @/app/(dashboard)/translate/components/TextList mapped as:
    /Users/yusuketsunoda/Documents/cursor/ppttranslatorapp/$1.
    
    Please check your configuration for these entries:
    {
      &quot;moduleNameMapper&quot;: {
        &quot;/^@\/(.*)$/&quot;: &quot;/Users/yusuketsunoda/Documents/cursor/ppttranslatorapp/$1&quot;
      },
      &quot;resolver&quot;: undefined
    }

       8 |
       9 | // テスト用の型定義
    &gt; 10 | interface Translation {
         |                                            ^
      11 |   language: string;
      12 |   text: string;
      13 | }

      at createNoMappedModuleFoundError (node_modules/jest-resolve/build/resolver.js:759:17)
      at Object.&lt;anonymous&gt; (tests/app/translate/components/TextList.test.tsx:10:58)
</error>
    </testcase>
    <testcase classname="Test suite failed to run" name="tests/app/translate/components/TextList.test.tsx" time="0">
      <failure>{&quot;name&quot;:&quot;&quot;}</failure>
    </testcase>
  </testsuite>
  <testsuite name="PPTX Parse API" errors="0" failures="0" skipped="0" timestamp="2025-05-16T20:44:19" time="0.256" tests="4">
    <testcase classname="PPTX Parse API › POST /api/pptx/parse" name="有効なPPTXファイルをパースする" time="0.001">
    </testcase>
    <testcase classname="PPTX Parse API › POST /api/pptx/parse" name="ファイルが指定されていない場合はエラーを返す" time="0.001">
    </testcase>
    <testcase classname="PPTX Parse API › POST /api/pptx/parse" name="無効なファイルタイプの場合はエラーを返す" time="0.002">
    </testcase>
    <testcase classname="PPTX Parse API › GET /api/pptx/parse" name="ヘルスチェックエンドポイントが正常に応答する" time="0.001">
    </testcase>
  </testsuite>
  <testsuite name="PPTX Parse API" errors="0" failures="0" skipped="0" timestamp="2025-05-16T20:44:19" time="0.249" tests="4">
    <testcase classname="PPTX Parse API › POST /api/pptx/parse" name="有効なPPTXファイルをパースする" time="0.002">
    </testcase>
    <testcase classname="PPTX Parse API › POST /api/pptx/parse" name="ファイルが指定されていない場合はエラーを返す" time="0.001">
    </testcase>
    <testcase classname="PPTX Parse API › POST /api/pptx/parse" name="無効なファイルタイプの場合はエラーを返す" time="0">
    </testcase>
    <testcase classname="PPTX Parse API › GET /api/pptx/parse" name="ヘルスチェックエンドポイントが正常に応答する" time="0.001">
    </testcase>
  </testsuite>
  <testsuite name="PPTX Parse API" errors="0" failures="0" skipped="0" timestamp="2025-05-16T20:44:19" time="0.251" tests="4">
    <testcase classname="PPTX Parse API › POST /api/pptx/parse" name="有効なPPTXファイルをパースする" time="0.001">
    </testcase>
    <testcase classname="PPTX Parse API › POST /api/pptx/parse" name="ファイルが指定されていない場合はエラーを返す" time="0.001">
    </testcase>
    <testcase classname="PPTX Parse API › POST /api/pptx/parse" name="無効なファイルタイプの場合はエラーを返す" time="0.001">
    </testcase>
    <testcase classname="PPTX Parse API › GET /api/pptx/parse" name="ヘルスチェックエンドポイントが正常に応答する" time="0.01">
    </testcase>
  </testsuite>
  <testsuite name="PPTX Parse API" errors="0" failures="0" skipped="0" timestamp="2025-05-16T20:44:20" time="0.319" tests="4">
    <testcase classname="PPTX Parse API › POST /api/pptx/parse" name="有効なPPTXファイルをパースする" time="0.001">
    </testcase>
    <testcase classname="PPTX Parse API › POST /api/pptx/parse" name="ファイルが指定されていない場合はエラーを返す" time="0.001">
    </testcase>
    <testcase classname="PPTX Parse API › POST /api/pptx/parse" name="無効なファイルタイプの場合はエラーを返す" time="0.001">
    </testcase>
    <testcase classname="PPTX Parse API › GET /api/pptx/parse" name="ヘルスチェックエンドポイントが正常に応答する" time="0.001">
    </testcase>
  </testsuite>
  <testsuite name="worktrees/feature-test-coverage-improvement/tests/api/auth/signup.test.ts" errors="1" failures="0" skipped="0" timestamp="1970-01-01T00:00:00" time="0" tests="0">
    <testcase classname="Test suite failed to run" name="worktrees/feature-test-coverage-improvement/tests/api/auth/signup.test.ts" time="0">
      <error>  ● Test suite failed to run

    Configuration error:
    
    Could not locate module @/tests/helpers/mockSetup mapped as:
    /Users/yusuketsunoda/Documents/cursor/ppttranslatorapp/$1.
    
    Please check your configuration for these entries:
    {
      &quot;moduleNameMapper&quot;: {
        &quot;/^@\/(.*)$/&quot;: &quot;/Users/yusuketsunoda/Documents/cursor/ppttranslatorapp/$1&quot;
      },
      &quot;resolver&quot;: undefined
    }

      14 | jest.mock(&apos;crypto&apos;, () =&gt; ({
      15 |   ...jest.requireActual(&apos;crypto&apos;),
    &gt; 16 |   randomUUID: jest.fn(),
         |                    ^
      17 | }));
      18 |
      19 | const prismaMock = createPrismaMock();

      at createNoMappedModuleFoundError (node_modules/jest-resolve/build/resolver.js:759:17)
      at Object.&lt;anonymous&gt; (worktrees/feature-test-coverage-improvement/tests/api/auth/signup.test.ts:16:20)
</error>
    </testcase>
    <testcase classname="Test suite failed to run" name="worktrees/feature-test-coverage-improvement/tests/api/auth/signup.test.ts" time="0">
      <failure>{&quot;name&quot;:&quot;&quot;}</failure>
    </testcase>
  </testsuite>
  <testsuite name="Stripe決済ユーティリティ" errors="0" failures="0" skipped="0" timestamp="2025-05-16T20:44:20" time="0.389" tests="8">
    <testcase classname="Stripe決済ユーティリティ › createCheckoutSession" name="チェックアウトセッションを作成できる" time="0.006">
    </testcase>
    <testcase classname="Stripe決済ユーティリティ › createCustomerPortalSession" name="カスタマーポータルセッションを作成できる" time="0.001">
    </testcase>
    <testcase classname="Stripe決済ユーティリティ › handleSubscriptionUpdated" name="サブスクリプション更新を処理できる" time="0">
    </testcase>
    <testcase classname="Stripe決済ユーティリティ › handleSubscriptionUpdated" name="メタデータがない場合はデフォルト値を使用する" time="0.001">
    </testcase>
    <testcase classname="Stripe決済ユーティリティ › handleSubscriptionDeleted" name="サブスクリプション削除を処理できる" time="0.001">
    </testcase>
    <testcase classname="Stripe決済ユーティリティ › validateStripeSignature" name="Stripe署名を検証できる" time="0">
    </testcase>
    <testcase classname="Stripe決済ユーティリティ › getStripePrices" name="Stripe料金プランを取得できる" time="0.001">
    </testcase>
    <testcase classname="Stripe決済ユーティリティ › getStripeProducts" name="Stripe製品を取得できる" time="0">
    </testcase>
  </testsuite>
  <testsuite name="Stripe決済ユーティリティ" errors="0" failures="0" skipped="0" timestamp="2025-05-16T20:44:21" time="0.275" tests="8">
    <testcase classname="Stripe決済ユーティリティ › createCheckoutSession" name="チェックアウトセッションを作成できる" time="0.002">
    </testcase>
    <testcase classname="Stripe決済ユーティリティ › createCustomerPortalSession" name="カスタマーポータルセッションを作成できる" time="0.001">
    </testcase>
    <testcase classname="Stripe決済ユーティリティ › handleSubscriptionUpdated" name="サブスクリプション更新を処理できる" time="0.001">
    </testcase>
    <testcase classname="Stripe決済ユーティリティ › handleSubscriptionUpdated" name="メタデータがない場合はデフォルト値を使用する" time="0.001">
    </testcase>
    <testcase classname="Stripe決済ユーティリティ › handleSubscriptionDeleted" name="サブスクリプション削除を処理できる" time="0.001">
    </testcase>
    <testcase classname="Stripe決済ユーティリティ › validateStripeSignature" name="Stripe署名を検証できる" time="0.004">
    </testcase>
    <testcase classname="Stripe決済ユーティリティ › getStripePrices" name="Stripe料金プランを取得できる" time="0.001">
    </testcase>
    <testcase classname="Stripe決済ユーティリティ › getStripeProducts" name="Stripe製品を取得できる" time="0.001">
    </testcase>
  </testsuite>
  <testsuite name="Stripe決済ユーティリティ" errors="0" failures="0" skipped="0" timestamp="2025-05-16T20:44:21" time="0.299" tests="8">
    <testcase classname="Stripe決済ユーティリティ › createCheckoutSession" name="チェックアウトセッションを作成できる" time="0.001">
    </testcase>
    <testcase classname="Stripe決済ユーティリティ › createCustomerPortalSession" name="カスタマーポータルセッションを作成できる" time="0.003">
    </testcase>
    <testcase classname="Stripe決済ユーティリティ › handleSubscriptionUpdated" name="サブスクリプション更新を処理できる" time="0.007">
    </testcase>
    <testcase classname="Stripe決済ユーティリティ › handleSubscriptionUpdated" name="メタデータがない場合はデフォルト値を使用する" time="0.001">
    </testcase>
    <testcase classname="Stripe決済ユーティリティ › handleSubscriptionDeleted" name="サブスクリプション削除を処理できる" time="0.001">
    </testcase>
    <testcase classname="Stripe決済ユーティリティ › validateStripeSignature" name="Stripe署名を検証できる" time="0.001">
    </testcase>
    <testcase classname="Stripe決済ユーティリティ › getStripePrices" name="Stripe料金プランを取得できる" time="0.002">
    </testcase>
    <testcase classname="Stripe決済ユーティリティ › getStripeProducts" name="Stripe製品を取得できる" time="0">
    </testcase>
  </testsuite>
  <testsuite name="Stripe決済ユーティリティ" errors="0" failures="0" skipped="0" timestamp="2025-05-16T20:44:21" time="0.329" tests="8">
    <testcase classname="Stripe決済ユーティリティ › createCheckoutSession" name="チェックアウトセッションを作成できる" time="0.001">
    </testcase>
    <testcase classname="Stripe決済ユーティリティ › createCustomerPortalSession" name="カスタマーポータルセッションを作成できる" time="0.002">
    </testcase>
    <testcase classname="Stripe決済ユーティリティ › handleSubscriptionUpdated" name="サブスクリプション更新を処理できる" time="0.001">
    </testcase>
    <testcase classname="Stripe決済ユーティリティ › handleSubscriptionUpdated" name="メタデータがない場合はデフォルト値を使用する" time="0.001">
    </testcase>
    <testcase classname="Stripe決済ユーティリティ › handleSubscriptionDeleted" name="サブスクリプション削除を処理できる" time="0.001">
    </testcase>
    <testcase classname="Stripe決済ユーティリティ › validateStripeSignature" name="Stripe署名を検証できる" time="0">
    </testcase>
    <testcase classname="Stripe決済ユーティリティ › getStripePrices" name="Stripe料金プランを取得できる" time="0.004">
    </testcase>
    <testcase classname="Stripe決済ユーティリティ › getStripeProducts" name="Stripe製品を取得できる" time="0.002">
    </testcase>
  </testsuite>
  <testsuite name="worktrees/fix-text-position-alignment/tests/api/history/route.test.ts" errors="1" failures="0" skipped="0" timestamp="1970-01-01T00:00:00" time="0" tests="0">
    <testcase classname="Test suite failed to run" name="worktrees/fix-text-position-alignment/tests/api/history/route.test.ts" time="0">
      <error>  ● Test suite failed to run

    Jest encountered an unexpected token

    Jest failed to parse a file. This happens e.g. when your code or its dependencies use non-standard JavaScript syntax, or when Jest is not configured to support such syntax.

    Out of the box Jest supports Babel, which will be used to transform your files into valid JS based on your Babel configuration.

    By default &quot;node_modules&quot; folder is ignored by transformers.

    Here&apos;s what you can do:
     • If you are trying to use ECMAScript Modules, see https://jestjs.io/docs/ecmascript-modules for how to enable it.
     • If you are trying to use TypeScript, see https://jestjs.io/docs/getting-started#using-typescript
     • To have some of your &quot;node_modules&quot; files transformed, you can specify a custom &quot;transformIgnorePatterns&quot; in your config.
     • If you need a custom transformation specify a &quot;transform&quot; option in your config.
     • If you simply want to mock your non-JS modules (e.g. binary assets) you can stub them out with the &quot;moduleNameMapper&quot; config option.

    You&apos;ll find more details and examples of these config options in the docs:
    https://jestjs.io/docs/configuration
    For information about custom transformations, see:
    https://jestjs.io/docs/code-transformation

    Details:

    /Users/yusuketsunoda/Documents/cursor/ppttranslatorapp/node_modules/openid-client/node_modules/jose/dist/browser/index.js:1
    ({&quot;Object.&lt;anonymous&gt;&quot;:function(module,exports,require,__dirname,__filename,jest){export { compactDecrypt } from &apos;./jwe/compact/decrypt.js&apos;;
                                                                                      ^^^^^^

    SyntaxError: Unexpected token &apos;export&apos;

      18 |     if (!session || !session.user) {
      19 |       return NextResponse.json({ error: &apos;認証が必要です&apos; }, { status: 401 });
    &gt; 20 |     }
         |      ^
      21 |
      22 |     const userId = session.user.id;
      23 |

      at Runtime.createScriptFromCode (node_modules/jest-runtime/build/index.js:1505:14)
      at Object.&lt;anonymous&gt; (node_modules/openid-client/lib/client.js:9:14)
      at Object.&lt;anonymous&gt; (node_modules/openid-client/lib/issuer.js:5:19)
      at Object.&lt;anonymous&gt; (node_modules/openid-client/lib/index.js:1:118)
      at Object.&lt;anonymous&gt; (node_modules/next-auth/core/lib/oauth/callback.js:7:21)
      at Object.&lt;anonymous&gt; (node_modules/next-auth/core/routes/callback.js:8:40)
      at Object.&lt;anonymous&gt; (node_modules/next-auth/core/routes/index.js:37:40)
      at Object.&lt;anonymous&gt; (node_modules/next-auth/core/index.js:10:38)
      at Object.&lt;anonymous&gt; (node_modules/next-auth/next/index.js:9:13)
      at Object.&lt;anonymous&gt; (node_modules/next-auth/index.js:25:37)
      at Object.&lt;anonymous&gt; (app/api/history/route.ts:20:19)
      at Object.&lt;anonymous&gt; (worktrees/fix-text-position-alignment/tests/api/history/route.test.ts:28:16)
</error>
    </testcase>
    <testcase classname="Test suite failed to run" name="worktrees/fix-text-position-alignment/tests/api/history/route.test.ts" time="0">
      <failure>{}</failure>
    </testcase>
  </testsuite>
  <testsuite name="履歴API" errors="0" failures="0" skipped="0" timestamp="2025-05-16T20:44:23" time="0.295" tests="8">
    <testcase classname="履歴API" name="認証がない場合は401エラーを返す" time="0.001">
    </testcase>
    <testcase classname="履歴API" name="デフォルトパラメータで履歴を取得できる" time="0.001">
    </testcase>
    <testcase classname="履歴API" name="クエリパラメータを正しく処理する" time="0.002">
    </testcase>
    <testcase classname="履歴API" name="無効なページパラメータでは400エラーを返す" time="0">
    </testcase>
    <testcase classname="履歴API" name="無効なlimitパラメータでは400エラーを返す" time="0.001">
    </testcase>
    <testcase classname="履歴API" name="無効なソートパラメータでは400エラーを返す" time="0.003">
    </testcase>
    <testcase classname="履歴API" name="無効なorder値では400エラーを返す" time="0.001">
    </testcase>
    <testcase classname="履歴API" name="データベースエラーの場合は500エラーを返す" time="0.004">
    </testcase>
  </testsuite>
  <testsuite name="履歴API" errors="0" failures="0" skipped="0" timestamp="2025-05-16T20:44:23" time="0.283" tests="8">
    <testcase classname="履歴API" name="認証がない場合は401エラーを返す" time="0.001">
    </testcase>
    <testcase classname="履歴API" name="デフォルトパラメータで履歴を取得できる" time="0.001">
    </testcase>
    <testcase classname="履歴API" name="クエリパラメータを正しく処理する" time="0.001">
    </testcase>
    <testcase classname="履歴API" name="無効なページパラメータでは400エラーを返す" time="0.001">
    </testcase>
    <testcase classname="履歴API" name="無効なlimitパラメータでは400エラーを返す" time="0.001">
    </testcase>
    <testcase classname="履歴API" name="無効なソートパラメータでは400エラーを返す" time="0">
    </testcase>
    <testcase classname="履歴API" name="無効なorder値では400エラーを返す" time="0.001">
    </testcase>
    <testcase classname="履歴API" name="データベースエラーの場合は500エラーを返す" time="0.009">
    </testcase>
  </testsuite>
  <testsuite name="履歴API" errors="0" failures="0" skipped="0" timestamp="2025-05-16T20:44:23" time="0.288" tests="8">
    <testcase classname="履歴API" name="認証がない場合は401エラーを返す" time="0.001">
    </testcase>
    <testcase classname="履歴API" name="デフォルトパラメータで履歴を取得できる" time="0.001">
    </testcase>
    <testcase classname="履歴API" name="クエリパラメータを正しく処理する" time="0.001">
    </testcase>
    <testcase classname="履歴API" name="無効なページパラメータでは400エラーを返す" time="0.001">
    </testcase>
    <testcase classname="履歴API" name="無効なlimitパラメータでは400エラーを返す" time="0">
    </testcase>
    <testcase classname="履歴API" name="無効なソートパラメータでは400エラーを返す" time="0.001">
    </testcase>
    <testcase classname="履歴API" name="無効なorder値では400エラーを返す" time="0.002">
    </testcase>
    <testcase classname="履歴API" name="データベースエラーの場合は500エラーを返す" time="0.009">
    </testcase>
  </testsuite>
  <testsuite name="PPTX Generate API" errors="0" failures="0" skipped="0" timestamp="2025-05-16T20:44:24" time="0.276" tests="3">
    <testcase classname="PPTX Generate API › POST /api/pptx/generate" name="翻訳データからPPTXファイルを生成する" time="0.009">
    </testcase>
    <testcase classname="PPTX Generate API › POST /api/pptx/generate" name="必須パラメータが欠けている場合はエラーを返す" time="0">
    </testcase>
    <testcase classname="PPTX Generate API › POST /api/pptx/generate" name="翻訳データが欠けている場合はエラーを返す" time="0.001">
    </testcase>
  </testsuite>
  <testsuite name="PPTX Generate API" errors="0" failures="0" skipped="0" timestamp="2025-05-16T20:44:24" time="0.48" tests="3">
    <testcase classname="PPTX Generate API › POST /api/pptx/generate" name="翻訳データからPPTXファイルを生成する" time="0.002">
    </testcase>
    <testcase classname="PPTX Generate API › POST /api/pptx/generate" name="必須パラメータが欠けている場合はエラーを返す" time="0.002">
    </testcase>
    <testcase classname="PPTX Generate API › POST /api/pptx/generate" name="翻訳データが欠けている場合はエラーを返す" time="0">
    </testcase>
  </testsuite>
  <testsuite name="PPTX Generate API" errors="0" failures="0" skipped="0" timestamp="2025-05-16T20:44:24" time="0.289" tests="3">
    <testcase classname="PPTX Generate API › POST /api/pptx/generate" name="翻訳データからPPTXファイルを生成する" time="0.001">
    </testcase>
    <testcase classname="PPTX Generate API › POST /api/pptx/generate" name="必須パラメータが欠けている場合はエラーを返す" time="0.01">
    </testcase>
    <testcase classname="PPTX Generate API › POST /api/pptx/generate" name="翻訳データが欠けている場合はエラーを返す" time="0.001">
    </testcase>
  </testsuite>
  <testsuite name="PPTX Generate API" errors="0" failures="0" skipped="0" timestamp="2025-05-16T20:44:25" time="0.282" tests="3">
    <testcase classname="PPTX Generate API › POST /api/pptx/generate" name="翻訳データからPPTXファイルを生成する" time="0.001">
    </testcase>
    <testcase classname="PPTX Generate API › POST /api/pptx/generate" name="必須パラメータが欠けている場合はエラーを返す" time="0.001">
    </testcase>
    <testcase classname="PPTX Generate API › POST /api/pptx/generate" name="翻訳データが欠けている場合はエラーを返す" time="0.001">
    </testcase>
  </testsuite>
  <testsuite name="Card Components" errors="0" failures="0" skipped="0" timestamp="2025-05-16T20:44:25" time="0.348" tests="13">
    <testcase classname="Card Components › Card" name="基本的なCardをレンダリングする" time="0.004">
    </testcase>
    <testcase classname="Card Components › Card" name="カスタムクラス名を適用する" time="0.002">
    </testcase>
    <testcase classname="Card Components › CardHeader" name="CardHeaderをレンダリングする" time="0.002">
    </testcase>
    <testcase classname="Card Components › CardHeader" name="カスタムクラス名を適用する" time="0.002">
    </testcase>
    <testcase classname="Card Components › CardTitle" name="CardTitleをレンダリングする" time="0.002">
    </testcase>
    <testcase classname="Card Components › CardTitle" name="カスタムクラス名を適用する" time="0.01">
    </testcase>
    <testcase classname="Card Components › CardDescription" name="CardDescriptionをレンダリングする" time="0.001">
    </testcase>
    <testcase classname="Card Components › CardDescription" name="カスタムクラス名を適用する" time="0.001">
    </testcase>
    <testcase classname="Card Components › CardContent" name="CardContentをレンダリングする" time="0.001">
    </testcase>
    <testcase classname="Card Components › CardContent" name="カスタムクラス名を適用する" time="0.001">
    </testcase>
    <testcase classname="Card Components › CardFooter" name="CardFooterをレンダリングする" time="0.001">
    </testcase>
    <testcase classname="Card Components › CardFooter" name="カスタムクラス名を適用する" time="0.001">
    </testcase>
    <testcase classname="Card Components › Card Composition" name="すべてのカードコンポーネントを組み合わせる" time="0.001">
    </testcase>
  </testsuite>
  <testsuite name="Card Components" errors="0" failures="0" skipped="0" timestamp="2025-05-16T20:44:25" time="0.347" tests="13">
    <testcase classname="Card Components › Card" name="基本的なCardをレンダリングする" time="0.007">
    </testcase>
    <testcase classname="Card Components › Card" name="カスタムクラス名を適用する" time="0.001">
    </testcase>
    <testcase classname="Card Components › CardHeader" name="CardHeaderをレンダリングする" time="0.001">
    </testcase>
    <testcase classname="Card Components › CardHeader" name="カスタムクラス名を適用する" time="0.001">
    </testcase>
    <testcase classname="Card Components › CardTitle" name="CardTitleをレンダリングする" time="0.001">
    </testcase>
    <testcase classname="Card Components › CardTitle" name="カスタムクラス名を適用する" time="0.002">
    </testcase>
    <testcase classname="Card Components › CardDescription" name="CardDescriptionをレンダリングする" time="0.002">
    </testcase>
    <testcase classname="Card Components › CardDescription" name="カスタムクラス名を適用する" time="0.001">
    </testcase>
    <testcase classname="Card Components › CardContent" name="CardContentをレンダリングする" time="0.001">
    </testcase>
    <testcase classname="Card Components › CardContent" name="カスタムクラス名を適用する" time="0.001">
    </testcase>
    <testcase classname="Card Components › CardFooter" name="CardFooterをレンダリングする" time="0.008">
    </testcase>
    <testcase classname="Card Components › CardFooter" name="カスタムクラス名を適用する" time="0.001">
    </testcase>
    <testcase classname="Card Components › Card Composition" name="すべてのカードコンポーネントを組み合わせる" time="0.001">
    </testcase>
  </testsuite>
  <testsuite name="Card Components" errors="0" failures="0" skipped="0" timestamp="2025-05-16T20:44:26" time="0.36" tests="13">
    <testcase classname="Card Components › Card" name="基本的なCardをレンダリングする" time="0.003">
    </testcase>
    <testcase classname="Card Components › Card" name="カスタムクラス名を適用する" time="0.002">
    </testcase>
    <testcase classname="Card Components › CardHeader" name="CardHeaderをレンダリングする" time="0.002">
    </testcase>
    <testcase classname="Card Components › CardHeader" name="カスタムクラス名を適用する" time="0.001">
    </testcase>
    <testcase classname="Card Components › CardTitle" name="CardTitleをレンダリングする" time="0.001">
    </testcase>
    <testcase classname="Card Components › CardTitle" name="カスタムクラス名を適用する" time="0.009">
    </testcase>
    <testcase classname="Card Components › CardDescription" name="CardDescriptionをレンダリングする" time="0.001">
    </testcase>
    <testcase classname="Card Components › CardDescription" name="カスタムクラス名を適用する" time="0.001">
    </testcase>
    <testcase classname="Card Components › CardContent" name="CardContentをレンダリングする" time="0.001">
    </testcase>
    <testcase classname="Card Components › CardContent" name="カスタムクラス名を適用する" time="0.001">
    </testcase>
    <testcase classname="Card Components › CardFooter" name="CardFooterをレンダリングする" time="0.002">
    </testcase>
    <testcase classname="Card Components › CardFooter" name="カスタムクラス名を適用する" time="0.001">
    </testcase>
    <testcase classname="Card Components › Card Composition" name="すべてのカードコンポーネントを組み合わせる" time="0.001">
    </testcase>
  </testsuite>
  <testsuite name="Card Components" errors="0" failures="0" skipped="0" timestamp="2025-05-16T20:44:26" time="0.375" tests="13">
    <testcase classname="Card Components › Card" name="基本的なCardをレンダリングする" time="0.004">
    </testcase>
    <testcase classname="Card Components › Card" name="カスタムクラス名を適用する" time="0.01">
    </testcase>
    <testcase classname="Card Components › CardHeader" name="CardHeaderをレンダリングする" time="0.001">
    </testcase>
    <testcase classname="Card Components › CardHeader" name="カスタムクラス名を適用する" time="0.001">
    </testcase>
    <testcase classname="Card Components › CardTitle" name="CardTitleをレンダリングする" time="0.001">
    </testcase>
    <testcase classname="Card Components › CardTitle" name="カスタムクラス名を適用する" time="0.001">
    </testcase>
    <testcase classname="Card Components › CardDescription" name="CardDescriptionをレンダリングする" time="0.002">
    </testcase>
    <testcase classname="Card Components › CardDescription" name="カスタムクラス名を適用する" time="0.001">
    </testcase>
    <testcase classname="Card Components › CardContent" name="CardContentをレンダリングする" time="0.002">
    </testcase>
    <testcase classname="Card Components › CardContent" name="カスタムクラス名を適用する" time="0.001">
    </testcase>
    <testcase classname="Card Components › CardFooter" name="CardFooterをレンダリングする" time="0.001">
    </testcase>
    <testcase classname="Card Components › CardFooter" name="カスタムクラス名を適用する" time="0.004">
    </testcase>
    <testcase classname="Card Components › Card Composition" name="すべてのカードコンポーネントを組み合わせる" time="0.002">
    </testcase>
  </testsuite>
  <testsuite name="TextboxAdjuster Performance Tests" errors="0" failures="2" skipped="0" timestamp="2025-05-16T20:44:27" time="0.332" tests="3">
    <testcase classname="TextboxAdjuster Performance Tests › Text Size Calculation Performance" name="calculateTextSize performance for various text lengths" time="0.002">
      <failure>TypeError: (0 , _fontMapping.calculateTextSize) is not a function
    at /Users/yusuketsunoda/Documents/cursor/ppttranslatorapp/worktrees/fix-text-position-alignment/tests/performance/textbox-adjustment.test.ts:59:28
    at fn (/Users/yusuketsunoda/Documents/cursor/ppttranslatorapp/worktrees/fix-text-position-alignment/tests/performance/textbox-adjustment.test.ts:30:13)
    at Object.measurePerformance (/Users/yusuketsunoda/Documents/cursor/ppttranslatorapp/worktrees/fix-text-position-alignment/tests/performance/textbox-adjustment.test.ts:58:37)
    at Promise.then.completed (/Users/yusuketsunoda/Documents/cursor/ppttranslatorapp/node_modules/jest-circus/build/utils.js:298:28)
    at new Promise (&lt;anonymous&gt;)
    at callAsyncCircusFn (/Users/yusuketsunoda/Documents/cursor/ppttranslatorapp/node_modules/jest-circus/build/utils.js:231:10)
    at _callCircusTest (/Users/yusuketsunoda/Documents/cursor/ppttranslatorapp/node_modules/jest-circus/build/run.js:316:40)
    at _runTest (/Users/yusuketsunoda/Documents/cursor/ppttranslatorapp/node_modules/jest-circus/build/run.js:252:3)
    at _runTestsForDescribeBlock (/Users/yusuketsunoda/Documents/cursor/ppttranslatorapp/node_modules/jest-circus/build/run.js:126:9)
    at _runTestsForDescribeBlock (/Users/yusuketsunoda/Documents/cursor/ppttranslatorapp/node_modules/jest-circus/build/run.js:121:9)
    at _runTestsForDescribeBlock (/Users/yusuketsunoda/Documents/cursor/ppttranslatorapp/node_modules/jest-circus/build/run.js:121:9)
    at run (/Users/yusuketsunoda/Documents/cursor/ppttranslatorapp/node_modules/jest-circus/build/run.js:71:3)
    at runAndTransformResultsToJestFormat (/Users/yusuketsunoda/Documents/cursor/ppttranslatorapp/node_modules/jest-circus/build/legacy-code-todo-rewrite/jestAdapterInit.js:122:21)
    at jestAdapter (/Users/yusuketsunoda/Documents/cursor/ppttranslatorapp/node_modules/jest-circus/build/legacy-code-todo-rewrite/jestAdapter.js:79:19)
    at runTestInternal (/Users/yusuketsunoda/Documents/cursor/ppttranslatorapp/node_modules/jest-runner/build/runTest.js:367:16)
    at runTest (/Users/yusuketsunoda/Documents/cursor/ppttranslatorapp/node_modules/jest-runner/build/runTest.js:444:34)</failure>
    </testcase>
    <testcase classname="TextboxAdjuster Performance Tests › Text Box Adjustment Performance" name="adjustTextBoxSize performance for different languages" time="0.007">
    </testcase>
    <testcase classname="TextboxAdjuster Performance Tests › Character Type Detection Performance" name="getCharacterType and analyzeTextComposition performance" time="0.001">
      <failure>TypeError: (0 , _fontMapping.getCharacterType) is not a function
    at /Users/yusuketsunoda/Documents/cursor/ppttranslatorapp/worktrees/fix-text-position-alignment/tests/performance/textbox-adjustment.test.ts:126:29
    at fn (/Users/yusuketsunoda/Documents/cursor/ppttranslatorapp/worktrees/fix-text-position-alignment/tests/performance/textbox-adjustment.test.ts:30:13)
    at Object.measurePerformance (/Users/yusuketsunoda/Documents/cursor/ppttranslatorapp/worktrees/fix-text-position-alignment/tests/performance/textbox-adjustment.test.ts:124:38)
    at Promise.then.completed (/Users/yusuketsunoda/Documents/cursor/ppttranslatorapp/node_modules/jest-circus/build/utils.js:298:28)
    at new Promise (&lt;anonymous&gt;)
    at callAsyncCircusFn (/Users/yusuketsunoda/Documents/cursor/ppttranslatorapp/node_modules/jest-circus/build/utils.js:231:10)
    at _callCircusTest (/Users/yusuketsunoda/Documents/cursor/ppttranslatorapp/node_modules/jest-circus/build/run.js:316:40)
    at _runTest (/Users/yusuketsunoda/Documents/cursor/ppttranslatorapp/node_modules/jest-circus/build/run.js:252:3)
    at _runTestsForDescribeBlock (/Users/yusuketsunoda/Documents/cursor/ppttranslatorapp/node_modules/jest-circus/build/run.js:126:9)
    at _runTestsForDescribeBlock (/Users/yusuketsunoda/Documents/cursor/ppttranslatorapp/node_modules/jest-circus/build/run.js:121:9)
    at _runTestsForDescribeBlock (/Users/yusuketsunoda/Documents/cursor/ppttranslatorapp/node_modules/jest-circus/build/run.js:121:9)
    at run (/Users/yusuketsunoda/Documents/cursor/ppttranslatorapp/node_modules/jest-circus/build/run.js:71:3)
    at runAndTransformResultsToJestFormat (/Users/yusuketsunoda/Documents/cursor/ppttranslatorapp/node_modules/jest-circus/build/legacy-code-todo-rewrite/jestAdapterInit.js:122:21)
    at jestAdapter (/Users/yusuketsunoda/Documents/cursor/ppttranslatorapp/node_modules/jest-circus/build/legacy-code-todo-rewrite/jestAdapter.js:79:19)
    at runTestInternal (/Users/yusuketsunoda/Documents/cursor/ppttranslatorapp/node_modules/jest-runner/build/runTest.js:367:16)
    at runTest (/Users/yusuketsunoda/Documents/cursor/ppttranslatorapp/node_modules/jest-runner/build/runTest.js:444:34)</failure>
    </testcase>
  </testsuite>
  <testsuite name="Translate API" errors="0" failures="0" skipped="0" timestamp="2025-05-16T20:44:27" time="0.314" tests="3">
    <testcase classname="Translate API › POST /api/translate" name="有効なリクエストで翻訳を実行する" time="0.002">
    </testcase>
    <testcase classname="Translate API › POST /api/translate" name="無効なリクエストでエラーを返す" time="0.008">
    </testcase>
    <testcase classname="Translate API › GET /api/translate" name="翻訳履歴を取得する" time="0.001">
    </testcase>
  </testsuite>
  <testsuite name="Translate API" errors="0" failures="0" skipped="0" timestamp="2025-05-16T20:44:27" time="0.321" tests="3">
    <testcase classname="Translate API › POST /api/translate" name="有効なリクエストで翻訳を実行する" time="0.001">
    </testcase>
    <testcase classname="Translate API › POST /api/translate" name="無効なリクエストでエラーを返す" time="0">
    </testcase>
    <testcase classname="Translate API › GET /api/translate" name="翻訳履歴を取得する" time="0.001">
    </testcase>
  </testsuite>
  <testsuite name="Translate API" errors="0" failures="0" skipped="0" timestamp="2025-05-16T20:44:28" time="0.332" tests="3">
    <testcase classname="Translate API › POST /api/translate" name="有効なリクエストで翻訳を実行する" time="0.001">
    </testcase>
    <testcase classname="Translate API › POST /api/translate" name="無効なリクエストでエラーを返す" time="0.001">
    </testcase>
    <testcase classname="Translate API › GET /api/translate" name="翻訳履歴を取得する" time="0.014">
    </testcase>
  </testsuite>
  <testsuite name="Translate API" errors="0" failures="0" skipped="0" timestamp="2025-05-16T20:44:28" time="0.247" tests="3">
    <testcase classname="Translate API › POST /api/translate" name="有効なリクエストで翻訳を実行する" time="0.001">
    </testcase>
    <testcase classname="Translate API › POST /api/translate" name="無効なリクエストでエラーを返す" time="0.013">
    </testcase>
    <testcase classname="Translate API › GET /api/translate" name="翻訳履歴を取得する" time="0">
    </testcase>
  </testsuite>
  <testsuite name="JWT認証ユーティリティ" errors="0" failures="0" skipped="0" timestamp="2025-05-16T20:44:28" time="0.33" tests="13">
    <testcase classname="JWT認証ユーティリティ › signJwtAccessToken" name="有効なペイロードからJWTトークンを生成できる" time="0.003">
    </testcase>
    <testcase classname="JWT認証ユーティリティ › signJwtAccessToken" name="emailがnullの場合でもトークンを生成できる" time="0.002">
    </testcase>
    <testcase classname="JWT認証ユーティリティ › signJwtAccessToken" name="JWT_SECRETが未定義の場合はエラーをスローする" time="0.003">
    </testcase>
    <testcase classname="JWT認証ユーティリティ › verifyJwtAccessToken" name="有効なトークンを検証できる" time="0.003">
    </testcase>
    <testcase classname="JWT認証ユーティリティ › verifyJwtAccessToken" name="無効なトークンの場合はnullを返す" time="0">
    </testcase>
    <testcase classname="JWT認証ユーティリティ › verifyJwtAccessToken" name="JWT_SECRETが未定義の場合はnullを返す" time="0.001">
    </testcase>
    <testcase classname="JWT認証ユーティリティ › isTokenExpired" name="有効期限内のトークンはfalseを返す" time="0.002">
    </testcase>
    <testcase classname="JWT認証ユーティリティ › isTokenExpired" name="有効期限切れのトークンはtrueを返す" time="0.003">
    </testcase>
    <testcase classname="JWT認証ユーティリティ › isTokenExpired" name="無効なトークンはtrueを返す" time="0.001">
    </testcase>
    <testcase classname="JWT認証ユーティリティ › isTokenExpired" name="expクレームがないトークンはtrueを返す" time="0.001">
    </testcase>
    <testcase classname="JWT認証ユーティリティ › getUserIdFromToken" name="有効なトークンからユーザーIDを抽出できる" time="0.002">
    </testcase>
    <testcase classname="JWT認証ユーティリティ › getUserIdFromToken" name="subクレームがないトークンはnullを返す" time="0.001">
    </testcase>
    <testcase classname="JWT認証ユーティリティ › getUserIdFromToken" name="無効なトークンはnullを返す" time="0">
    </testcase>
  </testsuite>
  <testsuite name="JWT認証ユーティリティ" errors="0" failures="0" skipped="0" timestamp="2025-05-16T20:44:29" time="0.336" tests="13">
    <testcase classname="JWT認証ユーティリティ › signJwtAccessToken" name="有効なペイロードからJWTトークンを生成できる" time="0.002">
    </testcase>
    <testcase classname="JWT認証ユーティリティ › signJwtAccessToken" name="emailがnullの場合でもトークンを生成できる" time="0.001">
    </testcase>
    <testcase classname="JWT認証ユーティリティ › signJwtAccessToken" name="JWT_SECRETが未定義の場合はエラーをスローする" time="0.011">
    </testcase>
    <testcase classname="JWT認証ユーティリティ › verifyJwtAccessToken" name="有効なトークンを検証できる" time="0.002">
    </testcase>
    <testcase classname="JWT認証ユーティリティ › verifyJwtAccessToken" name="無効なトークンの場合はnullを返す" time="0.001">
    </testcase>
    <testcase classname="JWT認証ユーティリティ › verifyJwtAccessToken" name="JWT_SECRETが未定義の場合はnullを返す" time="0.001">
    </testcase>
    <testcase classname="JWT認証ユーティリティ › isTokenExpired" name="有効期限内のトークンはfalseを返す" time="0.002">
    </testcase>
    <testcase classname="JWT認証ユーティリティ › isTokenExpired" name="有効期限切れのトークンはtrueを返す" time="0.001">
    </testcase>
    <testcase classname="JWT認証ユーティリティ › isTokenExpired" name="無効なトークンはtrueを返す" time="0.001">
    </testcase>
    <testcase classname="JWT認証ユーティリティ › isTokenExpired" name="expクレームがないトークンはtrueを返す" time="0.001">
    </testcase>
    <testcase classname="JWT認証ユーティリティ › getUserIdFromToken" name="有効なトークンからユーザーIDを抽出できる" time="0.001">
    </testcase>
    <testcase classname="JWT認証ユーティリティ › getUserIdFromToken" name="subクレームがないトークンはnullを返す" time="0.001">
    </testcase>
    <testcase classname="JWT認証ユーティリティ › getUserIdFromToken" name="無効なトークンはnullを返す" time="0.003">
    </testcase>
  </testsuite>
  <testsuite name="JWT認証ユーティリティ" errors="0" failures="0" skipped="0" timestamp="2025-05-16T20:44:29" time="0.281" tests="13">
    <testcase classname="JWT認証ユーティリティ › signJwtAccessToken" name="有効なペイロードからJWTトークンを生成できる" time="0.002">
    </testcase>
    <testcase classname="JWT認証ユーティリティ › signJwtAccessToken" name="emailがnullの場合でもトークンを生成できる" time="0.001">
    </testcase>
    <testcase classname="JWT認証ユーティリティ › signJwtAccessToken" name="JWT_SECRETが未定義の場合はエラーをスローする" time="0.004">
    </testcase>
    <testcase classname="JWT認証ユーティリティ › verifyJwtAccessToken" name="有効なトークンを検証できる" time="0.002">
    </testcase>
    <testcase classname="JWT認証ユーティリティ › verifyJwtAccessToken" name="無効なトークンの場合はnullを返す" time="0.001">
    </testcase>
    <testcase classname="JWT認証ユーティリティ › verifyJwtAccessToken" name="JWT_SECRETが未定義の場合はnullを返す" time="0.001">
    </testcase>
    <testcase classname="JWT認証ユーティリティ › isTokenExpired" name="有効期限内のトークンはfalseを返す" time="0.001">
    </testcase>
    <testcase classname="JWT認証ユーティリティ › isTokenExpired" name="有効期限切れのトークンはtrueを返す" time="0.003">
    </testcase>
    <testcase classname="JWT認証ユーティリティ › isTokenExpired" name="無効なトークンはtrueを返す" time="0.001">
    </testcase>
    <testcase classname="JWT認証ユーティリティ › isTokenExpired" name="expクレームがないトークンはtrueを返す" time="0.001">
    </testcase>
    <testcase classname="JWT認証ユーティリティ › getUserIdFromToken" name="有効なトークンからユーザーIDを抽出できる" time="0.001">
    </testcase>
    <testcase classname="JWT認証ユーティリティ › getUserIdFromToken" name="subクレームがないトークンはnullを返す" time="0.001">
    </testcase>
    <testcase classname="JWT認証ユーティリティ › getUserIdFromToken" name="無効なトークンはnullを返す" time="0">
    </testcase>
  </testsuite>
  <testsuite name="JWT認証ユーティリティ" errors="0" failures="0" skipped="0" timestamp="2025-05-16T20:44:29" time="0.329" tests="13">
    <testcase classname="JWT認証ユーティリティ › signJwtAccessToken" name="有効なペイロードからJWTトークンを生成できる" time="0.002">
    </testcase>
    <testcase classname="JWT認証ユーティリティ › signJwtAccessToken" name="emailがnullの場合でもトークンを生成できる" time="0.001">
    </testcase>
    <testcase classname="JWT認証ユーティリティ › signJwtAccessToken" name="JWT_SECRETが未定義の場合はエラーをスローする" time="0.009">
    </testcase>
    <testcase classname="JWT認証ユーティリティ › verifyJwtAccessToken" name="有効なトークンを検証できる" time="0.002">
    </testcase>
    <testcase classname="JWT認証ユーティリティ › verifyJwtAccessToken" name="無効なトークンの場合はnullを返す" time="0">
    </testcase>
    <testcase classname="JWT認証ユーティリティ › verifyJwtAccessToken" name="JWT_SECRETが未定義の場合はnullを返す" time="0.002">
    </testcase>
    <testcase classname="JWT認証ユーティリティ › isTokenExpired" name="有効期限内のトークンはfalseを返す" time="0.001">
    </testcase>
    <testcase classname="JWT認証ユーティリティ › isTokenExpired" name="有効期限切れのトークンはtrueを返す" time="0.001">
    </testcase>
    <testcase classname="JWT認証ユーティリティ › isTokenExpired" name="無効なトークンはtrueを返す" time="0">
    </testcase>
    <testcase classname="JWT認証ユーティリティ › isTokenExpired" name="expクレームがないトークンはtrueを返す" time="0.001">
    </testcase>
    <testcase classname="JWT認証ユーティリティ › getUserIdFromToken" name="有効なトークンからユーザーIDを抽出できる" time="0.001">
    </testcase>
    <testcase classname="JWT認証ユーティリティ › getUserIdFromToken" name="subクレームがないトークンはnullを返す" time="0.002">
    </testcase>
    <testcase classname="JWT認証ユーティリティ › getUserIdFromToken" name="無効なトークンはnullを返す" time="0.003">
    </testcase>
  </testsuite>
  <testsuite name="PreviewSection" errors="0" failures="0" skipped="0" timestamp="2025-05-16T20:44:29" time="0.367" tests="5">
    <testcase classname="PreviewSection" name="スライドプレビューを表示する" time="0.016">
    </testcase>
    <testcase classname="PreviewSection" name="スライド切り替えボタンが機能する" time="0.004">
    </testcase>
    <testcase classname="PreviewSection" name="最初のスライドで前へボタンが無効化される" time="0.003">
    </testcase>
    <testcase classname="PreviewSection" name="最後のスライドで次へボタンが無効化される" time="0.001">
    </testcase>
    <testcase classname="PreviewSection" name="テキスト要素がハイライト表示される" time="0.002">
    </testcase>
  </testsuite>
  <testsuite name="PreviewSection" errors="0" failures="0" skipped="0" timestamp="2025-05-16T20:44:30" time="0.326" tests="5">
    <testcase classname="PreviewSection" name="スライドプレビューを表示する" time="0.004">
    </testcase>
    <testcase classname="PreviewSection" name="スライド切り替えボタンが機能する" time="0.004">
    </testcase>
    <testcase classname="PreviewSection" name="最初のスライドで前へボタンが無効化される" time="0.003">
    </testcase>
    <testcase classname="PreviewSection" name="最後のスライドで次へボタンが無効化される" time="0.001">
    </testcase>
    <testcase classname="PreviewSection" name="テキスト要素がハイライト表示される" time="0.002">
    </testcase>
  </testsuite>
  <testsuite name="PreviewSection" errors="0" failures="0" skipped="0" timestamp="2025-05-16T20:44:30" time="0.349" tests="5">
    <testcase classname="PreviewSection" name="スライドプレビューを表示する" time="0.003">
    </testcase>
    <testcase classname="PreviewSection" name="スライド切り替えボタンが機能する" time="0.003">
    </testcase>
    <testcase classname="PreviewSection" name="最初のスライドで前へボタンが無効化される" time="0.002">
    </testcase>
    <testcase classname="PreviewSection" name="最後のスライドで次へボタンが無効化される" time="0.002">
    </testcase>
    <testcase classname="PreviewSection" name="テキスト要素がハイライト表示される" time="0.001">
    </testcase>
  </testsuite>
  <testsuite name="PreviewSection" errors="0" failures="0" skipped="0" timestamp="2025-05-16T20:44:31" time="0.324" tests="5">
    <testcase classname="PreviewSection" name="スライドプレビューを表示する" time="0.005">
    </testcase>
    <testcase classname="PreviewSection" name="スライド切り替えボタンが機能する" time="0.003">
    </testcase>
    <testcase classname="PreviewSection" name="最初のスライドで前へボタンが無効化される" time="0.001">
    </testcase>
    <testcase classname="PreviewSection" name="最後のスライドで次へボタンが無効化される" time="0.002">
    </testcase>
    <testcase classname="PreviewSection" name="テキスト要素がハイライト表示される" time="0.001">
    </testcase>
  </testsuite>
  <testsuite name="worktrees/feature-test-coverage-improvement/tests/api/auth/register.test.ts" errors="1" failures="0" skipped="0" timestamp="1970-01-01T00:00:00" time="0" tests="0">
    <testcase classname="Test suite failed to run" name="worktrees/feature-test-coverage-improvement/tests/api/auth/register.test.ts" time="0">
      <error>  ● Test suite failed to run

    Configuration error:
    
    Could not locate module @/tests/helpers/mockSetup mapped as:
    /Users/yusuketsunoda/Documents/cursor/ppttranslatorapp/$1.
    
    Please check your configuration for these entries:
    {
      &quot;moduleNameMapper&quot;: {
        &quot;/^@\/(.*)$/&quot;: &quot;/Users/yusuketsunoda/Documents/cursor/ppttranslatorapp/$1&quot;
      },
      &quot;resolver&quot;: undefined
    }

       9 | }));
      10 |
    &gt; 11 | const prismaMock = createPrismaMock();
         |                    ^
      12 | const hashPasswordMock = hashPassword as jest.Mock;
      13 |
      14 | describe(&apos;POST /api/auth/register&apos;, () =&gt; {

      at createNoMappedModuleFoundError (node_modules/jest-resolve/build/resolver.js:759:17)
      at Object.&lt;anonymous&gt; (worktrees/feature-test-coverage-improvement/tests/api/auth/register.test.ts:11:20)
</error>
    </testcase>
    <testcase classname="Test suite failed to run" name="worktrees/feature-test-coverage-improvement/tests/api/auth/register.test.ts" time="0">
      <failure>{&quot;name&quot;:&quot;&quot;}</failure>
    </testcase>
  </testsuite>
  <testsuite name="Login API" errors="0" failures="0" skipped="0" timestamp="2025-05-16T20:44:31" time="0.338" tests="6">
    <testcase classname="Login API" name="必須フィールドが欠けている場合は400エラーを返す" time="0.002">
    </testcase>
    <testcase classname="Login API" name="ユーザーが存在しない場合は401エラーを返す" time="0.002">
    </testcase>
    <testcase classname="Login API" name="パスワードが一致しない場合は401エラーを返す" time="0.002">
    </testcase>
    <testcase classname="Login API" name="認証成功時にユーザー情報を返す" time="0.002">
    </testcase>
    <testcase classname="Login API" name="データベース接続エラー時に500エラーを返す" time="0.007">
    </testcase>
    <testcase classname="Login API" name="予期せぬエラー時に500エラーを返す" time="0.006">
    </testcase>
  </testsuite>
  <testsuite name="Login API" errors="0" failures="0" skipped="0" timestamp="2025-05-16T20:44:32" time="0.31" tests="6">
    <testcase classname="Login API" name="必須フィールドが欠けている場合は400エラーを返す" time="0.012">
    </testcase>
    <testcase classname="Login API" name="ユーザーが存在しない場合は401エラーを返す" time="0">
    </testcase>
    <testcase classname="Login API" name="パスワードが一致しない場合は401エラーを返す" time="0">
    </testcase>
    <testcase classname="Login API" name="認証成功時にユーザー情報を返す" time="0.002">
    </testcase>
    <testcase classname="Login API" name="データベース接続エラー時に500エラーを返す" time="0.003">
    </testcase>
    <testcase classname="Login API" name="予期せぬエラー時に500エラーを返す" time="0.001">
    </testcase>
  </testsuite>
  <testsuite name="Login API" errors="0" failures="0" skipped="0" timestamp="2025-05-16T20:44:32" time="0.314" tests="6">
    <testcase classname="Login API" name="必須フィールドが欠けている場合は400エラーを返す" time="0.001">
    </testcase>
    <testcase classname="Login API" name="ユーザーが存在しない場合は401エラーを返す" time="0.001">
    </testcase>
    <testcase classname="Login API" name="パスワードが一致しない場合は401エラーを返す" time="0.001">
    </testcase>
    <testcase classname="Login API" name="認証成功時にユーザー情報を返す" time="0.013">
    </testcase>
    <testcase classname="Login API" name="データベース接続エラー時に500エラーを返す" time="0.004">
    </testcase>
    <testcase classname="Login API" name="予期せぬエラー時に500エラーを返す" time="0.003">
    </testcase>
  </testsuite>
  <testsuite name="Login API" errors="0" failures="0" skipped="0" timestamp="2025-05-16T20:44:32" time="0.311" tests="6">
    <testcase classname="Login API" name="必須フィールドが欠けている場合は400エラーを返す" time="0">
    </testcase>
    <testcase classname="Login API" name="ユーザーが存在しない場合は401エラーを返す" time="0.001">
    </testcase>
    <testcase classname="Login API" name="パスワードが一致しない場合は401エラーを返す" time="0">
    </testcase>
    <testcase classname="Login API" name="認証成功時にユーザー情報を返す" time="0.002">
    </testcase>
    <testcase classname="Login API" name="データベース接続エラー時に500エラーを返す" time="0.015">
    </testcase>
    <testcase classname="Login API" name="予期せぬエラー時に500エラーを返す" time="0.002">
    </testcase>
  </testsuite>
  <testsuite name="useToast" errors="0" failures="0" skipped="0" timestamp="2025-05-16T20:44:33" time="0.378" tests="9">
    <testcase classname="useToast" name="toast関数を呼び出してトーストを追加できる" time="0.003">
    </testcase>
    <testcase classname="useToast" name="dismiss関数を呼び出してトーストを閉じる" time="0.001">
    </testcase>
    <testcase classname="useToast" name="IDなしでdismiss関数を呼び出すと全てのトーストを閉じる" time="0.002">
    </testcase>
    <testcase classname="toast" name="トーストを生成し、IDとメソッドを返す" time="0.001">
    </testcase>
    <testcase classname="reducer" name="ADD_TOASTアクションでトーストを追加する" time="0">
    </testcase>
    <testcase classname="reducer" name="UPDATE_TOASTアクションでトーストを更新する" time="0.001">
    </testcase>
    <testcase classname="reducer" name="DISMISS_TOASTアクションでトーストを閉じる" time="0.001">
    </testcase>
    <testcase classname="reducer" name="REMOVE_TOASTアクションでトーストを削除する" time="0.005">
    </testcase>
    <testcase classname="reducer" name="IDなしのREMOVE_TOASTアクションで全てのトーストを削除する" time="0.001">
    </testcase>
  </testsuite>
  <testsuite name="useToast" errors="0" failures="0" skipped="0" timestamp="2025-05-16T20:44:33" time="0.34" tests="9">
    <testcase classname="useToast" name="toast関数を呼び出してトーストを追加できる" time="0.002">
    </testcase>
    <testcase classname="useToast" name="dismiss関数を呼び出してトーストを閉じる" time="0.002">
    </testcase>
    <testcase classname="useToast" name="IDなしでdismiss関数を呼び出すと全てのトーストを閉じる" time="0.001">
    </testcase>
    <testcase classname="toast" name="トーストを生成し、IDとメソッドを返す" time="0.001">
    </testcase>
    <testcase classname="reducer" name="ADD_TOASTアクションでトーストを追加する" time="0">
    </testcase>
    <testcase classname="reducer" name="UPDATE_TOASTアクションでトーストを更新する" time="0.001">
    </testcase>
    <testcase classname="reducer" name="DISMISS_TOASTアクションでトーストを閉じる" time="0.001">
    </testcase>
    <testcase classname="reducer" name="REMOVE_TOASTアクションでトーストを削除する" time="0">
    </testcase>
    <testcase classname="reducer" name="IDなしのREMOVE_TOASTアクションで全てのトーストを削除する" time="0.001">
    </testcase>
  </testsuite>
  <testsuite name="useToast" errors="0" failures="0" skipped="0" timestamp="2025-05-16T20:44:33" time="0.337" tests="9">
    <testcase classname="useToast" name="toast関数を呼び出してトーストを追加できる" time="0.001">
    </testcase>
    <testcase classname="useToast" name="dismiss関数を呼び出してトーストを閉じる" time="0.001">
    </testcase>
    <testcase classname="useToast" name="IDなしでdismiss関数を呼び出すと全てのトーストを閉じる" time="0.001">
    </testcase>
    <testcase classname="toast" name="トーストを生成し、IDとメソッドを返す" time="0">
    </testcase>
    <testcase classname="reducer" name="ADD_TOASTアクションでトーストを追加する" time="0.001">
    </testcase>
    <testcase classname="reducer" name="UPDATE_TOASTアクションでトーストを更新する" time="0">
    </testcase>
    <testcase classname="reducer" name="DISMISS_TOASTアクションでトーストを閉じる" time="0.001">
    </testcase>
    <testcase classname="reducer" name="REMOVE_TOASTアクションでトーストを削除する" time="0.001">
    </testcase>
    <testcase classname="reducer" name="IDなしのREMOVE_TOASTアクションで全てのトーストを削除する" time="0.001">
    </testcase>
  </testsuite>
  <testsuite name="useToast" errors="0" failures="0" skipped="0" timestamp="2025-05-16T20:44:34" time="0.346" tests="9">
    <testcase classname="useToast" name="toast関数を呼び出してトーストを追加できる" time="0.002">
    </testcase>
    <testcase classname="useToast" name="dismiss関数を呼び出してトーストを閉じる" time="0.001">
    </testcase>
    <testcase classname="useToast" name="IDなしでdismiss関数を呼び出すと全てのトーストを閉じる" time="0.001">
    </testcase>
    <testcase classname="toast" name="トーストを生成し、IDとメソッドを返す" time="0.001">
    </testcase>
    <testcase classname="reducer" name="ADD_TOASTアクションでトーストを追加する" time="0">
    </testcase>
    <testcase classname="reducer" name="UPDATE_TOASTアクションでトーストを更新する" time="0.001">
    </testcase>
    <testcase classname="reducer" name="DISMISS_TOASTアクションでトーストを閉じる" time="0">
    </testcase>
    <testcase classname="reducer" name="REMOVE_TOASTアクションでトーストを削除する" time="0.001">
    </testcase>
    <testcase classname="reducer" name="IDなしのREMOVE_TOASTアクションで全てのトーストを削除する" time="0">
    </testcase>
  </testsuite>
  <testsuite name="ファイルユーティリティ" errors="0" failures="0" skipped="0" timestamp="2025-05-16T20:44:34" time="0.324" tests="8">
    <testcase classname="ファイルユーティリティ › FilePathManager › getTempPath" name="正しい一時ファイルパスを返す" time="0.001">
    </testcase>
    <testcase classname="ファイルユーティリティ › FilePathManager › getPublicPath" name="正しい公開ファイルパスを返す" time="0.001">
    </testcase>
    <testcase classname="ファイルユーティリティ › FilePathManager › getProcessingPath" name="正しい処理中ファイルパスを返す" time="0.001">
    </testcase>
    <testcase classname="ファイルユーティリティ › generateFileId" name="一意のファイルIDを生成する" time="0">
    </testcase>
    <testcase classname="ファイルユーティリティ › wait" name="指定された時間だけ待機する" time="0">
    </testcase>
    <testcase classname="ファイルユーティリティ › withRetry" name="初回で成功した場合はリトライしない" time="0">
    </testcase>
    <testcase classname="ファイルユーティリティ › withRetry" name="失敗後にリトライして成功する場合" time="0.003">
    </testcase>
    <testcase classname="ファイルユーティリティ › withRetry" name="最大リトライ回数を超えた場合はエラーをスロー" time="0.003">
    </testcase>
  </testsuite>
  <testsuite name="ファイルユーティリティ" errors="0" failures="0" skipped="0" timestamp="2025-05-16T20:44:34" time="0.341" tests="8">
    <testcase classname="ファイルユーティリティ › FilePathManager › getTempPath" name="正しい一時ファイルパスを返す" time="0.001">
    </testcase>
    <testcase classname="ファイルユーティリティ › FilePathManager › getPublicPath" name="正しい公開ファイルパスを返す" time="0.001">
    </testcase>
    <testcase classname="ファイルユーティリティ › FilePathManager › getProcessingPath" name="正しい処理中ファイルパスを返す" time="0.001">
    </testcase>
    <testcase classname="ファイルユーティリティ › generateFileId" name="一意のファイルIDを生成する" time="0.001">
    </testcase>
    <testcase classname="ファイルユーティリティ › wait" name="指定された時間だけ待機する" time="0">
    </testcase>
    <testcase classname="ファイルユーティリティ › withRetry" name="初回で成功した場合はリトライしない" time="0.001">
    </testcase>
    <testcase classname="ファイルユーティリティ › withRetry" name="失敗後にリトライして成功する場合" time="0.001">
    </testcase>
    <testcase classname="ファイルユーティリティ › withRetry" name="最大リトライ回数を超えた場合はエラーをスロー" time="0.002">
    </testcase>
  </testsuite>
  <testsuite name="ファイルユーティリティ" errors="0" failures="0" skipped="0" timestamp="2025-05-16T20:44:35" time="0.336" tests="8">
    <testcase classname="ファイルユーティリティ › FilePathManager › getTempPath" name="正しい一時ファイルパスを返す" time="0.001">
    </testcase>
    <testcase classname="ファイルユーティリティ › FilePathManager › getPublicPath" name="正しい公開ファイルパスを返す" time="0.001">
    </testcase>
    <testcase classname="ファイルユーティリティ › FilePathManager › getProcessingPath" name="正しい処理中ファイルパスを返す" time="0">
    </testcase>
    <testcase classname="ファイルユーティリティ › generateFileId" name="一意のファイルIDを生成する" time="0.001">
    </testcase>
    <testcase classname="ファイルユーティリティ › wait" name="指定された時間だけ待機する" time="0">
    </testcase>
    <testcase classname="ファイルユーティリティ › withRetry" name="初回で成功した場合はリトライしない" time="0.001">
    </testcase>
    <testcase classname="ファイルユーティリティ › withRetry" name="失敗後にリトライして成功する場合" time="0.001">
    </testcase>
    <testcase classname="ファイルユーティリティ › withRetry" name="最大リトライ回数を超えた場合はエラーをスロー" time="0.004">
    </testcase>
  </testsuite>
  <testsuite name="ファイルユーティリティ" errors="0" failures="0" skipped="0" timestamp="2025-05-16T20:44:35" time="0.39" tests="8">
    <testcase classname="ファイルユーティリティ › FilePathManager › getTempPath" name="正しい一時ファイルパスを返す" time="0.001">
    </testcase>
    <testcase classname="ファイルユーティリティ › FilePathManager › getPublicPath" name="正しい公開ファイルパスを返す" time="0.012">
    </testcase>
    <testcase classname="ファイルユーティリティ › FilePathManager › getProcessingPath" name="正しい処理中ファイルパスを返す" time="0.001">
    </testcase>
    <testcase classname="ファイルユーティリティ › generateFileId" name="一意のファイルIDを生成する" time="0.001">
    </testcase>
    <testcase classname="ファイルユーティリティ › wait" name="指定された時間だけ待機する" time="0">
    </testcase>
    <testcase classname="ファイルユーティリティ › withRetry" name="初回で成功した場合はリトライしない" time="0.001">
    </testcase>
    <testcase classname="ファイルユーティリティ › withRetry" name="失敗後にリトライして成功する場合" time="0.001">
    </testcase>
    <testcase classname="ファイルユーティリティ › withRetry" name="最大リトライ回数を超えた場合はエラーをスロー" time="0.003">
    </testcase>
  </testsuite>
  <testsuite name="Dialog" errors="0" failures="2" skipped="0" timestamp="2025-05-16T20:44:35" time="0.501" tests="2">
    <testcase classname="Dialog" name="すべてのコンポーネントが正しくレンダリングされること" time="0.037">
      <failure>TypeError: Cannot read properties of null (reading &apos;useRef&apos;)
    at Object.useRef (/Users/yusuketsunoda/Documents/cursor/ppttranslatorapp/node_modules/react/cjs/react.development.js:1630:21)
    at Dialog (/Users/yusuketsunoda/Documents/cursor/ppttranslatorapp/node_modules/@radix-ui/react-dialog/src/dialog.tsx:59:28)
    at renderWithHooks (/Users/yusuketsunoda/Documents/cursor/ppttranslatorapp/worktrees/fix-text-position-alignment/node_modules/react-dom/cjs/react-dom.development.js:15486:18)
    at mountIndeterminateComponent (/Users/yusuketsunoda/Documents/cursor/ppttranslatorapp/worktrees/fix-text-position-alignment/node_modules/react-dom/cjs/react-dom.development.js:20103:13)
    at beginWork (/Users/yusuketsunoda/Documents/cursor/ppttranslatorapp/worktrees/fix-text-position-alignment/node_modules/react-dom/cjs/react-dom.development.js:21626:16)
    at beginWork$1 (/Users/yusuketsunoda/Documents/cursor/ppttranslatorapp/worktrees/fix-text-position-alignment/node_modules/react-dom/cjs/react-dom.development.js:27465:14)
    at performUnitOfWork (/Users/yusuketsunoda/Documents/cursor/ppttranslatorapp/worktrees/fix-text-position-alignment/node_modules/react-dom/cjs/react-dom.development.js:26599:12)
    at workLoopSync (/Users/yusuketsunoda/Documents/cursor/ppttranslatorapp/worktrees/fix-text-position-alignment/node_modules/react-dom/cjs/react-dom.development.js:26505:5)
    at renderRootSync (/Users/yusuketsunoda/Documents/cursor/ppttranslatorapp/worktrees/fix-text-position-alignment/node_modules/react-dom/cjs/react-dom.development.js:26473:7)
    at recoverFromConcurrentError (/Users/yusuketsunoda/Documents/cursor/ppttranslatorapp/worktrees/fix-text-position-alignment/node_modules/react-dom/cjs/react-dom.development.js:25889:20)
    at performConcurrentWorkOnRoot (/Users/yusuketsunoda/Documents/cursor/ppttranslatorapp/worktrees/fix-text-position-alignment/node_modules/react-dom/cjs/react-dom.development.js:25789:22)
    at flushActQueue (/Users/yusuketsunoda/Documents/cursor/ppttranslatorapp/worktrees/fix-text-position-alignment/node_modules/react/cjs/react.development.js:2667:24)
    at act (/Users/yusuketsunoda/Documents/cursor/ppttranslatorapp/worktrees/fix-text-position-alignment/node_modules/react/cjs/react.development.js:2582:11)
    at /Users/yusuketsunoda/Documents/cursor/ppttranslatorapp/worktrees/fix-text-position-alignment/node_modules/@testing-library/react/dist/act-compat.js:47:25
    at renderRoot (/Users/yusuketsunoda/Documents/cursor/ppttranslatorapp/worktrees/fix-text-position-alignment/node_modules/@testing-library/react/dist/pure.js:180:26)
    at render (/Users/yusuketsunoda/Documents/cursor/ppttranslatorapp/worktrees/fix-text-position-alignment/node_modules/@testing-library/react/dist/pure.js:271:10)
    at Object.&lt;anonymous&gt; (/Users/yusuketsunoda/Documents/cursor/ppttranslatorapp/worktrees/fix-text-position-alignment/tests/components/ui/dialog.test.tsx:53:11)
    at Promise.then.completed (/Users/yusuketsunoda/Documents/cursor/ppttranslatorapp/node_modules/jest-circus/build/utils.js:298:28)
    at new Promise (&lt;anonymous&gt;)
    at callAsyncCircusFn (/Users/yusuketsunoda/Documents/cursor/ppttranslatorapp/node_modules/jest-circus/build/utils.js:231:10)
    at _callCircusTest (/Users/yusuketsunoda/Documents/cursor/ppttranslatorapp/node_modules/jest-circus/build/run.js:316:40)
    at _runTest (/Users/yusuketsunoda/Documents/cursor/ppttranslatorapp/node_modules/jest-circus/build/run.js:252:3)
    at _runTestsForDescribeBlock (/Users/yusuketsunoda/Documents/cursor/ppttranslatorapp/node_modules/jest-circus/build/run.js:126:9)
    at _runTestsForDescribeBlock (/Users/yusuketsunoda/Documents/cursor/ppttranslatorapp/node_modules/jest-circus/build/run.js:121:9)
    at run (/Users/yusuketsunoda/Documents/cursor/ppttranslatorapp/node_modules/jest-circus/build/run.js:71:3)
    at runAndTransformResultsToJestFormat (/Users/yusuketsunoda/Documents/cursor/ppttranslatorapp/node_modules/jest-circus/build/legacy-code-todo-rewrite/jestAdapterInit.js:122:21)
    at jestAdapter (/Users/yusuketsunoda/Documents/cursor/ppttranslatorapp/node_modules/jest-circus/build/legacy-code-todo-rewrite/jestAdapter.js:79:19)
    at runTestInternal (/Users/yusuketsunoda/Documents/cursor/ppttranslatorapp/node_modules/jest-runner/build/runTest.js:367:16)
    at runTest (/Users/yusuketsunoda/Documents/cursor/ppttranslatorapp/node_modules/jest-runner/build/runTest.js:444:34)</failure>
    </testcase>
    <testcase classname="Dialog" name="クラス名が正しく適用されること" time="0.013">
      <failure>TypeError: Cannot read properties of null (reading &apos;useRef&apos;)
    at Object.useRef (/Users/yusuketsunoda/Documents/cursor/ppttranslatorapp/node_modules/react/cjs/react.development.js:1630:21)
    at Dialog (/Users/yusuketsunoda/Documents/cursor/ppttranslatorapp/node_modules/@radix-ui/react-dialog/src/dialog.tsx:59:28)
    at renderWithHooks (/Users/yusuketsunoda/Documents/cursor/ppttranslatorapp/worktrees/fix-text-position-alignment/node_modules/react-dom/cjs/react-dom.development.js:15486:18)
    at mountIndeterminateComponent (/Users/yusuketsunoda/Documents/cursor/ppttranslatorapp/worktrees/fix-text-position-alignment/node_modules/react-dom/cjs/react-dom.development.js:20103:13)
    at beginWork (/Users/yusuketsunoda/Documents/cursor/ppttranslatorapp/worktrees/fix-text-position-alignment/node_modules/react-dom/cjs/react-dom.development.js:21626:16)
    at beginWork$1 (/Users/yusuketsunoda/Documents/cursor/ppttranslatorapp/worktrees/fix-text-position-alignment/node_modules/react-dom/cjs/react-dom.development.js:27465:14)
    at performUnitOfWork (/Users/yusuketsunoda/Documents/cursor/ppttranslatorapp/worktrees/fix-text-position-alignment/node_modules/react-dom/cjs/react-dom.development.js:26599:12)
    at workLoopSync (/Users/yusuketsunoda/Documents/cursor/ppttranslatorapp/worktrees/fix-text-position-alignment/node_modules/react-dom/cjs/react-dom.development.js:26505:5)
    at renderRootSync (/Users/yusuketsunoda/Documents/cursor/ppttranslatorapp/worktrees/fix-text-position-alignment/node_modules/react-dom/cjs/react-dom.development.js:26473:7)
    at recoverFromConcurrentError (/Users/yusuketsunoda/Documents/cursor/ppttranslatorapp/worktrees/fix-text-position-alignment/node_modules/react-dom/cjs/react-dom.development.js:25889:20)
    at performConcurrentWorkOnRoot (/Users/yusuketsunoda/Documents/cursor/ppttranslatorapp/worktrees/fix-text-position-alignment/node_modules/react-dom/cjs/react-dom.development.js:25789:22)
    at flushActQueue (/Users/yusuketsunoda/Documents/cursor/ppttranslatorapp/worktrees/fix-text-position-alignment/node_modules/react/cjs/react.development.js:2667:24)
    at act (/Users/yusuketsunoda/Documents/cursor/ppttranslatorapp/worktrees/fix-text-position-alignment/node_modules/react/cjs/react.development.js:2582:11)
    at /Users/yusuketsunoda/Documents/cursor/ppttranslatorapp/worktrees/fix-text-position-alignment/node_modules/@testing-library/react/dist/act-compat.js:47:25
    at renderRoot (/Users/yusuketsunoda/Documents/cursor/ppttranslatorapp/worktrees/fix-text-position-alignment/node_modules/@testing-library/react/dist/pure.js:180:26)
    at render (/Users/yusuketsunoda/Documents/cursor/ppttranslatorapp/worktrees/fix-text-position-alignment/node_modules/@testing-library/react/dist/pure.js:271:10)
    at Object.&lt;anonymous&gt; (/Users/yusuketsunoda/Documents/cursor/ppttranslatorapp/worktrees/fix-text-position-alignment/tests/components/ui/dialog.test.tsx:82:11)
    at Promise.then.completed (/Users/yusuketsunoda/Documents/cursor/ppttranslatorapp/node_modules/jest-circus/build/utils.js:298:28)
    at new Promise (&lt;anonymous&gt;)
    at callAsyncCircusFn (/Users/yusuketsunoda/Documents/cursor/ppttranslatorapp/node_modules/jest-circus/build/utils.js:231:10)
    at _callCircusTest (/Users/yusuketsunoda/Documents/cursor/ppttranslatorapp/node_modules/jest-circus/build/run.js:316:40)
    at _runTest (/Users/yusuketsunoda/Documents/cursor/ppttranslatorapp/node_modules/jest-circus/build/run.js:252:3)
    at _runTestsForDescribeBlock (/Users/yusuketsunoda/Documents/cursor/ppttranslatorapp/node_modules/jest-circus/build/run.js:126:9)
    at _runTestsForDescribeBlock (/Users/yusuketsunoda/Documents/cursor/ppttranslatorapp/node_modules/jest-circus/build/run.js:121:9)
    at run (/Users/yusuketsunoda/Documents/cursor/ppttranslatorapp/node_modules/jest-circus/build/run.js:71:3)
    at runAndTransformResultsToJestFormat (/Users/yusuketsunoda/Documents/cursor/ppttranslatorapp/node_modules/jest-circus/build/legacy-code-todo-rewrite/jestAdapterInit.js:122:21)
    at jestAdapter (/Users/yusuketsunoda/Documents/cursor/ppttranslatorapp/node_modules/jest-circus/build/legacy-code-todo-rewrite/jestAdapter.js:79:19)
    at runTestInternal (/Users/yusuketsunoda/Documents/cursor/ppttranslatorapp/node_modules/jest-runner/build/runTest.js:367:16)
    at runTest (/Users/yusuketsunoda/Documents/cursor/ppttranslatorapp/node_modules/jest-runner/build/runTest.js:444:34)</failure>
    </testcase>
  </testsuite>
  <testsuite name="Dialog" errors="0" failures="0" skipped="0" timestamp="2025-05-16T20:44:36" time="0.381" tests="2">
    <testcase classname="Dialog" name="すべてのコンポーネントが正しくレンダリングされること" time="0.006">
    </testcase>
    <testcase classname="Dialog" name="クラス名が正しく適用されること" time="0.002">
    </testcase>
  </testsuite>
  <testsuite name="Dialog" errors="0" failures="0" skipped="0" timestamp="2025-05-16T20:44:36" time="0.462" tests="2">
    <testcase classname="Dialog" name="すべてのコンポーネントが正しくレンダリングされること" time="0.006">
    </testcase>
    <testcase classname="Dialog" name="クラス名が正しく適用されること" time="0.013">
    </testcase>
  </testsuite>
  <testsuite name="Dialog" errors="0" failures="0" skipped="0" timestamp="2025-05-16T20:44:37" time="0.403" tests="2">
    <testcase classname="Dialog" name="すべてのコンポーネントが正しくレンダリングされること" time="0.006">
    </testcase>
    <testcase classname="Dialog" name="クラス名が正しく適用されること" time="0.003">
    </testcase>
  </testsuite>
  <testsuite name="worktrees/feature-test-coverage-improvement/tests/api/user/credits.test.ts" errors="1" failures="0" skipped="0" timestamp="1970-01-01T00:00:00" time="0" tests="0">
    <testcase classname="Test suite failed to run" name="worktrees/feature-test-coverage-improvement/tests/api/user/credits.test.ts" time="0">
      <error>  ● Test suite failed to run

    Jest encountered an unexpected token

    Jest failed to parse a file. This happens e.g. when your code or its dependencies use non-standard JavaScript syntax, or when Jest is not configured to support such syntax.

    Out of the box Jest supports Babel, which will be used to transform your files into valid JS based on your Babel configuration.

    By default &quot;node_modules&quot; folder is ignored by transformers.

    Here&apos;s what you can do:
     • If you are trying to use ECMAScript Modules, see https://jestjs.io/docs/ecmascript-modules for how to enable it.
     • If you are trying to use TypeScript, see https://jestjs.io/docs/getting-started#using-typescript
     • To have some of your &quot;node_modules&quot; files transformed, you can specify a custom &quot;transformIgnorePatterns&quot; in your config.
     • If you need a custom transformation specify a &quot;transform&quot; option in your config.
     • If you simply want to mock your non-JS modules (e.g. binary assets) you can stub them out with the &quot;moduleNameMapper&quot; config option.

    You&apos;ll find more details and examples of these config options in the docs:
    https://jestjs.io/docs/configuration
    For information about custom transformations, see:
    https://jestjs.io/docs/code-transformation

    Details:

    /Users/yusuketsunoda/Documents/cursor/ppttranslatorapp/node_modules/openid-client/node_modules/jose/dist/browser/index.js:1
    ({&quot;Object.&lt;anonymous&gt;&quot;:function(module,exports,require,__dirname,__filename,jest){export { compactDecrypt } from &apos;./jwe/compact/decrypt.js&apos;;
                                                                                      ^^^^^^

    SyntaxError: Unexpected token &apos;export&apos;

       9 | // getServerSession のモック
      10 | jest.mock(&apos;next-auth&apos;, () =&gt; ({
    &gt; 11 |     ...jest.requireActual(&apos;next-auth&apos;),
         |             ^
      12 |     getServerSession: jest.fn(),
      13 | }));
      14 |

      at Runtime.createScriptFromCode (node_modules/jest-runtime/build/index.js:1505:14)
      at Object.&lt;anonymous&gt; (node_modules/openid-client/lib/client.js:9:14)
      at Object.&lt;anonymous&gt; (node_modules/openid-client/lib/issuer.js:5:19)
      at Object.&lt;anonymous&gt; (node_modules/openid-client/lib/index.js:1:118)
      at Object.&lt;anonymous&gt; (node_modules/next-auth/core/lib/oauth/callback.js:7:21)
      at Object.&lt;anonymous&gt; (node_modules/next-auth/core/routes/callback.js:8:40)
      at Object.&lt;anonymous&gt; (node_modules/next-auth/core/routes/index.js:37:40)
      at Object.&lt;anonymous&gt; (node_modules/next-auth/core/index.js:10:38)
      at Object.&lt;anonymous&gt; (node_modules/next-auth/next/index.js:9:13)
      at Object.&lt;anonymous&gt; (node_modules/next-auth/index.js:25:37)
      at requireActual (worktrees/feature-test-coverage-improvement/tests/api/user/credits.test.ts:11:13)
      at Object.&lt;anonymous&gt; (app/api/user/credits/route.ts:20:19)
      at Object.&lt;anonymous&gt; (worktrees/feature-test-coverage-improvement/tests/api/user/credits.test.ts:14:16)
</error>
    </testcase>
    <testcase classname="Test suite failed to run" name="worktrees/feature-test-coverage-improvement/tests/api/user/credits.test.ts" time="0">
      <failure>{}</failure>
    </testcase>
  </testsuite>
  <testsuite name="Upload API" errors="0" failures="0" skipped="0" timestamp="2025-05-16T20:44:38" time="0.367" tests="2">
    <testcase classname="Upload API" name="ファイルがアップロードされた場合、成功レスポンスを返す" time="0.001">
    </testcase>
    <testcase classname="Upload API" name="ファイルがアップロードされていない場合、エラーレスポンスを返す" time="0.001">
    </testcase>
  </testsuite>
  <testsuite name="Upload API" errors="0" failures="0" skipped="0" timestamp="2025-05-16T20:44:38" time="0.392" tests="2">
    <testcase classname="Upload API" name="ファイルがアップロードされた場合、成功レスポンスを返す" time="0.015">
    </testcase>
    <testcase classname="Upload API" name="ファイルがアップロードされていない場合、エラーレスポンスを返す" time="0.001">
    </testcase>
  </testsuite>
  <testsuite name="Upload API" errors="0" failures="0" skipped="0" timestamp="2025-05-16T20:44:38" time="0.324" tests="2">
    <testcase classname="Upload API" name="ファイルがアップロードされた場合、成功レスポンスを返す" time="0.002">
    </testcase>
    <testcase classname="Upload API" name="ファイルがアップロードされていない場合、エラーレスポンスを返す" time="0">
    </testcase>
  </testsuite>
  <testsuite name="Upload API" errors="0" failures="0" skipped="0" timestamp="2025-05-16T20:44:39" time="0.313" tests="2">
    <testcase classname="Upload API" name="ファイルがアップロードされた場合、成功レスポンスを返す" time="0.001">
    </testcase>
    <testcase classname="Upload API" name="ファイルがアップロードされていない場合、エラーレスポンスを返す" time="0.001">
    </testcase>
  </testsuite>
  <testsuite name="worktrees/feature-test-coverage-improvement/tests/api/user/role.test.ts" errors="1" failures="0" skipped="0" timestamp="1970-01-01T00:00:00" time="0" tests="0">
    <testcase classname="Test suite failed to run" name="worktrees/feature-test-coverage-improvement/tests/api/user/role.test.ts" time="0">
      <error>  ● Test suite failed to run

    Jest encountered an unexpected token

    Jest failed to parse a file. This happens e.g. when your code or its dependencies use non-standard JavaScript syntax, or when Jest is not configured to support such syntax.

    Out of the box Jest supports Babel, which will be used to transform your files into valid JS based on your Babel configuration.

    By default &quot;node_modules&quot; folder is ignored by transformers.

    Here&apos;s what you can do:
     • If you are trying to use ECMAScript Modules, see https://jestjs.io/docs/ecmascript-modules for how to enable it.
     • If you are trying to use TypeScript, see https://jestjs.io/docs/getting-started#using-typescript
     • To have some of your &quot;node_modules&quot; files transformed, you can specify a custom &quot;transformIgnorePatterns&quot; in your config.
     • If you need a custom transformation specify a &quot;transform&quot; option in your config.
     • If you simply want to mock your non-JS modules (e.g. binary assets) you can stub them out with the &quot;moduleNameMapper&quot; config option.

    You&apos;ll find more details and examples of these config options in the docs:
    https://jestjs.io/docs/configuration
    For information about custom transformations, see:
    https://jestjs.io/docs/code-transformation

    Details:

    /Users/yusuketsunoda/Documents/cursor/ppttranslatorapp/node_modules/openid-client/node_modules/jose/dist/browser/index.js:1
    ({&quot;Object.&lt;anonymous&gt;&quot;:function(module,exports,require,__dirname,__filename,jest){export { compactDecrypt } from &apos;./jwe/compact/decrypt.js&apos;;
                                                                                      ^^^^^^

    SyntaxError: Unexpected token &apos;export&apos;

       9 | // getServerSession のモック
      10 | jest.mock(&apos;next-auth&apos;, () =&gt; ({
    &gt; 11 |     ...jest.requireActual(&apos;next-auth&apos;),
         |             ^
      12 |     getServerSession: jest.fn(),
      13 | }));
      14 |

      at Runtime.createScriptFromCode (node_modules/jest-runtime/build/index.js:1505:14)
      at Object.&lt;anonymous&gt; (node_modules/openid-client/lib/client.js:9:14)
      at Object.&lt;anonymous&gt; (node_modules/openid-client/lib/issuer.js:5:19)
      at Object.&lt;anonymous&gt; (node_modules/openid-client/lib/index.js:1:118)
      at Object.&lt;anonymous&gt; (node_modules/next-auth/core/lib/oauth/callback.js:7:21)
      at Object.&lt;anonymous&gt; (node_modules/next-auth/core/routes/callback.js:8:40)
      at Object.&lt;anonymous&gt; (node_modules/next-auth/core/routes/index.js:37:40)
      at Object.&lt;anonymous&gt; (node_modules/next-auth/core/index.js:10:38)
      at Object.&lt;anonymous&gt; (node_modules/next-auth/next/index.js:9:13)
      at Object.&lt;anonymous&gt; (node_modules/next-auth/index.js:25:37)
      at requireActual (worktrees/feature-test-coverage-improvement/tests/api/user/role.test.ts:11:13)
      at Object.&lt;anonymous&gt; (app/api/user/role/route.ts:20:19)
      at Object.&lt;anonymous&gt; (worktrees/feature-test-coverage-improvement/tests/api/user/role.test.ts:14:16)
</error>
    </testcase>
    <testcase classname="Test suite failed to run" name="worktrees/feature-test-coverage-improvement/tests/api/user/role.test.ts" time="0">
      <failure>{}</failure>
    </testcase>
  </testsuite>
  <testsuite name="APIフック" errors="0" failures="3" skipped="3" timestamp="2025-05-16T20:44:39" time="0.543" tests="6">
    <testcase classname="APIフック › useApiMutation" name="ミューテーションを正しく実行する" time="0.027">
      <failure>TypeError: Cannot read properties of null (reading &apos;useState&apos;)
    at useState (/Users/yusuketsunoda/Documents/cursor/ppttranslatorapp/node_modules/react/cjs/react.development.js:1622:21)
    at useApiMutation (/Users/yusuketsunoda/Documents/cursor/ppttranslatorapp/lib/hooks/use-api.ts:113:45)
    at /Users/yusuketsunoda/Documents/cursor/ppttranslatorapp/worktrees/fix-text-position-alignment/tests/hooks/use-api.test.tsx:40:57
    at TestComponent (/Users/yusuketsunoda/Documents/cursor/ppttranslatorapp/worktrees/fix-text-position-alignment/node_modules/@testing-library/react/dist/pure.js:309:27)
    at renderWithHooks (/Users/yusuketsunoda/Documents/cursor/ppttranslatorapp/worktrees/fix-text-position-alignment/node_modules/react-dom/cjs/react-dom.development.js:15486:18)
    at mountIndeterminateComponent (/Users/yusuketsunoda/Documents/cursor/ppttranslatorapp/worktrees/fix-text-position-alignment/node_modules/react-dom/cjs/react-dom.development.js:20103:13)
    at beginWork (/Users/yusuketsunoda/Documents/cursor/ppttranslatorapp/worktrees/fix-text-position-alignment/node_modules/react-dom/cjs/react-dom.development.js:21626:16)
    at beginWork$1 (/Users/yusuketsunoda/Documents/cursor/ppttranslatorapp/worktrees/fix-text-position-alignment/node_modules/react-dom/cjs/react-dom.development.js:27465:14)
    at performUnitOfWork (/Users/yusuketsunoda/Documents/cursor/ppttranslatorapp/worktrees/fix-text-position-alignment/node_modules/react-dom/cjs/react-dom.development.js:26599:12)
    at workLoopSync (/Users/yusuketsunoda/Documents/cursor/ppttranslatorapp/worktrees/fix-text-position-alignment/node_modules/react-dom/cjs/react-dom.development.js:26505:5)
    at renderRootSync (/Users/yusuketsunoda/Documents/cursor/ppttranslatorapp/worktrees/fix-text-position-alignment/node_modules/react-dom/cjs/react-dom.development.js:26473:7)
    at recoverFromConcurrentError (/Users/yusuketsunoda/Documents/cursor/ppttranslatorapp/worktrees/fix-text-position-alignment/node_modules/react-dom/cjs/react-dom.development.js:25889:20)
    at performConcurrentWorkOnRoot (/Users/yusuketsunoda/Documents/cursor/ppttranslatorapp/worktrees/fix-text-position-alignment/node_modules/react-dom/cjs/react-dom.development.js:25789:22)
    at flushActQueue (/Users/yusuketsunoda/Documents/cursor/ppttranslatorapp/worktrees/fix-text-position-alignment/node_modules/react/cjs/react.development.js:2667:24)
    at act (/Users/yusuketsunoda/Documents/cursor/ppttranslatorapp/worktrees/fix-text-position-alignment/node_modules/react/cjs/react.development.js:2582:11)
    at /Users/yusuketsunoda/Documents/cursor/ppttranslatorapp/worktrees/fix-text-position-alignment/node_modules/@testing-library/react/dist/act-compat.js:47:25
    at renderRoot (/Users/yusuketsunoda/Documents/cursor/ppttranslatorapp/worktrees/fix-text-position-alignment/node_modules/@testing-library/react/dist/pure.js:180:26)
    at render (/Users/yusuketsunoda/Documents/cursor/ppttranslatorapp/worktrees/fix-text-position-alignment/node_modules/@testing-library/react/dist/pure.js:271:10)
    at renderHook (/Users/yusuketsunoda/Documents/cursor/ppttranslatorapp/worktrees/fix-text-position-alignment/node_modules/@testing-library/react/dist/pure.js:318:7)
    at Object.&lt;anonymous&gt; (/Users/yusuketsunoda/Documents/cursor/ppttranslatorapp/worktrees/fix-text-position-alignment/tests/hooks/use-api.test.tsx:40:36)
    at Promise.then.completed (/Users/yusuketsunoda/Documents/cursor/ppttranslatorapp/node_modules/jest-circus/build/utils.js:298:28)
    at new Promise (&lt;anonymous&gt;)
    at callAsyncCircusFn (/Users/yusuketsunoda/Documents/cursor/ppttranslatorapp/node_modules/jest-circus/build/utils.js:231:10)
    at _callCircusTest (/Users/yusuketsunoda/Documents/cursor/ppttranslatorapp/node_modules/jest-circus/build/run.js:316:40)
    at _runTest (/Users/yusuketsunoda/Documents/cursor/ppttranslatorapp/node_modules/jest-circus/build/run.js:252:3)
    at _runTestsForDescribeBlock (/Users/yusuketsunoda/Documents/cursor/ppttranslatorapp/node_modules/jest-circus/build/run.js:126:9)
    at _runTestsForDescribeBlock (/Users/yusuketsunoda/Documents/cursor/ppttranslatorapp/node_modules/jest-circus/build/run.js:121:9)
    at _runTestsForDescribeBlock (/Users/yusuketsunoda/Documents/cursor/ppttranslatorapp/node_modules/jest-circus/build/run.js:121:9)
    at run (/Users/yusuketsunoda/Documents/cursor/ppttranslatorapp/node_modules/jest-circus/build/run.js:71:3)
    at runAndTransformResultsToJestFormat (/Users/yusuketsunoda/Documents/cursor/ppttranslatorapp/node_modules/jest-circus/build/legacy-code-todo-rewrite/jestAdapterInit.js:122:21)
    at jestAdapter (/Users/yusuketsunoda/Documents/cursor/ppttranslatorapp/node_modules/jest-circus/build/legacy-code-todo-rewrite/jestAdapter.js:79:19)
    at runTestInternal (/Users/yusuketsunoda/Documents/cursor/ppttranslatorapp/node_modules/jest-runner/build/runTest.js:367:16)
    at runTest (/Users/yusuketsunoda/Documents/cursor/ppttranslatorapp/node_modules/jest-runner/build/runTest.js:444:34)</failure>
    </testcase>
    <testcase classname="APIフック › useApiMutation" name="ミューテーションエラーを正しく処理する" time="0.052">
      <failure>TypeError: Cannot read properties of null (reading &apos;useState&apos;)
    at useState (/Users/yusuketsunoda/Documents/cursor/ppttranslatorapp/node_modules/react/cjs/react.development.js:1622:21)
    at useApiMutation (/Users/yusuketsunoda/Documents/cursor/ppttranslatorapp/lib/hooks/use-api.ts:113:45)
    at /Users/yusuketsunoda/Documents/cursor/ppttranslatorapp/worktrees/fix-text-position-alignment/tests/hooks/use-api.test.tsx:71:57
    at TestComponent (/Users/yusuketsunoda/Documents/cursor/ppttranslatorapp/worktrees/fix-text-position-alignment/node_modules/@testing-library/react/dist/pure.js:309:27)
    at renderWithHooks (/Users/yusuketsunoda/Documents/cursor/ppttranslatorapp/worktrees/fix-text-position-alignment/node_modules/react-dom/cjs/react-dom.development.js:15486:18)
    at mountIndeterminateComponent (/Users/yusuketsunoda/Documents/cursor/ppttranslatorapp/worktrees/fix-text-position-alignment/node_modules/react-dom/cjs/react-dom.development.js:20103:13)
    at beginWork (/Users/yusuketsunoda/Documents/cursor/ppttranslatorapp/worktrees/fix-text-position-alignment/node_modules/react-dom/cjs/react-dom.development.js:21626:16)
    at beginWork$1 (/Users/yusuketsunoda/Documents/cursor/ppttranslatorapp/worktrees/fix-text-position-alignment/node_modules/react-dom/cjs/react-dom.development.js:27465:14)
    at performUnitOfWork (/Users/yusuketsunoda/Documents/cursor/ppttranslatorapp/worktrees/fix-text-position-alignment/node_modules/react-dom/cjs/react-dom.development.js:26599:12)
    at workLoopSync (/Users/yusuketsunoda/Documents/cursor/ppttranslatorapp/worktrees/fix-text-position-alignment/node_modules/react-dom/cjs/react-dom.development.js:26505:5)
    at renderRootSync (/Users/yusuketsunoda/Documents/cursor/ppttranslatorapp/worktrees/fix-text-position-alignment/node_modules/react-dom/cjs/react-dom.development.js:26473:7)
    at recoverFromConcurrentError (/Users/yusuketsunoda/Documents/cursor/ppttranslatorapp/worktrees/fix-text-position-alignment/node_modules/react-dom/cjs/react-dom.development.js:25889:20)
    at performConcurrentWorkOnRoot (/Users/yusuketsunoda/Documents/cursor/ppttranslatorapp/worktrees/fix-text-position-alignment/node_modules/react-dom/cjs/react-dom.development.js:25789:22)
    at flushActQueue (/Users/yusuketsunoda/Documents/cursor/ppttranslatorapp/worktrees/fix-text-position-alignment/node_modules/react/cjs/react.development.js:2667:24)
    at act (/Users/yusuketsunoda/Documents/cursor/ppttranslatorapp/worktrees/fix-text-position-alignment/node_modules/react/cjs/react.development.js:2582:11)
    at /Users/yusuketsunoda/Documents/cursor/ppttranslatorapp/worktrees/fix-text-position-alignment/node_modules/@testing-library/react/dist/act-compat.js:47:25
    at renderRoot (/Users/yusuketsunoda/Documents/cursor/ppttranslatorapp/worktrees/fix-text-position-alignment/node_modules/@testing-library/react/dist/pure.js:180:26)
    at render (/Users/yusuketsunoda/Documents/cursor/ppttranslatorapp/worktrees/fix-text-position-alignment/node_modules/@testing-library/react/dist/pure.js:271:10)
    at renderHook (/Users/yusuketsunoda/Documents/cursor/ppttranslatorapp/worktrees/fix-text-position-alignment/node_modules/@testing-library/react/dist/pure.js:318:7)
    at Object.&lt;anonymous&gt; (/Users/yusuketsunoda/Documents/cursor/ppttranslatorapp/worktrees/fix-text-position-alignment/tests/hooks/use-api.test.tsx:71:36)
    at Promise.then.completed (/Users/yusuketsunoda/Documents/cursor/ppttranslatorapp/node_modules/jest-circus/build/utils.js:298:28)
    at new Promise (&lt;anonymous&gt;)
    at callAsyncCircusFn (/Users/yusuketsunoda/Documents/cursor/ppttranslatorapp/node_modules/jest-circus/build/utils.js:231:10)
    at _callCircusTest (/Users/yusuketsunoda/Documents/cursor/ppttranslatorapp/node_modules/jest-circus/build/run.js:316:40)
    at _runTest (/Users/yusuketsunoda/Documents/cursor/ppttranslatorapp/node_modules/jest-circus/build/run.js:252:3)
    at _runTestsForDescribeBlock (/Users/yusuketsunoda/Documents/cursor/ppttranslatorapp/node_modules/jest-circus/build/run.js:126:9)
    at _runTestsForDescribeBlock (/Users/yusuketsunoda/Documents/cursor/ppttranslatorapp/node_modules/jest-circus/build/run.js:121:9)
    at _runTestsForDescribeBlock (/Users/yusuketsunoda/Documents/cursor/ppttranslatorapp/node_modules/jest-circus/build/run.js:121:9)
    at run (/Users/yusuketsunoda/Documents/cursor/ppttranslatorapp/node_modules/jest-circus/build/run.js:71:3)
    at runAndTransformResultsToJestFormat (/Users/yusuketsunoda/Documents/cursor/ppttranslatorapp/node_modules/jest-circus/build/legacy-code-todo-rewrite/jestAdapterInit.js:122:21)
    at jestAdapter (/Users/yusuketsunoda/Documents/cursor/ppttranslatorapp/node_modules/jest-circus/build/legacy-code-todo-rewrite/jestAdapter.js:79:19)
    at runTestInternal (/Users/yusuketsunoda/Documents/cursor/ppttranslatorapp/node_modules/jest-runner/build/runTest.js:367:16)
    at runTest (/Users/yusuketsunoda/Documents/cursor/ppttranslatorapp/node_modules/jest-runner/build/runTest.js:444:34)</failure>
    </testcase>
    <testcase classname="APIフック › useApiMutation" name="カスタムメソッドを使用できる" time="0.036">
      <failure>TypeError: Cannot read properties of null (reading &apos;useState&apos;)
    at useState (/Users/yusuketsunoda/Documents/cursor/ppttranslatorapp/node_modules/react/cjs/react.development.js:1622:21)
    at useApiMutation (/Users/yusuketsunoda/Documents/cursor/ppttranslatorapp/lib/hooks/use-api.ts:113:45)
    at /Users/yusuketsunoda/Documents/cursor/ppttranslatorapp/worktrees/fix-text-position-alignment/tests/hooks/use-api.test.tsx:89:57
    at TestComponent (/Users/yusuketsunoda/Documents/cursor/ppttranslatorapp/worktrees/fix-text-position-alignment/node_modules/@testing-library/react/dist/pure.js:309:27)
    at renderWithHooks (/Users/yusuketsunoda/Documents/cursor/ppttranslatorapp/worktrees/fix-text-position-alignment/node_modules/react-dom/cjs/react-dom.development.js:15486:18)
    at mountIndeterminateComponent (/Users/yusuketsunoda/Documents/cursor/ppttranslatorapp/worktrees/fix-text-position-alignment/node_modules/react-dom/cjs/react-dom.development.js:20103:13)
    at beginWork (/Users/yusuketsunoda/Documents/cursor/ppttranslatorapp/worktrees/fix-text-position-alignment/node_modules/react-dom/cjs/react-dom.development.js:21626:16)
    at beginWork$1 (/Users/yusuketsunoda/Documents/cursor/ppttranslatorapp/worktrees/fix-text-position-alignment/node_modules/react-dom/cjs/react-dom.development.js:27465:14)
    at performUnitOfWork (/Users/yusuketsunoda/Documents/cursor/ppttranslatorapp/worktrees/fix-text-position-alignment/node_modules/react-dom/cjs/react-dom.development.js:26599:12)
    at workLoopSync (/Users/yusuketsunoda/Documents/cursor/ppttranslatorapp/worktrees/fix-text-position-alignment/node_modules/react-dom/cjs/react-dom.development.js:26505:5)
    at renderRootSync (/Users/yusuketsunoda/Documents/cursor/ppttranslatorapp/worktrees/fix-text-position-alignment/node_modules/react-dom/cjs/react-dom.development.js:26473:7)
    at recoverFromConcurrentError (/Users/yusuketsunoda/Documents/cursor/ppttranslatorapp/worktrees/fix-text-position-alignment/node_modules/react-dom/cjs/react-dom.development.js:25889:20)
    at performConcurrentWorkOnRoot (/Users/yusuketsunoda/Documents/cursor/ppttranslatorapp/worktrees/fix-text-position-alignment/node_modules/react-dom/cjs/react-dom.development.js:25789:22)
    at flushActQueue (/Users/yusuketsunoda/Documents/cursor/ppttranslatorapp/worktrees/fix-text-position-alignment/node_modules/react/cjs/react.development.js:2667:24)
    at act (/Users/yusuketsunoda/Documents/cursor/ppttranslatorapp/worktrees/fix-text-position-alignment/node_modules/react/cjs/react.development.js:2582:11)
    at /Users/yusuketsunoda/Documents/cursor/ppttranslatorapp/worktrees/fix-text-position-alignment/node_modules/@testing-library/react/dist/act-compat.js:47:25
    at renderRoot (/Users/yusuketsunoda/Documents/cursor/ppttranslatorapp/worktrees/fix-text-position-alignment/node_modules/@testing-library/react/dist/pure.js:180:26)
    at render (/Users/yusuketsunoda/Documents/cursor/ppttranslatorapp/worktrees/fix-text-position-alignment/node_modules/@testing-library/react/dist/pure.js:271:10)
    at renderHook (/Users/yusuketsunoda/Documents/cursor/ppttranslatorapp/worktrees/fix-text-position-alignment/node_modules/@testing-library/react/dist/pure.js:318:7)
    at Object.&lt;anonymous&gt; (/Users/yusuketsunoda/Documents/cursor/ppttranslatorapp/worktrees/fix-text-position-alignment/tests/hooks/use-api.test.tsx:89:36)
    at Promise.then.completed (/Users/yusuketsunoda/Documents/cursor/ppttranslatorapp/node_modules/jest-circus/build/utils.js:298:28)
    at new Promise (&lt;anonymous&gt;)
    at callAsyncCircusFn (/Users/yusuketsunoda/Documents/cursor/ppttranslatorapp/node_modules/jest-circus/build/utils.js:231:10)
    at _callCircusTest (/Users/yusuketsunoda/Documents/cursor/ppttranslatorapp/node_modules/jest-circus/build/run.js:316:40)
    at _runTest (/Users/yusuketsunoda/Documents/cursor/ppttranslatorapp/node_modules/jest-circus/build/run.js:252:3)
    at _runTestsForDescribeBlock (/Users/yusuketsunoda/Documents/cursor/ppttranslatorapp/node_modules/jest-circus/build/run.js:126:9)
    at _runTestsForDescribeBlock (/Users/yusuketsunoda/Documents/cursor/ppttranslatorapp/node_modules/jest-circus/build/run.js:121:9)
    at _runTestsForDescribeBlock (/Users/yusuketsunoda/Documents/cursor/ppttranslatorapp/node_modules/jest-circus/build/run.js:121:9)
    at run (/Users/yusuketsunoda/Documents/cursor/ppttranslatorapp/node_modules/jest-circus/build/run.js:71:3)
    at runAndTransformResultsToJestFormat (/Users/yusuketsunoda/Documents/cursor/ppttranslatorapp/node_modules/jest-circus/build/legacy-code-todo-rewrite/jestAdapterInit.js:122:21)
    at jestAdapter (/Users/yusuketsunoda/Documents/cursor/ppttranslatorapp/node_modules/jest-circus/build/legacy-code-todo-rewrite/jestAdapter.js:79:19)
    at runTestInternal (/Users/yusuketsunoda/Documents/cursor/ppttranslatorapp/node_modules/jest-runner/build/runTest.js:367:16)
    at runTest (/Users/yusuketsunoda/Documents/cursor/ppttranslatorapp/node_modules/jest-runner/build/runTest.js:444:34)</failure>
    </testcase>
    <testcase classname="APIフック › useApiRequest" name="GETリクエストを正しく実行する" time="0">
      <skipped/>
    </testcase>
    <testcase classname="APIフック › useApiRequest" name="カスタムヘッダーを設定できる" time="0">
      <skipped/>
    </testcase>
    <testcase classname="APIフック › useApiRequest" name="エラーハンドリングが機能する" time="0">
      <skipped/>
    </testcase>
  </testsuite>
  <testsuite name="APIフック" errors="0" failures="0" skipped="3" timestamp="2025-05-16T20:44:40" time="0.389" tests="6">
    <testcase classname="APIフック › useApiMutation" name="ミューテーションを正しく実行する" time="0.002">
    </testcase>
    <testcase classname="APIフック › useApiMutation" name="ミューテーションエラーを正しく処理する" time="0.015">
    </testcase>
    <testcase classname="APIフック › useApiMutation" name="カスタムメソッドを使用できる" time="0.004">
    </testcase>
    <testcase classname="APIフック › useApiRequest" name="GETリクエストを正しく実行する" time="0">
      <skipped/>
    </testcase>
    <testcase classname="APIフック › useApiRequest" name="カスタムヘッダーを設定できる" time="0">
      <skipped/>
    </testcase>
    <testcase classname="APIフック › useApiRequest" name="エラーハンドリングが機能する" time="0">
      <skipped/>
    </testcase>
  </testsuite>
  <testsuite name="APIフック" errors="0" failures="0" skipped="3" timestamp="2025-05-16T20:44:40" time="0.378" tests="6">
    <testcase classname="APIフック › useApiMutation" name="ミューテーションを正しく実行する" time="0.002">
    </testcase>
    <testcase classname="APIフック › useApiMutation" name="ミューテーションエラーを正しく処理する" time="0.01">
    </testcase>
    <testcase classname="APIフック › useApiMutation" name="カスタムメソッドを使用できる" time="0.002">
    </testcase>
    <testcase classname="APIフック › useApiRequest" name="GETリクエストを正しく実行する" time="0">
      <skipped/>
    </testcase>
    <testcase classname="APIフック › useApiRequest" name="カスタムヘッダーを設定できる" time="0">
      <skipped/>
    </testcase>
    <testcase classname="APIフック › useApiRequest" name="エラーハンドリングが機能する" time="0">
      <skipped/>
    </testcase>
  </testsuite>
  <testsuite name="APIフック" errors="0" failures="0" skipped="3" timestamp="2025-05-16T20:44:41" time="0.387" tests="6">
    <testcase classname="APIフック › useApiMutation" name="ミューテーションを正しく実行する" time="0.002">
    </testcase>
    <testcase classname="APIフック › useApiMutation" name="ミューテーションエラーを正しく処理する" time="0.011">
    </testcase>
    <testcase classname="APIフック › useApiMutation" name="カスタムメソッドを使用できる" time="0.002">
    </testcase>
    <testcase classname="APIフック › useApiRequest" name="GETリクエストを正しく実行する" time="0">
      <skipped/>
    </testcase>
    <testcase classname="APIフック › useApiRequest" name="カスタムヘッダーを設定できる" time="0">
      <skipped/>
    </testcase>
    <testcase classname="APIフック › useApiRequest" name="エラーハンドリングが機能する" time="0">
      <skipped/>
    </testcase>
  </testsuite>
  <testsuite name="useIntersectionObserver" errors="0" failures="4" skipped="0" timestamp="2025-05-16T20:44:41" time="0.488" tests="4">
    <testcase classname="useIntersectionObserver" name="要素が存在する場合、IntersectionObserverを初期化して監視する" time="0.021">
      <failure>TypeError: Cannot read properties of null (reading &apos;useEffect&apos;)
    at useEffect (/Users/yusuketsunoda/Documents/cursor/ppttranslatorapp/node_modules/react/cjs/react.development.js:1634:21)
    at useIntersectionObserver (/Users/yusuketsunoda/Documents/cursor/ppttranslatorapp/lib/hooks/useIntersectionObserver.ts:8:12)
    at /Users/yusuketsunoda/Documents/cursor/ppttranslatorapp/worktrees/fix-text-position-alignment/tests/hooks/useIntersectionObserver.test.tsx:39:45
    at TestComponent (/Users/yusuketsunoda/Documents/cursor/ppttranslatorapp/worktrees/fix-text-position-alignment/node_modules/@testing-library/react/dist/pure.js:309:27)
    at renderWithHooks (/Users/yusuketsunoda/Documents/cursor/ppttranslatorapp/worktrees/fix-text-position-alignment/node_modules/react-dom/cjs/react-dom.development.js:15486:18)
    at mountIndeterminateComponent (/Users/yusuketsunoda/Documents/cursor/ppttranslatorapp/worktrees/fix-text-position-alignment/node_modules/react-dom/cjs/react-dom.development.js:20103:13)
    at beginWork (/Users/yusuketsunoda/Documents/cursor/ppttranslatorapp/worktrees/fix-text-position-alignment/node_modules/react-dom/cjs/react-dom.development.js:21626:16)
    at beginWork$1 (/Users/yusuketsunoda/Documents/cursor/ppttranslatorapp/worktrees/fix-text-position-alignment/node_modules/react-dom/cjs/react-dom.development.js:27465:14)
    at performUnitOfWork (/Users/yusuketsunoda/Documents/cursor/ppttranslatorapp/worktrees/fix-text-position-alignment/node_modules/react-dom/cjs/react-dom.development.js:26599:12)
    at workLoopSync (/Users/yusuketsunoda/Documents/cursor/ppttranslatorapp/worktrees/fix-text-position-alignment/node_modules/react-dom/cjs/react-dom.development.js:26505:5)
    at renderRootSync (/Users/yusuketsunoda/Documents/cursor/ppttranslatorapp/worktrees/fix-text-position-alignment/node_modules/react-dom/cjs/react-dom.development.js:26473:7)
    at recoverFromConcurrentError (/Users/yusuketsunoda/Documents/cursor/ppttranslatorapp/worktrees/fix-text-position-alignment/node_modules/react-dom/cjs/react-dom.development.js:25889:20)
    at performConcurrentWorkOnRoot (/Users/yusuketsunoda/Documents/cursor/ppttranslatorapp/worktrees/fix-text-position-alignment/node_modules/react-dom/cjs/react-dom.development.js:25789:22)
    at flushActQueue (/Users/yusuketsunoda/Documents/cursor/ppttranslatorapp/worktrees/fix-text-position-alignment/node_modules/react/cjs/react.development.js:2667:24)
    at act (/Users/yusuketsunoda/Documents/cursor/ppttranslatorapp/worktrees/fix-text-position-alignment/node_modules/react/cjs/react.development.js:2582:11)
    at /Users/yusuketsunoda/Documents/cursor/ppttranslatorapp/worktrees/fix-text-position-alignment/node_modules/@testing-library/react/dist/act-compat.js:47:25
    at renderRoot (/Users/yusuketsunoda/Documents/cursor/ppttranslatorapp/worktrees/fix-text-position-alignment/node_modules/@testing-library/react/dist/pure.js:180:26)
    at render (/Users/yusuketsunoda/Documents/cursor/ppttranslatorapp/worktrees/fix-text-position-alignment/node_modules/@testing-library/react/dist/pure.js:271:10)
    at renderHook (/Users/yusuketsunoda/Documents/cursor/ppttranslatorapp/worktrees/fix-text-position-alignment/node_modules/@testing-library/react/dist/pure.js:318:7)
    at Object.&lt;anonymous&gt; (/Users/yusuketsunoda/Documents/cursor/ppttranslatorapp/worktrees/fix-text-position-alignment/tests/hooks/useIntersectionObserver.test.tsx:39:15)
    at Promise.then.completed (/Users/yusuketsunoda/Documents/cursor/ppttranslatorapp/node_modules/jest-circus/build/utils.js:298:28)
    at new Promise (&lt;anonymous&gt;)
    at callAsyncCircusFn (/Users/yusuketsunoda/Documents/cursor/ppttranslatorapp/node_modules/jest-circus/build/utils.js:231:10)
    at _callCircusTest (/Users/yusuketsunoda/Documents/cursor/ppttranslatorapp/node_modules/jest-circus/build/run.js:316:40)
    at _runTest (/Users/yusuketsunoda/Documents/cursor/ppttranslatorapp/node_modules/jest-circus/build/run.js:252:3)
    at _runTestsForDescribeBlock (/Users/yusuketsunoda/Documents/cursor/ppttranslatorapp/node_modules/jest-circus/build/run.js:126:9)
    at _runTestsForDescribeBlock (/Users/yusuketsunoda/Documents/cursor/ppttranslatorapp/node_modules/jest-circus/build/run.js:121:9)
    at run (/Users/yusuketsunoda/Documents/cursor/ppttranslatorapp/node_modules/jest-circus/build/run.js:71:3)
    at runAndTransformResultsToJestFormat (/Users/yusuketsunoda/Documents/cursor/ppttranslatorapp/node_modules/jest-circus/build/legacy-code-todo-rewrite/jestAdapterInit.js:122:21)
    at jestAdapter (/Users/yusuketsunoda/Documents/cursor/ppttranslatorapp/node_modules/jest-circus/build/legacy-code-todo-rewrite/jestAdapter.js:79:19)
    at runTestInternal (/Users/yusuketsunoda/Documents/cursor/ppttranslatorapp/node_modules/jest-runner/build/runTest.js:367:16)
    at runTest (/Users/yusuketsunoda/Documents/cursor/ppttranslatorapp/node_modules/jest-runner/build/runTest.js:444:34)</failure>
    </testcase>
    <testcase classname="useIntersectionObserver" name="要素が存在しない場合、IntersectionObserverを初期化しない" time="0.024">
      <failure>TypeError: Cannot read properties of null (reading &apos;useEffect&apos;)
    at useEffect (/Users/yusuketsunoda/Documents/cursor/ppttranslatorapp/node_modules/react/cjs/react.development.js:1634:21)
    at useIntersectionObserver (/Users/yusuketsunoda/Documents/cursor/ppttranslatorapp/lib/hooks/useIntersectionObserver.ts:8:12)
    at /Users/yusuketsunoda/Documents/cursor/ppttranslatorapp/worktrees/fix-text-position-alignment/tests/hooks/useIntersectionObserver.test.tsx:54:45
    at TestComponent (/Users/yusuketsunoda/Documents/cursor/ppttranslatorapp/worktrees/fix-text-position-alignment/node_modules/@testing-library/react/dist/pure.js:309:27)
    at renderWithHooks (/Users/yusuketsunoda/Documents/cursor/ppttranslatorapp/worktrees/fix-text-position-alignment/node_modules/react-dom/cjs/react-dom.development.js:15486:18)
    at mountIndeterminateComponent (/Users/yusuketsunoda/Documents/cursor/ppttranslatorapp/worktrees/fix-text-position-alignment/node_modules/react-dom/cjs/react-dom.development.js:20103:13)
    at beginWork (/Users/yusuketsunoda/Documents/cursor/ppttranslatorapp/worktrees/fix-text-position-alignment/node_modules/react-dom/cjs/react-dom.development.js:21626:16)
    at beginWork$1 (/Users/yusuketsunoda/Documents/cursor/ppttranslatorapp/worktrees/fix-text-position-alignment/node_modules/react-dom/cjs/react-dom.development.js:27465:14)
    at performUnitOfWork (/Users/yusuketsunoda/Documents/cursor/ppttranslatorapp/worktrees/fix-text-position-alignment/node_modules/react-dom/cjs/react-dom.development.js:26599:12)
    at workLoopSync (/Users/yusuketsunoda/Documents/cursor/ppttranslatorapp/worktrees/fix-text-position-alignment/node_modules/react-dom/cjs/react-dom.development.js:26505:5)
    at renderRootSync (/Users/yusuketsunoda/Documents/cursor/ppttranslatorapp/worktrees/fix-text-position-alignment/node_modules/react-dom/cjs/react-dom.development.js:26473:7)
    at recoverFromConcurrentError (/Users/yusuketsunoda/Documents/cursor/ppttranslatorapp/worktrees/fix-text-position-alignment/node_modules/react-dom/cjs/react-dom.development.js:25889:20)
    at performConcurrentWorkOnRoot (/Users/yusuketsunoda/Documents/cursor/ppttranslatorapp/worktrees/fix-text-position-alignment/node_modules/react-dom/cjs/react-dom.development.js:25789:22)
    at flushActQueue (/Users/yusuketsunoda/Documents/cursor/ppttranslatorapp/worktrees/fix-text-position-alignment/node_modules/react/cjs/react.development.js:2667:24)
    at act (/Users/yusuketsunoda/Documents/cursor/ppttranslatorapp/worktrees/fix-text-position-alignment/node_modules/react/cjs/react.development.js:2582:11)
    at /Users/yusuketsunoda/Documents/cursor/ppttranslatorapp/worktrees/fix-text-position-alignment/node_modules/@testing-library/react/dist/act-compat.js:47:25
    at renderRoot (/Users/yusuketsunoda/Documents/cursor/ppttranslatorapp/worktrees/fix-text-position-alignment/node_modules/@testing-library/react/dist/pure.js:180:26)
    at render (/Users/yusuketsunoda/Documents/cursor/ppttranslatorapp/worktrees/fix-text-position-alignment/node_modules/@testing-library/react/dist/pure.js:271:10)
    at renderHook (/Users/yusuketsunoda/Documents/cursor/ppttranslatorapp/worktrees/fix-text-position-alignment/node_modules/@testing-library/react/dist/pure.js:318:7)
    at Object.&lt;anonymous&gt; (/Users/yusuketsunoda/Documents/cursor/ppttranslatorapp/worktrees/fix-text-position-alignment/tests/hooks/useIntersectionObserver.test.tsx:54:15)
    at Promise.then.completed (/Users/yusuketsunoda/Documents/cursor/ppttranslatorapp/node_modules/jest-circus/build/utils.js:298:28)
    at new Promise (&lt;anonymous&gt;)
    at callAsyncCircusFn (/Users/yusuketsunoda/Documents/cursor/ppttranslatorapp/node_modules/jest-circus/build/utils.js:231:10)
    at _callCircusTest (/Users/yusuketsunoda/Documents/cursor/ppttranslatorapp/node_modules/jest-circus/build/run.js:316:40)
    at _runTest (/Users/yusuketsunoda/Documents/cursor/ppttranslatorapp/node_modules/jest-circus/build/run.js:252:3)
    at _runTestsForDescribeBlock (/Users/yusuketsunoda/Documents/cursor/ppttranslatorapp/node_modules/jest-circus/build/run.js:126:9)
    at _runTestsForDescribeBlock (/Users/yusuketsunoda/Documents/cursor/ppttranslatorapp/node_modules/jest-circus/build/run.js:121:9)
    at run (/Users/yusuketsunoda/Documents/cursor/ppttranslatorapp/node_modules/jest-circus/build/run.js:71:3)
    at runAndTransformResultsToJestFormat (/Users/yusuketsunoda/Documents/cursor/ppttranslatorapp/node_modules/jest-circus/build/legacy-code-todo-rewrite/jestAdapterInit.js:122:21)
    at jestAdapter (/Users/yusuketsunoda/Documents/cursor/ppttranslatorapp/node_modules/jest-circus/build/legacy-code-todo-rewrite/jestAdapter.js:79:19)
    at runTestInternal (/Users/yusuketsunoda/Documents/cursor/ppttranslatorapp/node_modules/jest-runner/build/runTest.js:367:16)
    at runTest (/Users/yusuketsunoda/Documents/cursor/ppttranslatorapp/node_modules/jest-runner/build/runTest.js:444:34)</failure>
    </testcase>
    <testcase classname="useIntersectionObserver" name="アンマウント時にIntersectionObserverを切断する" time="0.016">
      <failure>TypeError: Cannot read properties of null (reading &apos;useEffect&apos;)
    at useEffect (/Users/yusuketsunoda/Documents/cursor/ppttranslatorapp/node_modules/react/cjs/react.development.js:1634:21)
    at useIntersectionObserver (/Users/yusuketsunoda/Documents/cursor/ppttranslatorapp/lib/hooks/useIntersectionObserver.ts:8:12)
    at /Users/yusuketsunoda/Documents/cursor/ppttranslatorapp/worktrees/fix-text-position-alignment/tests/hooks/useIntersectionObserver.test.tsx:67:65
    at TestComponent (/Users/yusuketsunoda/Documents/cursor/ppttranslatorapp/worktrees/fix-text-position-alignment/node_modules/@testing-library/react/dist/pure.js:309:27)
    at renderWithHooks (/Users/yusuketsunoda/Documents/cursor/ppttranslatorapp/worktrees/fix-text-position-alignment/node_modules/react-dom/cjs/react-dom.development.js:15486:18)
    at mountIndeterminateComponent (/Users/yusuketsunoda/Documents/cursor/ppttranslatorapp/worktrees/fix-text-position-alignment/node_modules/react-dom/cjs/react-dom.development.js:20103:13)
    at beginWork (/Users/yusuketsunoda/Documents/cursor/ppttranslatorapp/worktrees/fix-text-position-alignment/node_modules/react-dom/cjs/react-dom.development.js:21626:16)
    at beginWork$1 (/Users/yusuketsunoda/Documents/cursor/ppttranslatorapp/worktrees/fix-text-position-alignment/node_modules/react-dom/cjs/react-dom.development.js:27465:14)
    at performUnitOfWork (/Users/yusuketsunoda/Documents/cursor/ppttranslatorapp/worktrees/fix-text-position-alignment/node_modules/react-dom/cjs/react-dom.development.js:26599:12)
    at workLoopSync (/Users/yusuketsunoda/Documents/cursor/ppttranslatorapp/worktrees/fix-text-position-alignment/node_modules/react-dom/cjs/react-dom.development.js:26505:5)
    at renderRootSync (/Users/yusuketsunoda/Documents/cursor/ppttranslatorapp/worktrees/fix-text-position-alignment/node_modules/react-dom/cjs/react-dom.development.js:26473:7)
    at recoverFromConcurrentError (/Users/yusuketsunoda/Documents/cursor/ppttranslatorapp/worktrees/fix-text-position-alignment/node_modules/react-dom/cjs/react-dom.development.js:25889:20)
    at performConcurrentWorkOnRoot (/Users/yusuketsunoda/Documents/cursor/ppttranslatorapp/worktrees/fix-text-position-alignment/node_modules/react-dom/cjs/react-dom.development.js:25789:22)
    at flushActQueue (/Users/yusuketsunoda/Documents/cursor/ppttranslatorapp/worktrees/fix-text-position-alignment/node_modules/react/cjs/react.development.js:2667:24)
    at act (/Users/yusuketsunoda/Documents/cursor/ppttranslatorapp/worktrees/fix-text-position-alignment/node_modules/react/cjs/react.development.js:2582:11)
    at /Users/yusuketsunoda/Documents/cursor/ppttranslatorapp/worktrees/fix-text-position-alignment/node_modules/@testing-library/react/dist/act-compat.js:47:25
    at renderRoot (/Users/yusuketsunoda/Documents/cursor/ppttranslatorapp/worktrees/fix-text-position-alignment/node_modules/@testing-library/react/dist/pure.js:180:26)
    at render (/Users/yusuketsunoda/Documents/cursor/ppttranslatorapp/worktrees/fix-text-position-alignment/node_modules/@testing-library/react/dist/pure.js:271:10)
    at renderHook (/Users/yusuketsunoda/Documents/cursor/ppttranslatorapp/worktrees/fix-text-position-alignment/node_modules/@testing-library/react/dist/pure.js:318:7)
    at Object.&lt;anonymous&gt; (/Users/yusuketsunoda/Documents/cursor/ppttranslatorapp/worktrees/fix-text-position-alignment/tests/hooks/useIntersectionObserver.test.tsx:67:35)
    at Promise.then.completed (/Users/yusuketsunoda/Documents/cursor/ppttranslatorapp/node_modules/jest-circus/build/utils.js:298:28)
    at new Promise (&lt;anonymous&gt;)
    at callAsyncCircusFn (/Users/yusuketsunoda/Documents/cursor/ppttranslatorapp/node_modules/jest-circus/build/utils.js:231:10)
    at _callCircusTest (/Users/yusuketsunoda/Documents/cursor/ppttranslatorapp/node_modules/jest-circus/build/run.js:316:40)
    at _runTest (/Users/yusuketsunoda/Documents/cursor/ppttranslatorapp/node_modules/jest-circus/build/run.js:252:3)
    at _runTestsForDescribeBlock (/Users/yusuketsunoda/Documents/cursor/ppttranslatorapp/node_modules/jest-circus/build/run.js:126:9)
    at _runTestsForDescribeBlock (/Users/yusuketsunoda/Documents/cursor/ppttranslatorapp/node_modules/jest-circus/build/run.js:121:9)
    at run (/Users/yusuketsunoda/Documents/cursor/ppttranslatorapp/node_modules/jest-circus/build/run.js:71:3)
    at runAndTransformResultsToJestFormat (/Users/yusuketsunoda/Documents/cursor/ppttranslatorapp/node_modules/jest-circus/build/legacy-code-todo-rewrite/jestAdapterInit.js:122:21)
    at jestAdapter (/Users/yusuketsunoda/Documents/cursor/ppttranslatorapp/node_modules/jest-circus/build/legacy-code-todo-rewrite/jestAdapter.js:79:19)
    at runTestInternal (/Users/yusuketsunoda/Documents/cursor/ppttranslatorapp/node_modules/jest-runner/build/runTest.js:367:16)
    at runTest (/Users/yusuketsunoda/Documents/cursor/ppttranslatorapp/node_modules/jest-runner/build/runTest.js:444:34)</failure>
    </testcase>
    <testcase classname="useIntersectionObserver" name="依存配列の値が変更された場合、IntersectionObserverを再初期化する" time="0.039">
      <failure>TypeError: Cannot read properties of null (reading &apos;useEffect&apos;)
    at useEffect (/Users/yusuketsunoda/Documents/cursor/ppttranslatorapp/node_modules/react/cjs/react.development.js:1634:21)
    at useIntersectionObserver (/Users/yusuketsunoda/Documents/cursor/ppttranslatorapp/lib/hooks/useIntersectionObserver.ts:8:12)
    at initialProps.callback (/Users/yusuketsunoda/Documents/cursor/ppttranslatorapp/worktrees/fix-text-position-alignment/tests/hooks/useIntersectionObserver.test.tsx:82:48)
    at TestComponent (/Users/yusuketsunoda/Documents/cursor/ppttranslatorapp/worktrees/fix-text-position-alignment/node_modules/@testing-library/react/dist/pure.js:309:27)
    at renderWithHooks (/Users/yusuketsunoda/Documents/cursor/ppttranslatorapp/worktrees/fix-text-position-alignment/node_modules/react-dom/cjs/react-dom.development.js:15486:18)
    at mountIndeterminateComponent (/Users/yusuketsunoda/Documents/cursor/ppttranslatorapp/worktrees/fix-text-position-alignment/node_modules/react-dom/cjs/react-dom.development.js:20103:13)
    at beginWork (/Users/yusuketsunoda/Documents/cursor/ppttranslatorapp/worktrees/fix-text-position-alignment/node_modules/react-dom/cjs/react-dom.development.js:21626:16)
    at beginWork$1 (/Users/yusuketsunoda/Documents/cursor/ppttranslatorapp/worktrees/fix-text-position-alignment/node_modules/react-dom/cjs/react-dom.development.js:27465:14)
    at performUnitOfWork (/Users/yusuketsunoda/Documents/cursor/ppttranslatorapp/worktrees/fix-text-position-alignment/node_modules/react-dom/cjs/react-dom.development.js:26599:12)
    at workLoopSync (/Users/yusuketsunoda/Documents/cursor/ppttranslatorapp/worktrees/fix-text-position-alignment/node_modules/react-dom/cjs/react-dom.development.js:26505:5)
    at renderRootSync (/Users/yusuketsunoda/Documents/cursor/ppttranslatorapp/worktrees/fix-text-position-alignment/node_modules/react-dom/cjs/react-dom.development.js:26473:7)
    at recoverFromConcurrentError (/Users/yusuketsunoda/Documents/cursor/ppttranslatorapp/worktrees/fix-text-position-alignment/node_modules/react-dom/cjs/react-dom.development.js:25889:20)
    at performConcurrentWorkOnRoot (/Users/yusuketsunoda/Documents/cursor/ppttranslatorapp/worktrees/fix-text-position-alignment/node_modules/react-dom/cjs/react-dom.development.js:25789:22)
    at flushActQueue (/Users/yusuketsunoda/Documents/cursor/ppttranslatorapp/worktrees/fix-text-position-alignment/node_modules/react/cjs/react.development.js:2667:24)
    at act (/Users/yusuketsunoda/Documents/cursor/ppttranslatorapp/worktrees/fix-text-position-alignment/node_modules/react/cjs/react.development.js:2582:11)
    at /Users/yusuketsunoda/Documents/cursor/ppttranslatorapp/worktrees/fix-text-position-alignment/node_modules/@testing-library/react/dist/act-compat.js:47:25
    at renderRoot (/Users/yusuketsunoda/Documents/cursor/ppttranslatorapp/worktrees/fix-text-position-alignment/node_modules/@testing-library/react/dist/pure.js:180:26)
    at render (/Users/yusuketsunoda/Documents/cursor/ppttranslatorapp/worktrees/fix-text-position-alignment/node_modules/@testing-library/react/dist/pure.js:271:10)
    at renderHook (/Users/yusuketsunoda/Documents/cursor/ppttranslatorapp/worktrees/fix-text-position-alignment/node_modules/@testing-library/react/dist/pure.js:318:7)
    at Object.&lt;anonymous&gt; (/Users/yusuketsunoda/Documents/cursor/ppttranslatorapp/worktrees/fix-text-position-alignment/tests/hooks/useIntersectionObserver.test.tsx:81:36)
    at Promise.then.completed (/Users/yusuketsunoda/Documents/cursor/ppttranslatorapp/node_modules/jest-circus/build/utils.js:298:28)
    at new Promise (&lt;anonymous&gt;)
    at callAsyncCircusFn (/Users/yusuketsunoda/Documents/cursor/ppttranslatorapp/node_modules/jest-circus/build/utils.js:231:10)
    at _callCircusTest (/Users/yusuketsunoda/Documents/cursor/ppttranslatorapp/node_modules/jest-circus/build/run.js:316:40)
    at _runTest (/Users/yusuketsunoda/Documents/cursor/ppttranslatorapp/node_modules/jest-circus/build/run.js:252:3)
    at _runTestsForDescribeBlock (/Users/yusuketsunoda/Documents/cursor/ppttranslatorapp/node_modules/jest-circus/build/run.js:126:9)
    at _runTestsForDescribeBlock (/Users/yusuketsunoda/Documents/cursor/ppttranslatorapp/node_modules/jest-circus/build/run.js:121:9)
    at run (/Users/yusuketsunoda/Documents/cursor/ppttranslatorapp/node_modules/jest-circus/build/run.js:71:3)
    at runAndTransformResultsToJestFormat (/Users/yusuketsunoda/Documents/cursor/ppttranslatorapp/node_modules/jest-circus/build/legacy-code-todo-rewrite/jestAdapterInit.js:122:21)
    at jestAdapter (/Users/yusuketsunoda/Documents/cursor/ppttranslatorapp/node_modules/jest-circus/build/legacy-code-todo-rewrite/jestAdapter.js:79:19)
    at runTestInternal (/Users/yusuketsunoda/Documents/cursor/ppttranslatorapp/node_modules/jest-runner/build/runTest.js:367:16)
    at runTest (/Users/yusuketsunoda/Documents/cursor/ppttranslatorapp/node_modules/jest-runner/build/runTest.js:444:34)</failure>
    </testcase>
  </testsuite>
  <testsuite name="useIntersectionObserver" errors="0" failures="0" skipped="0" timestamp="2025-05-16T20:44:42" time="0.393" tests="4">
    <testcase classname="useIntersectionObserver" name="要素が存在する場合、IntersectionObserverを初期化して監視する" time="0.006">
    </testcase>
    <testcase classname="useIntersectionObserver" name="要素が存在しない場合、IntersectionObserverを初期化しない" time="0.002">
    </testcase>
    <testcase classname="useIntersectionObserver" name="アンマウント時にIntersectionObserverを切断する" time="0.001">
    </testcase>
    <testcase classname="useIntersectionObserver" name="依存配列の値が変更された場合、IntersectionObserverを再初期化する" time="0.002">
    </testcase>
  </testsuite>
  <testsuite name="useIntersectionObserver" errors="0" failures="0" skipped="0" timestamp="2025-05-16T20:44:42" time="0.402" tests="4">
    <testcase classname="useIntersectionObserver" name="要素が存在する場合、IntersectionObserverを初期化して監視する" time="0.003">
    </testcase>
    <testcase classname="useIntersectionObserver" name="要素が存在しない場合、IntersectionObserverを初期化しない" time="0.001">
    </testcase>
    <testcase classname="useIntersectionObserver" name="アンマウント時にIntersectionObserverを切断する" time="0.007">
    </testcase>
    <testcase classname="useIntersectionObserver" name="依存配列の値が変更された場合、IntersectionObserverを再初期化する" time="0.001">
    </testcase>
  </testsuite>
  <testsuite name="useIntersectionObserver" errors="0" failures="0" skipped="0" timestamp="2025-05-16T20:44:43" time="0.605" tests="4">
    <testcase classname="useIntersectionObserver" name="要素が存在する場合、IntersectionObserverを初期化して監視する" time="0.005">
    </testcase>
    <testcase classname="useIntersectionObserver" name="要素が存在しない場合、IntersectionObserverを初期化しない" time="0.001">
    </testcase>
    <testcase classname="useIntersectionObserver" name="アンマウント時にIntersectionObserverを切断する" time="0.001">
    </testcase>
    <testcase classname="useIntersectionObserver" name="依存配列の値が変更された場合、IntersectionObserverを再初期化する" time="0.003">
    </testcase>
  </testsuite>
  <testsuite name="Button" errors="0" failures="1" skipped="0" timestamp="2025-05-16T20:44:43" time="0.536" tests="7">
    <testcase classname="Button" name="ボタンをレンダリングする" time="0.007">
    </testcase>
    <testcase classname="Button" name="クリックイベントを処理する" time="0.006">
    </testcase>
    <testcase classname="Button" name="異なるバリアントをレンダリングする" time="0.003">
    </testcase>
    <testcase classname="Button" name="異なるサイズをレンダリングする" time="0.016">
    </testcase>
    <testcase classname="Button" name="無効状態をレンダリングする" time="0.001">
    </testcase>
    <testcase classname="Button" name="カスタムクラス名を適用する" time="0.001">
    </testcase>
    <testcase classname="Button" name="asChildプロパティを使用して別の要素としてレンダリングする" time="0.03">
      <failure>TypeError: Cannot read properties of null (reading &apos;useCallback&apos;)
    at Object.useCallback (/Users/yusuketsunoda/Documents/cursor/ppttranslatorapp/node_modules/react/cjs/react.development.js:1646:21)
    at useComposedRefs (/Users/yusuketsunoda/Documents/cursor/ppttranslatorapp/node_modules/@radix-ui/react-compose-refs/src/compose-refs.tsx:57:16)
    at /Users/yusuketsunoda/Documents/cursor/ppttranslatorapp/node_modules/@radix-ui/react-slot/src/slot.tsx:70:17
    at renderWithHooks (/Users/yusuketsunoda/Documents/cursor/ppttranslatorapp/worktrees/fix-text-position-alignment/node_modules/react-dom/cjs/react-dom.development.js:15486:18)
    at updateForwardRef (/Users/yusuketsunoda/Documents/cursor/ppttranslatorapp/worktrees/fix-text-position-alignment/node_modules/react-dom/cjs/react-dom.development.js:19245:20)
    at beginWork (/Users/yusuketsunoda/Documents/cursor/ppttranslatorapp/worktrees/fix-text-position-alignment/node_modules/react-dom/cjs/react-dom.development.js:21675:16)
    at beginWork$1 (/Users/yusuketsunoda/Documents/cursor/ppttranslatorapp/worktrees/fix-text-position-alignment/node_modules/react-dom/cjs/react-dom.development.js:27465:14)
    at performUnitOfWork (/Users/yusuketsunoda/Documents/cursor/ppttranslatorapp/worktrees/fix-text-position-alignment/node_modules/react-dom/cjs/react-dom.development.js:26599:12)
    at workLoopSync (/Users/yusuketsunoda/Documents/cursor/ppttranslatorapp/worktrees/fix-text-position-alignment/node_modules/react-dom/cjs/react-dom.development.js:26505:5)
    at renderRootSync (/Users/yusuketsunoda/Documents/cursor/ppttranslatorapp/worktrees/fix-text-position-alignment/node_modules/react-dom/cjs/react-dom.development.js:26473:7)
    at recoverFromConcurrentError (/Users/yusuketsunoda/Documents/cursor/ppttranslatorapp/worktrees/fix-text-position-alignment/node_modules/react-dom/cjs/react-dom.development.js:25889:20)
    at performConcurrentWorkOnRoot (/Users/yusuketsunoda/Documents/cursor/ppttranslatorapp/worktrees/fix-text-position-alignment/node_modules/react-dom/cjs/react-dom.development.js:25789:22)
    at flushActQueue (/Users/yusuketsunoda/Documents/cursor/ppttranslatorapp/worktrees/fix-text-position-alignment/node_modules/react/cjs/react.development.js:2667:24)
    at act (/Users/yusuketsunoda/Documents/cursor/ppttranslatorapp/worktrees/fix-text-position-alignment/node_modules/react/cjs/react.development.js:2582:11)
    at /Users/yusuketsunoda/Documents/cursor/ppttranslatorapp/worktrees/fix-text-position-alignment/node_modules/@testing-library/react/dist/act-compat.js:47:25
    at renderRoot (/Users/yusuketsunoda/Documents/cursor/ppttranslatorapp/worktrees/fix-text-position-alignment/node_modules/@testing-library/react/dist/pure.js:180:26)
    at render (/Users/yusuketsunoda/Documents/cursor/ppttranslatorapp/worktrees/fix-text-position-alignment/node_modules/@testing-library/react/dist/pure.js:271:10)
    at Object.&lt;anonymous&gt; (/Users/yusuketsunoda/Documents/cursor/ppttranslatorapp/worktrees/fix-text-position-alignment/tests/components/ui/button.test.tsx:102:11)
    at Promise.then.completed (/Users/yusuketsunoda/Documents/cursor/ppttranslatorapp/node_modules/jest-circus/build/utils.js:298:28)
    at new Promise (&lt;anonymous&gt;)
    at callAsyncCircusFn (/Users/yusuketsunoda/Documents/cursor/ppttranslatorapp/node_modules/jest-circus/build/utils.js:231:10)
    at _callCircusTest (/Users/yusuketsunoda/Documents/cursor/ppttranslatorapp/node_modules/jest-circus/build/run.js:316:40)
    at _runTest (/Users/yusuketsunoda/Documents/cursor/ppttranslatorapp/node_modules/jest-circus/build/run.js:252:3)
    at _runTestsForDescribeBlock (/Users/yusuketsunoda/Documents/cursor/ppttranslatorapp/node_modules/jest-circus/build/run.js:126:9)
    at _runTestsForDescribeBlock (/Users/yusuketsunoda/Documents/cursor/ppttranslatorapp/node_modules/jest-circus/build/run.js:121:9)
    at run (/Users/yusuketsunoda/Documents/cursor/ppttranslatorapp/node_modules/jest-circus/build/run.js:71:3)
    at runAndTransformResultsToJestFormat (/Users/yusuketsunoda/Documents/cursor/ppttranslatorapp/node_modules/jest-circus/build/legacy-code-todo-rewrite/jestAdapterInit.js:122:21)
    at jestAdapter (/Users/yusuketsunoda/Documents/cursor/ppttranslatorapp/node_modules/jest-circus/build/legacy-code-todo-rewrite/jestAdapter.js:79:19)
    at runTestInternal (/Users/yusuketsunoda/Documents/cursor/ppttranslatorapp/node_modules/jest-runner/build/runTest.js:367:16)
    at runTest (/Users/yusuketsunoda/Documents/cursor/ppttranslatorapp/node_modules/jest-runner/build/runTest.js:444:34)</failure>
    </testcase>
  </testsuite>
  <testsuite name="Button" errors="0" failures="0" skipped="0" timestamp="2025-05-16T20:44:44" time="0.488" tests="7">
    <testcase classname="Button" name="ボタンをレンダリングする" time="0.006">
    </testcase>
    <testcase classname="Button" name="クリックイベントを処理する" time="0.019">
    </testcase>
    <testcase classname="Button" name="異なるバリアントをレンダリングする" time="0.003">
    </testcase>
    <testcase classname="Button" name="異なるサイズをレンダリングする" time="0.003">
    </testcase>
    <testcase classname="Button" name="無効状態をレンダリングする" time="0.001">
    </testcase>
    <testcase classname="Button" name="カスタムクラス名を適用する" time="0.002">
    </testcase>
    <testcase classname="Button" name="asChildプロパティを使用して別の要素としてレンダリングする" time="0.001">
    </testcase>
  </testsuite>
  <testsuite name="Button" errors="0" failures="0" skipped="0" timestamp="2025-05-16T20:44:44" time="1.276" tests="7">
    <testcase classname="Button" name="ボタンをレンダリングする" time="0.406">
    </testcase>
    <testcase classname="Button" name="クリックイベントを処理する" time="0.009">
    </testcase>
    <testcase classname="Button" name="異なるバリアントをレンダリングする" time="0.008">
    </testcase>
    <testcase classname="Button" name="異なるサイズをレンダリングする" time="0.005">
    </testcase>
    <testcase classname="Button" name="無効状態をレンダリングする" time="0.003">
    </testcase>
    <testcase classname="Button" name="カスタムクラス名を適用する" time="0.004">
    </testcase>
    <testcase classname="Button" name="asChildプロパティを使用して別の要素としてレンダリングする" time="0.043">
    </testcase>
  </testsuite>
  <testsuite name="Button" errors="0" failures="0" skipped="0" timestamp="2025-05-16T20:44:46" time="0.63" tests="7">
    <testcase classname="Button" name="ボタンをレンダリングする" time="0.008">
    </testcase>
    <testcase classname="Button" name="クリックイベントを処理する" time="0.006">
    </testcase>
    <testcase classname="Button" name="異なるバリアントをレンダリングする" time="0.018">
    </testcase>
    <testcase classname="Button" name="異なるサイズをレンダリングする" time="0.002">
    </testcase>
    <testcase classname="Button" name="無効状態をレンダリングする" time="0.001">
    </testcase>
    <testcase classname="Button" name="カスタムクラス名を適用する" time="0.001">
    </testcase>
    <testcase classname="Button" name="asChildプロパティを使用して別の要素としてレンダリングする" time="0.004">
    </testcase>
  </testsuite>
  <testsuite name="worktrees/feature-test-coverage-improvement/tests/api/profile/update.test.ts" errors="1" failures="0" skipped="0" timestamp="1970-01-01T00:00:00" time="0" tests="0">
    <testcase classname="Test suite failed to run" name="worktrees/feature-test-coverage-improvement/tests/api/profile/update.test.ts" time="0">
      <error>  ● Test suite failed to run

    Jest encountered an unexpected token

    Jest failed to parse a file. This happens e.g. when your code or its dependencies use non-standard JavaScript syntax, or when Jest is not configured to support such syntax.

    Out of the box Jest supports Babel, which will be used to transform your files into valid JS based on your Babel configuration.

    By default &quot;node_modules&quot; folder is ignored by transformers.

    Here&apos;s what you can do:
     • If you are trying to use ECMAScript Modules, see https://jestjs.io/docs/ecmascript-modules for how to enable it.
     • If you are trying to use TypeScript, see https://jestjs.io/docs/getting-started#using-typescript
     • To have some of your &quot;node_modules&quot; files transformed, you can specify a custom &quot;transformIgnorePatterns&quot; in your config.
     • If you need a custom transformation specify a &quot;transform&quot; option in your config.
     • If you simply want to mock your non-JS modules (e.g. binary assets) you can stub them out with the &quot;moduleNameMapper&quot; config option.

    You&apos;ll find more details and examples of these config options in the docs:
    https://jestjs.io/docs/configuration
    For information about custom transformations, see:
    https://jestjs.io/docs/code-transformation

    Details:

    /Users/yusuketsunoda/Documents/cursor/ppttranslatorapp/node_modules/openid-client/node_modules/jose/dist/browser/index.js:1
    ({&quot;Object.&lt;anonymous&gt;&quot;:function(module,exports,require,__dirname,__filename,jest){export { compactDecrypt } from &apos;./jwe/compact/decrypt.js&apos;;
                                                                                      ^^^^^^

    SyntaxError: Unexpected token &apos;export&apos;

      10 |       return NextResponse.json({ error: &apos;認証が必要です&apos; }, { status: 401 });
      11 |     }
    &gt; 12 |
         | ^
      13 |     const { name } = await req.json();
      14 |     if (!name) {
      15 |       return NextResponse.json({ error: &apos;名前は必須です&apos; }, { status: 400 });

      at Runtime.createScriptFromCode (node_modules/jest-runtime/build/index.js:1505:14)
      at Object.&lt;anonymous&gt; (node_modules/openid-client/lib/client.js:9:14)
      at Object.&lt;anonymous&gt; (node_modules/openid-client/lib/issuer.js:5:19)
      at Object.&lt;anonymous&gt; (node_modules/openid-client/lib/index.js:1:118)
      at Object.&lt;anonymous&gt; (node_modules/next-auth/core/lib/oauth/callback.js:7:21)
      at Object.&lt;anonymous&gt; (node_modules/next-auth/core/routes/callback.js:8:40)
      at Object.&lt;anonymous&gt; (node_modules/next-auth/core/routes/index.js:37:40)
      at Object.&lt;anonymous&gt; (node_modules/next-auth/core/index.js:10:38)
      at Object.&lt;anonymous&gt; (node_modules/next-auth/next/index.js:9:13)
      at Object.&lt;anonymous&gt; (app/api/profile/update/route.ts:12:15)
      at Object.&lt;anonymous&gt; (worktrees/feature-test-coverage-improvement/tests/api/profile/update.test.ts:5:16)
</error>
    </testcase>
    <testcase classname="Test suite failed to run" name="worktrees/feature-test-coverage-improvement/tests/api/profile/update.test.ts" time="0">
      <failure>{}</failure>
    </testcase>
  </testsuite>
  <testsuite name="FileUploadComponent" errors="0" failures="5" skipped="0" timestamp="2025-05-16T20:44:47" time="0.628" tests="5">
    <testcase classname="FileUploadComponent" name="正しくレンダリングされること" time="0.036">
      <failure>TypeError: Cannot read properties of null (reading &apos;useState&apos;)
    at useState (/Users/yusuketsunoda/Documents/cursor/ppttranslatorapp/node_modules/react/cjs/react.development.js:1622:21)
    at FileUploadComponent (/Users/yusuketsunoda/Documents/cursor/ppttranslatorapp/app/(dashboard)/translate/components/FileUpload.tsx:15:31)
    at renderWithHooks (/Users/yusuketsunoda/Documents/cursor/ppttranslatorapp/worktrees/fix-text-position-alignment/node_modules/react-dom/cjs/react-dom.development.js:15486:18)
    at mountIndeterminateComponent (/Users/yusuketsunoda/Documents/cursor/ppttranslatorapp/worktrees/fix-text-position-alignment/node_modules/react-dom/cjs/react-dom.development.js:20103:13)
    at beginWork (/Users/yusuketsunoda/Documents/cursor/ppttranslatorapp/worktrees/fix-text-position-alignment/node_modules/react-dom/cjs/react-dom.development.js:21626:16)
    at beginWork$1 (/Users/yusuketsunoda/Documents/cursor/ppttranslatorapp/worktrees/fix-text-position-alignment/node_modules/react-dom/cjs/react-dom.development.js:27465:14)
    at performUnitOfWork (/Users/yusuketsunoda/Documents/cursor/ppttranslatorapp/worktrees/fix-text-position-alignment/node_modules/react-dom/cjs/react-dom.development.js:26599:12)
    at workLoopSync (/Users/yusuketsunoda/Documents/cursor/ppttranslatorapp/worktrees/fix-text-position-alignment/node_modules/react-dom/cjs/react-dom.development.js:26505:5)
    at renderRootSync (/Users/yusuketsunoda/Documents/cursor/ppttranslatorapp/worktrees/fix-text-position-alignment/node_modules/react-dom/cjs/react-dom.development.js:26473:7)
    at recoverFromConcurrentError (/Users/yusuketsunoda/Documents/cursor/ppttranslatorapp/worktrees/fix-text-position-alignment/node_modules/react-dom/cjs/react-dom.development.js:25889:20)
    at performConcurrentWorkOnRoot (/Users/yusuketsunoda/Documents/cursor/ppttranslatorapp/worktrees/fix-text-position-alignment/node_modules/react-dom/cjs/react-dom.development.js:25789:22)
    at flushActQueue (/Users/yusuketsunoda/Documents/cursor/ppttranslatorapp/worktrees/fix-text-position-alignment/node_modules/react/cjs/react.development.js:2667:24)
    at act (/Users/yusuketsunoda/Documents/cursor/ppttranslatorapp/worktrees/fix-text-position-alignment/node_modules/react/cjs/react.development.js:2582:11)
    at /Users/yusuketsunoda/Documents/cursor/ppttranslatorapp/worktrees/fix-text-position-alignment/node_modules/@testing-library/react/dist/act-compat.js:47:25
    at renderRoot (/Users/yusuketsunoda/Documents/cursor/ppttranslatorapp/worktrees/fix-text-position-alignment/node_modules/@testing-library/react/dist/pure.js:180:26)
    at render (/Users/yusuketsunoda/Documents/cursor/ppttranslatorapp/worktrees/fix-text-position-alignment/node_modules/@testing-library/react/dist/pure.js:271:10)
    at Object.&lt;anonymous&gt; (/Users/yusuketsunoda/Documents/cursor/ppttranslatorapp/worktrees/fix-text-position-alignment/tests/app/translate/components/FileUpload.test.tsx:16:11)
    at Promise.then.completed (/Users/yusuketsunoda/Documents/cursor/ppttranslatorapp/node_modules/jest-circus/build/utils.js:298:28)
    at new Promise (&lt;anonymous&gt;)
    at callAsyncCircusFn (/Users/yusuketsunoda/Documents/cursor/ppttranslatorapp/node_modules/jest-circus/build/utils.js:231:10)
    at _callCircusTest (/Users/yusuketsunoda/Documents/cursor/ppttranslatorapp/node_modules/jest-circus/build/run.js:316:40)
    at _runTest (/Users/yusuketsunoda/Documents/cursor/ppttranslatorapp/node_modules/jest-circus/build/run.js:252:3)
    at _runTestsForDescribeBlock (/Users/yusuketsunoda/Documents/cursor/ppttranslatorapp/node_modules/jest-circus/build/run.js:126:9)
    at _runTestsForDescribeBlock (/Users/yusuketsunoda/Documents/cursor/ppttranslatorapp/node_modules/jest-circus/build/run.js:121:9)
    at run (/Users/yusuketsunoda/Documents/cursor/ppttranslatorapp/node_modules/jest-circus/build/run.js:71:3)
    at runAndTransformResultsToJestFormat (/Users/yusuketsunoda/Documents/cursor/ppttranslatorapp/node_modules/jest-circus/build/legacy-code-todo-rewrite/jestAdapterInit.js:122:21)
    at jestAdapter (/Users/yusuketsunoda/Documents/cursor/ppttranslatorapp/node_modules/jest-circus/build/legacy-code-todo-rewrite/jestAdapter.js:79:19)
    at runTestInternal (/Users/yusuketsunoda/Documents/cursor/ppttranslatorapp/node_modules/jest-runner/build/runTest.js:367:16)
    at runTest (/Users/yusuketsunoda/Documents/cursor/ppttranslatorapp/node_modules/jest-runner/build/runTest.js:444:34)</failure>
    </testcase>
    <testcase classname="FileUploadComponent" name="ファイル選択ボタンをクリックするとファイル選択ダイアログが開くこと" time="0.017">
      <failure>TypeError: Cannot read properties of null (reading &apos;useState&apos;)
    at useState (/Users/yusuketsunoda/Documents/cursor/ppttranslatorapp/node_modules/react/cjs/react.development.js:1622:21)
    at FileUploadComponent (/Users/yusuketsunoda/Documents/cursor/ppttranslatorapp/app/(dashboard)/translate/components/FileUpload.tsx:15:31)
    at renderWithHooks (/Users/yusuketsunoda/Documents/cursor/ppttranslatorapp/worktrees/fix-text-position-alignment/node_modules/react-dom/cjs/react-dom.development.js:15486:18)
    at mountIndeterminateComponent (/Users/yusuketsunoda/Documents/cursor/ppttranslatorapp/worktrees/fix-text-position-alignment/node_modules/react-dom/cjs/react-dom.development.js:20103:13)
    at beginWork (/Users/yusuketsunoda/Documents/cursor/ppttranslatorapp/worktrees/fix-text-position-alignment/node_modules/react-dom/cjs/react-dom.development.js:21626:16)
    at beginWork$1 (/Users/yusuketsunoda/Documents/cursor/ppttranslatorapp/worktrees/fix-text-position-alignment/node_modules/react-dom/cjs/react-dom.development.js:27465:14)
    at performUnitOfWork (/Users/yusuketsunoda/Documents/cursor/ppttranslatorapp/worktrees/fix-text-position-alignment/node_modules/react-dom/cjs/react-dom.development.js:26599:12)
    at workLoopSync (/Users/yusuketsunoda/Documents/cursor/ppttranslatorapp/worktrees/fix-text-position-alignment/node_modules/react-dom/cjs/react-dom.development.js:26505:5)
    at renderRootSync (/Users/yusuketsunoda/Documents/cursor/ppttranslatorapp/worktrees/fix-text-position-alignment/node_modules/react-dom/cjs/react-dom.development.js:26473:7)
    at recoverFromConcurrentError (/Users/yusuketsunoda/Documents/cursor/ppttranslatorapp/worktrees/fix-text-position-alignment/node_modules/react-dom/cjs/react-dom.development.js:25889:20)
    at performConcurrentWorkOnRoot (/Users/yusuketsunoda/Documents/cursor/ppttranslatorapp/worktrees/fix-text-position-alignment/node_modules/react-dom/cjs/react-dom.development.js:25789:22)
    at flushActQueue (/Users/yusuketsunoda/Documents/cursor/ppttranslatorapp/worktrees/fix-text-position-alignment/node_modules/react/cjs/react.development.js:2667:24)
    at act (/Users/yusuketsunoda/Documents/cursor/ppttranslatorapp/worktrees/fix-text-position-alignment/node_modules/react/cjs/react.development.js:2582:11)
    at /Users/yusuketsunoda/Documents/cursor/ppttranslatorapp/worktrees/fix-text-position-alignment/node_modules/@testing-library/react/dist/act-compat.js:47:25
    at renderRoot (/Users/yusuketsunoda/Documents/cursor/ppttranslatorapp/worktrees/fix-text-position-alignment/node_modules/@testing-library/react/dist/pure.js:180:26)
    at render (/Users/yusuketsunoda/Documents/cursor/ppttranslatorapp/worktrees/fix-text-position-alignment/node_modules/@testing-library/react/dist/pure.js:271:10)
    at Object.&lt;anonymous&gt; (/Users/yusuketsunoda/Documents/cursor/ppttranslatorapp/worktrees/fix-text-position-alignment/tests/app/translate/components/FileUpload.test.tsx:25:11)
    at Promise.then.completed (/Users/yusuketsunoda/Documents/cursor/ppttranslatorapp/node_modules/jest-circus/build/utils.js:298:28)
    at new Promise (&lt;anonymous&gt;)
    at callAsyncCircusFn (/Users/yusuketsunoda/Documents/cursor/ppttranslatorapp/node_modules/jest-circus/build/utils.js:231:10)
    at _callCircusTest (/Users/yusuketsunoda/Documents/cursor/ppttranslatorapp/node_modules/jest-circus/build/run.js:316:40)
    at _runTest (/Users/yusuketsunoda/Documents/cursor/ppttranslatorapp/node_modules/jest-circus/build/run.js:252:3)
    at _runTestsForDescribeBlock (/Users/yusuketsunoda/Documents/cursor/ppttranslatorapp/node_modules/jest-circus/build/run.js:126:9)
    at _runTestsForDescribeBlock (/Users/yusuketsunoda/Documents/cursor/ppttranslatorapp/node_modules/jest-circus/build/run.js:121:9)
    at run (/Users/yusuketsunoda/Documents/cursor/ppttranslatorapp/node_modules/jest-circus/build/run.js:71:3)
    at runAndTransformResultsToJestFormat (/Users/yusuketsunoda/Documents/cursor/ppttranslatorapp/node_modules/jest-circus/build/legacy-code-todo-rewrite/jestAdapterInit.js:122:21)
    at jestAdapter (/Users/yusuketsunoda/Documents/cursor/ppttranslatorapp/node_modules/jest-circus/build/legacy-code-todo-rewrite/jestAdapter.js:79:19)
    at runTestInternal (/Users/yusuketsunoda/Documents/cursor/ppttranslatorapp/node_modules/jest-runner/build/runTest.js:367:16)
    at runTest (/Users/yusuketsunoda/Documents/cursor/ppttranslatorapp/node_modules/jest-runner/build/runTest.js:444:34)</failure>
    </testcase>
    <testcase classname="FileUploadComponent" name="ファイルが選択されたときにonUploadCompleteが呼ばれること" time="0.025">
      <failure>TypeError: Cannot read properties of null (reading &apos;useState&apos;)
    at useState (/Users/yusuketsunoda/Documents/cursor/ppttranslatorapp/node_modules/react/cjs/react.development.js:1622:21)
    at FileUploadComponent (/Users/yusuketsunoda/Documents/cursor/ppttranslatorapp/app/(dashboard)/translate/components/FileUpload.tsx:15:31)
    at renderWithHooks (/Users/yusuketsunoda/Documents/cursor/ppttranslatorapp/worktrees/fix-text-position-alignment/node_modules/react-dom/cjs/react-dom.development.js:15486:18)
    at mountIndeterminateComponent (/Users/yusuketsunoda/Documents/cursor/ppttranslatorapp/worktrees/fix-text-position-alignment/node_modules/react-dom/cjs/react-dom.development.js:20103:13)
    at beginWork (/Users/yusuketsunoda/Documents/cursor/ppttranslatorapp/worktrees/fix-text-position-alignment/node_modules/react-dom/cjs/react-dom.development.js:21626:16)
    at beginWork$1 (/Users/yusuketsunoda/Documents/cursor/ppttranslatorapp/worktrees/fix-text-position-alignment/node_modules/react-dom/cjs/react-dom.development.js:27465:14)
    at performUnitOfWork (/Users/yusuketsunoda/Documents/cursor/ppttranslatorapp/worktrees/fix-text-position-alignment/node_modules/react-dom/cjs/react-dom.development.js:26599:12)
    at workLoopSync (/Users/yusuketsunoda/Documents/cursor/ppttranslatorapp/worktrees/fix-text-position-alignment/node_modules/react-dom/cjs/react-dom.development.js:26505:5)
    at renderRootSync (/Users/yusuketsunoda/Documents/cursor/ppttranslatorapp/worktrees/fix-text-position-alignment/node_modules/react-dom/cjs/react-dom.development.js:26473:7)
    at recoverFromConcurrentError (/Users/yusuketsunoda/Documents/cursor/ppttranslatorapp/worktrees/fix-text-position-alignment/node_modules/react-dom/cjs/react-dom.development.js:25889:20)
    at performConcurrentWorkOnRoot (/Users/yusuketsunoda/Documents/cursor/ppttranslatorapp/worktrees/fix-text-position-alignment/node_modules/react-dom/cjs/react-dom.development.js:25789:22)
    at flushActQueue (/Users/yusuketsunoda/Documents/cursor/ppttranslatorapp/worktrees/fix-text-position-alignment/node_modules/react/cjs/react.development.js:2667:24)
    at act (/Users/yusuketsunoda/Documents/cursor/ppttranslatorapp/worktrees/fix-text-position-alignment/node_modules/react/cjs/react.development.js:2582:11)
    at /Users/yusuketsunoda/Documents/cursor/ppttranslatorapp/worktrees/fix-text-position-alignment/node_modules/@testing-library/react/dist/act-compat.js:47:25
    at renderRoot (/Users/yusuketsunoda/Documents/cursor/ppttranslatorapp/worktrees/fix-text-position-alignment/node_modules/@testing-library/react/dist/pure.js:180:26)
    at render (/Users/yusuketsunoda/Documents/cursor/ppttranslatorapp/worktrees/fix-text-position-alignment/node_modules/@testing-library/react/dist/pure.js:271:10)
    at Object.&lt;anonymous&gt; (/Users/yusuketsunoda/Documents/cursor/ppttranslatorapp/worktrees/fix-text-position-alignment/tests/app/translate/components/FileUpload.test.tsx:36:11)
    at Promise.then.completed (/Users/yusuketsunoda/Documents/cursor/ppttranslatorapp/node_modules/jest-circus/build/utils.js:298:28)
    at new Promise (&lt;anonymous&gt;)
    at callAsyncCircusFn (/Users/yusuketsunoda/Documents/cursor/ppttranslatorapp/node_modules/jest-circus/build/utils.js:231:10)
    at _callCircusTest (/Users/yusuketsunoda/Documents/cursor/ppttranslatorapp/node_modules/jest-circus/build/run.js:316:40)
    at _runTest (/Users/yusuketsunoda/Documents/cursor/ppttranslatorapp/node_modules/jest-circus/build/run.js:252:3)
    at _runTestsForDescribeBlock (/Users/yusuketsunoda/Documents/cursor/ppttranslatorapp/node_modules/jest-circus/build/run.js:126:9)
    at _runTestsForDescribeBlock (/Users/yusuketsunoda/Documents/cursor/ppttranslatorapp/node_modules/jest-circus/build/run.js:121:9)
    at run (/Users/yusuketsunoda/Documents/cursor/ppttranslatorapp/node_modules/jest-circus/build/run.js:71:3)
    at runAndTransformResultsToJestFormat (/Users/yusuketsunoda/Documents/cursor/ppttranslatorapp/node_modules/jest-circus/build/legacy-code-todo-rewrite/jestAdapterInit.js:122:21)
    at jestAdapter (/Users/yusuketsunoda/Documents/cursor/ppttranslatorapp/node_modules/jest-circus/build/legacy-code-todo-rewrite/jestAdapter.js:79:19)
    at runTestInternal (/Users/yusuketsunoda/Documents/cursor/ppttranslatorapp/node_modules/jest-runner/build/runTest.js:367:16)
    at runTest (/Users/yusuketsunoda/Documents/cursor/ppttranslatorapp/node_modules/jest-runner/build/runTest.js:444:34)</failure>
    </testcase>
    <testcase classname="FileUploadComponent" name="ドラッグ&amp;ドロップでファイルをアップロードできること" time="0.015">
      <failure>TypeError: Cannot read properties of null (reading &apos;useState&apos;)
    at useState (/Users/yusuketsunoda/Documents/cursor/ppttranslatorapp/node_modules/react/cjs/react.development.js:1622:21)
    at FileUploadComponent (/Users/yusuketsunoda/Documents/cursor/ppttranslatorapp/app/(dashboard)/translate/components/FileUpload.tsx:15:31)
    at renderWithHooks (/Users/yusuketsunoda/Documents/cursor/ppttranslatorapp/worktrees/fix-text-position-alignment/node_modules/react-dom/cjs/react-dom.development.js:15486:18)
    at mountIndeterminateComponent (/Users/yusuketsunoda/Documents/cursor/ppttranslatorapp/worktrees/fix-text-position-alignment/node_modules/react-dom/cjs/react-dom.development.js:20103:13)
    at beginWork (/Users/yusuketsunoda/Documents/cursor/ppttranslatorapp/worktrees/fix-text-position-alignment/node_modules/react-dom/cjs/react-dom.development.js:21626:16)
    at beginWork$1 (/Users/yusuketsunoda/Documents/cursor/ppttranslatorapp/worktrees/fix-text-position-alignment/node_modules/react-dom/cjs/react-dom.development.js:27465:14)
    at performUnitOfWork (/Users/yusuketsunoda/Documents/cursor/ppttranslatorapp/worktrees/fix-text-position-alignment/node_modules/react-dom/cjs/react-dom.development.js:26599:12)
    at workLoopSync (/Users/yusuketsunoda/Documents/cursor/ppttranslatorapp/worktrees/fix-text-position-alignment/node_modules/react-dom/cjs/react-dom.development.js:26505:5)
    at renderRootSync (/Users/yusuketsunoda/Documents/cursor/ppttranslatorapp/worktrees/fix-text-position-alignment/node_modules/react-dom/cjs/react-dom.development.js:26473:7)
    at recoverFromConcurrentError (/Users/yusuketsunoda/Documents/cursor/ppttranslatorapp/worktrees/fix-text-position-alignment/node_modules/react-dom/cjs/react-dom.development.js:25889:20)
    at performConcurrentWorkOnRoot (/Users/yusuketsunoda/Documents/cursor/ppttranslatorapp/worktrees/fix-text-position-alignment/node_modules/react-dom/cjs/react-dom.development.js:25789:22)
    at flushActQueue (/Users/yusuketsunoda/Documents/cursor/ppttranslatorapp/worktrees/fix-text-position-alignment/node_modules/react/cjs/react.development.js:2667:24)
    at act (/Users/yusuketsunoda/Documents/cursor/ppttranslatorapp/worktrees/fix-text-position-alignment/node_modules/react/cjs/react.development.js:2582:11)
    at /Users/yusuketsunoda/Documents/cursor/ppttranslatorapp/worktrees/fix-text-position-alignment/node_modules/@testing-library/react/dist/act-compat.js:47:25
    at renderRoot (/Users/yusuketsunoda/Documents/cursor/ppttranslatorapp/worktrees/fix-text-position-alignment/node_modules/@testing-library/react/dist/pure.js:180:26)
    at render (/Users/yusuketsunoda/Documents/cursor/ppttranslatorapp/worktrees/fix-text-position-alignment/node_modules/@testing-library/react/dist/pure.js:271:10)
    at Object.&lt;anonymous&gt; (/Users/yusuketsunoda/Documents/cursor/ppttranslatorapp/worktrees/fix-text-position-alignment/tests/app/translate/components/FileUpload.test.tsx:49:11)
    at Promise.then.completed (/Users/yusuketsunoda/Documents/cursor/ppttranslatorapp/node_modules/jest-circus/build/utils.js:298:28)
    at new Promise (&lt;anonymous&gt;)
    at callAsyncCircusFn (/Users/yusuketsunoda/Documents/cursor/ppttranslatorapp/node_modules/jest-circus/build/utils.js:231:10)
    at _callCircusTest (/Users/yusuketsunoda/Documents/cursor/ppttranslatorapp/node_modules/jest-circus/build/run.js:316:40)
    at _runTest (/Users/yusuketsunoda/Documents/cursor/ppttranslatorapp/node_modules/jest-circus/build/run.js:252:3)
    at _runTestsForDescribeBlock (/Users/yusuketsunoda/Documents/cursor/ppttranslatorapp/node_modules/jest-circus/build/run.js:126:9)
    at _runTestsForDescribeBlock (/Users/yusuketsunoda/Documents/cursor/ppttranslatorapp/node_modules/jest-circus/build/run.js:121:9)
    at run (/Users/yusuketsunoda/Documents/cursor/ppttranslatorapp/node_modules/jest-circus/build/run.js:71:3)
    at runAndTransformResultsToJestFormat (/Users/yusuketsunoda/Documents/cursor/ppttranslatorapp/node_modules/jest-circus/build/legacy-code-todo-rewrite/jestAdapterInit.js:122:21)
    at jestAdapter (/Users/yusuketsunoda/Documents/cursor/ppttranslatorapp/node_modules/jest-circus/build/legacy-code-todo-rewrite/jestAdapter.js:79:19)
    at runTestInternal (/Users/yusuketsunoda/Documents/cursor/ppttranslatorapp/node_modules/jest-runner/build/runTest.js:367:16)
    at runTest (/Users/yusuketsunoda/Documents/cursor/ppttranslatorapp/node_modules/jest-runner/build/runTest.js:444:34)</failure>
    </testcase>
    <testcase classname="FileUploadComponent" name="ドラッグ&amp;ドロップ中にスタイルが変わること" time="0.041">
      <failure>TypeError: Cannot read properties of null (reading &apos;useState&apos;)
    at useState (/Users/yusuketsunoda/Documents/cursor/ppttranslatorapp/node_modules/react/cjs/react.development.js:1622:21)
    at FileUploadComponent (/Users/yusuketsunoda/Documents/cursor/ppttranslatorapp/app/(dashboard)/translate/components/FileUpload.tsx:15:31)
    at renderWithHooks (/Users/yusuketsunoda/Documents/cursor/ppttranslatorapp/worktrees/fix-text-position-alignment/node_modules/react-dom/cjs/react-dom.development.js:15486:18)
    at mountIndeterminateComponent (/Users/yusuketsunoda/Documents/cursor/ppttranslatorapp/worktrees/fix-text-position-alignment/node_modules/react-dom/cjs/react-dom.development.js:20103:13)
    at beginWork (/Users/yusuketsunoda/Documents/cursor/ppttranslatorapp/worktrees/fix-text-position-alignment/node_modules/react-dom/cjs/react-dom.development.js:21626:16)
    at beginWork$1 (/Users/yusuketsunoda/Documents/cursor/ppttranslatorapp/worktrees/fix-text-position-alignment/node_modules/react-dom/cjs/react-dom.development.js:27465:14)
    at performUnitOfWork (/Users/yusuketsunoda/Documents/cursor/ppttranslatorapp/worktrees/fix-text-position-alignment/node_modules/react-dom/cjs/react-dom.development.js:26599:12)
    at workLoopSync (/Users/yusuketsunoda/Documents/cursor/ppttranslatorapp/worktrees/fix-text-position-alignment/node_modules/react-dom/cjs/react-dom.development.js:26505:5)
    at renderRootSync (/Users/yusuketsunoda/Documents/cursor/ppttranslatorapp/worktrees/fix-text-position-alignment/node_modules/react-dom/cjs/react-dom.development.js:26473:7)
    at recoverFromConcurrentError (/Users/yusuketsunoda/Documents/cursor/ppttranslatorapp/worktrees/fix-text-position-alignment/node_modules/react-dom/cjs/react-dom.development.js:25889:20)
    at performConcurrentWorkOnRoot (/Users/yusuketsunoda/Documents/cursor/ppttranslatorapp/worktrees/fix-text-position-alignment/node_modules/react-dom/cjs/react-dom.development.js:25789:22)
    at flushActQueue (/Users/yusuketsunoda/Documents/cursor/ppttranslatorapp/worktrees/fix-text-position-alignment/node_modules/react/cjs/react.development.js:2667:24)
    at act (/Users/yusuketsunoda/Documents/cursor/ppttranslatorapp/worktrees/fix-text-position-alignment/node_modules/react/cjs/react.development.js:2582:11)
    at /Users/yusuketsunoda/Documents/cursor/ppttranslatorapp/worktrees/fix-text-position-alignment/node_modules/@testing-library/react/dist/act-compat.js:47:25
    at renderRoot (/Users/yusuketsunoda/Documents/cursor/ppttranslatorapp/worktrees/fix-text-position-alignment/node_modules/@testing-library/react/dist/pure.js:180:26)
    at render (/Users/yusuketsunoda/Documents/cursor/ppttranslatorapp/worktrees/fix-text-position-alignment/node_modules/@testing-library/react/dist/pure.js:271:10)
    at Object.&lt;anonymous&gt; (/Users/yusuketsunoda/Documents/cursor/ppttranslatorapp/worktrees/fix-text-position-alignment/tests/app/translate/components/FileUpload.test.tsx:70:11)
    at Promise.then.completed (/Users/yusuketsunoda/Documents/cursor/ppttranslatorapp/node_modules/jest-circus/build/utils.js:298:28)
    at new Promise (&lt;anonymous&gt;)
    at callAsyncCircusFn (/Users/yusuketsunoda/Documents/cursor/ppttranslatorapp/node_modules/jest-circus/build/utils.js:231:10)
    at _callCircusTest (/Users/yusuketsunoda/Documents/cursor/ppttranslatorapp/node_modules/jest-circus/build/run.js:316:40)
    at _runTest (/Users/yusuketsunoda/Documents/cursor/ppttranslatorapp/node_modules/jest-circus/build/run.js:252:3)
    at _runTestsForDescribeBlock (/Users/yusuketsunoda/Documents/cursor/ppttranslatorapp/node_modules/jest-circus/build/run.js:126:9)
    at _runTestsForDescribeBlock (/Users/yusuketsunoda/Documents/cursor/ppttranslatorapp/node_modules/jest-circus/build/run.js:121:9)
    at run (/Users/yusuketsunoda/Documents/cursor/ppttranslatorapp/node_modules/jest-circus/build/run.js:71:3)
    at runAndTransformResultsToJestFormat (/Users/yusuketsunoda/Documents/cursor/ppttranslatorapp/node_modules/jest-circus/build/legacy-code-todo-rewrite/jestAdapterInit.js:122:21)
    at jestAdapter (/Users/yusuketsunoda/Documents/cursor/ppttranslatorapp/node_modules/jest-circus/build/legacy-code-todo-rewrite/jestAdapter.js:79:19)
    at runTestInternal (/Users/yusuketsunoda/Documents/cursor/ppttranslatorapp/node_modules/jest-runner/build/runTest.js:367:16)
    at runTest (/Users/yusuketsunoda/Documents/cursor/ppttranslatorapp/node_modules/jest-runner/build/runTest.js:444:34)</failure>
    </testcase>
  </testsuite>
  <testsuite name="FileUploadComponent" errors="0" failures="0" skipped="0" timestamp="2025-05-16T20:44:47" time="0.472" tests="5">
    <testcase classname="FileUploadComponent" name="正しくレンダリングされること" time="0.006">
    </testcase>
    <testcase classname="FileUploadComponent" name="ファイル選択ボタンをクリックするとファイル選択ダイアログが開くこと" time="0.004">
    </testcase>
    <testcase classname="FileUploadComponent" name="ファイルが選択されたときにonUploadCompleteが呼ばれること" time="0.003">
    </testcase>
    <testcase classname="FileUploadComponent" name="ドラッグ&amp;ドロップでファイルをアップロードできること" time="0.004">
    </testcase>
    <testcase classname="FileUploadComponent" name="ドラッグ&amp;ドロップ中にスタイルが変わること" time="0.015">
    </testcase>
  </testsuite>
  <testsuite name="FileUploadComponent" errors="0" failures="0" skipped="0" timestamp="2025-05-16T20:44:48" time="0.507" tests="5">
    <testcase classname="FileUploadComponent" name="正しくレンダリングされること" time="0.007">
    </testcase>
    <testcase classname="FileUploadComponent" name="ファイル選択ボタンをクリックするとファイル選択ダイアログが開くこと" time="0.003">
    </testcase>
    <testcase classname="FileUploadComponent" name="ファイルが選択されたときにonUploadCompleteが呼ばれること" time="0.016">
    </testcase>
    <testcase classname="FileUploadComponent" name="ドラッグ&amp;ドロップでファイルをアップロードできること" time="0.003">
    </testcase>
    <testcase classname="FileUploadComponent" name="ドラッグ&amp;ドロップ中にスタイルが変わること" time="0.003">
    </testcase>
  </testsuite>
  <testsuite name="FileUploadComponent" errors="0" failures="0" skipped="0" timestamp="2025-05-16T20:44:48" time="0.484" tests="5">
    <testcase classname="FileUploadComponent" name="正しくレンダリングされること" time="0.005">
    </testcase>
    <testcase classname="FileUploadComponent" name="ファイル選択ボタンをクリックするとファイル選択ダイアログが開くこと" time="0.003">
    </testcase>
    <testcase classname="FileUploadComponent" name="ファイルが選択されたときにonUploadCompleteが呼ばれること" time="0.003">
    </testcase>
    <testcase classname="FileUploadComponent" name="ドラッグ&amp;ドロップでファイルをアップロードできること" time="0.004">
    </testcase>
    <testcase classname="FileUploadComponent" name="ドラッグ&amp;ドロップ中にスタイルが変わること" time="0.003">
    </testcase>
  </testsuite>
  <testsuite name="TranslationProgress" errors="0" failures="0" skipped="0" timestamp="2025-05-16T20:44:49" time="0.497" tests="4">
    <testcase classname="TranslationProgress" name="翻訳の進捗状況を正しく表示する（英語）" time="0.004">
    </testcase>
    <testcase classname="TranslationProgress" name="翻訳の進捗状況を正しく表示する（フランス語）" time="0.002">
    </testcase>
    <testcase classname="TranslationProgress" name="言語が設定されていない場合は0を表示する" time="0.002">
    </testcase>
    <testcase classname="TranslationProgress" name="テキストがない場合は0%を表示する" time="0.017">
    </testcase>
  </testsuite>
  <testsuite name="TranslationProgress" errors="0" failures="0" skipped="0" timestamp="2025-05-16T20:44:49" time="0.402" tests="4">
    <testcase classname="TranslationProgress" name="翻訳の進捗状況を正しく表示する（英語）" time="0.002">
    </testcase>
    <testcase classname="TranslationProgress" name="翻訳の進捗状況を正しく表示する（フランス語）" time="0.002">
    </testcase>
    <testcase classname="TranslationProgress" name="言語が設定されていない場合は0を表示する" time="0.001">
    </testcase>
    <testcase classname="TranslationProgress" name="テキストがない場合は0%を表示する" time="0.002">
    </testcase>
  </testsuite>
  <testsuite name="TranslationProgress" errors="0" failures="0" skipped="0" timestamp="2025-05-16T20:44:50" time="0.445" tests="4">
    <testcase classname="TranslationProgress" name="翻訳の進捗状況を正しく表示する（英語）" time="0.007">
    </testcase>
    <testcase classname="TranslationProgress" name="翻訳の進捗状況を正しく表示する（フランス語）" time="0.001">
    </testcase>
    <testcase classname="TranslationProgress" name="言語が設定されていない場合は0を表示する" time="0.001">
    </testcase>
    <testcase classname="TranslationProgress" name="テキストがない場合は0%を表示する" time="0.001">
    </testcase>
  </testsuite>
  <testsuite name="TranslationProgress" errors="0" failures="0" skipped="0" timestamp="2025-05-16T20:44:50" time="0.417" tests="4">
    <testcase classname="TranslationProgress" name="翻訳の進捗状況を正しく表示する（英語）" time="0.003">
    </testcase>
    <testcase classname="TranslationProgress" name="翻訳の進捗状況を正しく表示する（フランス語）" time="0.002">
    </testcase>
    <testcase classname="TranslationProgress" name="言語が設定されていない場合は0を表示する" time="0.001">
    </testcase>
    <testcase classname="TranslationProgress" name="テキストがない場合は0%を表示する" time="0.009">
    </testcase>
  </testsuite>
  <testsuite name="Toast" errors="0" failures="5" skipped="0" timestamp="2025-05-16T20:44:51" time="0.622" tests="5">
    <testcase classname="Toast" name="基本的なトーストをレンダリングできる" time="0.041">
      <failure>TypeError: Cannot read properties of null (reading &apos;useState&apos;)
    at Object.useState (/Users/yusuketsunoda/Documents/cursor/ppttranslatorapp/node_modules/react/cjs/react.development.js:1622:21)
    at ToastProvider (/Users/yusuketsunoda/Documents/cursor/ppttranslatorapp/node_modules/@radix-ui/react-toast/src/toast.tsx:80:41)
    at renderWithHooks (/Users/yusuketsunoda/Documents/cursor/ppttranslatorapp/worktrees/fix-text-position-alignment/node_modules/react-dom/cjs/react-dom.development.js:15486:18)
    at mountIndeterminateComponent (/Users/yusuketsunoda/Documents/cursor/ppttranslatorapp/worktrees/fix-text-position-alignment/node_modules/react-dom/cjs/react-dom.development.js:20103:13)
    at beginWork (/Users/yusuketsunoda/Documents/cursor/ppttranslatorapp/worktrees/fix-text-position-alignment/node_modules/react-dom/cjs/react-dom.development.js:21626:16)
    at beginWork$1 (/Users/yusuketsunoda/Documents/cursor/ppttranslatorapp/worktrees/fix-text-position-alignment/node_modules/react-dom/cjs/react-dom.development.js:27465:14)
    at performUnitOfWork (/Users/yusuketsunoda/Documents/cursor/ppttranslatorapp/worktrees/fix-text-position-alignment/node_modules/react-dom/cjs/react-dom.development.js:26599:12)
    at workLoopSync (/Users/yusuketsunoda/Documents/cursor/ppttranslatorapp/worktrees/fix-text-position-alignment/node_modules/react-dom/cjs/react-dom.development.js:26505:5)
    at renderRootSync (/Users/yusuketsunoda/Documents/cursor/ppttranslatorapp/worktrees/fix-text-position-alignment/node_modules/react-dom/cjs/react-dom.development.js:26473:7)
    at recoverFromConcurrentError (/Users/yusuketsunoda/Documents/cursor/ppttranslatorapp/worktrees/fix-text-position-alignment/node_modules/react-dom/cjs/react-dom.development.js:25889:20)
    at performConcurrentWorkOnRoot (/Users/yusuketsunoda/Documents/cursor/ppttranslatorapp/worktrees/fix-text-position-alignment/node_modules/react-dom/cjs/react-dom.development.js:25789:22)
    at flushActQueue (/Users/yusuketsunoda/Documents/cursor/ppttranslatorapp/worktrees/fix-text-position-alignment/node_modules/react/cjs/react.development.js:2667:24)
    at act (/Users/yusuketsunoda/Documents/cursor/ppttranslatorapp/worktrees/fix-text-position-alignment/node_modules/react/cjs/react.development.js:2582:11)
    at /Users/yusuketsunoda/Documents/cursor/ppttranslatorapp/worktrees/fix-text-position-alignment/node_modules/@testing-library/react/dist/act-compat.js:47:25
    at renderRoot (/Users/yusuketsunoda/Documents/cursor/ppttranslatorapp/worktrees/fix-text-position-alignment/node_modules/@testing-library/react/dist/pure.js:180:26)
    at render (/Users/yusuketsunoda/Documents/cursor/ppttranslatorapp/worktrees/fix-text-position-alignment/node_modules/@testing-library/react/dist/pure.js:271:10)
    at Object.&lt;anonymous&gt; (/Users/yusuketsunoda/Documents/cursor/ppttranslatorapp/worktrees/fix-text-position-alignment/tests/components/ui/toast.test.tsx:7:11)
    at Promise.then.completed (/Users/yusuketsunoda/Documents/cursor/ppttranslatorapp/node_modules/jest-circus/build/utils.js:298:28)
    at new Promise (&lt;anonymous&gt;)
    at callAsyncCircusFn (/Users/yusuketsunoda/Documents/cursor/ppttranslatorapp/node_modules/jest-circus/build/utils.js:231:10)
    at _callCircusTest (/Users/yusuketsunoda/Documents/cursor/ppttranslatorapp/node_modules/jest-circus/build/run.js:316:40)
    at _runTest (/Users/yusuketsunoda/Documents/cursor/ppttranslatorapp/node_modules/jest-circus/build/run.js:252:3)
    at _runTestsForDescribeBlock (/Users/yusuketsunoda/Documents/cursor/ppttranslatorapp/node_modules/jest-circus/build/run.js:126:9)
    at _runTestsForDescribeBlock (/Users/yusuketsunoda/Documents/cursor/ppttranslatorapp/node_modules/jest-circus/build/run.js:121:9)
    at run (/Users/yusuketsunoda/Documents/cursor/ppttranslatorapp/node_modules/jest-circus/build/run.js:71:3)
    at runAndTransformResultsToJestFormat (/Users/yusuketsunoda/Documents/cursor/ppttranslatorapp/node_modules/jest-circus/build/legacy-code-todo-rewrite/jestAdapterInit.js:122:21)
    at jestAdapter (/Users/yusuketsunoda/Documents/cursor/ppttranslatorapp/node_modules/jest-circus/build/legacy-code-todo-rewrite/jestAdapter.js:79:19)
    at runTestInternal (/Users/yusuketsunoda/Documents/cursor/ppttranslatorapp/node_modules/jest-runner/build/runTest.js:367:16)
    at runTest (/Users/yusuketsunoda/Documents/cursor/ppttranslatorapp/node_modules/jest-runner/build/runTest.js:444:34)</failure>
    </testcase>
    <testcase classname="Toast" name="openプロパティがtrueの場合にトーストが表示される" time="0.027">
      <failure>TypeError: Cannot read properties of null (reading &apos;useState&apos;)
    at Object.useState (/Users/yusuketsunoda/Documents/cursor/ppttranslatorapp/node_modules/react/cjs/react.development.js:1622:21)
    at ToastProvider (/Users/yusuketsunoda/Documents/cursor/ppttranslatorapp/node_modules/@radix-ui/react-toast/src/toast.tsx:80:41)
    at renderWithHooks (/Users/yusuketsunoda/Documents/cursor/ppttranslatorapp/worktrees/fix-text-position-alignment/node_modules/react-dom/cjs/react-dom.development.js:15486:18)
    at mountIndeterminateComponent (/Users/yusuketsunoda/Documents/cursor/ppttranslatorapp/worktrees/fix-text-position-alignment/node_modules/react-dom/cjs/react-dom.development.js:20103:13)
    at beginWork (/Users/yusuketsunoda/Documents/cursor/ppttranslatorapp/worktrees/fix-text-position-alignment/node_modules/react-dom/cjs/react-dom.development.js:21626:16)
    at beginWork$1 (/Users/yusuketsunoda/Documents/cursor/ppttranslatorapp/worktrees/fix-text-position-alignment/node_modules/react-dom/cjs/react-dom.development.js:27465:14)
    at performUnitOfWork (/Users/yusuketsunoda/Documents/cursor/ppttranslatorapp/worktrees/fix-text-position-alignment/node_modules/react-dom/cjs/react-dom.development.js:26599:12)
    at workLoopSync (/Users/yusuketsunoda/Documents/cursor/ppttranslatorapp/worktrees/fix-text-position-alignment/node_modules/react-dom/cjs/react-dom.development.js:26505:5)
    at renderRootSync (/Users/yusuketsunoda/Documents/cursor/ppttranslatorapp/worktrees/fix-text-position-alignment/node_modules/react-dom/cjs/react-dom.development.js:26473:7)
    at recoverFromConcurrentError (/Users/yusuketsunoda/Documents/cursor/ppttranslatorapp/worktrees/fix-text-position-alignment/node_modules/react-dom/cjs/react-dom.development.js:25889:20)
    at performConcurrentWorkOnRoot (/Users/yusuketsunoda/Documents/cursor/ppttranslatorapp/worktrees/fix-text-position-alignment/node_modules/react-dom/cjs/react-dom.development.js:25789:22)
    at flushActQueue (/Users/yusuketsunoda/Documents/cursor/ppttranslatorapp/worktrees/fix-text-position-alignment/node_modules/react/cjs/react.development.js:2667:24)
    at act (/Users/yusuketsunoda/Documents/cursor/ppttranslatorapp/worktrees/fix-text-position-alignment/node_modules/react/cjs/react.development.js:2582:11)
    at /Users/yusuketsunoda/Documents/cursor/ppttranslatorapp/worktrees/fix-text-position-alignment/node_modules/@testing-library/react/dist/act-compat.js:47:25
    at renderRoot (/Users/yusuketsunoda/Documents/cursor/ppttranslatorapp/worktrees/fix-text-position-alignment/node_modules/@testing-library/react/dist/pure.js:180:26)
    at render (/Users/yusuketsunoda/Documents/cursor/ppttranslatorapp/worktrees/fix-text-position-alignment/node_modules/@testing-library/react/dist/pure.js:271:10)
    at Object.&lt;anonymous&gt; (/Users/yusuketsunoda/Documents/cursor/ppttranslatorapp/worktrees/fix-text-position-alignment/tests/components/ui/toast.test.tsx:20:11)
    at Promise.then.completed (/Users/yusuketsunoda/Documents/cursor/ppttranslatorapp/node_modules/jest-circus/build/utils.js:298:28)
    at new Promise (&lt;anonymous&gt;)
    at callAsyncCircusFn (/Users/yusuketsunoda/Documents/cursor/ppttranslatorapp/node_modules/jest-circus/build/utils.js:231:10)
    at _callCircusTest (/Users/yusuketsunoda/Documents/cursor/ppttranslatorapp/node_modules/jest-circus/build/run.js:316:40)
    at _runTest (/Users/yusuketsunoda/Documents/cursor/ppttranslatorapp/node_modules/jest-circus/build/run.js:252:3)
    at _runTestsForDescribeBlock (/Users/yusuketsunoda/Documents/cursor/ppttranslatorapp/node_modules/jest-circus/build/run.js:126:9)
    at _runTestsForDescribeBlock (/Users/yusuketsunoda/Documents/cursor/ppttranslatorapp/node_modules/jest-circus/build/run.js:121:9)
    at run (/Users/yusuketsunoda/Documents/cursor/ppttranslatorapp/node_modules/jest-circus/build/run.js:71:3)
    at runAndTransformResultsToJestFormat (/Users/yusuketsunoda/Documents/cursor/ppttranslatorapp/node_modules/jest-circus/build/legacy-code-todo-rewrite/jestAdapterInit.js:122:21)
    at jestAdapter (/Users/yusuketsunoda/Documents/cursor/ppttranslatorapp/node_modules/jest-circus/build/legacy-code-todo-rewrite/jestAdapter.js:79:19)
    at runTestInternal (/Users/yusuketsunoda/Documents/cursor/ppttranslatorapp/node_modules/jest-runner/build/runTest.js:367:16)
    at runTest (/Users/yusuketsunoda/Documents/cursor/ppttranslatorapp/node_modules/jest-runner/build/runTest.js:444:34)</failure>
    </testcase>
    <testcase classname="Toast" name="openプロパティがfalseの場合にトーストが表示されない" time="0.015">
      <failure>TypeError: Cannot read properties of null (reading &apos;useState&apos;)
    at Object.useState (/Users/yusuketsunoda/Documents/cursor/ppttranslatorapp/node_modules/react/cjs/react.development.js:1622:21)
    at ToastProvider (/Users/yusuketsunoda/Documents/cursor/ppttranslatorapp/node_modules/@radix-ui/react-toast/src/toast.tsx:80:41)
    at renderWithHooks (/Users/yusuketsunoda/Documents/cursor/ppttranslatorapp/worktrees/fix-text-position-alignment/node_modules/react-dom/cjs/react-dom.development.js:15486:18)
    at mountIndeterminateComponent (/Users/yusuketsunoda/Documents/cursor/ppttranslatorapp/worktrees/fix-text-position-alignment/node_modules/react-dom/cjs/react-dom.development.js:20103:13)
    at beginWork (/Users/yusuketsunoda/Documents/cursor/ppttranslatorapp/worktrees/fix-text-position-alignment/node_modules/react-dom/cjs/react-dom.development.js:21626:16)
    at beginWork$1 (/Users/yusuketsunoda/Documents/cursor/ppttranslatorapp/worktrees/fix-text-position-alignment/node_modules/react-dom/cjs/react-dom.development.js:27465:14)
    at performUnitOfWork (/Users/yusuketsunoda/Documents/cursor/ppttranslatorapp/worktrees/fix-text-position-alignment/node_modules/react-dom/cjs/react-dom.development.js:26599:12)
    at workLoopSync (/Users/yusuketsunoda/Documents/cursor/ppttranslatorapp/worktrees/fix-text-position-alignment/node_modules/react-dom/cjs/react-dom.development.js:26505:5)
    at renderRootSync (/Users/yusuketsunoda/Documents/cursor/ppttranslatorapp/worktrees/fix-text-position-alignment/node_modules/react-dom/cjs/react-dom.development.js:26473:7)
    at recoverFromConcurrentError (/Users/yusuketsunoda/Documents/cursor/ppttranslatorapp/worktrees/fix-text-position-alignment/node_modules/react-dom/cjs/react-dom.development.js:25889:20)
    at performConcurrentWorkOnRoot (/Users/yusuketsunoda/Documents/cursor/ppttranslatorapp/worktrees/fix-text-position-alignment/node_modules/react-dom/cjs/react-dom.development.js:25789:22)
    at flushActQueue (/Users/yusuketsunoda/Documents/cursor/ppttranslatorapp/worktrees/fix-text-position-alignment/node_modules/react/cjs/react.development.js:2667:24)
    at act (/Users/yusuketsunoda/Documents/cursor/ppttranslatorapp/worktrees/fix-text-position-alignment/node_modules/react/cjs/react.development.js:2582:11)
    at /Users/yusuketsunoda/Documents/cursor/ppttranslatorapp/worktrees/fix-text-position-alignment/node_modules/@testing-library/react/dist/act-compat.js:47:25
    at renderRoot (/Users/yusuketsunoda/Documents/cursor/ppttranslatorapp/worktrees/fix-text-position-alignment/node_modules/@testing-library/react/dist/pure.js:180:26)
    at render (/Users/yusuketsunoda/Documents/cursor/ppttranslatorapp/worktrees/fix-text-position-alignment/node_modules/@testing-library/react/dist/pure.js:271:10)
    at Object.&lt;anonymous&gt; (/Users/yusuketsunoda/Documents/cursor/ppttranslatorapp/worktrees/fix-text-position-alignment/tests/components/ui/toast.test.tsx:35:11)
    at Promise.then.completed (/Users/yusuketsunoda/Documents/cursor/ppttranslatorapp/node_modules/jest-circus/build/utils.js:298:28)
    at new Promise (&lt;anonymous&gt;)
    at callAsyncCircusFn (/Users/yusuketsunoda/Documents/cursor/ppttranslatorapp/node_modules/jest-circus/build/utils.js:231:10)
    at _callCircusTest (/Users/yusuketsunoda/Documents/cursor/ppttranslatorapp/node_modules/jest-circus/build/run.js:316:40)
    at _runTest (/Users/yusuketsunoda/Documents/cursor/ppttranslatorapp/node_modules/jest-circus/build/run.js:252:3)
    at _runTestsForDescribeBlock (/Users/yusuketsunoda/Documents/cursor/ppttranslatorapp/node_modules/jest-circus/build/run.js:126:9)
    at _runTestsForDescribeBlock (/Users/yusuketsunoda/Documents/cursor/ppttranslatorapp/node_modules/jest-circus/build/run.js:121:9)
    at run (/Users/yusuketsunoda/Documents/cursor/ppttranslatorapp/node_modules/jest-circus/build/run.js:71:3)
    at runAndTransformResultsToJestFormat (/Users/yusuketsunoda/Documents/cursor/ppttranslatorapp/node_modules/jest-circus/build/legacy-code-todo-rewrite/jestAdapterInit.js:122:21)
    at jestAdapter (/Users/yusuketsunoda/Documents/cursor/ppttranslatorapp/node_modules/jest-circus/build/legacy-code-todo-rewrite/jestAdapter.js:79:19)
    at runTestInternal (/Users/yusuketsunoda/Documents/cursor/ppttranslatorapp/node_modules/jest-runner/build/runTest.js:367:16)
    at runTest (/Users/yusuketsunoda/Documents/cursor/ppttranslatorapp/node_modules/jest-runner/build/runTest.js:444:34)</failure>
    </testcase>
    <testcase classname="Toast" name="onOpenChangeコールバックが呼び出される" time="0.021">
      <failure>TypeError: Cannot read properties of null (reading &apos;useState&apos;)
    at Object.useState (/Users/yusuketsunoda/Documents/cursor/ppttranslatorapp/node_modules/react/cjs/react.development.js:1622:21)
    at ToastProvider (/Users/yusuketsunoda/Documents/cursor/ppttranslatorapp/node_modules/@radix-ui/react-toast/src/toast.tsx:80:41)
    at renderWithHooks (/Users/yusuketsunoda/Documents/cursor/ppttranslatorapp/worktrees/fix-text-position-alignment/node_modules/react-dom/cjs/react-dom.development.js:15486:18)
    at mountIndeterminateComponent (/Users/yusuketsunoda/Documents/cursor/ppttranslatorapp/worktrees/fix-text-position-alignment/node_modules/react-dom/cjs/react-dom.development.js:20103:13)
    at beginWork (/Users/yusuketsunoda/Documents/cursor/ppttranslatorapp/worktrees/fix-text-position-alignment/node_modules/react-dom/cjs/react-dom.development.js:21626:16)
    at beginWork$1 (/Users/yusuketsunoda/Documents/cursor/ppttranslatorapp/worktrees/fix-text-position-alignment/node_modules/react-dom/cjs/react-dom.development.js:27465:14)
    at performUnitOfWork (/Users/yusuketsunoda/Documents/cursor/ppttranslatorapp/worktrees/fix-text-position-alignment/node_modules/react-dom/cjs/react-dom.development.js:26599:12)
    at workLoopSync (/Users/yusuketsunoda/Documents/cursor/ppttranslatorapp/worktrees/fix-text-position-alignment/node_modules/react-dom/cjs/react-dom.development.js:26505:5)
    at renderRootSync (/Users/yusuketsunoda/Documents/cursor/ppttranslatorapp/worktrees/fix-text-position-alignment/node_modules/react-dom/cjs/react-dom.development.js:26473:7)
    at recoverFromConcurrentError (/Users/yusuketsunoda/Documents/cursor/ppttranslatorapp/worktrees/fix-text-position-alignment/node_modules/react-dom/cjs/react-dom.development.js:25889:20)
    at performConcurrentWorkOnRoot (/Users/yusuketsunoda/Documents/cursor/ppttranslatorapp/worktrees/fix-text-position-alignment/node_modules/react-dom/cjs/react-dom.development.js:25789:22)
    at flushActQueue (/Users/yusuketsunoda/Documents/cursor/ppttranslatorapp/worktrees/fix-text-position-alignment/node_modules/react/cjs/react.development.js:2667:24)
    at act (/Users/yusuketsunoda/Documents/cursor/ppttranslatorapp/worktrees/fix-text-position-alignment/node_modules/react/cjs/react.development.js:2582:11)
    at /Users/yusuketsunoda/Documents/cursor/ppttranslatorapp/worktrees/fix-text-position-alignment/node_modules/@testing-library/react/dist/act-compat.js:47:25
    at renderRoot (/Users/yusuketsunoda/Documents/cursor/ppttranslatorapp/worktrees/fix-text-position-alignment/node_modules/@testing-library/react/dist/pure.js:180:26)
    at render (/Users/yusuketsunoda/Documents/cursor/ppttranslatorapp/worktrees/fix-text-position-alignment/node_modules/@testing-library/react/dist/pure.js:271:10)
    at Object.&lt;anonymous&gt; (/Users/yusuketsunoda/Documents/cursor/ppttranslatorapp/worktrees/fix-text-position-alignment/tests/components/ui/toast.test.tsx:52:11)
    at Promise.then.completed (/Users/yusuketsunoda/Documents/cursor/ppttranslatorapp/node_modules/jest-circus/build/utils.js:298:28)
    at new Promise (&lt;anonymous&gt;)
    at callAsyncCircusFn (/Users/yusuketsunoda/Documents/cursor/ppttranslatorapp/node_modules/jest-circus/build/utils.js:231:10)
    at _callCircusTest (/Users/yusuketsunoda/Documents/cursor/ppttranslatorapp/node_modules/jest-circus/build/run.js:316:40)
    at _runTest (/Users/yusuketsunoda/Documents/cursor/ppttranslatorapp/node_modules/jest-circus/build/run.js:252:3)
    at _runTestsForDescribeBlock (/Users/yusuketsunoda/Documents/cursor/ppttranslatorapp/node_modules/jest-circus/build/run.js:126:9)
    at _runTestsForDescribeBlock (/Users/yusuketsunoda/Documents/cursor/ppttranslatorapp/node_modules/jest-circus/build/run.js:121:9)
    at run (/Users/yusuketsunoda/Documents/cursor/ppttranslatorapp/node_modules/jest-circus/build/run.js:71:3)
    at runAndTransformResultsToJestFormat (/Users/yusuketsunoda/Documents/cursor/ppttranslatorapp/node_modules/jest-circus/build/legacy-code-todo-rewrite/jestAdapterInit.js:122:21)
    at jestAdapter (/Users/yusuketsunoda/Documents/cursor/ppttranslatorapp/node_modules/jest-circus/build/legacy-code-todo-rewrite/jestAdapter.js:79:19)
    at runTestInternal (/Users/yusuketsunoda/Documents/cursor/ppttranslatorapp/node_modules/jest-runner/build/runTest.js:367:16)
    at runTest (/Users/yusuketsunoda/Documents/cursor/ppttranslatorapp/node_modules/jest-runner/build/runTest.js:444:34)</failure>
    </testcase>
    <testcase classname="Toast" name="variantプロパティに基づいてクラスが適用される" time="0.018">
      <failure>TypeError: Cannot read properties of null (reading &apos;useState&apos;)
    at Object.useState (/Users/yusuketsunoda/Documents/cursor/ppttranslatorapp/node_modules/react/cjs/react.development.js:1622:21)
    at ToastProvider (/Users/yusuketsunoda/Documents/cursor/ppttranslatorapp/node_modules/@radix-ui/react-toast/src/toast.tsx:80:41)
    at renderWithHooks (/Users/yusuketsunoda/Documents/cursor/ppttranslatorapp/worktrees/fix-text-position-alignment/node_modules/react-dom/cjs/react-dom.development.js:15486:18)
    at mountIndeterminateComponent (/Users/yusuketsunoda/Documents/cursor/ppttranslatorapp/worktrees/fix-text-position-alignment/node_modules/react-dom/cjs/react-dom.development.js:20103:13)
    at beginWork (/Users/yusuketsunoda/Documents/cursor/ppttranslatorapp/worktrees/fix-text-position-alignment/node_modules/react-dom/cjs/react-dom.development.js:21626:16)
    at beginWork$1 (/Users/yusuketsunoda/Documents/cursor/ppttranslatorapp/worktrees/fix-text-position-alignment/node_modules/react-dom/cjs/react-dom.development.js:27465:14)
    at performUnitOfWork (/Users/yusuketsunoda/Documents/cursor/ppttranslatorapp/worktrees/fix-text-position-alignment/node_modules/react-dom/cjs/react-dom.development.js:26599:12)
    at workLoopSync (/Users/yusuketsunoda/Documents/cursor/ppttranslatorapp/worktrees/fix-text-position-alignment/node_modules/react-dom/cjs/react-dom.development.js:26505:5)
    at renderRootSync (/Users/yusuketsunoda/Documents/cursor/ppttranslatorapp/worktrees/fix-text-position-alignment/node_modules/react-dom/cjs/react-dom.development.js:26473:7)
    at recoverFromConcurrentError (/Users/yusuketsunoda/Documents/cursor/ppttranslatorapp/worktrees/fix-text-position-alignment/node_modules/react-dom/cjs/react-dom.development.js:25889:20)
    at performConcurrentWorkOnRoot (/Users/yusuketsunoda/Documents/cursor/ppttranslatorapp/worktrees/fix-text-position-alignment/node_modules/react-dom/cjs/react-dom.development.js:25789:22)
    at flushActQueue (/Users/yusuketsunoda/Documents/cursor/ppttranslatorapp/worktrees/fix-text-position-alignment/node_modules/react/cjs/react.development.js:2667:24)
    at act (/Users/yusuketsunoda/Documents/cursor/ppttranslatorapp/worktrees/fix-text-position-alignment/node_modules/react/cjs/react.development.js:2582:11)
    at /Users/yusuketsunoda/Documents/cursor/ppttranslatorapp/worktrees/fix-text-position-alignment/node_modules/@testing-library/react/dist/act-compat.js:47:25
    at renderRoot (/Users/yusuketsunoda/Documents/cursor/ppttranslatorapp/worktrees/fix-text-position-alignment/node_modules/@testing-library/react/dist/pure.js:180:26)
    at render (/Users/yusuketsunoda/Documents/cursor/ppttranslatorapp/worktrees/fix-text-position-alignment/node_modules/@testing-library/react/dist/pure.js:271:10)
    at Object.&lt;anonymous&gt; (/Users/yusuketsunoda/Documents/cursor/ppttranslatorapp/worktrees/fix-text-position-alignment/tests/components/ui/toast.test.tsx:68:11)
    at Promise.then.completed (/Users/yusuketsunoda/Documents/cursor/ppttranslatorapp/node_modules/jest-circus/build/utils.js:298:28)
    at new Promise (&lt;anonymous&gt;)
    at callAsyncCircusFn (/Users/yusuketsunoda/Documents/cursor/ppttranslatorapp/node_modules/jest-circus/build/utils.js:231:10)
    at _callCircusTest (/Users/yusuketsunoda/Documents/cursor/ppttranslatorapp/node_modules/jest-circus/build/run.js:316:40)
    at _runTest (/Users/yusuketsunoda/Documents/cursor/ppttranslatorapp/node_modules/jest-circus/build/run.js:252:3)
    at _runTestsForDescribeBlock (/Users/yusuketsunoda/Documents/cursor/ppttranslatorapp/node_modules/jest-circus/build/run.js:126:9)
    at _runTestsForDescribeBlock (/Users/yusuketsunoda/Documents/cursor/ppttranslatorapp/node_modules/jest-circus/build/run.js:121:9)
    at run (/Users/yusuketsunoda/Documents/cursor/ppttranslatorapp/node_modules/jest-circus/build/run.js:71:3)
    at runAndTransformResultsToJestFormat (/Users/yusuketsunoda/Documents/cursor/ppttranslatorapp/node_modules/jest-circus/build/legacy-code-todo-rewrite/jestAdapterInit.js:122:21)
    at jestAdapter (/Users/yusuketsunoda/Documents/cursor/ppttranslatorapp/node_modules/jest-circus/build/legacy-code-todo-rewrite/jestAdapter.js:79:19)
    at runTestInternal (/Users/yusuketsunoda/Documents/cursor/ppttranslatorapp/node_modules/jest-runner/build/runTest.js:367:16)
    at runTest (/Users/yusuketsunoda/Documents/cursor/ppttranslatorapp/node_modules/jest-runner/build/runTest.js:444:34)</failure>
    </testcase>
  </testsuite>
  <testsuite name="Toast" errors="0" failures="0" skipped="0" timestamp="2025-05-16T20:44:51" time="0.519" tests="5">
    <testcase classname="Toast" name="基本的なトーストをレンダリングできる" time="0.032">
    </testcase>
    <testcase classname="Toast" name="openプロパティがtrueの場合にトーストが表示される" time="0.008">
    </testcase>
    <testcase classname="Toast" name="openプロパティがfalseの場合にトーストが表示されない" time="0.003">
    </testcase>
    <testcase classname="Toast" name="onOpenChangeコールバックが呼び出される" time="0.011">
    </testcase>
    <testcase classname="Toast" name="variantプロパティに基づいてクラスが適用される" time="0.006">
    </testcase>
  </testsuite>
  <testsuite name="Toast" errors="0" failures="0" skipped="0" timestamp="2025-05-16T20:44:52" time="0.508" tests="5">
    <testcase classname="Toast" name="基本的なトーストをレンダリングできる" time="0.014">
    </testcase>
    <testcase classname="Toast" name="openプロパティがtrueの場合にトーストが表示される" time="0.021">
    </testcase>
    <testcase classname="Toast" name="openプロパティがfalseの場合にトーストが表示されない" time="0.001">
    </testcase>
    <testcase classname="Toast" name="onOpenChangeコールバックが呼び出される" time="0.008">
    </testcase>
    <testcase classname="Toast" name="variantプロパティに基づいてクラスが適用される" time="0.007">
    </testcase>
  </testsuite>
  <testsuite name="Toast" errors="0" failures="0" skipped="0" timestamp="2025-05-16T20:44:52" time="0.55" tests="5">
    <testcase classname="Toast" name="基本的なトーストをレンダリングできる" time="0.029">
    </testcase>
    <testcase classname="Toast" name="openプロパティがtrueの場合にトーストが表示される" time="0.009">
    </testcase>
    <testcase classname="Toast" name="openプロパティがfalseの場合にトーストが表示されない" time="0.002">
    </testcase>
    <testcase classname="Toast" name="onOpenChangeコールバックが呼び出される" time="0.014">
    </testcase>
    <testcase classname="Toast" name="variantプロパティに基づいてクラスが適用される" time="0.005">
    </testcase>
  </testsuite>
  <testsuite name="アクティビティログユーティリティ" errors="0" failures="0" skipped="0" timestamp="2025-05-16T20:44:53" time="0.432" tests="5">
    <testcase classname="アクティビティログユーティリティ › logActivity" name="有効なデータでログを記録できる" time="0.001">
    </testcase>
    <testcase classname="アクティビティログユーティリティ › logActivity" name="最小限のデータでログを記録できる" time="0.001">
    </testcase>
    <testcase classname="アクティビティログユーティリティ › logActivity" name="すべてのアクティビティタイプでログを記録できる" time="0.001">
    </testcase>
    <testcase classname="アクティビティログユーティリティ › getUserActivityLogs" name="特定ユーザーのログを取得できる" time="0.004">
    </testcase>
    <testcase classname="アクティビティログユーティリティ › getUserActivityLogs" name="制限とカーソルを指定してログを取得できる" time="0.001">
    </testcase>
  </testsuite>
  <testsuite name="アクティビティログユーティリティ" errors="0" failures="0" skipped="0" timestamp="2025-05-16T20:44:53" time="0.426" tests="5">
    <testcase classname="アクティビティログユーティリティ › logActivity" name="有効なデータでログを記録できる" time="0.014">
    </testcase>
    <testcase classname="アクティビティログユーティリティ › logActivity" name="最小限のデータでログを記録できる" time="0.001">
    </testcase>
    <testcase classname="アクティビティログユーティリティ › logActivity" name="すべてのアクティビティタイプでログを記録できる" time="0.001">
    </testcase>
    <testcase classname="アクティビティログユーティリティ › getUserActivityLogs" name="特定ユーザーのログを取得できる" time="0.001">
    </testcase>
    <testcase classname="アクティビティログユーティリティ › getUserActivityLogs" name="制限とカーソルを指定してログを取得できる" time="0">
    </testcase>
  </testsuite>
  <testsuite name="アクティビティログユーティリティ" errors="0" failures="0" skipped="0" timestamp="2025-05-16T20:44:54" time="0.486" tests="5">
    <testcase classname="アクティビティログユーティリティ › logActivity" name="有効なデータでログを記録できる" time="0.002">
    </testcase>
    <testcase classname="アクティビティログユーティリティ › logActivity" name="最小限のデータでログを記録できる" time="0">
    </testcase>
    <testcase classname="アクティビティログユーティリティ › logActivity" name="すべてのアクティビティタイプでログを記録できる" time="0.002">
    </testcase>
    <testcase classname="アクティビティログユーティリティ › getUserActivityLogs" name="特定ユーザーのログを取得できる" time="0">
    </testcase>
    <testcase classname="アクティビティログユーティリティ › getUserActivityLogs" name="制限とカーソルを指定してログを取得できる" time="0.005">
    </testcase>
  </testsuite>
  <testsuite name="アクティビティログユーティリティ" errors="0" failures="0" skipped="0" timestamp="2025-05-16T20:44:54" time="0.462" tests="5">
    <testcase classname="アクティビティログユーティリティ › logActivity" name="有効なデータでログを記録できる" time="0.001">
    </testcase>
    <testcase classname="アクティビティログユーティリティ › logActivity" name="最小限のデータでログを記録できる" time="0.001">
    </testcase>
    <testcase classname="アクティビティログユーティリティ › logActivity" name="すべてのアクティビティタイプでログを記録できる" time="0.002">
    </testcase>
    <testcase classname="アクティビティログユーティリティ › getUserActivityLogs" name="特定ユーザーのログを取得できる" time="0">
    </testcase>
    <testcase classname="アクティビティログユーティリティ › getUserActivityLogs" name="制限とカーソルを指定してログを取得できる" time="0">
    </testcase>
  </testsuite>
  <testsuite name="Alert Component" errors="0" failures="0" skipped="0" timestamp="2025-05-16T20:44:55" time="0.529" tests="6">
    <testcase classname="Alert Component" name="デフォルトのアラートをレンダリングする" time="0.01">
    </testcase>
    <testcase classname="Alert Component" name="destructiveバリアントのアラートをレンダリングする" time="0.003">
    </testcase>
    <testcase classname="Alert Component" name="カスタムクラス名を適用する" time="0.004">
    </testcase>
    <testcase classname="Alert Component" name="AlertTitleとAlertDescriptionを含むアラートをレンダリングする" time="0.003">
    </testcase>
    <testcase classname="Alert Component" name="AlertTitleにカスタムクラス名を適用する" time="0.001">
    </testcase>
    <testcase classname="Alert Component" name="AlertDescriptionにカスタムクラス名を適用する" time="0.001">
    </testcase>
  </testsuite>
  <testsuite name="Alert Component" errors="0" failures="0" skipped="0" timestamp="2025-05-16T20:44:55" time="0.55" tests="6">
    <testcase classname="Alert Component" name="デフォルトのアラートをレンダリングする" time="0.007">
    </testcase>
    <testcase classname="Alert Component" name="destructiveバリアントのアラートをレンダリングする" time="0.004">
    </testcase>
    <testcase classname="Alert Component" name="カスタムクラス名を適用する" time="0.003">
    </testcase>
    <testcase classname="Alert Component" name="AlertTitleとAlertDescriptionを含むアラートをレンダリングする" time="0.003">
    </testcase>
    <testcase classname="Alert Component" name="AlertTitleにカスタムクラス名を適用する" time="0.002">
    </testcase>
    <testcase classname="Alert Component" name="AlertDescriptionにカスタムクラス名を適用する" time="0.002">
    </testcase>
  </testsuite>
  <testsuite name="Alert Component" errors="0" failures="0" skipped="0" timestamp="2025-05-16T20:44:56" time="0.568" tests="6">
    <testcase classname="Alert Component" name="デフォルトのアラートをレンダリングする" time="0.006">
    </testcase>
    <testcase classname="Alert Component" name="destructiveバリアントのアラートをレンダリングする" time="0.002">
    </testcase>
    <testcase classname="Alert Component" name="カスタムクラス名を適用する" time="0.003">
    </testcase>
    <testcase classname="Alert Component" name="AlertTitleとAlertDescriptionを含むアラートをレンダリングする" time="0.004">
    </testcase>
    <testcase classname="Alert Component" name="AlertTitleにカスタムクラス名を適用する" time="0.001">
    </testcase>
    <testcase classname="Alert Component" name="AlertDescriptionにカスタムクラス名を適用する" time="0.001">
    </testcase>
  </testsuite>
  <testsuite name="Alert Component" errors="0" failures="0" skipped="0" timestamp="2025-05-16T20:44:57" time="0.562" tests="6">
    <testcase classname="Alert Component" name="デフォルトのアラートをレンダリングする" time="0.007">
    </testcase>
    <testcase classname="Alert Component" name="destructiveバリアントのアラートをレンダリングする" time="0.004">
    </testcase>
    <testcase classname="Alert Component" name="カスタムクラス名を適用する" time="0.003">
    </testcase>
    <testcase classname="Alert Component" name="AlertTitleとAlertDescriptionを含むアラートをレンダリングする" time="0.003">
    </testcase>
    <testcase classname="Alert Component" name="AlertTitleにカスタムクラス名を適用する" time="0.016">
    </testcase>
    <testcase classname="Alert Component" name="AlertDescriptionにカスタムクラス名を適用する" time="0.002">
    </testcase>
  </testsuite>
  <testsuite name="DropdownMenu" errors="0" failures="3" skipped="0" timestamp="2025-05-16T20:44:57" time="0.638" tests="3">
    <testcase classname="DropdownMenu" name="トリガーとコンテンツが正しくレンダリングされる" time="0.027">
      <failure>TypeError: Cannot read properties of null (reading &apos;useMemo&apos;)
    at Object.useMemo (/Users/yusuketsunoda/Documents/cursor/ppttranslatorapp/node_modules/react/cjs/react.development.js:1650:21)
    at useScope (/Users/yusuketsunoda/Documents/cursor/ppttranslatorapp/node_modules/@radix-ui/react-context/src/create-context.tsx:91:20)
    at /Users/yusuketsunoda/Documents/cursor/ppttranslatorapp/node_modules/@radix-ui/react-context/src/create-context.tsx:121:28
    at Array.reduce (&lt;anonymous&gt;)
    at useComposedScopes (/Users/yusuketsunoda/Documents/cursor/ppttranslatorapp/node_modules/@radix-ui/react-context/src/create-context.tsx:117:37)
    at DropdownMenu (/Users/yusuketsunoda/Documents/cursor/ppttranslatorapp/node_modules/@radix-ui/react-dropdown-menu/src/dropdown-menu.tsx:60:21)
    at renderWithHooks (/Users/yusuketsunoda/Documents/cursor/ppttranslatorapp/worktrees/fix-text-position-alignment/node_modules/react-dom/cjs/react-dom.development.js:15486:18)
    at mountIndeterminateComponent (/Users/yusuketsunoda/Documents/cursor/ppttranslatorapp/worktrees/fix-text-position-alignment/node_modules/react-dom/cjs/react-dom.development.js:20103:13)
    at beginWork (/Users/yusuketsunoda/Documents/cursor/ppttranslatorapp/worktrees/fix-text-position-alignment/node_modules/react-dom/cjs/react-dom.development.js:21626:16)
    at beginWork$1 (/Users/yusuketsunoda/Documents/cursor/ppttranslatorapp/worktrees/fix-text-position-alignment/node_modules/react-dom/cjs/react-dom.development.js:27465:14)
    at performUnitOfWork (/Users/yusuketsunoda/Documents/cursor/ppttranslatorapp/worktrees/fix-text-position-alignment/node_modules/react-dom/cjs/react-dom.development.js:26599:12)
    at workLoopSync (/Users/yusuketsunoda/Documents/cursor/ppttranslatorapp/worktrees/fix-text-position-alignment/node_modules/react-dom/cjs/react-dom.development.js:26505:5)
    at renderRootSync (/Users/yusuketsunoda/Documents/cursor/ppttranslatorapp/worktrees/fix-text-position-alignment/node_modules/react-dom/cjs/react-dom.development.js:26473:7)
    at recoverFromConcurrentError (/Users/yusuketsunoda/Documents/cursor/ppttranslatorapp/worktrees/fix-text-position-alignment/node_modules/react-dom/cjs/react-dom.development.js:25889:20)
    at performConcurrentWorkOnRoot (/Users/yusuketsunoda/Documents/cursor/ppttranslatorapp/worktrees/fix-text-position-alignment/node_modules/react-dom/cjs/react-dom.development.js:25789:22)
    at flushActQueue (/Users/yusuketsunoda/Documents/cursor/ppttranslatorapp/worktrees/fix-text-position-alignment/node_modules/react/cjs/react.development.js:2667:24)
    at act (/Users/yusuketsunoda/Documents/cursor/ppttranslatorapp/worktrees/fix-text-position-alignment/node_modules/react/cjs/react.development.js:2582:11)
    at /Users/yusuketsunoda/Documents/cursor/ppttranslatorapp/worktrees/fix-text-position-alignment/node_modules/@testing-library/react/dist/act-compat.js:47:25
    at renderRoot (/Users/yusuketsunoda/Documents/cursor/ppttranslatorapp/worktrees/fix-text-position-alignment/node_modules/@testing-library/react/dist/pure.js:180:26)
    at render (/Users/yusuketsunoda/Documents/cursor/ppttranslatorapp/worktrees/fix-text-position-alignment/node_modules/@testing-library/react/dist/pure.js:271:10)
    at Object.&lt;anonymous&gt; (/Users/yusuketsunoda/Documents/cursor/ppttranslatorapp/worktrees/fix-text-position-alignment/tests/components/ui/dropdown-menu.test.tsx:16:11)
    at Promise.then.completed (/Users/yusuketsunoda/Documents/cursor/ppttranslatorapp/node_modules/jest-circus/build/utils.js:298:28)
    at new Promise (&lt;anonymous&gt;)
    at callAsyncCircusFn (/Users/yusuketsunoda/Documents/cursor/ppttranslatorapp/node_modules/jest-circus/build/utils.js:231:10)
    at _callCircusTest (/Users/yusuketsunoda/Documents/cursor/ppttranslatorapp/node_modules/jest-circus/build/run.js:316:40)
    at _runTest (/Users/yusuketsunoda/Documents/cursor/ppttranslatorapp/node_modules/jest-circus/build/run.js:252:3)
    at _runTestsForDescribeBlock (/Users/yusuketsunoda/Documents/cursor/ppttranslatorapp/node_modules/jest-circus/build/run.js:126:9)
    at _runTestsForDescribeBlock (/Users/yusuketsunoda/Documents/cursor/ppttranslatorapp/node_modules/jest-circus/build/run.js:121:9)
    at run (/Users/yusuketsunoda/Documents/cursor/ppttranslatorapp/node_modules/jest-circus/build/run.js:71:3)
    at runAndTransformResultsToJestFormat (/Users/yusuketsunoda/Documents/cursor/ppttranslatorapp/node_modules/jest-circus/build/legacy-code-todo-rewrite/jestAdapterInit.js:122:21)
    at jestAdapter (/Users/yusuketsunoda/Documents/cursor/ppttranslatorapp/node_modules/jest-circus/build/legacy-code-todo-rewrite/jestAdapter.js:79:19)
    at runTestInternal (/Users/yusuketsunoda/Documents/cursor/ppttranslatorapp/node_modules/jest-runner/build/runTest.js:367:16)
    at runTest (/Users/yusuketsunoda/Documents/cursor/ppttranslatorapp/node_modules/jest-runner/build/runTest.js:444:34)</failure>
    </testcase>
    <testcase classname="DropdownMenu" name="メニューアイテムにクリックハンドラーを設定できる" time="0.026">
      <failure>TypeError: Cannot read properties of null (reading &apos;useMemo&apos;)
    at Object.useMemo (/Users/yusuketsunoda/Documents/cursor/ppttranslatorapp/node_modules/react/cjs/react.development.js:1650:21)
    at useScope (/Users/yusuketsunoda/Documents/cursor/ppttranslatorapp/node_modules/@radix-ui/react-context/src/create-context.tsx:91:20)
    at /Users/yusuketsunoda/Documents/cursor/ppttranslatorapp/node_modules/@radix-ui/react-context/src/create-context.tsx:121:28
    at Array.reduce (&lt;anonymous&gt;)
    at useComposedScopes (/Users/yusuketsunoda/Documents/cursor/ppttranslatorapp/node_modules/@radix-ui/react-context/src/create-context.tsx:117:37)
    at DropdownMenu (/Users/yusuketsunoda/Documents/cursor/ppttranslatorapp/node_modules/@radix-ui/react-dropdown-menu/src/dropdown-menu.tsx:60:21)
    at renderWithHooks (/Users/yusuketsunoda/Documents/cursor/ppttranslatorapp/worktrees/fix-text-position-alignment/node_modules/react-dom/cjs/react-dom.development.js:15486:18)
    at mountIndeterminateComponent (/Users/yusuketsunoda/Documents/cursor/ppttranslatorapp/worktrees/fix-text-position-alignment/node_modules/react-dom/cjs/react-dom.development.js:20103:13)
    at beginWork (/Users/yusuketsunoda/Documents/cursor/ppttranslatorapp/worktrees/fix-text-position-alignment/node_modules/react-dom/cjs/react-dom.development.js:21626:16)
    at beginWork$1 (/Users/yusuketsunoda/Documents/cursor/ppttranslatorapp/worktrees/fix-text-position-alignment/node_modules/react-dom/cjs/react-dom.development.js:27465:14)
    at performUnitOfWork (/Users/yusuketsunoda/Documents/cursor/ppttranslatorapp/worktrees/fix-text-position-alignment/node_modules/react-dom/cjs/react-dom.development.js:26599:12)
    at workLoopSync (/Users/yusuketsunoda/Documents/cursor/ppttranslatorapp/worktrees/fix-text-position-alignment/node_modules/react-dom/cjs/react-dom.development.js:26505:5)
    at renderRootSync (/Users/yusuketsunoda/Documents/cursor/ppttranslatorapp/worktrees/fix-text-position-alignment/node_modules/react-dom/cjs/react-dom.development.js:26473:7)
    at recoverFromConcurrentError (/Users/yusuketsunoda/Documents/cursor/ppttranslatorapp/worktrees/fix-text-position-alignment/node_modules/react-dom/cjs/react-dom.development.js:25889:20)
    at performConcurrentWorkOnRoot (/Users/yusuketsunoda/Documents/cursor/ppttranslatorapp/worktrees/fix-text-position-alignment/node_modules/react-dom/cjs/react-dom.development.js:25789:22)
    at flushActQueue (/Users/yusuketsunoda/Documents/cursor/ppttranslatorapp/worktrees/fix-text-position-alignment/node_modules/react/cjs/react.development.js:2667:24)
    at act (/Users/yusuketsunoda/Documents/cursor/ppttranslatorapp/worktrees/fix-text-position-alignment/node_modules/react/cjs/react.development.js:2582:11)
    at /Users/yusuketsunoda/Documents/cursor/ppttranslatorapp/worktrees/fix-text-position-alignment/node_modules/@testing-library/react/dist/act-compat.js:47:25
    at renderRoot (/Users/yusuketsunoda/Documents/cursor/ppttranslatorapp/worktrees/fix-text-position-alignment/node_modules/@testing-library/react/dist/pure.js:180:26)
    at render (/Users/yusuketsunoda/Documents/cursor/ppttranslatorapp/worktrees/fix-text-position-alignment/node_modules/@testing-library/react/dist/pure.js:271:10)
    at Object.&lt;anonymous&gt; (/Users/yusuketsunoda/Documents/cursor/ppttranslatorapp/worktrees/fix-text-position-alignment/tests/components/ui/dropdown-menu.test.tsx:34:11)
    at Promise.then.completed (/Users/yusuketsunoda/Documents/cursor/ppttranslatorapp/node_modules/jest-circus/build/utils.js:298:28)
    at new Promise (&lt;anonymous&gt;)
    at callAsyncCircusFn (/Users/yusuketsunoda/Documents/cursor/ppttranslatorapp/node_modules/jest-circus/build/utils.js:231:10)
    at _callCircusTest (/Users/yusuketsunoda/Documents/cursor/ppttranslatorapp/node_modules/jest-circus/build/run.js:316:40)
    at _runTest (/Users/yusuketsunoda/Documents/cursor/ppttranslatorapp/node_modules/jest-circus/build/run.js:252:3)
    at _runTestsForDescribeBlock (/Users/yusuketsunoda/Documents/cursor/ppttranslatorapp/node_modules/jest-circus/build/run.js:126:9)
    at _runTestsForDescribeBlock (/Users/yusuketsunoda/Documents/cursor/ppttranslatorapp/node_modules/jest-circus/build/run.js:121:9)
    at run (/Users/yusuketsunoda/Documents/cursor/ppttranslatorapp/node_modules/jest-circus/build/run.js:71:3)
    at runAndTransformResultsToJestFormat (/Users/yusuketsunoda/Documents/cursor/ppttranslatorapp/node_modules/jest-circus/build/legacy-code-todo-rewrite/jestAdapterInit.js:122:21)
    at jestAdapter (/Users/yusuketsunoda/Documents/cursor/ppttranslatorapp/node_modules/jest-circus/build/legacy-code-todo-rewrite/jestAdapter.js:79:19)
    at runTestInternal (/Users/yusuketsunoda/Documents/cursor/ppttranslatorapp/node_modules/jest-runner/build/runTest.js:367:16)
    at runTest (/Users/yusuketsunoda/Documents/cursor/ppttranslatorapp/node_modules/jest-runner/build/runTest.js:444:34)</failure>
    </testcase>
    <testcase classname="DropdownMenu" name="ラベルとセパレーターが正しくレンダリングされる" time="0.04">
      <failure>TypeError: Cannot read properties of null (reading &apos;useMemo&apos;)
    at Object.useMemo (/Users/yusuketsunoda/Documents/cursor/ppttranslatorapp/node_modules/react/cjs/react.development.js:1650:21)
    at useScope (/Users/yusuketsunoda/Documents/cursor/ppttranslatorapp/node_modules/@radix-ui/react-context/src/create-context.tsx:91:20)
    at /Users/yusuketsunoda/Documents/cursor/ppttranslatorapp/node_modules/@radix-ui/react-context/src/create-context.tsx:121:28
    at Array.reduce (&lt;anonymous&gt;)
    at useComposedScopes (/Users/yusuketsunoda/Documents/cursor/ppttranslatorapp/node_modules/@radix-ui/react-context/src/create-context.tsx:117:37)
    at /Users/yusuketsunoda/Documents/cursor/ppttranslatorapp/node_modules/@radix-ui/react-dropdown-menu/src/dropdown-menu.tsx:251:23
    at renderWithHooks (/Users/yusuketsunoda/Documents/cursor/ppttranslatorapp/worktrees/fix-text-position-alignment/node_modules/react-dom/cjs/react-dom.development.js:15486:18)
    at updateForwardRef (/Users/yusuketsunoda/Documents/cursor/ppttranslatorapp/worktrees/fix-text-position-alignment/node_modules/react-dom/cjs/react-dom.development.js:19245:20)
    at beginWork (/Users/yusuketsunoda/Documents/cursor/ppttranslatorapp/worktrees/fix-text-position-alignment/node_modules/react-dom/cjs/react-dom.development.js:21675:16)
    at beginWork$1 (/Users/yusuketsunoda/Documents/cursor/ppttranslatorapp/worktrees/fix-text-position-alignment/node_modules/react-dom/cjs/react-dom.development.js:27465:14)
    at performUnitOfWork (/Users/yusuketsunoda/Documents/cursor/ppttranslatorapp/worktrees/fix-text-position-alignment/node_modules/react-dom/cjs/react-dom.development.js:26599:12)
    at workLoopSync (/Users/yusuketsunoda/Documents/cursor/ppttranslatorapp/worktrees/fix-text-position-alignment/node_modules/react-dom/cjs/react-dom.development.js:26505:5)
    at renderRootSync (/Users/yusuketsunoda/Documents/cursor/ppttranslatorapp/worktrees/fix-text-position-alignment/node_modules/react-dom/cjs/react-dom.development.js:26473:7)
    at recoverFromConcurrentError (/Users/yusuketsunoda/Documents/cursor/ppttranslatorapp/worktrees/fix-text-position-alignment/node_modules/react-dom/cjs/react-dom.development.js:25889:20)
    at performConcurrentWorkOnRoot (/Users/yusuketsunoda/Documents/cursor/ppttranslatorapp/worktrees/fix-text-position-alignment/node_modules/react-dom/cjs/react-dom.development.js:25789:22)
    at flushActQueue (/Users/yusuketsunoda/Documents/cursor/ppttranslatorapp/worktrees/fix-text-position-alignment/node_modules/react/cjs/react.development.js:2667:24)
    at act (/Users/yusuketsunoda/Documents/cursor/ppttranslatorapp/worktrees/fix-text-position-alignment/node_modules/react/cjs/react.development.js:2582:11)
    at /Users/yusuketsunoda/Documents/cursor/ppttranslatorapp/worktrees/fix-text-position-alignment/node_modules/@testing-library/react/dist/act-compat.js:47:25
    at renderRoot (/Users/yusuketsunoda/Documents/cursor/ppttranslatorapp/worktrees/fix-text-position-alignment/node_modules/@testing-library/react/dist/pure.js:180:26)
    at render (/Users/yusuketsunoda/Documents/cursor/ppttranslatorapp/worktrees/fix-text-position-alignment/node_modules/@testing-library/react/dist/pure.js:271:10)
    at Object.&lt;anonymous&gt; (/Users/yusuketsunoda/Documents/cursor/ppttranslatorapp/worktrees/fix-text-position-alignment/tests/components/ui/dropdown-menu.test.tsx:54:11)
    at Promise.then.completed (/Users/yusuketsunoda/Documents/cursor/ppttranslatorapp/node_modules/jest-circus/build/utils.js:298:28)
    at new Promise (&lt;anonymous&gt;)
    at callAsyncCircusFn (/Users/yusuketsunoda/Documents/cursor/ppttranslatorapp/node_modules/jest-circus/build/utils.js:231:10)
    at _callCircusTest (/Users/yusuketsunoda/Documents/cursor/ppttranslatorapp/node_modules/jest-circus/build/run.js:316:40)
    at _runTest (/Users/yusuketsunoda/Documents/cursor/ppttranslatorapp/node_modules/jest-circus/build/run.js:252:3)
    at _runTestsForDescribeBlock (/Users/yusuketsunoda/Documents/cursor/ppttranslatorapp/node_modules/jest-circus/build/run.js:126:9)
    at _runTestsForDescribeBlock (/Users/yusuketsunoda/Documents/cursor/ppttranslatorapp/node_modules/jest-circus/build/run.js:121:9)
    at run (/Users/yusuketsunoda/Documents/cursor/ppttranslatorapp/node_modules/jest-circus/build/run.js:71:3)
    at runAndTransformResultsToJestFormat (/Users/yusuketsunoda/Documents/cursor/ppttranslatorapp/node_modules/jest-circus/build/legacy-code-todo-rewrite/jestAdapterInit.js:122:21)
    at jestAdapter (/Users/yusuketsunoda/Documents/cursor/ppttranslatorapp/node_modules/jest-circus/build/legacy-code-todo-rewrite/jestAdapter.js:79:19)
    at runTestInternal (/Users/yusuketsunoda/Documents/cursor/ppttranslatorapp/node_modules/jest-runner/build/runTest.js:367:16)
    at runTest (/Users/yusuketsunoda/Documents/cursor/ppttranslatorapp/node_modules/jest-runner/build/runTest.js:444:34)</failure>
    </testcase>
  </testsuite>
  <testsuite name="DropdownMenu" errors="0" failures="0" skipped="0" timestamp="2025-05-16T20:44:58" time="0.57" tests="3">
    <testcase classname="DropdownMenu" name="トリガーとコンテンツが正しくレンダリングされる" time="0.006">
    </testcase>
    <testcase classname="DropdownMenu" name="メニューアイテムにクリックハンドラーを設定できる" time="0.002">
    </testcase>
    <testcase classname="DropdownMenu" name="ラベルとセパレーターが正しくレンダリングされる" time="0.002">
    </testcase>
  </testsuite>
  <testsuite name="DropdownMenu" errors="0" failures="0" skipped="0" timestamp="2025-05-16T20:44:58" time="0.581" tests="3">
    <testcase classname="DropdownMenu" name="トリガーとコンテンツが正しくレンダリングされる" time="0.004">
    </testcase>
    <testcase classname="DropdownMenu" name="メニューアイテムにクリックハンドラーを設定できる" time="0.002">
    </testcase>
    <testcase classname="DropdownMenu" name="ラベルとセパレーターが正しくレンダリングされる" time="0.002">
    </testcase>
  </testsuite>
  <testsuite name="DropdownMenu" errors="0" failures="0" skipped="0" timestamp="2025-05-16T20:44:59" time="0.554" tests="3">
    <testcase classname="DropdownMenu" name="トリガーとコンテンツが正しくレンダリングされる" time="0.007">
    </testcase>
    <testcase classname="DropdownMenu" name="メニューアイテムにクリックハンドラーを設定できる" time="0.003">
    </testcase>
    <testcase classname="DropdownMenu" name="ラベルとセパレーターが正しくレンダリングされる" time="0.002">
    </testcase>
  </testsuite>
  <testsuite name="ActivityLogger" errors="0" failures="0" skipped="0" timestamp="2025-05-16T20:45:00" time="0.447" tests="3">
    <testcase classname="ActivityLogger › logActivity" name="有効なデータでアクティビティを記録する" time="0.002">
    </testcase>
    <testcase classname="ActivityLogger › logActivity" name="必須パラメータが不足している場合はエラーをスローする" time="0">
    </testcase>
    <testcase classname="ActivityLogger › logActivity" name="メタデータが正しく記録される" time="0">
    </testcase>
  </testsuite>
  <testsuite name="ActivityLogger" errors="0" failures="0" skipped="0" timestamp="2025-05-16T20:45:00" time="0.432" tests="3">
    <testcase classname="ActivityLogger › logActivity" name="有効なデータでアクティビティを記録する" time="0.001">
    </testcase>
    <testcase classname="ActivityLogger › logActivity" name="必須パラメータが不足している場合はエラーをスローする" time="0.001">
    </testcase>
    <testcase classname="ActivityLogger › logActivity" name="メタデータが正しく記録される" time="0.001">
    </testcase>
  </testsuite>
  <testsuite name="ActivityLogger" errors="0" failures="0" skipped="0" timestamp="2025-05-16T20:45:00" time="0.482" tests="3">
    <testcase classname="ActivityLogger › logActivity" name="有効なデータでアクティビティを記録する" time="0.001">
    </testcase>
    <testcase classname="ActivityLogger › logActivity" name="必須パラメータが不足している場合はエラーをスローする" time="0.001">
    </testcase>
    <testcase classname="ActivityLogger › logActivity" name="メタデータが正しく記録される" time="0.001">
    </testcase>
  </testsuite>
  <testsuite name="ActivityLogger" errors="0" failures="0" skipped="0" timestamp="2025-05-16T20:45:01" time="0.429" tests="3">
    <testcase classname="ActivityLogger › logActivity" name="有効なデータでアクティビティを記録する" time="0.001">
    </testcase>
    <testcase classname="ActivityLogger › logActivity" name="必須パラメータが不足している場合はエラーをスローする" time="0.001">
    </testcase>
    <testcase classname="ActivityLogger › logActivity" name="メタデータが正しく記録される" time="0">
    </testcase>
  </testsuite>
  <testsuite name="Textarea" errors="0" failures="0" skipped="0" timestamp="2025-05-16T20:45:01" time="0.529" tests="6">
    <testcase classname="Textarea" name="正しくレンダリングされること" time="0.004">
    </testcase>
    <testcase classname="Textarea" name="テキスト入力を処理できること" time="0.002">
    </testcase>
    <testcase classname="Textarea" name="追加のクラス名が適用されること" time="0.02">
    </testcase>
    <testcase classname="Textarea" name="禁止状態が正しく反映されること" time="0.002">
    </testcase>
    <testcase classname="Textarea" name="読み取り専用状態が正しく反映されること" time="0.003">
    </testcase>
    <testcase classname="Textarea" name="フォームイベントが正しく処理されること" time="0.004">
    </testcase>
  </testsuite>
  <testsuite name="Textarea" errors="0" failures="0" skipped="0" timestamp="2025-05-16T20:45:02" time="0.518" tests="6">
    <testcase classname="Textarea" name="正しくレンダリングされること" time="0.003">
    </testcase>
    <testcase classname="Textarea" name="テキスト入力を処理できること" time="0.001">
    </testcase>
    <testcase classname="Textarea" name="追加のクラス名が適用されること" time="0.006">
    </testcase>
    <testcase classname="Textarea" name="禁止状態が正しく反映されること" time="0.002">
    </testcase>
    <testcase classname="Textarea" name="読み取り専用状態が正しく反映されること" time="0.003">
    </testcase>
    <testcase classname="Textarea" name="フォームイベントが正しく処理されること" time="0.004">
    </testcase>
  </testsuite>
  <testsuite name="Textarea" errors="0" failures="0" skipped="0" timestamp="2025-05-16T20:45:02" time="0.528" tests="6">
    <testcase classname="Textarea" name="正しくレンダリングされること" time="0.003">
    </testcase>
    <testcase classname="Textarea" name="テキスト入力を処理できること" time="0.002">
    </testcase>
    <testcase classname="Textarea" name="追加のクラス名が適用されること" time="0.005">
    </testcase>
    <testcase classname="Textarea" name="禁止状態が正しく反映されること" time="0.003">
    </testcase>
    <testcase classname="Textarea" name="読み取り専用状態が正しく反映されること" time="0.004">
    </testcase>
    <testcase classname="Textarea" name="フォームイベントが正しく処理されること" time="0.003">
    </testcase>
  </testsuite>
  <testsuite name="Textarea" errors="0" failures="0" skipped="0" timestamp="2025-05-16T20:45:03" time="0.532" tests="6">
    <testcase classname="Textarea" name="正しくレンダリングされること" time="0.003">
    </testcase>
    <testcase classname="Textarea" name="テキスト入力を処理できること" time="0.002">
    </testcase>
    <testcase classname="Textarea" name="追加のクラス名が適用されること" time="0.005">
    </testcase>
    <testcase classname="Textarea" name="禁止状態が正しく反映されること" time="0.003">
    </testcase>
    <testcase classname="Textarea" name="読み取り専用状態が正しく反映されること" time="0.003">
    </testcase>
    <testcase classname="Textarea" name="フォームイベントが正しく処理されること" time="0.003">
    </testcase>
  </testsuite>
  <testsuite name="Input Component" errors="0" failures="0" skipped="0" timestamp="2025-05-16T20:45:04" time="0.581" tests="7">
    <testcase classname="Input Component" name="デフォルトのInputをレンダリングする" time="0.018">
    </testcase>
    <testcase classname="Input Component" name="異なるタイプのInputをレンダリングする" time="0.002">
    </testcase>
    <testcase classname="Input Component" name="プレースホルダーを表示する" time="0.001">
    </testcase>
    <testcase classname="Input Component" name="無効化されたInputをレンダリングする" time="0.001">
    </testcase>
    <testcase classname="Input Component" name="必須のInputをレンダリングする" time="0.001">
    </testcase>
    <testcase classname="Input Component" name="カスタムクラス名を適用する" time="0.001">
    </testcase>
    <testcase classname="Input Component" name="デフォルトの値を持つInputをレンダリングする" time="0.003">
    </testcase>
  </testsuite>
  <testsuite name="Input Component" errors="0" failures="0" skipped="0" timestamp="2025-05-16T20:45:04" time="0.545" tests="7">
    <testcase classname="Input Component" name="デフォルトのInputをレンダリングする" time="0.003">
    </testcase>
    <testcase classname="Input Component" name="異なるタイプのInputをレンダリングする" time="0.001">
    </testcase>
    <testcase classname="Input Component" name="プレースホルダーを表示する" time="0.017">
    </testcase>
    <testcase classname="Input Component" name="無効化されたInputをレンダリングする" time="0.002">
    </testcase>
    <testcase classname="Input Component" name="必須のInputをレンダリングする" time="0.001">
    </testcase>
    <testcase classname="Input Component" name="カスタムクラス名を適用する" time="0.001">
    </testcase>
    <testcase classname="Input Component" name="デフォルトの値を持つInputをレンダリングする" time="0.001">
    </testcase>
  </testsuite>
  <testsuite name="Input Component" errors="0" failures="0" skipped="0" timestamp="2025-05-16T20:45:05" time="0.574" tests="7">
    <testcase classname="Input Component" name="デフォルトのInputをレンダリングする" time="0.004">
    </testcase>
    <testcase classname="Input Component" name="異なるタイプのInputをレンダリングする" time="0.001">
    </testcase>
    <testcase classname="Input Component" name="プレースホルダーを表示する" time="0.001">
    </testcase>
    <testcase classname="Input Component" name="無効化されたInputをレンダリングする" time="0.025">
    </testcase>
    <testcase classname="Input Component" name="必須のInputをレンダリングする" time="0.002">
    </testcase>
    <testcase classname="Input Component" name="カスタムクラス名を適用する" time="0.001">
    </testcase>
    <testcase classname="Input Component" name="デフォルトの値を持つInputをレンダリングする" time="0.001">
    </testcase>
  </testsuite>
  <testsuite name="Input Component" errors="0" failures="0" skipped="0" timestamp="2025-05-16T20:45:05" time="0.603" tests="7">
    <testcase classname="Input Component" name="デフォルトのInputをレンダリングする" time="0.004">
    </testcase>
    <testcase classname="Input Component" name="異なるタイプのInputをレンダリングする" time="0.002">
    </testcase>
    <testcase classname="Input Component" name="プレースホルダーを表示する" time="0.001">
    </testcase>
    <testcase classname="Input Component" name="無効化されたInputをレンダリングする" time="0.022">
    </testcase>
    <testcase classname="Input Component" name="必須のInputをレンダリングする" time="0.001">
    </testcase>
    <testcase classname="Input Component" name="カスタムクラス名を適用する" time="0.002">
    </testcase>
    <testcase classname="Input Component" name="デフォルトの値を持つInputをレンダリングする" time="0.001">
    </testcase>
  </testsuite>
  <testsuite name="Switch Component" errors="0" failures="6" skipped="0" timestamp="2025-05-16T20:45:06" time="0.701" tests="6">
    <testcase classname="Switch Component" name="基本的なSwitchをレンダリングする" time="0.041">
      <failure>TypeError: Cannot read properties of null (reading &apos;useState&apos;)
    at Object.useState (/Users/yusuketsunoda/Documents/cursor/ppttranslatorapp/node_modules/react/cjs/react.development.js:1622:21)
    at /Users/yusuketsunoda/Documents/cursor/ppttranslatorapp/node_modules/@radix-ui/react-switch/src/switch.tsx:47:39
    at renderWithHooks (/Users/yusuketsunoda/Documents/cursor/ppttranslatorapp/worktrees/fix-text-position-alignment/node_modules/react-dom/cjs/react-dom.development.js:15486:18)
    at updateForwardRef (/Users/yusuketsunoda/Documents/cursor/ppttranslatorapp/worktrees/fix-text-position-alignment/node_modules/react-dom/cjs/react-dom.development.js:19245:20)
    at beginWork (/Users/yusuketsunoda/Documents/cursor/ppttranslatorapp/worktrees/fix-text-position-alignment/node_modules/react-dom/cjs/react-dom.development.js:21675:16)
    at beginWork$1 (/Users/yusuketsunoda/Documents/cursor/ppttranslatorapp/worktrees/fix-text-position-alignment/node_modules/react-dom/cjs/react-dom.development.js:27465:14)
    at performUnitOfWork (/Users/yusuketsunoda/Documents/cursor/ppttranslatorapp/worktrees/fix-text-position-alignment/node_modules/react-dom/cjs/react-dom.development.js:26599:12)
    at workLoopSync (/Users/yusuketsunoda/Documents/cursor/ppttranslatorapp/worktrees/fix-text-position-alignment/node_modules/react-dom/cjs/react-dom.development.js:26505:5)
    at renderRootSync (/Users/yusuketsunoda/Documents/cursor/ppttranslatorapp/worktrees/fix-text-position-alignment/node_modules/react-dom/cjs/react-dom.development.js:26473:7)
    at recoverFromConcurrentError (/Users/yusuketsunoda/Documents/cursor/ppttranslatorapp/worktrees/fix-text-position-alignment/node_modules/react-dom/cjs/react-dom.development.js:25889:20)
    at performConcurrentWorkOnRoot (/Users/yusuketsunoda/Documents/cursor/ppttranslatorapp/worktrees/fix-text-position-alignment/node_modules/react-dom/cjs/react-dom.development.js:25789:22)
    at flushActQueue (/Users/yusuketsunoda/Documents/cursor/ppttranslatorapp/worktrees/fix-text-position-alignment/node_modules/react/cjs/react.development.js:2667:24)
    at act (/Users/yusuketsunoda/Documents/cursor/ppttranslatorapp/worktrees/fix-text-position-alignment/node_modules/react/cjs/react.development.js:2582:11)
    at /Users/yusuketsunoda/Documents/cursor/ppttranslatorapp/worktrees/fix-text-position-alignment/node_modules/@testing-library/react/dist/act-compat.js:47:25
    at renderRoot (/Users/yusuketsunoda/Documents/cursor/ppttranslatorapp/worktrees/fix-text-position-alignment/node_modules/@testing-library/react/dist/pure.js:180:26)
    at render (/Users/yusuketsunoda/Documents/cursor/ppttranslatorapp/worktrees/fix-text-position-alignment/node_modules/@testing-library/react/dist/pure.js:271:10)
    at Object.&lt;anonymous&gt; (/Users/yusuketsunoda/Documents/cursor/ppttranslatorapp/worktrees/fix-text-position-alignment/tests/components/ui/switch.test.tsx:8:11)
    at Promise.then.completed (/Users/yusuketsunoda/Documents/cursor/ppttranslatorapp/node_modules/jest-circus/build/utils.js:298:28)
    at new Promise (&lt;anonymous&gt;)
    at callAsyncCircusFn (/Users/yusuketsunoda/Documents/cursor/ppttranslatorapp/node_modules/jest-circus/build/utils.js:231:10)
    at _callCircusTest (/Users/yusuketsunoda/Documents/cursor/ppttranslatorapp/node_modules/jest-circus/build/run.js:316:40)
    at _runTest (/Users/yusuketsunoda/Documents/cursor/ppttranslatorapp/node_modules/jest-circus/build/run.js:252:3)
    at _runTestsForDescribeBlock (/Users/yusuketsunoda/Documents/cursor/ppttranslatorapp/node_modules/jest-circus/build/run.js:126:9)
    at _runTestsForDescribeBlock (/Users/yusuketsunoda/Documents/cursor/ppttranslatorapp/node_modules/jest-circus/build/run.js:121:9)
    at run (/Users/yusuketsunoda/Documents/cursor/ppttranslatorapp/node_modules/jest-circus/build/run.js:71:3)
    at runAndTransformResultsToJestFormat (/Users/yusuketsunoda/Documents/cursor/ppttranslatorapp/node_modules/jest-circus/build/legacy-code-todo-rewrite/jestAdapterInit.js:122:21)
    at jestAdapter (/Users/yusuketsunoda/Documents/cursor/ppttranslatorapp/node_modules/jest-circus/build/legacy-code-todo-rewrite/jestAdapter.js:79:19)
    at runTestInternal (/Users/yusuketsunoda/Documents/cursor/ppttranslatorapp/node_modules/jest-runner/build/runTest.js:367:16)
    at runTest (/Users/yusuketsunoda/Documents/cursor/ppttranslatorapp/node_modules/jest-runner/build/runTest.js:444:34)</failure>
    </testcase>
    <testcase classname="Switch Component" name="チェック済みのSwitchをレンダリングする" time="0.026">
      <failure>TypeError: Cannot read properties of null (reading &apos;useState&apos;)
    at Object.useState (/Users/yusuketsunoda/Documents/cursor/ppttranslatorapp/node_modules/react/cjs/react.development.js:1622:21)
    at /Users/yusuketsunoda/Documents/cursor/ppttranslatorapp/node_modules/@radix-ui/react-switch/src/switch.tsx:47:39
    at renderWithHooks (/Users/yusuketsunoda/Documents/cursor/ppttranslatorapp/worktrees/fix-text-position-alignment/node_modules/react-dom/cjs/react-dom.development.js:15486:18)
    at updateForwardRef (/Users/yusuketsunoda/Documents/cursor/ppttranslatorapp/worktrees/fix-text-position-alignment/node_modules/react-dom/cjs/react-dom.development.js:19245:20)
    at beginWork (/Users/yusuketsunoda/Documents/cursor/ppttranslatorapp/worktrees/fix-text-position-alignment/node_modules/react-dom/cjs/react-dom.development.js:21675:16)
    at beginWork$1 (/Users/yusuketsunoda/Documents/cursor/ppttranslatorapp/worktrees/fix-text-position-alignment/node_modules/react-dom/cjs/react-dom.development.js:27465:14)
    at performUnitOfWork (/Users/yusuketsunoda/Documents/cursor/ppttranslatorapp/worktrees/fix-text-position-alignment/node_modules/react-dom/cjs/react-dom.development.js:26599:12)
    at workLoopSync (/Users/yusuketsunoda/Documents/cursor/ppttranslatorapp/worktrees/fix-text-position-alignment/node_modules/react-dom/cjs/react-dom.development.js:26505:5)
    at renderRootSync (/Users/yusuketsunoda/Documents/cursor/ppttranslatorapp/worktrees/fix-text-position-alignment/node_modules/react-dom/cjs/react-dom.development.js:26473:7)
    at recoverFromConcurrentError (/Users/yusuketsunoda/Documents/cursor/ppttranslatorapp/worktrees/fix-text-position-alignment/node_modules/react-dom/cjs/react-dom.development.js:25889:20)
    at performConcurrentWorkOnRoot (/Users/yusuketsunoda/Documents/cursor/ppttranslatorapp/worktrees/fix-text-position-alignment/node_modules/react-dom/cjs/react-dom.development.js:25789:22)
    at flushActQueue (/Users/yusuketsunoda/Documents/cursor/ppttranslatorapp/worktrees/fix-text-position-alignment/node_modules/react/cjs/react.development.js:2667:24)
    at act (/Users/yusuketsunoda/Documents/cursor/ppttranslatorapp/worktrees/fix-text-position-alignment/node_modules/react/cjs/react.development.js:2582:11)
    at /Users/yusuketsunoda/Documents/cursor/ppttranslatorapp/worktrees/fix-text-position-alignment/node_modules/@testing-library/react/dist/act-compat.js:47:25
    at renderRoot (/Users/yusuketsunoda/Documents/cursor/ppttranslatorapp/worktrees/fix-text-position-alignment/node_modules/@testing-library/react/dist/pure.js:180:26)
    at render (/Users/yusuketsunoda/Documents/cursor/ppttranslatorapp/worktrees/fix-text-position-alignment/node_modules/@testing-library/react/dist/pure.js:271:10)
    at Object.&lt;anonymous&gt; (/Users/yusuketsunoda/Documents/cursor/ppttranslatorapp/worktrees/fix-text-position-alignment/tests/components/ui/switch.test.tsx:17:11)
    at Promise.then.completed (/Users/yusuketsunoda/Documents/cursor/ppttranslatorapp/node_modules/jest-circus/build/utils.js:298:28)
    at new Promise (&lt;anonymous&gt;)
    at callAsyncCircusFn (/Users/yusuketsunoda/Documents/cursor/ppttranslatorapp/node_modules/jest-circus/build/utils.js:231:10)
    at _callCircusTest (/Users/yusuketsunoda/Documents/cursor/ppttranslatorapp/node_modules/jest-circus/build/run.js:316:40)
    at _runTest (/Users/yusuketsunoda/Documents/cursor/ppttranslatorapp/node_modules/jest-circus/build/run.js:252:3)
    at _runTestsForDescribeBlock (/Users/yusuketsunoda/Documents/cursor/ppttranslatorapp/node_modules/jest-circus/build/run.js:126:9)
    at _runTestsForDescribeBlock (/Users/yusuketsunoda/Documents/cursor/ppttranslatorapp/node_modules/jest-circus/build/run.js:121:9)
    at run (/Users/yusuketsunoda/Documents/cursor/ppttranslatorapp/node_modules/jest-circus/build/run.js:71:3)
    at runAndTransformResultsToJestFormat (/Users/yusuketsunoda/Documents/cursor/ppttranslatorapp/node_modules/jest-circus/build/legacy-code-todo-rewrite/jestAdapterInit.js:122:21)
    at jestAdapter (/Users/yusuketsunoda/Documents/cursor/ppttranslatorapp/node_modules/jest-circus/build/legacy-code-todo-rewrite/jestAdapter.js:79:19)
    at runTestInternal (/Users/yusuketsunoda/Documents/cursor/ppttranslatorapp/node_modules/jest-runner/build/runTest.js:367:16)
    at runTest (/Users/yusuketsunoda/Documents/cursor/ppttranslatorapp/node_modules/jest-runner/build/runTest.js:444:34)</failure>
    </testcase>
    <testcase classname="Switch Component" name="無効化されたSwitchをレンダリングする" time="0.012">
      <failure>TypeError: Cannot read properties of null (reading &apos;useState&apos;)
    at Object.useState (/Users/yusuketsunoda/Documents/cursor/ppttranslatorapp/node_modules/react/cjs/react.development.js:1622:21)
    at /Users/yusuketsunoda/Documents/cursor/ppttranslatorapp/node_modules/@radix-ui/react-switch/src/switch.tsx:47:39
    at renderWithHooks (/Users/yusuketsunoda/Documents/cursor/ppttranslatorapp/worktrees/fix-text-position-alignment/node_modules/react-dom/cjs/react-dom.development.js:15486:18)
    at updateForwardRef (/Users/yusuketsunoda/Documents/cursor/ppttranslatorapp/worktrees/fix-text-position-alignment/node_modules/react-dom/cjs/react-dom.development.js:19245:20)
    at beginWork (/Users/yusuketsunoda/Documents/cursor/ppttranslatorapp/worktrees/fix-text-position-alignment/node_modules/react-dom/cjs/react-dom.development.js:21675:16)
    at beginWork$1 (/Users/yusuketsunoda/Documents/cursor/ppttranslatorapp/worktrees/fix-text-position-alignment/node_modules/react-dom/cjs/react-dom.development.js:27465:14)
    at performUnitOfWork (/Users/yusuketsunoda/Documents/cursor/ppttranslatorapp/worktrees/fix-text-position-alignment/node_modules/react-dom/cjs/react-dom.development.js:26599:12)
    at workLoopSync (/Users/yusuketsunoda/Documents/cursor/ppttranslatorapp/worktrees/fix-text-position-alignment/node_modules/react-dom/cjs/react-dom.development.js:26505:5)
    at renderRootSync (/Users/yusuketsunoda/Documents/cursor/ppttranslatorapp/worktrees/fix-text-position-alignment/node_modules/react-dom/cjs/react-dom.development.js:26473:7)
    at recoverFromConcurrentError (/Users/yusuketsunoda/Documents/cursor/ppttranslatorapp/worktrees/fix-text-position-alignment/node_modules/react-dom/cjs/react-dom.development.js:25889:20)
    at performConcurrentWorkOnRoot (/Users/yusuketsunoda/Documents/cursor/ppttranslatorapp/worktrees/fix-text-position-alignment/node_modules/react-dom/cjs/react-dom.development.js:25789:22)
    at flushActQueue (/Users/yusuketsunoda/Documents/cursor/ppttranslatorapp/worktrees/fix-text-position-alignment/node_modules/react/cjs/react.development.js:2667:24)
    at act (/Users/yusuketsunoda/Documents/cursor/ppttranslatorapp/worktrees/fix-text-position-alignment/node_modules/react/cjs/react.development.js:2582:11)
    at /Users/yusuketsunoda/Documents/cursor/ppttranslatorapp/worktrees/fix-text-position-alignment/node_modules/@testing-library/react/dist/act-compat.js:47:25
    at renderRoot (/Users/yusuketsunoda/Documents/cursor/ppttranslatorapp/worktrees/fix-text-position-alignment/node_modules/@testing-library/react/dist/pure.js:180:26)
    at render (/Users/yusuketsunoda/Documents/cursor/ppttranslatorapp/worktrees/fix-text-position-alignment/node_modules/@testing-library/react/dist/pure.js:271:10)
    at Object.&lt;anonymous&gt; (/Users/yusuketsunoda/Documents/cursor/ppttranslatorapp/worktrees/fix-text-position-alignment/tests/components/ui/switch.test.tsx:24:11)
    at Promise.then.completed (/Users/yusuketsunoda/Documents/cursor/ppttranslatorapp/node_modules/jest-circus/build/utils.js:298:28)
    at new Promise (&lt;anonymous&gt;)
    at callAsyncCircusFn (/Users/yusuketsunoda/Documents/cursor/ppttranslatorapp/node_modules/jest-circus/build/utils.js:231:10)
    at _callCircusTest (/Users/yusuketsunoda/Documents/cursor/ppttranslatorapp/node_modules/jest-circus/build/run.js:316:40)
    at _runTest (/Users/yusuketsunoda/Documents/cursor/ppttranslatorapp/node_modules/jest-circus/build/run.js:252:3)
    at _runTestsForDescribeBlock (/Users/yusuketsunoda/Documents/cursor/ppttranslatorapp/node_modules/jest-circus/build/run.js:126:9)
    at _runTestsForDescribeBlock (/Users/yusuketsunoda/Documents/cursor/ppttranslatorapp/node_modules/jest-circus/build/run.js:121:9)
    at run (/Users/yusuketsunoda/Documents/cursor/ppttranslatorapp/node_modules/jest-circus/build/run.js:71:3)
    at runAndTransformResultsToJestFormat (/Users/yusuketsunoda/Documents/cursor/ppttranslatorapp/node_modules/jest-circus/build/legacy-code-todo-rewrite/jestAdapterInit.js:122:21)
    at jestAdapter (/Users/yusuketsunoda/Documents/cursor/ppttranslatorapp/node_modules/jest-circus/build/legacy-code-todo-rewrite/jestAdapter.js:79:19)
    at runTestInternal (/Users/yusuketsunoda/Documents/cursor/ppttranslatorapp/node_modules/jest-runner/build/runTest.js:367:16)
    at runTest (/Users/yusuketsunoda/Documents/cursor/ppttranslatorapp/node_modules/jest-runner/build/runTest.js:444:34)</failure>
    </testcase>
    <testcase classname="Switch Component" name="カスタムクラス名を適用する" time="0.014">
      <failure>TypeError: Cannot read properties of null (reading &apos;useState&apos;)
    at Object.useState (/Users/yusuketsunoda/Documents/cursor/ppttranslatorapp/node_modules/react/cjs/react.development.js:1622:21)
    at /Users/yusuketsunoda/Documents/cursor/ppttranslatorapp/node_modules/@radix-ui/react-switch/src/switch.tsx:47:39
    at renderWithHooks (/Users/yusuketsunoda/Documents/cursor/ppttranslatorapp/worktrees/fix-text-position-alignment/node_modules/react-dom/cjs/react-dom.development.js:15486:18)
    at updateForwardRef (/Users/yusuketsunoda/Documents/cursor/ppttranslatorapp/worktrees/fix-text-position-alignment/node_modules/react-dom/cjs/react-dom.development.js:19245:20)
    at beginWork (/Users/yusuketsunoda/Documents/cursor/ppttranslatorapp/worktrees/fix-text-position-alignment/node_modules/react-dom/cjs/react-dom.development.js:21675:16)
    at beginWork$1 (/Users/yusuketsunoda/Documents/cursor/ppttranslatorapp/worktrees/fix-text-position-alignment/node_modules/react-dom/cjs/react-dom.development.js:27465:14)
    at performUnitOfWork (/Users/yusuketsunoda/Documents/cursor/ppttranslatorapp/worktrees/fix-text-position-alignment/node_modules/react-dom/cjs/react-dom.development.js:26599:12)
    at workLoopSync (/Users/yusuketsunoda/Documents/cursor/ppttranslatorapp/worktrees/fix-text-position-alignment/node_modules/react-dom/cjs/react-dom.development.js:26505:5)
    at renderRootSync (/Users/yusuketsunoda/Documents/cursor/ppttranslatorapp/worktrees/fix-text-position-alignment/node_modules/react-dom/cjs/react-dom.development.js:26473:7)
    at recoverFromConcurrentError (/Users/yusuketsunoda/Documents/cursor/ppttranslatorapp/worktrees/fix-text-position-alignment/node_modules/react-dom/cjs/react-dom.development.js:25889:20)
    at performConcurrentWorkOnRoot (/Users/yusuketsunoda/Documents/cursor/ppttranslatorapp/worktrees/fix-text-position-alignment/node_modules/react-dom/cjs/react-dom.development.js:25789:22)
    at flushActQueue (/Users/yusuketsunoda/Documents/cursor/ppttranslatorapp/worktrees/fix-text-position-alignment/node_modules/react/cjs/react.development.js:2667:24)
    at act (/Users/yusuketsunoda/Documents/cursor/ppttranslatorapp/worktrees/fix-text-position-alignment/node_modules/react/cjs/react.development.js:2582:11)
    at /Users/yusuketsunoda/Documents/cursor/ppttranslatorapp/worktrees/fix-text-position-alignment/node_modules/@testing-library/react/dist/act-compat.js:47:25
    at renderRoot (/Users/yusuketsunoda/Documents/cursor/ppttranslatorapp/worktrees/fix-text-position-alignment/node_modules/@testing-library/react/dist/pure.js:180:26)
    at render (/Users/yusuketsunoda/Documents/cursor/ppttranslatorapp/worktrees/fix-text-position-alignment/node_modules/@testing-library/react/dist/pure.js:271:10)
    at Object.&lt;anonymous&gt; (/Users/yusuketsunoda/Documents/cursor/ppttranslatorapp/worktrees/fix-text-position-alignment/tests/components/ui/switch.test.tsx:31:11)
    at Promise.then.completed (/Users/yusuketsunoda/Documents/cursor/ppttranslatorapp/node_modules/jest-circus/build/utils.js:298:28)
    at new Promise (&lt;anonymous&gt;)
    at callAsyncCircusFn (/Users/yusuketsunoda/Documents/cursor/ppttranslatorapp/node_modules/jest-circus/build/utils.js:231:10)
    at _callCircusTest (/Users/yusuketsunoda/Documents/cursor/ppttranslatorapp/node_modules/jest-circus/build/run.js:316:40)
    at _runTest (/Users/yusuketsunoda/Documents/cursor/ppttranslatorapp/node_modules/jest-circus/build/run.js:252:3)
    at _runTestsForDescribeBlock (/Users/yusuketsunoda/Documents/cursor/ppttranslatorapp/node_modules/jest-circus/build/run.js:126:9)
    at _runTestsForDescribeBlock (/Users/yusuketsunoda/Documents/cursor/ppttranslatorapp/node_modules/jest-circus/build/run.js:121:9)
    at run (/Users/yusuketsunoda/Documents/cursor/ppttranslatorapp/node_modules/jest-circus/build/run.js:71:3)
    at runAndTransformResultsToJestFormat (/Users/yusuketsunoda/Documents/cursor/ppttranslatorapp/node_modules/jest-circus/build/legacy-code-todo-rewrite/jestAdapterInit.js:122:21)
    at jestAdapter (/Users/yusuketsunoda/Documents/cursor/ppttranslatorapp/node_modules/jest-circus/build/legacy-code-todo-rewrite/jestAdapter.js:79:19)
    at runTestInternal (/Users/yusuketsunoda/Documents/cursor/ppttranslatorapp/node_modules/jest-runner/build/runTest.js:367:16)
    at runTest (/Users/yusuketsunoda/Documents/cursor/ppttranslatorapp/node_modules/jest-runner/build/runTest.js:444:34)</failure>
    </testcase>
    <testcase classname="Switch Component" name="クリックイベントを処理する" time="0.039">
      <failure>TypeError: Cannot read properties of null (reading &apos;useState&apos;)
    at Object.useState (/Users/yusuketsunoda/Documents/cursor/ppttranslatorapp/node_modules/react/cjs/react.development.js:1622:21)
    at /Users/yusuketsunoda/Documents/cursor/ppttranslatorapp/node_modules/@radix-ui/react-switch/src/switch.tsx:47:39
    at renderWithHooks (/Users/yusuketsunoda/Documents/cursor/ppttranslatorapp/worktrees/fix-text-position-alignment/node_modules/react-dom/cjs/react-dom.development.js:15486:18)
    at updateForwardRef (/Users/yusuketsunoda/Documents/cursor/ppttranslatorapp/worktrees/fix-text-position-alignment/node_modules/react-dom/cjs/react-dom.development.js:19245:20)
    at beginWork (/Users/yusuketsunoda/Documents/cursor/ppttranslatorapp/worktrees/fix-text-position-alignment/node_modules/react-dom/cjs/react-dom.development.js:21675:16)
    at beginWork$1 (/Users/yusuketsunoda/Documents/cursor/ppttranslatorapp/worktrees/fix-text-position-alignment/node_modules/react-dom/cjs/react-dom.development.js:27465:14)
    at performUnitOfWork (/Users/yusuketsunoda/Documents/cursor/ppttranslatorapp/worktrees/fix-text-position-alignment/node_modules/react-dom/cjs/react-dom.development.js:26599:12)
    at workLoopSync (/Users/yusuketsunoda/Documents/cursor/ppttranslatorapp/worktrees/fix-text-position-alignment/node_modules/react-dom/cjs/react-dom.development.js:26505:5)
    at renderRootSync (/Users/yusuketsunoda/Documents/cursor/ppttranslatorapp/worktrees/fix-text-position-alignment/node_modules/react-dom/cjs/react-dom.development.js:26473:7)
    at recoverFromConcurrentError (/Users/yusuketsunoda/Documents/cursor/ppttranslatorapp/worktrees/fix-text-position-alignment/node_modules/react-dom/cjs/react-dom.development.js:25889:20)
    at performConcurrentWorkOnRoot (/Users/yusuketsunoda/Documents/cursor/ppttranslatorapp/worktrees/fix-text-position-alignment/node_modules/react-dom/cjs/react-dom.development.js:25789:22)
    at flushActQueue (/Users/yusuketsunoda/Documents/cursor/ppttranslatorapp/worktrees/fix-text-position-alignment/node_modules/react/cjs/react.development.js:2667:24)
    at act (/Users/yusuketsunoda/Documents/cursor/ppttranslatorapp/worktrees/fix-text-position-alignment/node_modules/react/cjs/react.development.js:2582:11)
    at /Users/yusuketsunoda/Documents/cursor/ppttranslatorapp/worktrees/fix-text-position-alignment/node_modules/@testing-library/react/dist/act-compat.js:47:25
    at renderRoot (/Users/yusuketsunoda/Documents/cursor/ppttranslatorapp/worktrees/fix-text-position-alignment/node_modules/@testing-library/react/dist/pure.js:180:26)
    at render (/Users/yusuketsunoda/Documents/cursor/ppttranslatorapp/worktrees/fix-text-position-alignment/node_modules/@testing-library/react/dist/pure.js:271:10)
    at Object.&lt;anonymous&gt; (/Users/yusuketsunoda/Documents/cursor/ppttranslatorapp/worktrees/fix-text-position-alignment/tests/components/ui/switch.test.tsx:40:11)
    at Promise.then.completed (/Users/yusuketsunoda/Documents/cursor/ppttranslatorapp/node_modules/jest-circus/build/utils.js:298:28)
    at new Promise (&lt;anonymous&gt;)
    at callAsyncCircusFn (/Users/yusuketsunoda/Documents/cursor/ppttranslatorapp/node_modules/jest-circus/build/utils.js:231:10)
    at _callCircusTest (/Users/yusuketsunoda/Documents/cursor/ppttranslatorapp/node_modules/jest-circus/build/run.js:316:40)
    at _runTest (/Users/yusuketsunoda/Documents/cursor/ppttranslatorapp/node_modules/jest-circus/build/run.js:252:3)
    at _runTestsForDescribeBlock (/Users/yusuketsunoda/Documents/cursor/ppttranslatorapp/node_modules/jest-circus/build/run.js:126:9)
    at _runTestsForDescribeBlock (/Users/yusuketsunoda/Documents/cursor/ppttranslatorapp/node_modules/jest-circus/build/run.js:121:9)
    at run (/Users/yusuketsunoda/Documents/cursor/ppttranslatorapp/node_modules/jest-circus/build/run.js:71:3)
    at runAndTransformResultsToJestFormat (/Users/yusuketsunoda/Documents/cursor/ppttranslatorapp/node_modules/jest-circus/build/legacy-code-todo-rewrite/jestAdapterInit.js:122:21)
    at jestAdapter (/Users/yusuketsunoda/Documents/cursor/ppttranslatorapp/node_modules/jest-circus/build/legacy-code-todo-rewrite/jestAdapter.js:79:19)
    at runTestInternal (/Users/yusuketsunoda/Documents/cursor/ppttranslatorapp/node_modules/jest-runner/build/runTest.js:367:16)
    at runTest (/Users/yusuketsunoda/Documents/cursor/ppttranslatorapp/node_modules/jest-runner/build/runTest.js:444:34)</failure>
    </testcase>
    <testcase classname="Switch Component" name="追加の属性を設定する" time="0.014">
      <failure>TypeError: Cannot read properties of null (reading &apos;useState&apos;)
    at Object.useState (/Users/yusuketsunoda/Documents/cursor/ppttranslatorapp/node_modules/react/cjs/react.development.js:1622:21)
    at /Users/yusuketsunoda/Documents/cursor/ppttranslatorapp/node_modules/@radix-ui/react-switch/src/switch.tsx:47:39
    at renderWithHooks (/Users/yusuketsunoda/Documents/cursor/ppttranslatorapp/worktrees/fix-text-position-alignment/node_modules/react-dom/cjs/react-dom.development.js:15486:18)
    at updateForwardRef (/Users/yusuketsunoda/Documents/cursor/ppttranslatorapp/worktrees/fix-text-position-alignment/node_modules/react-dom/cjs/react-dom.development.js:19245:20)
    at beginWork (/Users/yusuketsunoda/Documents/cursor/ppttranslatorapp/worktrees/fix-text-position-alignment/node_modules/react-dom/cjs/react-dom.development.js:21675:16)
    at beginWork$1 (/Users/yusuketsunoda/Documents/cursor/ppttranslatorapp/worktrees/fix-text-position-alignment/node_modules/react-dom/cjs/react-dom.development.js:27465:14)
    at performUnitOfWork (/Users/yusuketsunoda/Documents/cursor/ppttranslatorapp/worktrees/fix-text-position-alignment/node_modules/react-dom/cjs/react-dom.development.js:26599:12)
    at workLoopSync (/Users/yusuketsunoda/Documents/cursor/ppttranslatorapp/worktrees/fix-text-position-alignment/node_modules/react-dom/cjs/react-dom.development.js:26505:5)
    at renderRootSync (/Users/yusuketsunoda/Documents/cursor/ppttranslatorapp/worktrees/fix-text-position-alignment/node_modules/react-dom/cjs/react-dom.development.js:26473:7)
    at recoverFromConcurrentError (/Users/yusuketsunoda/Documents/cursor/ppttranslatorapp/worktrees/fix-text-position-alignment/node_modules/react-dom/cjs/react-dom.development.js:25889:20)
    at performConcurrentWorkOnRoot (/Users/yusuketsunoda/Documents/cursor/ppttranslatorapp/worktrees/fix-text-position-alignment/node_modules/react-dom/cjs/react-dom.development.js:25789:22)
    at flushActQueue (/Users/yusuketsunoda/Documents/cursor/ppttranslatorapp/worktrees/fix-text-position-alignment/node_modules/react/cjs/react.development.js:2667:24)
    at act (/Users/yusuketsunoda/Documents/cursor/ppttranslatorapp/worktrees/fix-text-position-alignment/node_modules/react/cjs/react.development.js:2582:11)
    at /Users/yusuketsunoda/Documents/cursor/ppttranslatorapp/worktrees/fix-text-position-alignment/node_modules/@testing-library/react/dist/act-compat.js:47:25
    at renderRoot (/Users/yusuketsunoda/Documents/cursor/ppttranslatorapp/worktrees/fix-text-position-alignment/node_modules/@testing-library/react/dist/pure.js:180:26)
    at render (/Users/yusuketsunoda/Documents/cursor/ppttranslatorapp/worktrees/fix-text-position-alignment/node_modules/@testing-library/react/dist/pure.js:271:10)
    at Object.&lt;anonymous&gt; (/Users/yusuketsunoda/Documents/cursor/ppttranslatorapp/worktrees/fix-text-position-alignment/tests/components/ui/switch.test.tsx:50:11)
    at Promise.then.completed (/Users/yusuketsunoda/Documents/cursor/ppttranslatorapp/node_modules/jest-circus/build/utils.js:298:28)
    at new Promise (&lt;anonymous&gt;)
    at callAsyncCircusFn (/Users/yusuketsunoda/Documents/cursor/ppttranslatorapp/node_modules/jest-circus/build/utils.js:231:10)
    at _callCircusTest (/Users/yusuketsunoda/Documents/cursor/ppttranslatorapp/node_modules/jest-circus/build/run.js:316:40)
    at _runTest (/Users/yusuketsunoda/Documents/cursor/ppttranslatorapp/node_modules/jest-circus/build/run.js:252:3)
    at _runTestsForDescribeBlock (/Users/yusuketsunoda/Documents/cursor/ppttranslatorapp/node_modules/jest-circus/build/run.js:126:9)
    at _runTestsForDescribeBlock (/Users/yusuketsunoda/Documents/cursor/ppttranslatorapp/node_modules/jest-circus/build/run.js:121:9)
    at run (/Users/yusuketsunoda/Documents/cursor/ppttranslatorapp/node_modules/jest-circus/build/run.js:71:3)
    at runAndTransformResultsToJestFormat (/Users/yusuketsunoda/Documents/cursor/ppttranslatorapp/node_modules/jest-circus/build/legacy-code-todo-rewrite/jestAdapterInit.js:122:21)
    at jestAdapter (/Users/yusuketsunoda/Documents/cursor/ppttranslatorapp/node_modules/jest-circus/build/legacy-code-todo-rewrite/jestAdapter.js:79:19)
    at runTestInternal (/Users/yusuketsunoda/Documents/cursor/ppttranslatorapp/node_modules/jest-runner/build/runTest.js:367:16)
    at runTest (/Users/yusuketsunoda/Documents/cursor/ppttranslatorapp/node_modules/jest-runner/build/runTest.js:444:34)</failure>
    </testcase>
  </testsuite>
  <testsuite name="Switch Component" errors="0" failures="0" skipped="0" timestamp="2025-05-16T20:45:07" time="0.568" tests="6">
    <testcase classname="Switch Component" name="基本的なSwitchをレンダリングする" time="0.006">
    </testcase>
    <testcase classname="Switch Component" name="チェック済みのSwitchをレンダリングする" time="0.002">
    </testcase>
    <testcase classname="Switch Component" name="無効化されたSwitchをレンダリングする" time="0.001">
    </testcase>
    <testcase classname="Switch Component" name="カスタムクラス名を適用する" time="0.02">
    </testcase>
    <testcase classname="Switch Component" name="クリックイベントを処理する" time="0.003">
    </testcase>
    <testcase classname="Switch Component" name="追加の属性を設定する" time="0.002">
    </testcase>
  </testsuite>
  <testsuite name="Switch Component" errors="0" failures="0" skipped="0" timestamp="2025-05-16T20:45:07" time="0.582" tests="6">
    <testcase classname="Switch Component" name="基本的なSwitchをレンダリングする" time="0.005">
    </testcase>
    <testcase classname="Switch Component" name="チェック済みのSwitchをレンダリングする" time="0.002">
    </testcase>
    <testcase classname="Switch Component" name="無効化されたSwitchをレンダリングする" time="0.001">
    </testcase>
    <testcase classname="Switch Component" name="カスタムクラス名を適用する" time="0.021">
    </testcase>
    <testcase classname="Switch Component" name="クリックイベントを処理する" time="0.002">
    </testcase>
    <testcase classname="Switch Component" name="追加の属性を設定する" time="0.001">
    </testcase>
  </testsuite>
  <testsuite name="Switch Component" errors="0" failures="0" skipped="0" timestamp="2025-05-16T20:45:08" time="0.582" tests="6">
    <testcase classname="Switch Component" name="基本的なSwitchをレンダリングする" time="0.005">
    </testcase>
    <testcase classname="Switch Component" name="チェック済みのSwitchをレンダリングする" time="0.002">
    </testcase>
    <testcase classname="Switch Component" name="無効化されたSwitchをレンダリングする" time="0.001">
    </testcase>
    <testcase classname="Switch Component" name="カスタムクラス名を適用する" time="0.022">
    </testcase>
    <testcase classname="Switch Component" name="クリックイベントを処理する" time="0.004">
    </testcase>
    <testcase classname="Switch Component" name="追加の属性を設定する" time="0.002">
    </testcase>
  </testsuite>
  <testsuite name="パスワード関連ユーティリティ" errors="0" failures="0" skipped="0" timestamp="2025-05-16T20:45:08" time="1.114" tests="5">
    <testcase classname="パスワード関連ユーティリティ › hashPassword" name="パスワードをハッシュ化できる" time="0.081">
    </testcase>
    <testcase classname="パスワード関連ユーティリティ › hashPassword" name="同じパスワードでも異なるハッシュを生成する" time="0.118">
    </testcase>
    <testcase classname="パスワード関連ユーティリティ › comparePasswords" name="正しいパスワードを検証できる" time="0.117">
    </testcase>
    <testcase classname="パスワード関連ユーティリティ › comparePasswords" name="誤ったパスワードを検出できる" time="0.117">
    </testcase>
    <testcase classname="パスワード関連ユーティリティ › comparePasswords" name="空のパスワードを検証できる" time="0.117">
    </testcase>
  </testsuite>
  <testsuite name="パスワード関連ユーティリティ" errors="0" failures="0" skipped="0" timestamp="2025-05-16T20:45:10" time="1.059" tests="5">
    <testcase classname="パスワード関連ユーティリティ › hashPassword" name="パスワードをハッシュ化できる" time="0.062">
    </testcase>
    <testcase classname="パスワード関連ユーティリティ › hashPassword" name="同じパスワードでも異なるハッシュを生成する" time="0.117">
    </testcase>
    <testcase classname="パスワード関連ユーティリティ › comparePasswords" name="正しいパスワードを検証できる" time="0.136">
    </testcase>
    <testcase classname="パスワード関連ユーティリティ › comparePasswords" name="誤ったパスワードを検出できる" time="0.116">
    </testcase>
    <testcase classname="パスワード関連ユーティリティ › comparePasswords" name="空のパスワードを検証できる" time="0.116">
    </testcase>
  </testsuite>
  <testsuite name="パスワード関連ユーティリティ" errors="0" failures="0" skipped="0" timestamp="2025-05-16T20:45:11" time="1.064" tests="5">
    <testcase classname="パスワード関連ユーティリティ › hashPassword" name="パスワードをハッシュ化できる" time="0.063">
    </testcase>
    <testcase classname="パスワード関連ユーティリティ › hashPassword" name="同じパスワードでも異なるハッシュを生成する" time="0.116">
    </testcase>
    <testcase classname="パスワード関連ユーティリティ › comparePasswords" name="正しいパスワードを検証できる" time="0.118">
    </testcase>
    <testcase classname="パスワード関連ユーティリティ › comparePasswords" name="誤ったパスワードを検出できる" time="0.116">
    </testcase>
    <testcase classname="パスワード関連ユーティリティ › comparePasswords" name="空のパスワードを検証できる" time="0.116">
    </testcase>
  </testsuite>
  <testsuite name="パスワード関連ユーティリティ" errors="0" failures="0" skipped="0" timestamp="2025-05-16T20:45:12" time="1.078" tests="5">
    <testcase classname="パスワード関連ユーティリティ › hashPassword" name="パスワードをハッシュ化できる" time="0.064">
    </testcase>
    <testcase classname="パスワード関連ユーティリティ › hashPassword" name="同じパスワードでも異なるハッシュを生成する" time="0.115">
    </testcase>
    <testcase classname="パスワード関連ユーティリティ › comparePasswords" name="正しいパスワードを検証できる" time="0.115">
    </testcase>
    <testcase classname="パスワード関連ユーティリティ › comparePasswords" name="誤ったパスワードを検出できる" time="0.115">
    </testcase>
    <testcase classname="パスワード関連ユーティリティ › comparePasswords" name="空のパスワードを検証できる" time="0.115">
    </testcase>
  </testsuite>
  <testsuite name="worktrees/feature-test-coverage-improvement/tests/api/auth/session.test.ts" errors="1" failures="0" skipped="0" timestamp="1970-01-01T00:00:00" time="0" tests="0">
    <testcase classname="Test suite failed to run" name="worktrees/feature-test-coverage-improvement/tests/api/auth/session.test.ts" time="0">
      <error>  ● Test suite failed to run

    Jest encountered an unexpected token

    Jest failed to parse a file. This happens e.g. when your code or its dependencies use non-standard JavaScript syntax, or when Jest is not configured to support such syntax.

    Out of the box Jest supports Babel, which will be used to transform your files into valid JS based on your Babel configuration.

    By default &quot;node_modules&quot; folder is ignored by transformers.

    Here&apos;s what you can do:
     • If you are trying to use ECMAScript Modules, see https://jestjs.io/docs/ecmascript-modules for how to enable it.
     • If you are trying to use TypeScript, see https://jestjs.io/docs/getting-started#using-typescript
     • To have some of your &quot;node_modules&quot; files transformed, you can specify a custom &quot;transformIgnorePatterns&quot; in your config.
     • If you need a custom transformation specify a &quot;transform&quot; option in your config.
     • If you simply want to mock your non-JS modules (e.g. binary assets) you can stub them out with the &quot;moduleNameMapper&quot; config option.

    You&apos;ll find more details and examples of these config options in the docs:
    https://jestjs.io/docs/configuration
    For information about custom transformations, see:
    https://jestjs.io/docs/code-transformation

    Details:

    /Users/yusuketsunoda/Documents/cursor/ppttranslatorapp/node_modules/openid-client/node_modules/jose/dist/browser/index.js:1
    ({&quot;Object.&lt;anonymous&gt;&quot;:function(module,exports,require,__dirname,__filename,jest){export { compactDecrypt } from &apos;./jwe/compact/decrypt.js&apos;;
                                                                                      ^^^^^^

    SyntaxError: Unexpected token &apos;export&apos;

      17 |

      at Runtime.createScriptFromCode (node_modules/jest-runtime/build/index.js:1505:14)
      at Object.&lt;anonymous&gt; (node_modules/openid-client/lib/client.js:9:14)
      at Object.&lt;anonymous&gt; (node_modules/openid-client/lib/issuer.js:5:19)
      at Object.&lt;anonymous&gt; (node_modules/openid-client/lib/index.js:1:118)
      at Object.&lt;anonymous&gt; (node_modules/next-auth/core/lib/oauth/callback.js:7:21)
      at Object.&lt;anonymous&gt; (node_modules/next-auth/core/routes/callback.js:8:40)
      at Object.&lt;anonymous&gt; (node_modules/next-auth/core/routes/index.js:37:40)
      at Object.&lt;anonymous&gt; (node_modules/next-auth/core/index.js:10:38)
      at Object.&lt;anonymous&gt; (node_modules/next-auth/next/index.js:9:13)
      at Object.&lt;anonymous&gt; (node_modules/next-auth/index.js:25:37)
      at Object.&lt;anonymous&gt; (app/api/auth/session/route.ts:19:19)
      at Object.&lt;anonymous&gt; (worktrees/feature-test-coverage-improvement/tests/api/auth/session.test.ts:5:16)
</error>
    </testcase>
    <testcase classname="Test suite failed to run" name="worktrees/feature-test-coverage-improvement/tests/api/auth/session.test.ts" time="0">
      <failure>{}</failure>
    </testcase>
  </testsuite>
  <testsuite name="Separator" errors="0" failures="4" skipped="0" timestamp="2025-05-16T20:45:13" time="0.693" tests="4">
    <testcase classname="Separator" name="デフォルトで水平方向にレンダリングされること" time="0.022">
      <failure>TestingLibraryElementError: Unable to find an element by: [data-testid=&quot;separator&quot;]

Ignored nodes: comments, script, style
&lt;body&gt;
  &lt;div&gt;
    &lt;div
      class=&quot;shrink-0 bg-border h-[1px] w-full&quot;
      data-orientation=&quot;horizontal&quot;
      role=&quot;none&quot;
    /&gt;
  &lt;/div&gt;
&lt;/body&gt;
    at Object.getElementError (/Users/yusuketsunoda/Documents/cursor/ppttranslatorapp/worktrees/fix-text-position-alignment/node_modules/@testing-library/react/node_modules/@testing-library/dom/dist/config.js:37:19)
    at /Users/yusuketsunoda/Documents/cursor/ppttranslatorapp/worktrees/fix-text-position-alignment/node_modules/@testing-library/react/node_modules/@testing-library/dom/dist/query-helpers.js:76:38
    at /Users/yusuketsunoda/Documents/cursor/ppttranslatorapp/worktrees/fix-text-position-alignment/node_modules/@testing-library/react/node_modules/@testing-library/dom/dist/query-helpers.js:52:17
    at /Users/yusuketsunoda/Documents/cursor/ppttranslatorapp/worktrees/fix-text-position-alignment/node_modules/@testing-library/react/node_modules/@testing-library/dom/dist/query-helpers.js:95:19
    at Object.getByTestId (/Users/yusuketsunoda/Documents/cursor/ppttranslatorapp/worktrees/fix-text-position-alignment/tests/components/ui/separator.test.tsx:26:30)
    at Promise.then.completed (/Users/yusuketsunoda/Documents/cursor/ppttranslatorapp/node_modules/jest-circus/build/utils.js:298:28)
    at new Promise (&lt;anonymous&gt;)
    at callAsyncCircusFn (/Users/yusuketsunoda/Documents/cursor/ppttranslatorapp/node_modules/jest-circus/build/utils.js:231:10)
    at _callCircusTest (/Users/yusuketsunoda/Documents/cursor/ppttranslatorapp/node_modules/jest-circus/build/run.js:316:40)
    at _runTest (/Users/yusuketsunoda/Documents/cursor/ppttranslatorapp/node_modules/jest-circus/build/run.js:252:3)
    at _runTestsForDescribeBlock (/Users/yusuketsunoda/Documents/cursor/ppttranslatorapp/node_modules/jest-circus/build/run.js:126:9)
    at _runTestsForDescribeBlock (/Users/yusuketsunoda/Documents/cursor/ppttranslatorapp/node_modules/jest-circus/build/run.js:121:9)
    at run (/Users/yusuketsunoda/Documents/cursor/ppttranslatorapp/node_modules/jest-circus/build/run.js:71:3)
    at runAndTransformResultsToJestFormat (/Users/yusuketsunoda/Documents/cursor/ppttranslatorapp/node_modules/jest-circus/build/legacy-code-todo-rewrite/jestAdapterInit.js:122:21)
    at jestAdapter (/Users/yusuketsunoda/Documents/cursor/ppttranslatorapp/node_modules/jest-circus/build/legacy-code-todo-rewrite/jestAdapter.js:79:19)
    at runTestInternal (/Users/yusuketsunoda/Documents/cursor/ppttranslatorapp/node_modules/jest-runner/build/runTest.js:367:16)
    at runTest (/Users/yusuketsunoda/Documents/cursor/ppttranslatorapp/node_modules/jest-runner/build/runTest.js:444:34)</failure>
    </testcase>
    <testcase classname="Separator" name="垂直方向にレンダリングできること" time="0.002">
      <failure>TestingLibraryElementError: Unable to find an element by: [data-testid=&quot;separator&quot;]

Ignored nodes: comments, script, style
&lt;body&gt;
  &lt;div&gt;
    &lt;div
      class=&quot;shrink-0 bg-border h-full w-[1px]&quot;
      data-orientation=&quot;vertical&quot;
      role=&quot;none&quot;
    /&gt;
  &lt;/div&gt;
&lt;/body&gt;
    at Object.getElementError (/Users/yusuketsunoda/Documents/cursor/ppttranslatorapp/worktrees/fix-text-position-alignment/node_modules/@testing-library/react/node_modules/@testing-library/dom/dist/config.js:37:19)
    at /Users/yusuketsunoda/Documents/cursor/ppttranslatorapp/worktrees/fix-text-position-alignment/node_modules/@testing-library/react/node_modules/@testing-library/dom/dist/query-helpers.js:76:38
    at /Users/yusuketsunoda/Documents/cursor/ppttranslatorapp/worktrees/fix-text-position-alignment/node_modules/@testing-library/react/node_modules/@testing-library/dom/dist/query-helpers.js:52:17
    at /Users/yusuketsunoda/Documents/cursor/ppttranslatorapp/worktrees/fix-text-position-alignment/node_modules/@testing-library/react/node_modules/@testing-library/dom/dist/query-helpers.js:95:19
    at Object.getByTestId (/Users/yusuketsunoda/Documents/cursor/ppttranslatorapp/worktrees/fix-text-position-alignment/tests/components/ui/separator.test.tsx:36:30)
    at Promise.then.completed (/Users/yusuketsunoda/Documents/cursor/ppttranslatorapp/node_modules/jest-circus/build/utils.js:298:28)
    at new Promise (&lt;anonymous&gt;)
    at callAsyncCircusFn (/Users/yusuketsunoda/Documents/cursor/ppttranslatorapp/node_modules/jest-circus/build/utils.js:231:10)
    at _callCircusTest (/Users/yusuketsunoda/Documents/cursor/ppttranslatorapp/node_modules/jest-circus/build/run.js:316:40)
    at _runTest (/Users/yusuketsunoda/Documents/cursor/ppttranslatorapp/node_modules/jest-circus/build/run.js:252:3)
    at _runTestsForDescribeBlock (/Users/yusuketsunoda/Documents/cursor/ppttranslatorapp/node_modules/jest-circus/build/run.js:126:9)
    at _runTestsForDescribeBlock (/Users/yusuketsunoda/Documents/cursor/ppttranslatorapp/node_modules/jest-circus/build/run.js:121:9)
    at run (/Users/yusuketsunoda/Documents/cursor/ppttranslatorapp/node_modules/jest-circus/build/run.js:71:3)
    at runAndTransformResultsToJestFormat (/Users/yusuketsunoda/Documents/cursor/ppttranslatorapp/node_modules/jest-circus/build/legacy-code-todo-rewrite/jestAdapterInit.js:122:21)
    at jestAdapter (/Users/yusuketsunoda/Documents/cursor/ppttranslatorapp/node_modules/jest-circus/build/legacy-code-todo-rewrite/jestAdapter.js:79:19)
    at runTestInternal (/Users/yusuketsunoda/Documents/cursor/ppttranslatorapp/node_modules/jest-runner/build/runTest.js:367:16)
    at runTest (/Users/yusuketsunoda/Documents/cursor/ppttranslatorapp/node_modules/jest-runner/build/runTest.js:444:34)</failure>
    </testcase>
    <testcase classname="Separator" name="カスタムクラス名が適用されること" time="0.002">
      <failure>TestingLibraryElementError: Unable to find an element by: [data-testid=&quot;separator&quot;]

Ignored nodes: comments, script, style
&lt;body&gt;
  &lt;div&gt;
    &lt;div
      class=&quot;shrink-0 bg-border h-[1px] w-full custom-class&quot;
      data-orientation=&quot;horizontal&quot;
      role=&quot;none&quot;
    /&gt;
  &lt;/div&gt;
&lt;/body&gt;
    at Object.getElementError (/Users/yusuketsunoda/Documents/cursor/ppttranslatorapp/worktrees/fix-text-position-alignment/node_modules/@testing-library/react/node_modules/@testing-library/dom/dist/config.js:37:19)
    at /Users/yusuketsunoda/Documents/cursor/ppttranslatorapp/worktrees/fix-text-position-alignment/node_modules/@testing-library/react/node_modules/@testing-library/dom/dist/query-helpers.js:76:38
    at /Users/yusuketsunoda/Documents/cursor/ppttranslatorapp/worktrees/fix-text-position-alignment/node_modules/@testing-library/react/node_modules/@testing-library/dom/dist/query-helpers.js:52:17
    at /Users/yusuketsunoda/Documents/cursor/ppttranslatorapp/worktrees/fix-text-position-alignment/node_modules/@testing-library/react/node_modules/@testing-library/dom/dist/query-helpers.js:95:19
    at Object.getByTestId (/Users/yusuketsunoda/Documents/cursor/ppttranslatorapp/worktrees/fix-text-position-alignment/tests/components/ui/separator.test.tsx:45:30)
    at Promise.then.completed (/Users/yusuketsunoda/Documents/cursor/ppttranslatorapp/node_modules/jest-circus/build/utils.js:298:28)
    at new Promise (&lt;anonymous&gt;)
    at callAsyncCircusFn (/Users/yusuketsunoda/Documents/cursor/ppttranslatorapp/node_modules/jest-circus/build/utils.js:231:10)
    at _callCircusTest (/Users/yusuketsunoda/Documents/cursor/ppttranslatorapp/node_modules/jest-circus/build/run.js:316:40)
    at _runTest (/Users/yusuketsunoda/Documents/cursor/ppttranslatorapp/node_modules/jest-circus/build/run.js:252:3)
    at _runTestsForDescribeBlock (/Users/yusuketsunoda/Documents/cursor/ppttranslatorapp/node_modules/jest-circus/build/run.js:126:9)
    at _runTestsForDescribeBlock (/Users/yusuketsunoda/Documents/cursor/ppttranslatorapp/node_modules/jest-circus/build/run.js:121:9)
    at run (/Users/yusuketsunoda/Documents/cursor/ppttranslatorapp/node_modules/jest-circus/build/run.js:71:3)
    at runAndTransformResultsToJestFormat (/Users/yusuketsunoda/Documents/cursor/ppttranslatorapp/node_modules/jest-circus/build/legacy-code-todo-rewrite/jestAdapterInit.js:122:21)
    at jestAdapter (/Users/yusuketsunoda/Documents/cursor/ppttranslatorapp/node_modules/jest-circus/build/legacy-code-todo-rewrite/jestAdapter.js:79:19)
    at runTestInternal (/Users/yusuketsunoda/Documents/cursor/ppttranslatorapp/node_modules/jest-runner/build/runTest.js:367:16)
    at runTest (/Users/yusuketsunoda/Documents/cursor/ppttranslatorapp/node_modules/jest-runner/build/runTest.js:444:34)</failure>
    </testcase>
    <testcase classname="Separator" name="装飾フラグが正しく設定されること" time="0.001">
      <failure>TestingLibraryElementError: Unable to find an element by: [data-testid=&quot;separator&quot;]

Ignored nodes: comments, script, style
&lt;body&gt;
  &lt;div&gt;
    &lt;div
      class=&quot;shrink-0 bg-border h-[1px] w-full&quot;
      data-orientation=&quot;horizontal&quot;
      role=&quot;none&quot;
    /&gt;
  &lt;/div&gt;
&lt;/body&gt;
    at Object.getElementError (/Users/yusuketsunoda/Documents/cursor/ppttranslatorapp/worktrees/fix-text-position-alignment/node_modules/@testing-library/react/node_modules/@testing-library/dom/dist/config.js:37:19)
    at /Users/yusuketsunoda/Documents/cursor/ppttranslatorapp/worktrees/fix-text-position-alignment/node_modules/@testing-library/react/node_modules/@testing-library/dom/dist/query-helpers.js:76:38
    at /Users/yusuketsunoda/Documents/cursor/ppttranslatorapp/worktrees/fix-text-position-alignment/node_modules/@testing-library/react/node_modules/@testing-library/dom/dist/query-helpers.js:52:17
    at /Users/yusuketsunoda/Documents/cursor/ppttranslatorapp/worktrees/fix-text-position-alignment/node_modules/@testing-library/react/node_modules/@testing-library/dom/dist/query-helpers.js:95:19
    at Object.getByTestId (/Users/yusuketsunoda/Documents/cursor/ppttranslatorapp/worktrees/fix-text-position-alignment/tests/components/ui/separator.test.tsx:52:30)
    at Promise.then.completed (/Users/yusuketsunoda/Documents/cursor/ppttranslatorapp/node_modules/jest-circus/build/utils.js:298:28)
    at new Promise (&lt;anonymous&gt;)
    at callAsyncCircusFn (/Users/yusuketsunoda/Documents/cursor/ppttranslatorapp/node_modules/jest-circus/build/utils.js:231:10)
    at _callCircusTest (/Users/yusuketsunoda/Documents/cursor/ppttranslatorapp/node_modules/jest-circus/build/run.js:316:40)
    at _runTest (/Users/yusuketsunoda/Documents/cursor/ppttranslatorapp/node_modules/jest-circus/build/run.js:252:3)
    at _runTestsForDescribeBlock (/Users/yusuketsunoda/Documents/cursor/ppttranslatorapp/node_modules/jest-circus/build/run.js:126:9)
    at _runTestsForDescribeBlock (/Users/yusuketsunoda/Documents/cursor/ppttranslatorapp/node_modules/jest-circus/build/run.js:121:9)
    at run (/Users/yusuketsunoda/Documents/cursor/ppttranslatorapp/node_modules/jest-circus/build/run.js:71:3)
    at runAndTransformResultsToJestFormat (/Users/yusuketsunoda/Documents/cursor/ppttranslatorapp/node_modules/jest-circus/build/legacy-code-todo-rewrite/jestAdapterInit.js:122:21)
    at jestAdapter (/Users/yusuketsunoda/Documents/cursor/ppttranslatorapp/node_modules/jest-circus/build/legacy-code-todo-rewrite/jestAdapter.js:79:19)
    at runTestInternal (/Users/yusuketsunoda/Documents/cursor/ppttranslatorapp/node_modules/jest-runner/build/runTest.js:367:16)
    at runTest (/Users/yusuketsunoda/Documents/cursor/ppttranslatorapp/node_modules/jest-runner/build/runTest.js:444:34)</failure>
    </testcase>
  </testsuite>
  <testsuite name="Separator" errors="0" failures="0" skipped="0" timestamp="2025-05-16T20:45:14" time="0.622" tests="4">
    <testcase classname="Separator" name="デフォルトで水平方向にレンダリングされること" time="0.004">
    </testcase>
    <testcase classname="Separator" name="垂直方向にレンダリングできること" time="0.001">
    </testcase>
    <testcase classname="Separator" name="カスタムクラス名が適用されること" time="0.002">
    </testcase>
    <testcase classname="Separator" name="装飾フラグが正しく設定されること" time="0.001">
    </testcase>
  </testsuite>
  <testsuite name="Separator" errors="0" failures="0" skipped="0" timestamp="2025-05-16T20:45:15" time="0.63" tests="4">
    <testcase classname="Separator" name="デフォルトで水平方向にレンダリングされること" time="0.005">
    </testcase>
    <testcase classname="Separator" name="垂直方向にレンダリングできること" time="0.002">
    </testcase>
    <testcase classname="Separator" name="カスタムクラス名が適用されること" time="0.002">
    </testcase>
    <testcase classname="Separator" name="装飾フラグが正しく設定されること" time="0.001">
    </testcase>
  </testsuite>
  <testsuite name="Separator" errors="0" failures="0" skipped="0" timestamp="2025-05-16T20:45:15" time="0.566" tests="4">
    <testcase classname="Separator" name="デフォルトで水平方向にレンダリングされること" time="0.009">
    </testcase>
    <testcase classname="Separator" name="垂直方向にレンダリングできること" time="0.001">
    </testcase>
    <testcase classname="Separator" name="カスタムクラス名が適用されること" time="0.001">
    </testcase>
    <testcase classname="Separator" name="装飾フラグが正しく設定されること" time="0.001">
    </testcase>
  </testsuite>
  <testsuite name="cn function" errors="0" failures="0" skipped="0" timestamp="2025-05-16T20:45:16" time="0.552" tests="5">
    <testcase classname="cn function" name="クラス名を正しく結合する" time="0.018">
    </testcase>
    <testcase classname="cn function" name="空の入力を処理する" time="0">
    </testcase>
    <testcase classname="formatDate function" name="日付を日本語形式でフォーマットする" time="0.023">
    </testcase>
    <testcase classname="formatDate function" name="現在の日付をフォーマットする" time="0.001">
    </testcase>
    <testcase classname="formatDate function" name="日付オブジェクトが必要" time="0.003">
    </testcase>
  </testsuite>
  <testsuite name="cn function" errors="0" failures="0" skipped="0" timestamp="2025-05-16T20:45:17" time="0.515" tests="5">
    <testcase classname="cn function" name="クラス名を正しく結合する" time="0.002">
    </testcase>
    <testcase classname="cn function" name="空の入力を処理する" time="0.001">
    </testcase>
    <testcase classname="formatDate function" name="日付を日本語形式でフォーマットする" time="0.001">
    </testcase>
    <testcase classname="formatDate function" name="現在の日付をフォーマットする" time="0">
    </testcase>
    <testcase classname="formatDate function" name="日付オブジェクトが必要" time="0.001">
    </testcase>
  </testsuite>
  <testsuite name="cn function" errors="0" failures="0" skipped="0" timestamp="2025-05-16T20:45:17" time="0.517" tests="5">
    <testcase classname="cn function" name="クラス名を正しく結合する" time="0.002">
    </testcase>
    <testcase classname="cn function" name="空の入力を処理する" time="0.001">
    </testcase>
    <testcase classname="formatDate function" name="日付を日本語形式でフォーマットする" time="0">
    </testcase>
    <testcase classname="formatDate function" name="現在の日付をフォーマットする" time="0.001">
    </testcase>
    <testcase classname="formatDate function" name="日付オブジェクトが必要" time="0.002">
    </testcase>
  </testsuite>
  <testsuite name="cn function" errors="0" failures="0" skipped="0" timestamp="2025-05-16T20:45:18" time="0.525" tests="5">
    <testcase classname="cn function" name="クラス名を正しく結合する" time="0.002">
    </testcase>
    <testcase classname="cn function" name="空の入力を処理する" time="0.001">
    </testcase>
    <testcase classname="formatDate function" name="日付を日本語形式でフォーマットする" time="0.021">
    </testcase>
    <testcase classname="formatDate function" name="現在の日付をフォーマットする" time="0">
    </testcase>
    <testcase classname="formatDate function" name="日付オブジェクトが必要" time="0.002">
    </testcase>
  </testsuite>
  <testsuite name="Label Component" errors="0" failures="0" skipped="0" timestamp="2025-05-16T20:45:18" time="0.585" tests="5">
    <testcase classname="Label Component" name="基本的なLabelをレンダリングする" time="0.004">
    </testcase>
    <testcase classname="Label Component" name="htmlForプロパティを正しく設定する" time="0.001">
    </testcase>
    <testcase classname="Label Component" name="カスタムクラス名を適用する" time="0.001">
    </testcase>
    <testcase classname="Label Component" name="無効化された状態を表示する" time="0.001">
    </testcase>
    <testcase classname="Label Component" name="追加のプロパティを渡す" time="0.001">
    </testcase>
  </testsuite>
  <testsuite name="Label Component" errors="0" failures="0" skipped="0" timestamp="2025-05-16T20:45:19" time="0.602" tests="5">
    <testcase classname="Label Component" name="基本的なLabelをレンダリングする" time="0.004">
    </testcase>
    <testcase classname="Label Component" name="htmlForプロパティを正しく設定する" time="0.003">
    </testcase>
    <testcase classname="Label Component" name="カスタムクラス名を適用する" time="0.001">
    </testcase>
    <testcase classname="Label Component" name="無効化された状態を表示する" time="0.002">
    </testcase>
    <testcase classname="Label Component" name="追加のプロパティを渡す" time="0.001">
    </testcase>
  </testsuite>
  <testsuite name="Label Component" errors="0" failures="0" skipped="0" timestamp="2025-05-16T20:45:20" time="0.594" tests="5">
    <testcase classname="Label Component" name="基本的なLabelをレンダリングする" time="0.02">
    </testcase>
    <testcase classname="Label Component" name="htmlForプロパティを正しく設定する" time="0.001">
    </testcase>
    <testcase classname="Label Component" name="カスタムクラス名を適用する" time="0.002">
    </testcase>
    <testcase classname="Label Component" name="無効化された状態を表示する" time="0.001">
    </testcase>
    <testcase classname="Label Component" name="追加のプロパティを渡す" time="0.001">
    </testcase>
  </testsuite>
  <testsuite name="Label Component" errors="0" failures="0" skipped="0" timestamp="2025-05-16T20:45:20" time="0.602" tests="5">
    <testcase classname="Label Component" name="基本的なLabelをレンダリングする" time="0.004">
    </testcase>
    <testcase classname="Label Component" name="htmlForプロパティを正しく設定する" time="0.021">
    </testcase>
    <testcase classname="Label Component" name="カスタムクラス名を適用する" time="0.001">
    </testcase>
    <testcase classname="Label Component" name="無効化された状態を表示する" time="0.001">
    </testcase>
    <testcase classname="Label Component" name="追加のプロパティを渡す" time="0.001">
    </testcase>
  </testsuite>
  <testsuite name="Avatar Component" errors="0" failures="3" skipped="0" timestamp="2025-05-16T20:45:21" time="0.688" tests="3">
    <testcase classname="Avatar Component" name="Avatarコンポーネントをレンダリングする" time="0.04">
      <failure>TypeError: Cannot read properties of null (reading &apos;useState&apos;)
    at Object.useState (/Users/yusuketsunoda/Documents/cursor/ppttranslatorapp/node_modules/react/cjs/react.development.js:1622:21)
    at /Users/yusuketsunoda/Documents/cursor/ppttranslatorapp/node_modules/@radix-ui/react-avatar/src/avatar.tsx:35:63
    at renderWithHooks (/Users/yusuketsunoda/Documents/cursor/ppttranslatorapp/worktrees/fix-text-position-alignment/node_modules/react-dom/cjs/react-dom.development.js:15486:18)
    at updateForwardRef (/Users/yusuketsunoda/Documents/cursor/ppttranslatorapp/worktrees/fix-text-position-alignment/node_modules/react-dom/cjs/react-dom.development.js:19245:20)
    at beginWork (/Users/yusuketsunoda/Documents/cursor/ppttranslatorapp/worktrees/fix-text-position-alignment/node_modules/react-dom/cjs/react-dom.development.js:21675:16)
    at beginWork$1 (/Users/yusuketsunoda/Documents/cursor/ppttranslatorapp/worktrees/fix-text-position-alignment/node_modules/react-dom/cjs/react-dom.development.js:27465:14)
    at performUnitOfWork (/Users/yusuketsunoda/Documents/cursor/ppttranslatorapp/worktrees/fix-text-position-alignment/node_modules/react-dom/cjs/react-dom.development.js:26599:12)
    at workLoopSync (/Users/yusuketsunoda/Documents/cursor/ppttranslatorapp/worktrees/fix-text-position-alignment/node_modules/react-dom/cjs/react-dom.development.js:26505:5)
    at renderRootSync (/Users/yusuketsunoda/Documents/cursor/ppttranslatorapp/worktrees/fix-text-position-alignment/node_modules/react-dom/cjs/react-dom.development.js:26473:7)
    at recoverFromConcurrentError (/Users/yusuketsunoda/Documents/cursor/ppttranslatorapp/worktrees/fix-text-position-alignment/node_modules/react-dom/cjs/react-dom.development.js:25889:20)
    at performConcurrentWorkOnRoot (/Users/yusuketsunoda/Documents/cursor/ppttranslatorapp/worktrees/fix-text-position-alignment/node_modules/react-dom/cjs/react-dom.development.js:25789:22)
    at flushActQueue (/Users/yusuketsunoda/Documents/cursor/ppttranslatorapp/worktrees/fix-text-position-alignment/node_modules/react/cjs/react.development.js:2667:24)
    at act (/Users/yusuketsunoda/Documents/cursor/ppttranslatorapp/worktrees/fix-text-position-alignment/node_modules/react/cjs/react.development.js:2582:11)
    at /Users/yusuketsunoda/Documents/cursor/ppttranslatorapp/worktrees/fix-text-position-alignment/node_modules/@testing-library/react/dist/act-compat.js:47:25
    at renderRoot (/Users/yusuketsunoda/Documents/cursor/ppttranslatorapp/worktrees/fix-text-position-alignment/node_modules/@testing-library/react/dist/pure.js:180:26)
    at render (/Users/yusuketsunoda/Documents/cursor/ppttranslatorapp/worktrees/fix-text-position-alignment/node_modules/@testing-library/react/dist/pure.js:271:10)
    at Object.&lt;anonymous&gt; (/Users/yusuketsunoda/Documents/cursor/ppttranslatorapp/worktrees/fix-text-position-alignment/tests/components/ui/avatar.test.tsx:12:11)
    at Promise.then.completed (/Users/yusuketsunoda/Documents/cursor/ppttranslatorapp/node_modules/jest-circus/build/utils.js:298:28)
    at new Promise (&lt;anonymous&gt;)
    at callAsyncCircusFn (/Users/yusuketsunoda/Documents/cursor/ppttranslatorapp/node_modules/jest-circus/build/utils.js:231:10)
    at _callCircusTest (/Users/yusuketsunoda/Documents/cursor/ppttranslatorapp/node_modules/jest-circus/build/run.js:316:40)
    at _runTest (/Users/yusuketsunoda/Documents/cursor/ppttranslatorapp/node_modules/jest-circus/build/run.js:252:3)
    at _runTestsForDescribeBlock (/Users/yusuketsunoda/Documents/cursor/ppttranslatorapp/node_modules/jest-circus/build/run.js:126:9)
    at _runTestsForDescribeBlock (/Users/yusuketsunoda/Documents/cursor/ppttranslatorapp/node_modules/jest-circus/build/run.js:121:9)
    at run (/Users/yusuketsunoda/Documents/cursor/ppttranslatorapp/node_modules/jest-circus/build/run.js:71:3)
    at runAndTransformResultsToJestFormat (/Users/yusuketsunoda/Documents/cursor/ppttranslatorapp/node_modules/jest-circus/build/legacy-code-todo-rewrite/jestAdapterInit.js:122:21)
    at jestAdapter (/Users/yusuketsunoda/Documents/cursor/ppttranslatorapp/node_modules/jest-circus/build/legacy-code-todo-rewrite/jestAdapter.js:79:19)
    at runTestInternal (/Users/yusuketsunoda/Documents/cursor/ppttranslatorapp/node_modules/jest-runner/build/runTest.js:367:16)
    at runTest (/Users/yusuketsunoda/Documents/cursor/ppttranslatorapp/node_modules/jest-runner/build/runTest.js:444:34)</failure>
    </testcase>
    <testcase classname="Avatar Component" name="AvatarFallbackをレンダリングする" time="0.027">
      <failure>TypeError: Cannot read properties of null (reading &apos;useState&apos;)
    at Object.useState (/Users/yusuketsunoda/Documents/cursor/ppttranslatorapp/node_modules/react/cjs/react.development.js:1622:21)
    at /Users/yusuketsunoda/Documents/cursor/ppttranslatorapp/node_modules/@radix-ui/react-avatar/src/avatar.tsx:35:63
    at renderWithHooks (/Users/yusuketsunoda/Documents/cursor/ppttranslatorapp/worktrees/fix-text-position-alignment/node_modules/react-dom/cjs/react-dom.development.js:15486:18)
    at updateForwardRef (/Users/yusuketsunoda/Documents/cursor/ppttranslatorapp/worktrees/fix-text-position-alignment/node_modules/react-dom/cjs/react-dom.development.js:19245:20)
    at beginWork (/Users/yusuketsunoda/Documents/cursor/ppttranslatorapp/worktrees/fix-text-position-alignment/node_modules/react-dom/cjs/react-dom.development.js:21675:16)
    at beginWork$1 (/Users/yusuketsunoda/Documents/cursor/ppttranslatorapp/worktrees/fix-text-position-alignment/node_modules/react-dom/cjs/react-dom.development.js:27465:14)
    at performUnitOfWork (/Users/yusuketsunoda/Documents/cursor/ppttranslatorapp/worktrees/fix-text-position-alignment/node_modules/react-dom/cjs/react-dom.development.js:26599:12)
    at workLoopSync (/Users/yusuketsunoda/Documents/cursor/ppttranslatorapp/worktrees/fix-text-position-alignment/node_modules/react-dom/cjs/react-dom.development.js:26505:5)
    at renderRootSync (/Users/yusuketsunoda/Documents/cursor/ppttranslatorapp/worktrees/fix-text-position-alignment/node_modules/react-dom/cjs/react-dom.development.js:26473:7)
    at recoverFromConcurrentError (/Users/yusuketsunoda/Documents/cursor/ppttranslatorapp/worktrees/fix-text-position-alignment/node_modules/react-dom/cjs/react-dom.development.js:25889:20)
    at performConcurrentWorkOnRoot (/Users/yusuketsunoda/Documents/cursor/ppttranslatorapp/worktrees/fix-text-position-alignment/node_modules/react-dom/cjs/react-dom.development.js:25789:22)
    at flushActQueue (/Users/yusuketsunoda/Documents/cursor/ppttranslatorapp/worktrees/fix-text-position-alignment/node_modules/react/cjs/react.development.js:2667:24)
    at act (/Users/yusuketsunoda/Documents/cursor/ppttranslatorapp/worktrees/fix-text-position-alignment/node_modules/react/cjs/react.development.js:2582:11)
    at /Users/yusuketsunoda/Documents/cursor/ppttranslatorapp/worktrees/fix-text-position-alignment/node_modules/@testing-library/react/dist/act-compat.js:47:25
    at renderRoot (/Users/yusuketsunoda/Documents/cursor/ppttranslatorapp/worktrees/fix-text-position-alignment/node_modules/@testing-library/react/dist/pure.js:180:26)
    at render (/Users/yusuketsunoda/Documents/cursor/ppttranslatorapp/worktrees/fix-text-position-alignment/node_modules/@testing-library/react/dist/pure.js:271:10)
    at Object.&lt;anonymous&gt; (/Users/yusuketsunoda/Documents/cursor/ppttranslatorapp/worktrees/fix-text-position-alignment/tests/components/ui/avatar.test.tsx:20:11)
    at Promise.then.completed (/Users/yusuketsunoda/Documents/cursor/ppttranslatorapp/node_modules/jest-circus/build/utils.js:298:28)
    at new Promise (&lt;anonymous&gt;)
    at callAsyncCircusFn (/Users/yusuketsunoda/Documents/cursor/ppttranslatorapp/node_modules/jest-circus/build/utils.js:231:10)
    at _callCircusTest (/Users/yusuketsunoda/Documents/cursor/ppttranslatorapp/node_modules/jest-circus/build/run.js:316:40)
    at _runTest (/Users/yusuketsunoda/Documents/cursor/ppttranslatorapp/node_modules/jest-circus/build/run.js:252:3)
    at _runTestsForDescribeBlock (/Users/yusuketsunoda/Documents/cursor/ppttranslatorapp/node_modules/jest-circus/build/run.js:126:9)
    at _runTestsForDescribeBlock (/Users/yusuketsunoda/Documents/cursor/ppttranslatorapp/node_modules/jest-circus/build/run.js:121:9)
    at run (/Users/yusuketsunoda/Documents/cursor/ppttranslatorapp/node_modules/jest-circus/build/run.js:71:3)
    at runAndTransformResultsToJestFormat (/Users/yusuketsunoda/Documents/cursor/ppttranslatorapp/node_modules/jest-circus/build/legacy-code-todo-rewrite/jestAdapterInit.js:122:21)
    at jestAdapter (/Users/yusuketsunoda/Documents/cursor/ppttranslatorapp/node_modules/jest-circus/build/legacy-code-todo-rewrite/jestAdapter.js:79:19)
    at runTestInternal (/Users/yusuketsunoda/Documents/cursor/ppttranslatorapp/node_modules/jest-runner/build/runTest.js:367:16)
    at runTest (/Users/yusuketsunoda/Documents/cursor/ppttranslatorapp/node_modules/jest-runner/build/runTest.js:444:34)</failure>
    </testcase>
    <testcase classname="Avatar Component" name="カスタムクラス名を適用する" time="0.015">
      <failure>TypeError: Cannot read properties of null (reading &apos;useState&apos;)
    at Object.useState (/Users/yusuketsunoda/Documents/cursor/ppttranslatorapp/node_modules/react/cjs/react.development.js:1622:21)
    at /Users/yusuketsunoda/Documents/cursor/ppttranslatorapp/node_modules/@radix-ui/react-avatar/src/avatar.tsx:35:63
    at renderWithHooks (/Users/yusuketsunoda/Documents/cursor/ppttranslatorapp/worktrees/fix-text-position-alignment/node_modules/react-dom/cjs/react-dom.development.js:15486:18)
    at updateForwardRef (/Users/yusuketsunoda/Documents/cursor/ppttranslatorapp/worktrees/fix-text-position-alignment/node_modules/react-dom/cjs/react-dom.development.js:19245:20)
    at beginWork (/Users/yusuketsunoda/Documents/cursor/ppttranslatorapp/worktrees/fix-text-position-alignment/node_modules/react-dom/cjs/react-dom.development.js:21675:16)
    at beginWork$1 (/Users/yusuketsunoda/Documents/cursor/ppttranslatorapp/worktrees/fix-text-position-alignment/node_modules/react-dom/cjs/react-dom.development.js:27465:14)
    at performUnitOfWork (/Users/yusuketsunoda/Documents/cursor/ppttranslatorapp/worktrees/fix-text-position-alignment/node_modules/react-dom/cjs/react-dom.development.js:26599:12)
    at workLoopSync (/Users/yusuketsunoda/Documents/cursor/ppttranslatorapp/worktrees/fix-text-position-alignment/node_modules/react-dom/cjs/react-dom.development.js:26505:5)
    at renderRootSync (/Users/yusuketsunoda/Documents/cursor/ppttranslatorapp/worktrees/fix-text-position-alignment/node_modules/react-dom/cjs/react-dom.development.js:26473:7)
    at recoverFromConcurrentError (/Users/yusuketsunoda/Documents/cursor/ppttranslatorapp/worktrees/fix-text-position-alignment/node_modules/react-dom/cjs/react-dom.development.js:25889:20)
    at performConcurrentWorkOnRoot (/Users/yusuketsunoda/Documents/cursor/ppttranslatorapp/worktrees/fix-text-position-alignment/node_modules/react-dom/cjs/react-dom.development.js:25789:22)
    at flushActQueue (/Users/yusuketsunoda/Documents/cursor/ppttranslatorapp/worktrees/fix-text-position-alignment/node_modules/react/cjs/react.development.js:2667:24)
    at act (/Users/yusuketsunoda/Documents/cursor/ppttranslatorapp/worktrees/fix-text-position-alignment/node_modules/react/cjs/react.development.js:2582:11)
    at /Users/yusuketsunoda/Documents/cursor/ppttranslatorapp/worktrees/fix-text-position-alignment/node_modules/@testing-library/react/dist/act-compat.js:47:25
    at renderRoot (/Users/yusuketsunoda/Documents/cursor/ppttranslatorapp/worktrees/fix-text-position-alignment/node_modules/@testing-library/react/dist/pure.js:180:26)
    at render (/Users/yusuketsunoda/Documents/cursor/ppttranslatorapp/worktrees/fix-text-position-alignment/node_modules/@testing-library/react/dist/pure.js:271:10)
    at Object.&lt;anonymous&gt; (/Users/yusuketsunoda/Documents/cursor/ppttranslatorapp/worktrees/fix-text-position-alignment/tests/components/ui/avatar.test.tsx:32:11)
    at Promise.then.completed (/Users/yusuketsunoda/Documents/cursor/ppttranslatorapp/node_modules/jest-circus/build/utils.js:298:28)
    at new Promise (&lt;anonymous&gt;)
    at callAsyncCircusFn (/Users/yusuketsunoda/Documents/cursor/ppttranslatorapp/node_modules/jest-circus/build/utils.js:231:10)
    at _callCircusTest (/Users/yusuketsunoda/Documents/cursor/ppttranslatorapp/node_modules/jest-circus/build/run.js:316:40)
    at _runTest (/Users/yusuketsunoda/Documents/cursor/ppttranslatorapp/node_modules/jest-circus/build/run.js:252:3)
    at _runTestsForDescribeBlock (/Users/yusuketsunoda/Documents/cursor/ppttranslatorapp/node_modules/jest-circus/build/run.js:126:9)
    at _runTestsForDescribeBlock (/Users/yusuketsunoda/Documents/cursor/ppttranslatorapp/node_modules/jest-circus/build/run.js:121:9)
    at run (/Users/yusuketsunoda/Documents/cursor/ppttranslatorapp/node_modules/jest-circus/build/run.js:71:3)
    at runAndTransformResultsToJestFormat (/Users/yusuketsunoda/Documents/cursor/ppttranslatorapp/node_modules/jest-circus/build/legacy-code-todo-rewrite/jestAdapterInit.js:122:21)
    at jestAdapter (/Users/yusuketsunoda/Documents/cursor/ppttranslatorapp/node_modules/jest-circus/build/legacy-code-todo-rewrite/jestAdapter.js:79:19)
    at runTestInternal (/Users/yusuketsunoda/Documents/cursor/ppttranslatorapp/node_modules/jest-runner/build/runTest.js:367:16)
    at runTest (/Users/yusuketsunoda/Documents/cursor/ppttranslatorapp/node_modules/jest-runner/build/runTest.js:444:34)</failure>
    </testcase>
  </testsuite>
  <testsuite name="Avatar Component" errors="0" failures="0" skipped="0" timestamp="2025-05-16T20:45:21" time="0.587" tests="3">
    <testcase classname="Avatar Component" name="Avatarコンポーネントをレンダリングする" time="0.004">
    </testcase>
    <testcase classname="Avatar Component" name="AvatarFallbackをレンダリングする" time="0.003">
    </testcase>
    <testcase classname="Avatar Component" name="カスタムクラス名を適用する" time="0.001">
    </testcase>
  </testsuite>
  <testsuite name="Avatar Component" errors="0" failures="0" skipped="0" timestamp="2025-05-16T20:45:22" time="0.579" tests="3">
    <testcase classname="Avatar Component" name="Avatarコンポーネントをレンダリングする" time="0.004">
    </testcase>
    <testcase classname="Avatar Component" name="AvatarFallbackをレンダリングする" time="0.002">
    </testcase>
    <testcase classname="Avatar Component" name="カスタムクラス名を適用する" time="0.002">
    </testcase>
  </testsuite>
  <testsuite name="Avatar Component" errors="0" failures="0" skipped="0" timestamp="2025-05-16T20:45:23" time="0.605" tests="3">
    <testcase classname="Avatar Component" name="Avatarコンポーネントをレンダリングする" time="0.003">
    </testcase>
    <testcase classname="Avatar Component" name="AvatarFallbackをレンダリングする" time="0.022">
    </testcase>
    <testcase classname="Avatar Component" name="カスタムクラス名を適用する" time="0.001">
    </testcase>
  </testsuite>
  <testsuite name="Skeleton" errors="0" failures="0" skipped="0" timestamp="2025-05-16T20:45:23" time="0.662" tests="3">
    <testcase classname="Skeleton" name="デフォルトのスタイルでレンダリングされること" time="0.002">
    </testcase>
    <testcase classname="Skeleton" name="カスタムクラス名が適用されること" time="0.001">
    </testcase>
    <testcase classname="Skeleton" name="子要素を持つことができること" time="0.002">
    </testcase>
  </testsuite>
  <testsuite name="Skeleton" errors="0" failures="0" skipped="0" timestamp="2025-05-16T20:45:24" time="0.616" tests="3">
    <testcase classname="Skeleton" name="デフォルトのスタイルでレンダリングされること" time="0.003">
    </testcase>
    <testcase classname="Skeleton" name="カスタムクラス名が適用されること" time="0.002">
    </testcase>
    <testcase classname="Skeleton" name="子要素を持つことができること" time="0.022">
    </testcase>
  </testsuite>
  <testsuite name="Skeleton" errors="0" failures="0" skipped="0" timestamp="2025-05-16T20:45:25" time="1.037" tests="3">
    <testcase classname="Skeleton" name="デフォルトのスタイルでレンダリングされること" time="0.05">
    </testcase>
    <testcase classname="Skeleton" name="カスタムクラス名が適用されること" time="0.026">
    </testcase>
    <testcase classname="Skeleton" name="子要素を持つことができること" time="0.017">
    </testcase>
  </testsuite>
  <testsuite name="Skeleton" errors="0" failures="0" skipped="0" timestamp="2025-05-16T20:45:26" time="1.183" tests="3">
    <testcase classname="Skeleton" name="デフォルトのスタイルでレンダリングされること" time="0.008">
    </testcase>
    <testcase classname="Skeleton" name="カスタムクラス名が適用されること" time="0.001">
    </testcase>
    <testcase classname="Skeleton" name="子要素を持つことができること" time="0.001">
    </testcase>
  </testsuite>
  <testsuite name="Auth Session Tests" errors="0" failures="0" skipped="1" timestamp="2025-05-16T20:45:27" time="2.139" tests="1">
    <testcase classname="Auth Session Tests" name="この問題が解決されるまでテストをスキップ" time="0">
      <skipped/>
    </testcase>
  </testsuite>
  <testsuite name="Auth Session Tests" errors="0" failures="0" skipped="1" timestamp="2025-05-16T20:45:29" time="0.864" tests="1">
    <testcase classname="Auth Session Tests" name="この問題が解決されるまでテストをスキップ" time="0">
      <skipped/>
    </testcase>
  </testsuite>
  <testsuite name="Auth Session Tests" errors="0" failures="0" skipped="1" timestamp="2025-05-16T20:45:30" time="0.736" tests="1">
    <testcase classname="Auth Session Tests" name="この問題が解決されるまでテストをスキップ" time="0">
      <skipped/>
    </testcase>
  </testsuite>
  <testsuite name="Auth Session Tests" errors="0" failures="0" skipped="1" timestamp="2025-05-16T20:45:31" time="0.62" tests="1">
    <testcase classname="Auth Session Tests" name="この問題が解決されるまでテストをスキップ" time="0">
      <skipped/>
    </testcase>
  </testsuite>
  <testsuite name="useActivityLogs" errors="0" failures="0" skipped="1" timestamp="2025-05-16T20:45:31" time="0.616" tests="1">
    <testcase classname="useActivityLogs" name="型の問題が解決されるまでテストをスキップ" time="0">
      <skipped/>
    </testcase>
  </testsuite>
  <testsuite name="useActivityLogs" errors="0" failures="0" skipped="1" timestamp="2025-05-16T20:45:32" time="0.568" tests="1">
    <testcase classname="useActivityLogs" name="型の問題が解決されるまでテストをスキップ" time="0">
      <skipped/>
    </testcase>
  </testsuite>
  <testsuite name="useActivityLogs" errors="0" failures="0" skipped="1" timestamp="2025-05-16T20:45:33" time="0.61" tests="1">
    <testcase classname="useActivityLogs" name="型の問題が解決されるまでテストをスキップ" time="0">
      <skipped/>
    </testcase>
  </testsuite>
  <testsuite name="useActivityLogs" errors="0" failures="0" skipped="1" timestamp="2025-05-16T20:45:33" time="0.575" tests="1">
    <testcase classname="useActivityLogs" name="型の問題が解決されるまでテストをスキップ" time="0">
      <skipped/>
    </testcase>
  </testsuite>
</testsuites>